ERROR Draco mesh compression is not available because library could not be found at /usr/bin/4.3/python/lib/python3.13/site-packages/libextern_draco.so
16:11:56 | INFO: Starting glTF 2.0 export
16:11:56 | INFO: Extracting primitive: body-shell-editable-mesh
16:11:56 | INFO: Primitives created: 1
16:11:56 | INFO: Extracting primitive: glass-right-rear-editable-mesh
16:11:56 | INFO: Primitives created: 1
16:11:56 | INFO: Extracting primitive: wheel-front-right-editable-mesh
16:11:56 | INFO: Primitives created: 2
16:11:56 | INFO: Extracting primitive: wheel-rear-right-editable-mesh
16:11:56 | INFO: Primitives created: 2
16:11:56 | INFO: Extracting primitive: wheel-front-left-editable-mesh
16:11:56 | INFO: Primitives created: 2
16:11:56 | INFO: Extracting primitive: wheel-rear-left-editable-mesh
16:11:56 | INFO: Primitives created: 2
16:11:56 | INFO: Extracting primitive: door-handle-right-0.65-editable-mesh
16:11:56 | INFO: Primitives created: 1
16:11:56 | INFO: Finished glTF 2.0 export in 0.020865917205810547 s

Extensions: writing cache failed ([Errno 30] Read-only file system: '/home/agent/.config/blender').
16:11:56 | INFO: Data are loaded, start creating Blender stuff
16:11:56 | INFO: Blender create Mesh node body-shell-editable-mesh
16:11:56 | INFO: Blender create Mesh node glass-right-rear-editable-mesh
16:11:56 | INFO: Blender create Mesh node wheel-front-right-editable-mesh
16:11:56 | INFO: Blender create Mesh node wheel-rear-right-editable-mesh
16:11:56 | INFO: Blender create Mesh node wheel-front-left-editable-mesh
16:11:56 | INFO: Blender create Mesh node wheel-rear-left-editable-mesh
16:11:56 | INFO: Blender create Mesh node door-handle-right-0.65-editable-mesh
16:11:56 | INFO: glTF import finished in 0.01s
16:11:56 | INFO: Starting glTF 2.0 export
16:11:56 | INFO: Extracting primitive: body-shell-editable-mesh
16:11:56 | INFO: Primitives created: 1
16:11:56 | INFO: Extracting primitive: glass-right-rear-editable-mesh
16:11:56 | INFO: Primitives created: 1
16:11:56 | INFO: Extracting primitive: wheel-front-right-editable-mesh
16:11:56 | INFO: Primitives created: 1
16:11:56 | INFO: Extracting primitive: wheel-rear-right-editable-mesh
16:11:56 | INFO: Primitives created: 1
16:11:56 | INFO: Extracting primitive: wheel-front-left-editable-mesh
16:11:56 | INFO: Primitives created: 1
16:11:56 | INFO: Extracting primitive: wheel-rear-left-editable-mesh
16:11:56 | INFO: Primitives created: 1
16:11:56 | INFO: Extracting primitive: front-grille-editable-mesh
16:11:56 | INFO: Primitives created: 1
16:11:56 | INFO: Finished glTF 2.0 export in 0.014394521713256836 s

Extensions: writing cache failed ([Errno 30] Read-only file system: '/home/agent/.config/blender').
16:11:56 | INFO: Data are loaded, start creating Blender stuff
16:11:56 | INFO: Blender create Mesh node body-shell-editable-mesh
16:11:56 | INFO: Blender create Mesh node glass-right-rear-editable-mesh
16:11:56 | INFO: Blender create Mesh node wheel-front-right-editable-mesh
16:11:56 | INFO: Blender create Mesh node wheel-rear-right-editable-mesh
16:11:56 | INFO: Blender create Mesh node wheel-front-left-editable-mesh
16:11:56 | INFO: Blender create Mesh node wheel-rear-left-editable-mesh
16:11:56 | INFO: Blender create Mesh node front-grille-editable-mesh
16:11:56 | INFO: glTF import finished in 0.01s
16:11:56 | INFO: Starting glTF 2.0 export
16:11:56 | INFO: Extracting primitive: body-shell-editable-mesh
16:11:56 | INFO: Primitives created: 1
16:11:56 | INFO: Extracting primitive: cabin-silhouette-editable-mesh
16:11:56 | INFO: Primitives created: 1
16:11:56 | INFO: Extracting primitive: wheel-front-right-editable-mesh
16:11:56 | INFO: Primitives created: 1
16:11:56 | INFO: Finished glTF 2.0 export in 0.009900331497192383 s

Extensions: writing cache failed ([Errno 30] Read-only file system: '/home/agent/.config/blender').
16:11:56 | INFO: Data are loaded, start creating Blender stuff
16:11:56 | INFO: Blender create Mesh node body-shell-editable-mesh
16:11:56 | INFO: Blender create Mesh node cabin-silhouette-editable-mesh
16:11:56 | INFO: Blender create Mesh node wheel-front-right-editable-mesh
16:11:56 | INFO: glTF import finished in 0.00s
16:11:56 | INFO: Starting glTF 2.0 export
16:11:56 | INFO: Extracting primitive: body-shell-editable-mesh
16:11:56 | INFO: Primitives created: 1
16:11:56 | INFO: Extracting primitive: glass-right-rear-editable-mesh
16:11:56 | INFO: Primitives created: 1
16:11:56 | INFO: Extracting primitive: wheel-front-right-editable-mesh
16:11:56 | INFO: Primitives created: 2
16:11:56 | INFO: Extracting primitive: wheel-rear-right-editable-mesh
16:11:56 | INFO: Primitives created: 2
16:11:56 | INFO: Extracting primitive: wheel-front-left-editable-mesh
16:11:56 | INFO: Primitives created: 2
16:11:56 | INFO: Extracting primitive: wheel-rear-left-editable-mesh
16:11:56 | INFO: Primitives created: 2
16:11:56 | INFO: Extracting primitive: door-handle-right-0.65-editable-mesh
16:11:56 | INFO: Primitives created: 1
16:11:56 | INFO: Finished glTF 2.0 export in 0.017832517623901367 s

Extensions: writing cache failed ([Errno 30] Read-only file system: '/home/agent/.config/blender').
16:11:57 | INFO: Data are loaded, start creating Blender stuff
16:11:57 | INFO: Blender create Mesh node body-shell-editable-mesh
16:11:57 | INFO: Blender create Mesh node glass-right-rear-editable-mesh
16:11:57 | INFO: Blender create Mesh node wheel-front-right-editable-mesh
16:11:57 | INFO: Blender create Mesh node wheel-rear-right-editable-mesh
16:11:57 | INFO: Blender create Mesh node wheel-front-left-editable-mesh
16:11:57 | INFO: Blender create Mesh node wheel-rear-left-editable-mesh
16:11:57 | INFO: Blender create Mesh node door-handle-right-0.65-editable-mesh
16:11:57 | INFO: glTF import finished in 0.01s
16:11:57 | INFO: Starting glTF 2.0 export
16:11:57 | INFO: Extracting primitive: body-shell-editable-mesh
16:11:57 | INFO: Primitives created: 1
16:11:57 | INFO: Extracting primitive: glass-right-rear-editable-mesh
16:11:57 | INFO: Primitives created: 1
16:11:57 | INFO: Extracting primitive: wheel-front-right-editable-mesh
16:11:57 | INFO: Primitives created: 1
16:11:57 | INFO: Extracting primitive: wheel-rear-right-editable-mesh
16:11:57 | INFO: Primitives created: 1
16:11:57 | INFO: Extracting primitive: wheel-front-left-editable-mesh
16:11:57 | INFO: Primitives created: 1
16:11:57 | INFO: Extracting primitive: wheel-rear-left-editable-mesh
16:11:57 | INFO: Primitives created: 1
16:11:57 | INFO: Extracting primitive: front-grille-editable-mesh
16:11:57 | INFO: Primitives created: 1
16:11:57 | INFO: Finished glTF 2.0 export in 0.015515804290771484 s

Extensions: writing cache failed ([Errno 30] Read-only file system: '/home/agent/.config/blender').
16:11:57 | INFO: Data are loaded, start creating Blender stuff
16:11:57 | INFO: Blender create Mesh node body-shell-editable-mesh
16:11:57 | INFO: Blender create Mesh node glass-right-rear-editable-mesh
16:11:57 | INFO: Blender create Mesh node wheel-front-right-editable-mesh
16:11:57 | INFO: Blender create Mesh node wheel-rear-right-editable-mesh
16:11:57 | INFO: Blender create Mesh node wheel-front-left-editable-mesh
16:11:57 | INFO: Blender create Mesh node wheel-rear-left-editable-mesh
16:11:57 | INFO: Blender create Mesh node front-grille-editable-mesh
16:11:57 | INFO: glTF import finished in 0.01s
16:11:57 | INFO: Starting glTF 2.0 export
16:11:57 | INFO: Extracting primitive: body-shell-editable-mesh
16:11:57 | INFO: Primitives created: 1
16:11:57 | INFO: Extracting primitive: cabin-silhouette-editable-mesh
16:11:57 | INFO: Primitives created: 1
16:11:57 | INFO: Extracting primitive: wheel-front-right-editable-mesh
16:11:57 | INFO: Primitives created: 1
16:11:57 | INFO: Finished glTF 2.0 export in 0.009383678436279297 s

Extensions: writing cache failed ([Errno 30] Read-only file system: '/home/agent/.config/blender').
16:11:57 | INFO: Data are loaded, start creating Blender stuff
16:11:57 | INFO: Blender create Mesh node body-shell-editable-mesh
16:11:57 | INFO: Blender create Mesh node cabin-silhouette-editable-mesh
16:11:57 | INFO: Blender create Mesh node wheel-front-right-editable-mesh
16:11:57 | INFO: glTF import finished in 0.00s
Info: Saved "artist-edit.blend"
16:11:57 | INFO: Starting glTF 2.0 export
16:11:57 | INFO: Extracting primitive: body-shell-editable-mesh
16:11:57 | INFO: Primitives created: 1
16:11:57 | INFO: Extracting primitive: glass-right-rear-editable-mesh
16:11:57 | INFO: Primitives created: 1
16:11:57 | INFO: Extracting primitive: wheel-front-right-editable-mesh
16:11:57 | INFO: Primitives created: 2
16:11:57 | INFO: Extracting primitive: wheel-rear-right-editable-mesh
16:11:57 | INFO: Primitives created: 2
16:11:57 | INFO: Extracting primitive: wheel-front-left-editable-mesh
16:11:57 | INFO: Primitives created: 2
16:11:57 | INFO: Extracting primitive: wheel-rear-left-editable-mesh
16:11:57 | INFO: Primitives created: 2
16:11:57 | INFO: Extracting primitive: door-handle-right-0.65-editable-mesh
16:11:57 | INFO: Primitives created: 1
16:11:57 | INFO: Finished glTF 2.0 export in 0.018130064010620117 s

Extensions: writing cache failed ([Errno 30] Read-only file system: '/home/agent/.config/blender').
16:11:57 | INFO: Data are loaded, start creating Blender stuff
16:11:57 | INFO: Blender create Mesh node body-shell-editable-mesh
16:11:57 | INFO: Blender create Mesh node glass-right-rear-editable-mesh
16:11:57 | INFO: Blender create Mesh node wheel-front-right-editable-mesh
16:11:57 | INFO: Blender create Mesh node wheel-rear-right-editable-mesh
16:11:57 | INFO: Blender create Mesh node wheel-front-left-editable-mesh
16:11:57 | INFO: Blender create Mesh node wheel-rear-left-editable-mesh
16:11:57 | INFO: Blender create Mesh node door-handle-right-0.65-editable-mesh
16:11:57 | INFO: glTF import finished in 0.01s
CAR_BLENDER_AUDIT_PASSED
Blender 4.3.2
Read blend: "/workspace/scratch/7c20b5ba4165/atlas-backlog-oct3/tools/assets/traffic-car-templates/source/traffic-sedan.lod0.blend"
Read blend: "/workspace/scratch/7c20b5ba4165/atlas-backlog-oct3/tools/assets/traffic-car-templates/source/traffic-sedan.lod0.blend"
Read blend: "/workspace/scratch/7c20b5ba4165/atlas-backlog-oct3/tools/assets/traffic-car-templates/source/traffic-sedan.lod1.blend"
Read blend: "/workspace/scratch/7c20b5ba4165/atlas-backlog-oct3/tools/assets/traffic-car-templates/source/traffic-sedan.lod1.blend"
Read blend: "/workspace/scratch/7c20b5ba4165/atlas-backlog-oct3/tools/assets/traffic-car-templates/source/traffic-sedan.lod2.blend"
Read blend: "/workspace/scratch/7c20b5ba4165/atlas-backlog-oct3/tools/assets/traffic-car-templates/source/traffic-sedan.lod2.blend"
Read blend: "/workspace/scratch/7c20b5ba4165/atlas-backlog-oct3/tools/assets/traffic-car-templates/source/traffic-suv.lod0.blend"
Read blend: "/workspace/scratch/7c20b5ba4165/atlas-backlog-oct3/tools/assets/traffic-car-templates/source/traffic-suv.lod0.blend"
Read blend: "/workspace/scratch/7c20b5ba4165/atlas-backlog-oct3/tools/assets/traffic-car-templates/source/traffic-suv.lod1.blend"
Read blend: "/workspace/scratch/7c20b5ba4165/atlas-backlog-oct3/tools/assets/traffic-car-templates/source/traffic-suv.lod1.blend"
Read blend: "/workspace/scratch/7c20b5ba4165/atlas-backlog-oct3/tools/assets/traffic-car-templates/source/traffic-suv.lod2.blend"
Read blend: "/workspace/scratch/7c20b5ba4165/atlas-backlog-oct3/tools/assets/traffic-car-templates/source/traffic-suv.lod2.blend"
Read blend: "/workspace/scratch/7c20b5ba4165/atlas-backlog-oct3/tools/assets/traffic-car-templates/source/traffic-sedan.lod0.blend"
Read blend: "/tmp/traffic-edit-proof-aaxsvdhj/artist-edit.blend"
Read blend: "/tmp/traffic-edit-proof-aaxsvdhj/artist-edit.blend"

Blender quit
