ERROR Draco mesh compression is not available because library could not be found at /usr/bin/4.3/python/lib/python3.13/site-packages/libextern_draco.so
16:08:31 | INFO: Starting glTF 2.0 export
16:08:31 | INFO: Extracting primitive: body-shell-editable-mesh
16:08:31 | INFO: Primitives created: 1
16:08:31 | INFO: Extracting primitive: glass-right-rear-editable-mesh
16:08:31 | INFO: Primitives created: 1
16:08:31 | INFO: Extracting primitive: wheel-front-right-editable-mesh
16:08:31 | INFO: Primitives created: 2
16:08:31 | INFO: Extracting primitive: wheel-rear-right-editable-mesh
16:08:31 | INFO: Primitives created: 2
16:08:31 | INFO: Extracting primitive: wheel-front-left-editable-mesh
16:08:31 | INFO: Primitives created: 2
16:08:31 | INFO: Extracting primitive: wheel-rear-left-editable-mesh
16:08:31 | INFO: Primitives created: 2
16:08:31 | INFO: Extracting primitive: door-handle-right-0.65-editable-mesh
16:08:31 | INFO: Primitives created: 1
16:08:31 | INFO: Finished glTF 2.0 export in 0.02205371856689453 s

16:08:31 | INFO: Starting glTF 2.0 export
16:08:31 | INFO: Extracting primitive: body-shell-editable-mesh
16:08:31 | INFO: Primitives created: 1
16:08:31 | INFO: Extracting primitive: glass-right-rear-editable-mesh
16:08:31 | INFO: Primitives created: 1
16:08:31 | INFO: Extracting primitive: wheel-front-right-editable-mesh
16:08:31 | INFO: Primitives created: 1
16:08:31 | INFO: Extracting primitive: wheel-rear-right-editable-mesh
16:08:31 | INFO: Primitives created: 1
16:08:31 | INFO: Extracting primitive: wheel-front-left-editable-mesh
16:08:31 | INFO: Primitives created: 1
16:08:31 | INFO: Extracting primitive: wheel-rear-left-editable-mesh
16:08:31 | INFO: Primitives created: 1
16:08:31 | INFO: Extracting primitive: front-grille-editable-mesh
16:08:31 | INFO: Primitives created: 1
16:08:31 | INFO: Finished glTF 2.0 export in 0.014262676239013672 s

16:08:31 | INFO: Starting glTF 2.0 export
16:08:31 | INFO: Extracting primitive: body-shell-editable-mesh
16:08:31 | INFO: Primitives created: 1
16:08:31 | INFO: Extracting primitive: cabin-silhouette-editable-mesh
16:08:31 | INFO: Primitives created: 1
16:08:31 | INFO: Extracting primitive: wheel-front-right-editable-mesh
16:08:31 | INFO: Primitives created: 1
16:08:31 | INFO: Finished glTF 2.0 export in 0.010327339172363281 s

16:08:31 | INFO: Starting glTF 2.0 export
16:08:31 | INFO: Extracting primitive: body-shell-editable-mesh
16:08:31 | INFO: Primitives created: 1
16:08:31 | INFO: Extracting primitive: glass-right-rear-editable-mesh
16:08:31 | INFO: Primitives created: 1
16:08:31 | INFO: Extracting primitive: wheel-front-right-editable-mesh
16:08:31 | INFO: Primitives created: 2
16:08:31 | INFO: Extracting primitive: wheel-rear-right-editable-mesh
16:08:31 | INFO: Primitives created: 2
16:08:31 | INFO: Extracting primitive: wheel-front-left-editable-mesh
16:08:31 | INFO: Primitives created: 2
16:08:31 | INFO: Extracting primitive: wheel-rear-left-editable-mesh
16:08:31 | INFO: Primitives created: 2
16:08:31 | INFO: Extracting primitive: door-handle-right-0.65-editable-mesh
16:08:31 | INFO: Primitives created: 1
16:08:31 | INFO: Finished glTF 2.0 export in 0.01927924156188965 s

16:08:31 | INFO: Starting glTF 2.0 export
16:08:31 | INFO: Extracting primitive: body-shell-editable-mesh
16:08:31 | INFO: Primitives created: 1
16:08:31 | INFO: Extracting primitive: glass-right-rear-editable-mesh
16:08:31 | INFO: Primitives created: 1
16:08:31 | INFO: Extracting primitive: wheel-front-right-editable-mesh
16:08:31 | INFO: Primitives created: 1
16:08:31 | INFO: Extracting primitive: wheel-rear-right-editable-mesh
16:08:31 | INFO: Primitives created: 1
16:08:31 | INFO: Extracting primitive: wheel-front-left-editable-mesh
16:08:31 | INFO: Primitives created: 1
16:08:31 | INFO: Extracting primitive: wheel-rear-left-editable-mesh
16:08:31 | INFO: Primitives created: 1
16:08:31 | INFO: Extracting primitive: front-grille-editable-mesh
16:08:31 | INFO: Primitives created: 1
16:08:31 | INFO: Finished glTF 2.0 export in 0.015397310256958008 s

16:08:31 | INFO: Starting glTF 2.0 export
16:08:31 | INFO: Extracting primitive: body-shell-editable-mesh
16:08:31 | INFO: Primitives created: 1
16:08:31 | INFO: Extracting primitive: cabin-silhouette-editable-mesh
16:08:31 | INFO: Primitives created: 1
16:08:31 | INFO: Extracting primitive: wheel-front-right-editable-mesh
16:08:31 | INFO: Primitives created: 1
16:08:31 | INFO: Finished glTF 2.0 export in 0.010028362274169922 s

Blender 4.3.2
Read blend: "/workspace/scratch/7c20b5ba4165/atlas-backlog-oct3/tools/assets/traffic-car-templates/source/traffic-sedan.lod0.blend"
Read blend: "/workspace/scratch/7c20b5ba4165/atlas-backlog-oct3/tools/assets/traffic-car-templates/source/traffic-sedan.lod1.blend"
Read blend: "/workspace/scratch/7c20b5ba4165/atlas-backlog-oct3/tools/assets/traffic-car-templates/source/traffic-sedan.lod2.blend"
Read blend: "/workspace/scratch/7c20b5ba4165/atlas-backlog-oct3/tools/assets/traffic-car-templates/source/traffic-suv.lod0.blend"
Read blend: "/workspace/scratch/7c20b5ba4165/atlas-backlog-oct3/tools/assets/traffic-car-templates/source/traffic-suv.lod1.blend"
Read blend: "/workspace/scratch/7c20b5ba4165/atlas-backlog-oct3/tools/assets/traffic-car-templates/source/traffic-suv.lod2.blend"

Blender quit
