Extensions: writing cache failed ([Errno 30] Read-only file system: '/home/agent/.config/blender').
15:41:01 | INFO: Data are loaded, start creating Blender stuff
15:41:01 | INFO: Blender create Mesh node trunk-editable-mesh
15:41:01 | INFO: Blender create Mesh node branches-editable-mesh
15:41:01 | INFO: Blender create Mesh node foliage-core-editable-mesh
15:41:01 | INFO: Blender create Mesh node foliage-cards-editable-mesh
15:41:01 | INFO: glTF import finished in 0.02s
Extensions: writing cache failed ([Errno 30] Read-only file system: '/home/agent/.config/blender').
15:41:01 | INFO: Data are loaded, start creating Blender stuff
15:41:01 | INFO: Blender create Mesh node trunk-editable-mesh
15:41:01 | INFO: Blender create Mesh node branches-editable-mesh
15:41:01 | INFO: Blender create Mesh node foliage-core-editable-mesh
15:41:01 | INFO: Blender create Mesh node foliage-cards-editable-mesh
15:41:01 | INFO: glTF import finished in 0.01s
Extensions: writing cache failed ([Errno 30] Read-only file system: '/home/agent/.config/blender').
15:41:01 | INFO: Data are loaded, start creating Blender stuff
15:41:01 | INFO: Blender create Mesh node trunk-editable-mesh
15:41:01 | INFO: Blender create Mesh node branches-editable-mesh
15:41:01 | INFO: Blender create Mesh node foliage-core-editable-mesh
15:41:01 | INFO: glTF import finished in 0.00s
Extensions: writing cache failed ([Errno 30] Read-only file system: '/home/agent/.config/blender').
15:41:01 | INFO: Data are loaded, start creating Blender stuff
15:41:01 | INFO: Blender create Mesh node trunk-editable-mesh
15:41:01 | INFO: Blender create Mesh node branches-editable-mesh
15:41:01 | INFO: Blender create Mesh node foliage-core-editable-mesh
15:41:01 | INFO: Blender create Mesh node foliage-cards-editable-mesh
15:41:01 | INFO: glTF import finished in 0.02s
Extensions: writing cache failed ([Errno 30] Read-only file system: '/home/agent/.config/blender').
15:41:01 | INFO: Data are loaded, start creating Blender stuff
15:41:01 | INFO: Blender create Mesh node trunk-editable-mesh
15:41:01 | INFO: Blender create Mesh node branches-editable-mesh
15:41:01 | INFO: Blender create Mesh node foliage-core-editable-mesh
15:41:01 | INFO: Blender create Mesh node foliage-cards-editable-mesh
15:41:01 | INFO: glTF import finished in 0.01s
Extensions: writing cache failed ([Errno 30] Read-only file system: '/home/agent/.config/blender').
15:41:01 | INFO: Data are loaded, start creating Blender stuff
15:41:01 | INFO: Blender create Mesh node trunk-editable-mesh
15:41:01 | INFO: Blender create Mesh node branches-editable-mesh
15:41:01 | INFO: Blender create Mesh node foliage-core-editable-mesh
15:41:01 | INFO: glTF import finished in 0.00s
Extensions: writing cache failed ([Errno 30] Read-only file system: '/home/agent/.config/blender').
15:41:01 | INFO: Data are loaded, start creating Blender stuff
15:41:01 | INFO: Blender create Mesh node trunk-editable-mesh
15:41:01 | INFO: Blender create Mesh node branches-editable-mesh
15:41:01 | INFO: Blender create Mesh node foliage-core-editable-mesh
15:41:01 | INFO: Blender create Mesh node foliage-cards-editable-mesh
15:41:01 | INFO: glTF import finished in 0.01s
Extensions: writing cache failed ([Errno 30] Read-only file system: '/home/agent/.config/blender').
15:41:02 | INFO: Data are loaded, start creating Blender stuff
15:41:02 | INFO: Blender create Mesh node trunk-editable-mesh
15:41:02 | INFO: Blender create Mesh node branches-editable-mesh
15:41:02 | INFO: Blender create Mesh node foliage-core-editable-mesh
15:41:02 | INFO: Blender create Mesh node foliage-cards-editable-mesh
15:41:02 | INFO: glTF import finished in 0.01s
Extensions: writing cache failed ([Errno 30] Read-only file system: '/home/agent/.config/blender').
15:41:02 | INFO: Data are loaded, start creating Blender stuff
15:41:02 | INFO: Blender create Mesh node trunk-editable-mesh
15:41:02 | INFO: Blender create Mesh node branches-editable-mesh
15:41:02 | INFO: Blender create Mesh node foliage-core-editable-mesh
15:41:02 | INFO: glTF import finished in 0.00s
Extensions: writing cache failed ([Errno 30] Read-only file system: '/home/agent/.config/blender').
15:41:02 | INFO: Data are loaded, start creating Blender stuff
15:41:02 | INFO: Blender create Mesh node trunk-editable-mesh
15:41:02 | INFO: Blender create Mesh node branches-editable-mesh
15:41:02 | INFO: Blender create Mesh node foliage-core-editable-mesh
15:41:02 | INFO: Blender create Mesh node foliage-cards-editable-mesh
15:41:02 | INFO: glTF import finished in 0.02s
Extensions: writing cache failed ([Errno 30] Read-only file system: '/home/agent/.config/blender').
15:41:02 | INFO: Data are loaded, start creating Blender stuff
15:41:02 | INFO: Blender create Mesh node trunk-editable-mesh
15:41:02 | INFO: Blender create Mesh node branches-editable-mesh
15:41:02 | INFO: Blender create Mesh node foliage-core-editable-mesh
15:41:02 | INFO: Blender create Mesh node foliage-cards-editable-mesh
15:41:02 | INFO: glTF import finished in 0.01s
Extensions: writing cache failed ([Errno 30] Read-only file system: '/home/agent/.config/blender').
15:41:02 | INFO: Data are loaded, start creating Blender stuff
15:41:02 | INFO: Blender create Mesh node trunk-editable-mesh
15:41:02 | INFO: Blender create Mesh node branches-editable-mesh
15:41:02 | INFO: Blender create Mesh node foliage-core-editable-mesh
15:41:02 | INFO: glTF import finished in 0.00s
MATURE_TREE_BLENDER_AUDIT_PASS
Blender 4.3.2
Read blend: "/workspace/scratch/7c20b5ba4165/atlas-backlog-oct3/tools/assets/mature-tree-templates/source/mature-maple.lod0.blend"
Read blend: "/workspace/scratch/7c20b5ba4165/atlas-backlog-oct3/tools/assets/mature-tree-templates/source/mature-maple.lod1.blend"
Read blend: "/workspace/scratch/7c20b5ba4165/atlas-backlog-oct3/tools/assets/mature-tree-templates/source/mature-maple.lod2.blend"
Read blend: "/workspace/scratch/7c20b5ba4165/atlas-backlog-oct3/tools/assets/mature-tree-templates/source/mature-alder.lod0.blend"
Read blend: "/workspace/scratch/7c20b5ba4165/atlas-backlog-oct3/tools/assets/mature-tree-templates/source/mature-alder.lod1.blend"
Read blend: "/workspace/scratch/7c20b5ba4165/atlas-backlog-oct3/tools/assets/mature-tree-templates/source/mature-alder.lod2.blend"
Read blend: "/workspace/scratch/7c20b5ba4165/atlas-backlog-oct3/tools/assets/mature-tree-templates/source/mature-douglas-fir.lod0.blend"
Read blend: "/workspace/scratch/7c20b5ba4165/atlas-backlog-oct3/tools/assets/mature-tree-templates/source/mature-douglas-fir.lod1.blend"
Read blend: "/workspace/scratch/7c20b5ba4165/atlas-backlog-oct3/tools/assets/mature-tree-templates/source/mature-douglas-fir.lod2.blend"
Read blend: "/workspace/scratch/7c20b5ba4165/atlas-backlog-oct3/tools/assets/mature-tree-templates/source/mature-western-redcedar.lod0.blend"
Read blend: "/workspace/scratch/7c20b5ba4165/atlas-backlog-oct3/tools/assets/mature-tree-templates/source/mature-western-redcedar.lod1.blend"
Read blend: "/workspace/scratch/7c20b5ba4165/atlas-backlog-oct3/tools/assets/mature-tree-templates/source/mature-western-redcedar.lod2.blend"

Blender quit
