Extensions: writing cache failed ([Errno 30] Read-only file system: '/home/agent/.config/blender').
Info: Saved "mature-maple.lod0.blend"
Extensions: writing cache failed ([Errno 30] Read-only file system: '/home/agent/.config/blender').
Info: Saved "mature-maple.lod1.blend"
Extensions: writing cache failed ([Errno 30] Read-only file system: '/home/agent/.config/blender').
Info: Saved "mature-maple.lod2.blend"
Extensions: writing cache failed ([Errno 30] Read-only file system: '/home/agent/.config/blender').
Info: Saved "mature-alder.lod0.blend"
Extensions: writing cache failed ([Errno 30] Read-only file system: '/home/agent/.config/blender').
Info: Saved "mature-alder.lod1.blend"
Extensions: writing cache failed ([Errno 30] Read-only file system: '/home/agent/.config/blender').
Info: Saved "mature-alder.lod2.blend"
Extensions: writing cache failed ([Errno 30] Read-only file system: '/home/agent/.config/blender').
Info: Saved "mature-douglas-fir.lod0.blend"
Extensions: writing cache failed ([Errno 30] Read-only file system: '/home/agent/.config/blender').
Info: Saved "mature-douglas-fir.lod1.blend"
Extensions: writing cache failed ([Errno 30] Read-only file system: '/home/agent/.config/blender').
Info: Saved "mature-douglas-fir.lod2.blend"
Extensions: writing cache failed ([Errno 30] Read-only file system: '/home/agent/.config/blender').
Info: Saved "mature-western-redcedar.lod0.blend"
Extensions: writing cache failed ([Errno 30] Read-only file system: '/home/agent/.config/blender').
Info: Saved "mature-western-redcedar.lod1.blend"
Extensions: writing cache failed ([Errno 30] Read-only file system: '/home/agent/.config/blender').
Info: Saved "mature-western-redcedar.lod2.blend"
MATURE_TREE_SOURCES_BUILT
Blender 4.3.2

Blender quit
