ERROR Draco mesh compression is not available because library could not be found at /usr/bin/4.3/python/lib/python3.13/site-packages/libextern_draco.so
15:40:59 | INFO: Starting glTF 2.0 export
15:40:59 | INFO: Extracting primitive: trunk-editable-mesh
15:40:59 | WARNING: More than one shader node tex image used for a texture. The resulting glTF sampler will behave like the first shader node tex image.
15:40:59 | INFO: Primitives created: 1
15:40:59 | INFO: Extracting primitive: branches-editable-mesh
15:40:59 | INFO: Primitives created: 1
15:40:59 | INFO: Extracting primitive: foliage-core-editable-mesh
15:40:59 | WARNING: More than one shader node tex image used for a texture. The resulting glTF sampler will behave like the first shader node tex image.
15:40:59 | INFO: Primitives created: 1
15:40:59 | INFO: Extracting primitive: foliage-cards-editable-mesh
15:40:59 | INFO: Primitives created: 1
15:40:59 | INFO: Finished glTF 2.0 export in 0.02454519271850586 s

15:40:59 | INFO: Starting glTF 2.0 export
15:40:59 | INFO: Extracting primitive: trunk-editable-mesh
15:40:59 | WARNING: More than one shader node tex image used for a texture. The resulting glTF sampler will behave like the first shader node tex image.
15:40:59 | INFO: Primitives created: 1
15:40:59 | INFO: Extracting primitive: branches-editable-mesh
15:40:59 | INFO: Primitives created: 1
15:40:59 | INFO: Extracting primitive: foliage-core-editable-mesh
15:40:59 | INFO: Primitives created: 1
15:40:59 | INFO: Extracting primitive: foliage-cards-editable-mesh
15:40:59 | WARNING: More than one shader node tex image used for a texture. The resulting glTF sampler will behave like the first shader node tex image.
15:40:59 | INFO: Primitives created: 1
15:40:59 | INFO: Finished glTF 2.0 export in 0.01658797264099121 s

15:40:59 | INFO: Starting glTF 2.0 export
15:40:59 | INFO: Extracting primitive: trunk-editable-mesh
15:40:59 | WARNING: More than one shader node tex image used for a texture. The resulting glTF sampler will behave like the first shader node tex image.
15:40:59 | INFO: Primitives created: 1
15:40:59 | INFO: Extracting primitive: branches-editable-mesh
15:40:59 | INFO: Primitives created: 1
15:40:59 | INFO: Extracting primitive: foliage-core-editable-mesh
15:40:59 | INFO: Primitives created: 1
15:40:59 | INFO: Finished glTF 2.0 export in 0.010108709335327148 s

15:40:59 | INFO: Starting glTF 2.0 export
15:40:59 | INFO: Extracting primitive: trunk-editable-mesh
15:40:59 | WARNING: More than one shader node tex image used for a texture. The resulting glTF sampler will behave like the first shader node tex image.
15:40:59 | INFO: Primitives created: 1
15:40:59 | INFO: Extracting primitive: branches-editable-mesh
15:40:59 | INFO: Primitives created: 1
15:40:59 | INFO: Extracting primitive: foliage-core-editable-mesh
15:40:59 | WARNING: More than one shader node tex image used for a texture. The resulting glTF sampler will behave like the first shader node tex image.
15:40:59 | INFO: Primitives created: 1
15:40:59 | INFO: Extracting primitive: foliage-cards-editable-mesh
15:40:59 | INFO: Primitives created: 1
15:40:59 | INFO: Finished glTF 2.0 export in 0.022965669631958008 s

15:40:59 | INFO: Starting glTF 2.0 export
15:40:59 | INFO: Extracting primitive: trunk-editable-mesh
15:40:59 | WARNING: More than one shader node tex image used for a texture. The resulting glTF sampler will behave like the first shader node tex image.
15:40:59 | INFO: Primitives created: 1
15:40:59 | INFO: Extracting primitive: branches-editable-mesh
15:40:59 | INFO: Primitives created: 1
15:40:59 | INFO: Extracting primitive: foliage-core-editable-mesh
15:40:59 | INFO: Primitives created: 1
15:40:59 | INFO: Extracting primitive: foliage-cards-editable-mesh
15:40:59 | WARNING: More than one shader node tex image used for a texture. The resulting glTF sampler will behave like the first shader node tex image.
15:40:59 | INFO: Primitives created: 1
15:40:59 | INFO: Finished glTF 2.0 export in 0.016149520874023438 s

15:40:59 | INFO: Starting glTF 2.0 export
15:40:59 | INFO: Extracting primitive: trunk-editable-mesh
15:40:59 | WARNING: More than one shader node tex image used for a texture. The resulting glTF sampler will behave like the first shader node tex image.
15:40:59 | INFO: Primitives created: 1
15:40:59 | INFO: Extracting primitive: branches-editable-mesh
15:40:59 | INFO: Primitives created: 1
15:40:59 | INFO: Extracting primitive: foliage-core-editable-mesh
15:40:59 | INFO: Primitives created: 1
15:40:59 | INFO: Finished glTF 2.0 export in 0.009992599487304688 s

15:40:59 | INFO: Starting glTF 2.0 export
15:40:59 | INFO: Extracting primitive: trunk-editable-mesh
15:40:59 | WARNING: More than one shader node tex image used for a texture. The resulting glTF sampler will behave like the first shader node tex image.
15:40:59 | INFO: Primitives created: 1
15:40:59 | INFO: Extracting primitive: branches-editable-mesh
15:40:59 | INFO: Primitives created: 1
15:40:59 | INFO: Extracting primitive: foliage-core-editable-mesh
15:40:59 | INFO: Primitives created: 1
15:40:59 | INFO: Extracting primitive: foliage-cards-editable-mesh
15:40:59 | WARNING: More than one shader node tex image used for a texture. The resulting glTF sampler will behave like the first shader node tex image.
15:40:59 | INFO: Primitives created: 1
15:40:59 | INFO: Finished glTF 2.0 export in 0.027323484420776367 s

15:40:59 | INFO: Starting glTF 2.0 export
15:40:59 | INFO: Extracting primitive: trunk-editable-mesh
15:40:59 | WARNING: More than one shader node tex image used for a texture. The resulting glTF sampler will behave like the first shader node tex image.
15:40:59 | INFO: Primitives created: 1
15:40:59 | INFO: Extracting primitive: branches-editable-mesh
15:40:59 | INFO: Primitives created: 1
15:40:59 | INFO: Extracting primitive: foliage-core-editable-mesh
15:40:59 | INFO: Primitives created: 1
15:40:59 | INFO: Extracting primitive: foliage-cards-editable-mesh
15:40:59 | WARNING: More than one shader node tex image used for a texture. The resulting glTF sampler will behave like the first shader node tex image.
15:40:59 | INFO: Primitives created: 1
15:40:59 | INFO: Finished glTF 2.0 export in 0.017962217330932617 s

15:40:59 | INFO: Starting glTF 2.0 export
15:40:59 | INFO: Extracting primitive: trunk-editable-mesh
15:40:59 | WARNING: More than one shader node tex image used for a texture. The resulting glTF sampler will behave like the first shader node tex image.
15:40:59 | INFO: Primitives created: 1
15:40:59 | INFO: Extracting primitive: branches-editable-mesh
15:40:59 | INFO: Primitives created: 1
15:40:59 | INFO: Extracting primitive: foliage-core-editable-mesh
15:40:59 | INFO: Primitives created: 1
15:40:59 | INFO: Finished glTF 2.0 export in 0.01053929328918457 s

15:40:59 | INFO: Starting glTF 2.0 export
15:40:59 | INFO: Extracting primitive: trunk-editable-mesh
15:40:59 | WARNING: More than one shader node tex image used for a texture. The resulting glTF sampler will behave like the first shader node tex image.
15:40:59 | INFO: Primitives created: 1
15:40:59 | INFO: Extracting primitive: branches-editable-mesh
15:40:59 | INFO: Primitives created: 1
15:40:59 | INFO: Extracting primitive: foliage-core-editable-mesh
15:40:59 | INFO: Primitives created: 1
15:40:59 | INFO: Extracting primitive: foliage-cards-editable-mesh
15:40:59 | WARNING: More than one shader node tex image used for a texture. The resulting glTF sampler will behave like the first shader node tex image.
15:40:59 | INFO: Primitives created: 1
15:40:59 | INFO: Finished glTF 2.0 export in 0.02344489097595215 s

15:41:00 | INFO: Starting glTF 2.0 export
15:41:00 | INFO: Extracting primitive: trunk-editable-mesh
15:41:00 | WARNING: More than one shader node tex image used for a texture. The resulting glTF sampler will behave like the first shader node tex image.
15:41:00 | INFO: Primitives created: 1
15:41:00 | INFO: Extracting primitive: branches-editable-mesh
15:41:00 | INFO: Primitives created: 1
15:41:00 | INFO: Extracting primitive: foliage-core-editable-mesh
15:41:00 | INFO: Primitives created: 1
15:41:00 | INFO: Extracting primitive: foliage-cards-editable-mesh
15:41:00 | WARNING: More than one shader node tex image used for a texture. The resulting glTF sampler will behave like the first shader node tex image.
15:41:00 | INFO: Primitives created: 1
15:41:00 | INFO: Finished glTF 2.0 export in 0.017934083938598633 s

15:41:00 | INFO: Starting glTF 2.0 export
15:41:00 | INFO: Extracting primitive: trunk-editable-mesh
15:41:00 | WARNING: More than one shader node tex image used for a texture. The resulting glTF sampler will behave like the first shader node tex image.
15:41:00 | INFO: Primitives created: 1
15:41:00 | INFO: Extracting primitive: branches-editable-mesh
15:41:00 | INFO: Primitives created: 1
15:41:00 | INFO: Extracting primitive: foliage-core-editable-mesh
15:41:00 | INFO: Primitives created: 1
15:41:00 | INFO: Finished glTF 2.0 export in 0.011996269226074219 s

MATURE_TREE_SOURCE_EXPORT_PASSED
Blender 4.3.2
Read blend: "/workspace/scratch/7c20b5ba4165/atlas-backlog-oct3/tools/assets/mature-tree-templates/source/mature-maple.lod0.blend"
Read blend: "/workspace/scratch/7c20b5ba4165/atlas-backlog-oct3/tools/assets/mature-tree-templates/source/mature-maple.lod1.blend"
Read blend: "/workspace/scratch/7c20b5ba4165/atlas-backlog-oct3/tools/assets/mature-tree-templates/source/mature-maple.lod2.blend"
Read blend: "/workspace/scratch/7c20b5ba4165/atlas-backlog-oct3/tools/assets/mature-tree-templates/source/mature-alder.lod0.blend"
Read blend: "/workspace/scratch/7c20b5ba4165/atlas-backlog-oct3/tools/assets/mature-tree-templates/source/mature-alder.lod1.blend"
Read blend: "/workspace/scratch/7c20b5ba4165/atlas-backlog-oct3/tools/assets/mature-tree-templates/source/mature-alder.lod2.blend"
Read blend: "/workspace/scratch/7c20b5ba4165/atlas-backlog-oct3/tools/assets/mature-tree-templates/source/mature-douglas-fir.lod0.blend"
Read blend: "/workspace/scratch/7c20b5ba4165/atlas-backlog-oct3/tools/assets/mature-tree-templates/source/mature-douglas-fir.lod1.blend"
Read blend: "/workspace/scratch/7c20b5ba4165/atlas-backlog-oct3/tools/assets/mature-tree-templates/source/mature-douglas-fir.lod2.blend"
Read blend: "/workspace/scratch/7c20b5ba4165/atlas-backlog-oct3/tools/assets/mature-tree-templates/source/mature-western-redcedar.lod0.blend"
Read blend: "/workspace/scratch/7c20b5ba4165/atlas-backlog-oct3/tools/assets/mature-tree-templates/source/mature-western-redcedar.lod1.blend"
Read blend: "/workspace/scratch/7c20b5ba4165/atlas-backlog-oct3/tools/assets/mature-tree-templates/source/mature-western-redcedar.lod2.blend"

Blender quit
