Extensions: writing cache failed ([Errno 30] Read-only file system: '/home/agent/.config/blender').
15:42:00 | INFO: Data are loaded, start creating Blender stuff
15:42:00 | INFO: Blender create Mesh node trunk-editable-mesh
15:42:00 | INFO: Blender create Mesh node branches-editable-mesh
15:42:00 | INFO: Blender create Mesh node foliage-core-editable-mesh
15:42:00 | INFO: Blender create Mesh node foliage-cards-editable-mesh
15:42:00 | INFO: glTF import finished in 0.03s
15:42:00 | INFO: Data are loaded, start creating Blender stuff
15:42:00 | INFO: Blender create Mesh node trunk-editable-mesh
15:42:00 | INFO: Blender create Mesh node branches-editable-mesh
15:42:00 | INFO: Blender create Mesh node foliage-core-editable-mesh
15:42:00 | INFO: Blender create Mesh node foliage-cards-editable-mesh
15:42:00 | INFO: glTF import finished in 0.02s
15:42:00 | INFO: Data are loaded, start creating Blender stuff
15:42:00 | INFO: Blender create Mesh node trunk-editable-mesh
15:42:00 | INFO: Blender create Mesh node branches-editable-mesh
15:42:00 | INFO: Blender create Mesh node foliage-core-editable-mesh
15:42:00 | INFO: Blender create Mesh node foliage-cards-editable-mesh
15:42:00 | INFO: glTF import finished in 0.02s
15:42:00 | INFO: Data are loaded, start creating Blender stuff
15:42:00 | INFO: Blender create Mesh node trunk-editable-mesh
15:42:00 | INFO: Blender create Mesh node branches-editable-mesh
15:42:00 | INFO: Blender create Mesh node foliage-core-editable-mesh
15:42:00 | INFO: Blender create Mesh node foliage-cards-editable-mesh
15:42:00 | INFO: glTF import finished in 0.02s
Blender 4.3.2
Fra:1 Mem:23.11M (Peak 23.11M) | Time:00:00.00 | Mem:0.00M, Peak:0.00M | Scene, ViewLayer | Synchronizing object | trunk
Fra:1 Mem:23.11M (Peak 23.11M) | Time:00:00.00 | Mem:0.00M, Peak:0.00M | Scene, ViewLayer | Synchronizing object | QA-label-maple
Fra:1 Mem:25.17M (Peak 25.17M) | Time:00:00.00 | Mem:0.00M, Peak:0.00M | Scene, ViewLayer | Synchronizing object | QA-label-alder
Fra:1 Mem:25.21M (Peak 25.21M) | Time:00:00.00 | Mem:0.00M, Peak:0.00M | Scene, ViewLayer | Synchronizing object | QA-label-douglas-fir
Fra:1 Mem:25.33M (Peak 25.33M) | Time:00:00.00 | Mem:0.00M, Peak:0.00M | Scene, ViewLayer | Synchronizing object | QA-label-western-redcedar
Fra:1 Mem:25.49M (Peak 25.49M) | Time:00:00.00 | Mem:0.00M, Peak:0.00M | Scene, ViewLayer | Synchronizing object | branches
Fra:1 Mem:25.53M (Peak 25.53M) | Time:00:00.00 | Mem:0.00M, Peak:0.00M | Scene, ViewLayer | Synchronizing object | QA-label-1.75 m
Fra:1 Mem:25.59M (Peak 25.59M) | Time:00:00.00 | Mem:0.00M, Peak:0.00M | Scene, ViewLayer | Synchronizing object | QA-label-1.81 m
Fra:1 Mem:25.67M (Peak 25.67M) | Time:00:00.00 | Mem:0.00M, Peak:0.00M | Scene, ViewLayer | Synchronizing object | QA-label-1 m
Fra:1 Mem:25.68M (Peak 25.68M) | Time:00:00.00 | Mem:0.00M, Peak:0.00M | Scene, ViewLayer | Synchronizing object | QA-only-ground
Fra:1 Mem:25.69M (Peak 25.69M) | Time:00:00.00 | Mem:0.00M, Peak:0.00M | Scene, ViewLayer | Synchronizing object | QA-only-1m-ruler.009
Fra:1 Mem:25.69M (Peak 25.69M) | Time:00:00.00 | Mem:0.00M, Peak:0.00M | Scene, ViewLayer | Synchronizing object | QA-only-1m-ruler.008
Fra:1 Mem:25.71M (Peak 25.71M) | Time:00:00.00 | Mem:0.00M, Peak:0.00M | Scene, ViewLayer | Synchronizing object | QA-only-1m-ruler.007
Fra:1 Mem:25.68M (Peak 25.71M) | Time:00:00.00 | Mem:0.00M, Peak:0.00M | Scene, ViewLayer | Synchronizing object | QA-only-1m-ruler.006
Fra:1 Mem:25.69M (Peak 25.71M) | Time:00:00.00 | Mem:0.00M, Peak:0.00M | Scene, ViewLayer | Synchronizing object | QA-only-1m-ruler.005
Fra:1 Mem:25.69M (Peak 25.71M) | Time:00:00.00 | Mem:0.00M, Peak:0.00M | Scene, ViewLayer | Synchronizing object | foliage-core
Fra:1 Mem:25.69M (Peak 25.71M) | Time:00:00.00 | Mem:0.00M, Peak:0.00M | Scene, ViewLayer | Synchronizing object | QA-only-1m-ruler.004
Fra:1 Mem:25.70M (Peak 25.71M) | Time:00:00.00 | Mem:0.00M, Peak:0.00M | Scene, ViewLayer | Synchronizing object | QA-only-1m-ruler.003
Fra:1 Mem:25.70M (Peak 25.71M) | Time:00:00.00 | Mem:0.00M, Peak:0.00M | Scene, ViewLayer | Synchronizing object | QA-only-1m-ruler.002
Fra:1 Mem:25.71M (Peak 25.71M) | Time:00:00.00 | Mem:0.00M, Peak:0.00M | Scene, ViewLayer | Synchronizing object | QA-only-1m-ruler.001
Fra:1 Mem:25.72M (Peak 25.72M) | Time:00:00.00 | Mem:0.00M, Peak:0.00M | Scene, ViewLayer | Synchronizing object | QA-only-1m-ruler
Fra:1 Mem:25.73M (Peak 25.73M) | Time:00:00.00 | Mem:0.00M, Peak:0.00M | Scene, ViewLayer | Synchronizing object | QA-reference-head.001
Fra:1 Mem:25.75M (Peak 25.75M) | Time:00:00.00 | Mem:0.00M, Peak:0.00M | Scene, ViewLayer | Synchronizing object | QA-reference-arm.003
Fra:1 Mem:25.75M (Peak 25.75M) | Time:00:00.00 | Mem:0.00M, Peak:0.00M | Scene, ViewLayer | Synchronizing object | QA-reference-arm.002
Fra:1 Mem:25.84M (Peak 25.84M) | Time:00:00.00 | Mem:0.00M, Peak:0.00M | Scene, ViewLayer | Synchronizing object | QA-reference-torso.001
Fra:1 Mem:25.84M (Peak 25.84M) | Time:00:00.00 | Mem:0.00M, Peak:0.00M | Scene, ViewLayer | Synchronizing object | QA-reference-leg.003
Fra:1 Mem:25.85M (Peak 25.85M) | Time:00:00.00 | Mem:0.00M, Peak:0.00M | Scene, ViewLayer | Synchronizing object | QA-reference-leg.002
Fra:1 Mem:25.85M (Peak 25.85M) | Time:00:00.00 | Mem:0.00M, Peak:0.00M | Scene, ViewLayer | Synchronizing object | QA-reference-head
Fra:1 Mem:25.86M (Peak 25.86M) | Time:00:00.00 | Mem:0.00M, Peak:0.00M | Scene, ViewLayer | Synchronizing object | QA-reference-arm.001
Fra:1 Mem:25.86M (Peak 25.86M) | Time:00:00.00 | Mem:0.00M, Peak:0.00M | Scene, ViewLayer | Synchronizing object | QA-reference-arm
Fra:1 Mem:25.87M (Peak 25.87M) | Time:00:00.00 | Mem:0.00M, Peak:0.00M | Scene, ViewLayer | Synchronizing object | QA-reference-torso
Fra:1 Mem:25.87M (Peak 25.87M) | Time:00:00.00 | Mem:0.00M, Peak:0.00M | Scene, ViewLayer | Synchronizing object | QA-reference-leg.001
Fra:1 Mem:25.84M (Peak 25.87M) | Time:00:00.00 | Mem:0.00M, Peak:0.00M | Scene, ViewLayer | Synchronizing object | QA-reference-leg
Fra:1 Mem:25.88M (Peak 25.88M) | Time:00:00.00 | Mem:0.00M, Peak:0.00M | Scene, ViewLayer | Synchronizing object | foliage-cards.003
Fra:1 Mem:28.05M (Peak 28.64M) | Time:00:00.01 | Mem:0.00M, Peak:0.00M | Scene, ViewLayer | Synchronizing object | foliage-core.003
Fra:1 Mem:27.40M (Peak 28.64M) | Time:00:00.01 | Mem:0.00M, Peak:0.00M | Scene, ViewLayer | Synchronizing object | foliage-cards
Fra:1 Mem:27.67M (Peak 28.64M) | Time:00:00.01 | Mem:0.00M, Peak:0.00M | Scene, ViewLayer | Synchronizing object | branches.003
Fra:1 Mem:28.37M (Peak 28.94M) | Time:00:00.01 | Mem:0.00M, Peak:0.00M | Scene, ViewLayer | Synchronizing object | trunk.003
Fra:1 Mem:28.46M (Peak 28.94M) | Time:00:00.01 | Mem:0.00M, Peak:0.00M | Scene, ViewLayer | Synchronizing object | foliage-cards.002
Fra:1 Mem:29.70M (Peak 30.01M) | Time:00:00.01 | Mem:0.00M, Peak:0.00M | Scene, ViewLayer | Synchronizing object | trunk.001
Fra:1 Mem:29.72M (Peak 30.01M) | Time:00:00.01 | Mem:0.00M, Peak:0.00M | Scene, ViewLayer | Synchronizing object | branches.001
Fra:1 Mem:29.13M (Peak 30.01M) | Time:00:00.01 | Mem:0.00M, Peak:0.00M | Scene, ViewLayer | Synchronizing object | foliage-core.001
Fra:1 Mem:30.87M (Peak 31.39M) | Time:00:00.01 | Mem:0.00M, Peak:0.00M | Scene, ViewLayer | Synchronizing object | foliage-core.002
Fra:1 Mem:30.46M (Peak 31.39M) | Time:00:00.01 | Mem:0.00M, Peak:0.00M | Scene, ViewLayer | Synchronizing object | branches.002
Fra:1 Mem:31.48M (Peak 31.48M) | Time:00:00.01 | Mem:0.00M, Peak:0.00M | Scene, ViewLayer | Synchronizing object | trunk.002
Fra:1 Mem:31.50M (Peak 31.50M) | Time:00:00.01 | Mem:0.00M, Peak:0.00M | Scene, ViewLayer | Synchronizing object | foliage-cards.001
Fra:1 Mem:31.18M (Peak 32.60M) | Time:00:00.02 | Mem:0.00M, Peak:0.00M | Scene, ViewLayer | Initializing
Fra:1 Mem:30.01M (Peak 32.60M) | Time:00:00.02 | Mem:0.00M, Peak:0.00M | Scene, ViewLayer | Updating Images | Loading leaf_atlas_rgba
Fra:1 Mem:30.01M (Peak 32.60M) | Time:00:00.02 | Mem:0.00M, Peak:0.00M | Scene, ViewLayer | Updating Images | Loading bark_basecolor
Fra:1 Mem:34.27M (Peak 34.27M) | Time:00:00.02 | Mem:0.25M, Peak:0.25M | Scene, ViewLayer | Updating Images | Loading bark_orm
Fra:1 Mem:34.52M (Peak 34.52M) | Time:00:00.02 | Mem:0.50M, Peak:0.50M | Scene, ViewLayer | Updating Images | Loading bark_normal
Fra:1 Mem:32.34M (Peak 42.78M) | Time:00:00.03 | Mem:4.75M, Peak:4.75M | Scene, ViewLayer | Waiting for render to start
Fra:1 Mem:32.34M (Peak 42.78M) | Time:00:00.03 | Mem:4.75M, Peak:4.75M | Scene, ViewLayer | Loading render kernels (may take a few minutes the first time)
Fra:1 Mem:32.34M (Peak 42.78M) | Time:00:00.03 | Mem:4.75M, Peak:4.75M | Scene, ViewLayer | Updating Scene
Fra:1 Mem:32.34M (Peak 42.78M) | Time:00:00.03 | Mem:4.75M, Peak:4.75M | Scene, ViewLayer | Updating Shaders
Fra:1 Mem:32.43M (Peak 42.78M) | Time:00:00.03 | Mem:4.77M, Peak:4.77M | Scene, ViewLayer | Updating Procedurals
Fra:1 Mem:32.43M (Peak 42.78M) | Time:00:00.03 | Mem:4.77M, Peak:4.77M | Scene, ViewLayer | Updating Background
Fra:1 Mem:32.43M (Peak 42.78M) | Time:00:00.03 | Mem:4.77M, Peak:4.77M | Scene, ViewLayer | Updating Camera
Fra:1 Mem:32.43M (Peak 42.78M) | Time:00:00.03 | Mem:4.77M, Peak:4.77M | Scene, ViewLayer | Updating Meshes Flags
Fra:1 Mem:32.43M (Peak 42.78M) | Time:00:00.03 | Mem:4.77M, Peak:4.77M | Scene, ViewLayer | Updating Objects
Fra:1 Mem:32.43M (Peak 42.78M) | Time:00:00.03 | Mem:4.77M, Peak:4.77M | Scene, ViewLayer | Updating Objects | Copying Transformations to device
Fra:1 Mem:32.44M (Peak 42.78M) | Time:00:00.03 | Mem:4.78M, Peak:4.78M | Scene, ViewLayer | Updating Objects | Applying Static Transformations
Fra:1 Mem:32.44M (Peak 42.78M) | Time:00:00.03 | Mem:4.78M, Peak:4.78M | Scene, ViewLayer | Updating Particle Systems
Fra:1 Mem:32.44M (Peak 42.78M) | Time:00:00.03 | Mem:4.78M, Peak:4.78M | Scene, ViewLayer | Updating Particle Systems | Copying Particles to device
Fra:1 Mem:32.44M (Peak 42.78M) | Time:00:00.03 | Mem:4.78M, Peak:4.78M | Scene, ViewLayer | Updating Meshes
Fra:1 Mem:32.98M (Peak 42.78M) | Time:00:00.03 | Mem:4.78M, Peak:4.78M | Scene, ViewLayer | Updating Mesh | Computing attributes
Fra:1 Mem:34.53M (Peak 42.78M) | Time:00:00.03 | Mem:4.78M, Peak:4.78M | Scene, ViewLayer | Updating Mesh | Copying Attributes to device
Fra:1 Mem:34.52M (Peak 42.78M) | Time:00:00.03 | Mem:6.32M, Peak:6.32M | Scene, ViewLayer | Updating Scene BVH | Building
Fra:1 Mem:34.53M (Peak 42.78M) | Time:00:00.03 | Mem:6.32M, Peak:6.32M | Scene, ViewLayer | Updating Scene BVH | Building BVH
Fra:1 Mem:34.53M (Peak 42.78M) | Time:00:00.03 | Mem:7.39M, Peak:7.39M | Scene, ViewLayer | Updating Scene BVH | Building BVH 0%
Fra:1 Mem:34.53M (Peak 42.78M) | Time:00:00.04 | Mem:8.68M, Peak:9.75M | Scene, ViewLayer | Updating Scene BVH | Copying BVH to device
Fra:1 Mem:34.53M (Peak 42.78M) | Time:00:00.04 | Mem:8.68M, Peak:9.75M | Scene, ViewLayer | Updating Mesh | Computing normals
Fra:1 Mem:37.40M (Peak 42.78M) | Time:00:00.04 | Mem:8.68M, Peak:9.75M | Scene, ViewLayer | Updating Mesh | Copying Mesh to device
Fra:1 Mem:37.40M (Peak 42.78M) | Time:00:00.04 | Mem:11.55M, Peak:11.55M | Scene, ViewLayer | Updating Objects Flags
Fra:1 Mem:37.40M (Peak 42.78M) | Time:00:00.04 | Mem:11.55M, Peak:11.55M | Scene, ViewLayer | Updating Primitive Offsets
Fra:1 Mem:37.40M (Peak 42.78M) | Time:00:00.04 | Mem:11.55M, Peak:11.55M | Scene, ViewLayer | Updating Images
Fra:1 Mem:37.40M (Peak 42.78M) | Time:00:00.04 | Mem:11.55M, Peak:11.55M | Scene, ViewLayer | Updating Camera Volume
Fra:1 Mem:37.40M (Peak 42.78M) | Time:00:00.04 | Mem:11.55M, Peak:11.55M | Scene, ViewLayer | Updating Lookup Tables
Fra:1 Mem:37.40M (Peak 42.78M) | Time:00:00.04 | Mem:11.63M, Peak:11.63M | Scene, ViewLayer | Updating Lights
Fra:1 Mem:37.40M (Peak 42.78M) | Time:00:00.04 | Mem:11.63M, Peak:11.63M | Scene, ViewLayer | Updating Lights | Computing tree
Fra:1 Mem:37.40M (Peak 42.78M) | Time:00:00.04 | Mem:11.63M, Peak:11.63M | Scene, ViewLayer | Updating Integrator
Fra:1 Mem:37.40M (Peak 42.78M) | Time:00:00.04 | Mem:11.63M, Peak:11.63M | Scene, ViewLayer | Updating Film
Fra:1 Mem:37.40M (Peak 42.78M) | Time:00:00.04 | Mem:11.55M, Peak:11.63M | Scene, ViewLayer | Updating Lookup Tables
Fra:1 Mem:37.40M (Peak 42.78M) | Time:00:00.04 | Mem:11.64M, Peak:11.64M | Scene, ViewLayer | Updating Baking
Fra:1 Mem:37.40M (Peak 42.78M) | Time:00:00.04 | Mem:11.64M, Peak:11.64M | Scene, ViewLayer | Updating Device | Writing constant memory
Fra:1 Mem:37.40M (Peak 42.78M) | Time:00:00.04 | Mem:11.64M, Peak:11.64M | Scene, ViewLayer | Sample 0/24
Fra:1 Mem:64.60M (Peak 64.60M) | Time:00:01.06 | Remaining:00:23.41 | Mem:38.84M, Peak:38.84M | Scene, ViewLayer | Sample 1/24
Fra:1 Mem:76.69M (Peak 100.86M) | Time:00:20.43 | Mem:38.84M, Peak:38.84M | Scene, ViewLayer | Sample 24/24
Fra:1 Mem:76.69M (Peak 100.86M) | Time:00:20.43 | Mem:38.84M, Peak:38.84M | Scene, ViewLayer | Finished
Saved: '/workspace/scratch/7c20b5ba4165/atlas-backlog-oct3/tools/assets/mature-tree-templates/qa/previews/mature-lod0-clear.png'
Time: 00:20.64 (Saving: 00:00.21)

Fra:1 Mem:26.34M (Peak 26.34M) | Time:00:00.00 | Mem:0.00M, Peak:0.00M | Scene, ViewLayer | Synchronizing object | trunk
Fra:1 Mem:26.34M (Peak 26.34M) | Time:00:00.00 | Mem:0.00M, Peak:0.00M | Scene, ViewLayer | Synchronizing object | QA-label-maple
Fra:1 Mem:26.41M (Peak 26.41M) | Time:00:00.00 | Mem:0.00M, Peak:0.00M | Scene, ViewLayer | Synchronizing object | branches
Fra:1 Mem:26.46M (Peak 26.46M) | Time:00:00.00 | Mem:0.00M, Peak:0.00M | Scene, ViewLayer | Synchronizing object | QA-label-alder
Fra:1 Mem:26.53M (Peak 26.53M) | Time:00:00.00 | Mem:0.00M, Peak:0.00M | Scene, ViewLayer | Synchronizing object | QA-label-douglas-fir
Fra:1 Mem:26.62M (Peak 26.62M) | Time:00:00.00 | Mem:0.00M, Peak:0.00M | Scene, ViewLayer | Synchronizing object | foliage-core
Fra:1 Mem:26.69M (Peak 26.69M) | Time:00:00.00 | Mem:0.00M, Peak:0.00M | Scene, ViewLayer | Synchronizing object | QA-label-western-redcedar
Fra:1 Mem:28.48M (Peak 28.48M) | Time:00:00.00 | Mem:0.00M, Peak:0.00M | Scene, ViewLayer | Synchronizing object | QA-label-1.75 m
Fra:1 Mem:28.51M (Peak 28.51M) | Time:00:00.00 | Mem:0.00M, Peak:0.00M | Scene, ViewLayer | Synchronizing object | QA-label-1.81 m
Fra:1 Mem:28.56M (Peak 28.56M) | Time:00:00.00 | Mem:0.00M, Peak:0.00M | Scene, ViewLayer | Synchronizing object | QA-label-1 m
Fra:1 Mem:28.57M (Peak 28.57M) | Time:00:00.00 | Mem:0.00M, Peak:0.00M | Scene, ViewLayer | Synchronizing object | QA-only-ground
Fra:1 Mem:28.57M (Peak 28.57M) | Time:00:00.00 | Mem:0.00M, Peak:0.00M | Scene, ViewLayer | Synchronizing object | QA-only-1m-ruler.009
Fra:1 Mem:28.60M (Peak 28.60M) | Time:00:00.00 | Mem:0.00M, Peak:0.00M | Scene, ViewLayer | Synchronizing object | QA-only-1m-ruler.008
Fra:1 Mem:28.60M (Peak 28.60M) | Time:00:00.00 | Mem:0.00M, Peak:0.00M | Scene, ViewLayer | Synchronizing object | QA-only-1m-ruler.007
Fra:1 Mem:28.61M (Peak 28.61M) | Time:00:00.00 | Mem:0.00M, Peak:0.00M | Scene, ViewLayer | Synchronizing object | QA-only-1m-ruler.006
Fra:1 Mem:28.66M (Peak 28.66M) | Time:00:00.00 | Mem:0.00M, Peak:0.00M | Scene, ViewLayer | Synchronizing object | QA-only-1m-ruler.005
Fra:1 Mem:28.66M (Peak 28.66M) | Time:00:00.00 | Mem:0.00M, Peak:0.00M | Scene, ViewLayer | Synchronizing object | QA-only-1m-ruler.004
Fra:1 Mem:28.66M (Peak 28.66M) | Time:00:00.00 | Mem:0.00M, Peak:0.00M | Scene, ViewLayer | Synchronizing object | QA-only-1m-ruler.003
Fra:1 Mem:28.66M (Peak 28.66M) | Time:00:00.00 | Mem:0.00M, Peak:0.00M | Scene, ViewLayer | Synchronizing object | QA-only-1m-ruler.002
Fra:1 Mem:28.66M (Peak 28.66M) | Time:00:00.00 | Mem:0.00M, Peak:0.00M | Scene, ViewLayer | Synchronizing object | QA-only-1m-ruler.001
Fra:1 Mem:28.66M (Peak 28.66M) | Time:00:00.00 | Mem:0.00M, Peak:0.00M | Scene, ViewLayer | Synchronizing object | QA-only-1m-ruler
Fra:1 Mem:28.84M (Peak 28.84M) | Time:00:00.00 | Mem:0.00M, Peak:0.00M | Scene, ViewLayer | Synchronizing object | QA-reference-head.001
Fra:1 Mem:28.84M (Peak 28.84M) | Time:00:00.00 | Mem:0.00M, Peak:0.00M | Scene, ViewLayer | Synchronizing object | QA-reference-arm.003
Fra:1 Mem:28.84M (Peak 28.84M) | Time:00:00.00 | Mem:0.00M, Peak:0.00M | Scene, ViewLayer | Synchronizing object | QA-reference-arm.002
Fra:1 Mem:28.92M (Peak 28.92M) | Time:00:00.00 | Mem:0.00M, Peak:0.00M | Scene, ViewLayer | Synchronizing object | QA-reference-torso.001
Fra:1 Mem:28.92M (Peak 28.92M) | Time:00:00.00 | Mem:0.00M, Peak:0.00M | Scene, ViewLayer | Synchronizing object | QA-reference-leg.003
Fra:1 Mem:28.92M (Peak 28.92M) | Time:00:00.00 | Mem:0.00M, Peak:0.00M | Scene, ViewLayer | Synchronizing object | QA-reference-leg.002
Fra:1 Mem:28.92M (Peak 28.92M) | Time:00:00.00 | Mem:0.00M, Peak:0.00M | Scene, ViewLayer | Synchronizing object | QA-reference-head
Fra:1 Mem:28.93M (Peak 28.93M) | Time:00:00.00 | Mem:0.00M, Peak:0.00M | Scene, ViewLayer | Synchronizing object | QA-reference-arm.001
Fra:1 Mem:28.93M (Peak 28.93M) | Time:00:00.00 | Mem:0.00M, Peak:0.00M | Scene, ViewLayer | Synchronizing object | QA-reference-arm
Fra:1 Mem:28.93M (Peak 28.93M) | Time:00:00.00 | Mem:0.00M, Peak:0.00M | Scene, ViewLayer | Synchronizing object | QA-reference-torso
Fra:1 Mem:28.93M (Peak 28.93M) | Time:00:00.00 | Mem:0.00M, Peak:0.00M | Scene, ViewLayer | Synchronizing object | QA-reference-leg.001
Fra:1 Mem:28.93M (Peak 28.93M) | Time:00:00.00 | Mem:0.00M, Peak:0.00M | Scene, ViewLayer | Synchronizing object | QA-reference-leg
Fra:1 Mem:28.93M (Peak 28.93M) | Time:00:00.00 | Mem:0.00M, Peak:0.00M | Scene, ViewLayer | Synchronizing object | foliage-cards.003
Fra:1 Mem:28.37M (Peak 29.06M) | Time:00:00.00 | Mem:0.00M, Peak:0.00M | Scene, ViewLayer | Synchronizing object | foliage-core.003
Fra:1 Mem:29.13M (Peak 29.13M) | Time:00:00.00 | Mem:0.00M, Peak:0.00M | Scene, ViewLayer | Synchronizing object | branches.003
Fra:1 Mem:28.52M (Peak 29.13M) | Time:00:00.00 | Mem:0.00M, Peak:0.00M | Scene, ViewLayer | Synchronizing object | foliage-cards
Fra:1 Mem:29.53M (Peak 29.53M) | Time:00:00.00 | Mem:0.00M, Peak:0.00M | Scene, ViewLayer | Synchronizing object | trunk.003
Fra:1 Mem:29.74M (Peak 29.74M) | Time:00:00.00 | Mem:0.00M, Peak:0.00M | Scene, ViewLayer | Synchronizing object | foliage-cards.002
Fra:1 Mem:29.84M (Peak 30.88M) | Time:00:00.00 | Mem:0.00M, Peak:0.00M | Scene, ViewLayer | Synchronizing object | trunk.001
Fra:1 Mem:30.04M (Peak 30.88M) | Time:00:00.00 | Mem:0.00M, Peak:0.00M | Scene, ViewLayer | Synchronizing object | branches.001
Fra:1 Mem:29.57M (Peak 30.88M) | Time:00:00.01 | Mem:0.00M, Peak:0.00M | Scene, ViewLayer | Synchronizing object | foliage-core.002
Fra:1 Mem:29.79M (Peak 30.88M) | Time:00:00.01 | Mem:0.00M, Peak:0.00M | Scene, ViewLayer | Synchronizing object | foliage-core.001
Fra:1 Mem:29.76M (Peak 30.88M) | Time:00:00.01 | Mem:0.00M, Peak:0.00M | Scene, ViewLayer | Synchronizing object | branches.002
Fra:1 Mem:31.61M (Peak 31.61M) | Time:00:00.01 | Mem:0.00M, Peak:0.00M | Scene, ViewLayer | Synchronizing object | trunk.002
Fra:1 Mem:31.62M (Peak 31.62M) | Time:00:00.01 | Mem:0.00M, Peak:0.00M | Scene, ViewLayer | Synchronizing object | foliage-cards.001
Fra:1 Mem:31.18M (Peak 32.64M) | Time:00:00.01 | Mem:0.00M, Peak:0.00M | Scene, ViewLayer | Initializing
Fra:1 Mem:30.01M (Peak 32.64M) | Time:00:00.01 | Mem:0.00M, Peak:0.00M | Scene, ViewLayer | Updating Images | Loading leaf_atlas_rgba
Fra:1 Mem:30.01M (Peak 32.64M) | Time:00:00.01 | Mem:0.00M, Peak:0.00M | Scene, ViewLayer | Updating Images | Loading bark_basecolor
Fra:1 Mem:34.27M (Peak 34.27M) | Time:00:00.01 | Mem:0.25M, Peak:0.25M | Scene, ViewLayer | Updating Images | Loading bark_orm
Fra:1 Mem:34.52M (Peak 34.52M) | Time:00:00.01 | Mem:0.50M, Peak:0.50M | Scene, ViewLayer | Updating Images | Loading bark_normal
Fra:1 Mem:32.34M (Peak 42.78M) | Time:00:00.02 | Mem:4.75M, Peak:4.75M | Scene, ViewLayer | Waiting for render to start
Fra:1 Mem:32.34M (Peak 42.78M) | Time:00:00.02 | Mem:4.75M, Peak:4.75M | Scene, ViewLayer | Loading render kernels (may take a few minutes the first time)
Fra:1 Mem:32.34M (Peak 42.78M) | Time:00:00.02 | Mem:4.75M, Peak:4.75M | Scene, ViewLayer | Updating Scene
Fra:1 Mem:32.34M (Peak 42.78M) | Time:00:00.02 | Mem:4.75M, Peak:4.75M | Scene, ViewLayer | Updating Shaders
Fra:1 Mem:32.43M (Peak 42.78M) | Time:00:00.02 | Mem:4.77M, Peak:4.77M | Scene, ViewLayer | Updating Procedurals
Fra:1 Mem:32.43M (Peak 42.78M) | Time:00:00.02 | Mem:4.77M, Peak:4.77M | Scene, ViewLayer | Updating Background
Fra:1 Mem:32.43M (Peak 42.78M) | Time:00:00.02 | Mem:4.77M, Peak:4.77M | Scene, ViewLayer | Updating Camera
Fra:1 Mem:32.43M (Peak 42.78M) | Time:00:00.02 | Mem:4.77M, Peak:4.77M | Scene, ViewLayer | Updating Meshes Flags
Fra:1 Mem:32.43M (Peak 42.78M) | Time:00:00.02 | Mem:4.77M, Peak:4.77M | Scene, ViewLayer | Updating Objects
Fra:1 Mem:32.43M (Peak 42.78M) | Time:00:00.02 | Mem:4.77M, Peak:4.77M | Scene, ViewLayer | Updating Objects | Copying Transformations to device
Fra:1 Mem:32.44M (Peak 42.78M) | Time:00:00.02 | Mem:4.78M, Peak:4.78M | Scene, ViewLayer | Updating Objects | Applying Static Transformations
Fra:1 Mem:32.44M (Peak 42.78M) | Time:00:00.02 | Mem:4.78M, Peak:4.78M | Scene, ViewLayer | Updating Particle Systems
Fra:1 Mem:32.44M (Peak 42.78M) | Time:00:00.02 | Mem:4.78M, Peak:4.78M | Scene, ViewLayer | Updating Particle Systems | Copying Particles to device
Fra:1 Mem:32.45M (Peak 42.78M) | Time:00:00.02 | Mem:4.78M, Peak:4.78M | Scene, ViewLayer | Updating Meshes
Fra:1 Mem:32.98M (Peak 42.78M) | Time:00:00.02 | Mem:4.78M, Peak:4.78M | Scene, ViewLayer | Updating Mesh | Computing attributes
Fra:1 Mem:34.53M (Peak 42.78M) | Time:00:00.02 | Mem:4.78M, Peak:4.78M | Scene, ViewLayer | Updating Mesh | Copying Attributes to device
Fra:1 Mem:34.52M (Peak 42.78M) | Time:00:00.02 | Mem:6.32M, Peak:6.32M | Scene, ViewLayer | Updating Scene BVH | Building
Fra:1 Mem:34.53M (Peak 42.78M) | Time:00:00.02 | Mem:6.32M, Peak:6.32M | Scene, ViewLayer | Updating Scene BVH | Building BVH
Fra:1 Mem:34.53M (Peak 42.78M) | Time:00:00.02 | Mem:7.39M, Peak:7.39M | Scene, ViewLayer | Updating Scene BVH | Building BVH 0%
Fra:1 Mem:34.53M (Peak 42.78M) | Time:00:00.03 | Mem:8.68M, Peak:9.75M | Scene, ViewLayer | Updating Scene BVH | Copying BVH to device
Fra:1 Mem:34.53M (Peak 42.78M) | Time:00:00.03 | Mem:8.68M, Peak:9.75M | Scene, ViewLayer | Updating Mesh | Computing normals
Fra:1 Mem:37.40M (Peak 42.78M) | Time:00:00.03 | Mem:8.68M, Peak:9.75M | Scene, ViewLayer | Updating Mesh | Copying Mesh to device
Fra:1 Mem:37.40M (Peak 42.78M) | Time:00:00.03 | Mem:11.55M, Peak:11.55M | Scene, ViewLayer | Updating Objects Flags
Fra:1 Mem:37.40M (Peak 42.78M) | Time:00:00.03 | Mem:11.55M, Peak:11.55M | Scene, ViewLayer | Updating Primitive Offsets
Fra:1 Mem:37.40M (Peak 42.78M) | Time:00:00.03 | Mem:11.55M, Peak:11.55M | Scene, ViewLayer | Updating Images
Fra:1 Mem:37.40M (Peak 42.78M) | Time:00:00.03 | Mem:11.55M, Peak:11.55M | Scene, ViewLayer | Updating Camera Volume
Fra:1 Mem:37.40M (Peak 42.78M) | Time:00:00.03 | Mem:11.55M, Peak:11.55M | Scene, ViewLayer | Updating Lookup Tables
Fra:1 Mem:37.40M (Peak 42.78M) | Time:00:00.03 | Mem:11.63M, Peak:11.63M | Scene, ViewLayer | Updating Lights
Fra:1 Mem:37.40M (Peak 42.78M) | Time:00:00.03 | Mem:11.63M, Peak:11.63M | Scene, ViewLayer | Updating Lights | Computing tree
Fra:1 Mem:37.40M (Peak 42.78M) | Time:00:00.03 | Mem:11.63M, Peak:11.63M | Scene, ViewLayer | Updating Integrator
Fra:1 Mem:37.40M (Peak 42.78M) | Time:00:00.03 | Mem:11.63M, Peak:11.63M | Scene, ViewLayer | Updating Film
Fra:1 Mem:37.40M (Peak 42.78M) | Time:00:00.03 | Mem:11.55M, Peak:11.63M | Scene, ViewLayer | Updating Lookup Tables
Fra:1 Mem:37.40M (Peak 42.78M) | Time:00:00.03 | Mem:11.64M, Peak:11.64M | Scene, ViewLayer | Updating Baking
Fra:1 Mem:37.40M (Peak 42.78M) | Time:00:00.03 | Mem:11.64M, Peak:11.64M | Scene, ViewLayer | Updating Device | Writing constant memory
Fra:1 Mem:37.40M (Peak 42.78M) | Time:00:00.03 | Mem:11.64M, Peak:11.64M | Scene, ViewLayer | Sample 0/24
Fra:1 Mem:64.60M (Peak 64.60M) | Time:00:00.98 | Remaining:00:21.96 | Mem:38.84M, Peak:38.84M | Scene, ViewLayer | Sample 1/24
Fra:1 Mem:76.69M (Peak 100.86M) | Time:00:20.33 | Mem:38.84M, Peak:38.84M | Scene, ViewLayer | Sample 24/24
Fra:1 Mem:76.69M (Peak 100.86M) | Time:00:20.33 | Mem:38.84M, Peak:38.84M | Scene, ViewLayer | Finished
Saved: '/workspace/scratch/7c20b5ba4165/atlas-backlog-oct3/tools/assets/mature-tree-templates/qa/previews/mature-lod0-overcast.png'
Time: 00:20.43 (Saving: 00:00.10)

Fra:1 Mem:26.34M (Peak 26.34M) | Time:00:00.00 | Mem:0.00M, Peak:0.00M | Scene, ViewLayer | Synchronizing object | trunk
Fra:1 Mem:26.34M (Peak 26.34M) | Time:00:00.00 | Mem:0.00M, Peak:0.00M | Scene, ViewLayer | Synchronizing object | QA-label-maple
Fra:1 Mem:26.41M (Peak 26.41M) | Time:00:00.00 | Mem:0.00M, Peak:0.00M | Scene, ViewLayer | Synchronizing object | branches
Fra:1 Mem:26.49M (Peak 26.49M) | Time:00:00.00 | Mem:0.00M, Peak:0.00M | Scene, ViewLayer | Synchronizing object | QA-label-alder
Fra:1 Mem:26.53M (Peak 26.53M) | Time:00:00.00 | Mem:0.00M, Peak:0.00M | Scene, ViewLayer | Synchronizing object | QA-label-douglas-fir
Fra:1 Mem:26.62M (Peak 26.62M) | Time:00:00.00 | Mem:0.00M, Peak:0.00M | Scene, ViewLayer | Synchronizing object | foliage-core
Fra:1 Mem:26.82M (Peak 26.82M) | Time:00:00.00 | Mem:0.00M, Peak:0.00M | Scene, ViewLayer | Synchronizing object | QA-label-western-redcedar
Fra:1 Mem:28.48M (Peak 28.48M) | Time:00:00.00 | Mem:0.00M, Peak:0.00M | Scene, ViewLayer | Synchronizing object | QA-label-1.75 m
Fra:1 Mem:28.51M (Peak 28.51M) | Time:00:00.00 | Mem:0.00M, Peak:0.00M | Scene, ViewLayer | Synchronizing object | QA-label-1.81 m
Fra:1 Mem:28.56M (Peak 28.56M) | Time:00:00.00 | Mem:0.00M, Peak:0.00M | Scene, ViewLayer | Synchronizing object | QA-label-1 m
Fra:1 Mem:28.57M (Peak 28.57M) | Time:00:00.00 | Mem:0.00M, Peak:0.00M | Scene, ViewLayer | Synchronizing object | QA-only-ground
Fra:1 Mem:28.57M (Peak 28.57M) | Time:00:00.00 | Mem:0.00M, Peak:0.00M | Scene, ViewLayer | Synchronizing object | QA-only-1m-ruler.009
Fra:1 Mem:28.57M (Peak 28.57M) | Time:00:00.00 | Mem:0.00M, Peak:0.00M | Scene, ViewLayer | Synchronizing object | QA-only-1m-ruler.008
Fra:1 Mem:28.57M (Peak 28.57M) | Time:00:00.00 | Mem:0.00M, Peak:0.00M | Scene, ViewLayer | Synchronizing object | QA-only-1m-ruler.007
Fra:1 Mem:28.57M (Peak 28.57M) | Time:00:00.00 | Mem:0.00M, Peak:0.00M | Scene, ViewLayer | Synchronizing object | QA-only-1m-ruler.006
Fra:1 Mem:28.57M (Peak 28.57M) | Time:00:00.00 | Mem:0.00M, Peak:0.00M | Scene, ViewLayer | Synchronizing object | QA-only-1m-ruler.005
Fra:1 Mem:28.57M (Peak 28.57M) | Time:00:00.00 | Mem:0.00M, Peak:0.00M | Scene, ViewLayer | Synchronizing object | QA-only-1m-ruler.004
Fra:1 Mem:28.57M (Peak 28.57M) | Time:00:00.00 | Mem:0.00M, Peak:0.00M | Scene, ViewLayer | Synchronizing object | QA-only-1m-ruler.003
Fra:1 Mem:28.57M (Peak 28.57M) | Time:00:00.00 | Mem:0.00M, Peak:0.00M | Scene, ViewLayer | Synchronizing object | QA-only-1m-ruler.002
Fra:1 Mem:28.58M (Peak 28.58M) | Time:00:00.00 | Mem:0.00M, Peak:0.00M | Scene, ViewLayer | Synchronizing object | QA-only-1m-ruler.001
Fra:1 Mem:28.58M (Peak 28.58M) | Time:00:00.00 | Mem:0.00M, Peak:0.00M | Scene, ViewLayer | Synchronizing object | QA-only-1m-ruler
Fra:1 Mem:28.58M (Peak 28.58M) | Time:00:00.00 | Mem:0.00M, Peak:0.00M | Scene, ViewLayer | Synchronizing object | QA-reference-head.001
Fra:1 Mem:28.58M (Peak 28.58M) | Time:00:00.00 | Mem:0.00M, Peak:0.00M | Scene, ViewLayer | Synchronizing object | QA-reference-arm.003
Fra:1 Mem:28.58M (Peak 28.58M) | Time:00:00.00 | Mem:0.00M, Peak:0.00M | Scene, ViewLayer | Synchronizing object | QA-reference-arm.002
Fra:1 Mem:28.59M (Peak 28.59M) | Time:00:00.00 | Mem:0.00M, Peak:0.00M | Scene, ViewLayer | Synchronizing object | QA-reference-torso.001
Fra:1 Mem:28.59M (Peak 28.59M) | Time:00:00.00 | Mem:0.00M, Peak:0.00M | Scene, ViewLayer | Synchronizing object | QA-reference-leg.003
Fra:1 Mem:28.59M (Peak 28.59M) | Time:00:00.00 | Mem:0.00M, Peak:0.00M | Scene, ViewLayer | Synchronizing object | QA-reference-leg.002
Fra:1 Mem:28.59M (Peak 28.59M) | Time:00:00.00 | Mem:0.00M, Peak:0.00M | Scene, ViewLayer | Synchronizing object | QA-reference-head
Fra:1 Mem:28.60M (Peak 28.60M) | Time:00:00.00 | Mem:0.00M, Peak:0.00M | Scene, ViewLayer | Synchronizing object | QA-reference-arm.001
Fra:1 Mem:28.60M (Peak 28.60M) | Time:00:00.00 | Mem:0.00M, Peak:0.00M | Scene, ViewLayer | Synchronizing object | QA-reference-arm
Fra:1 Mem:28.60M (Peak 28.60M) | Time:00:00.00 | Mem:0.00M, Peak:0.00M | Scene, ViewLayer | Synchronizing object | QA-reference-torso
Fra:1 Mem:28.60M (Peak 28.60M) | Time:00:00.00 | Mem:0.00M, Peak:0.00M | Scene, ViewLayer | Synchronizing object | QA-reference-leg.001
Fra:1 Mem:28.60M (Peak 28.60M) | Time:00:00.00 | Mem:0.00M, Peak:0.00M | Scene, ViewLayer | Synchronizing object | QA-reference-leg
Fra:1 Mem:28.61M (Peak 28.61M) | Time:00:00.00 | Mem:0.00M, Peak:0.00M | Scene, ViewLayer | Synchronizing object | foliage-cards.003
Fra:1 Mem:29.04M (Peak 29.82M) | Time:00:00.00 | Mem:0.00M, Peak:0.00M | Scene, ViewLayer | Synchronizing object | foliage-core.003
Fra:1 Mem:28.93M (Peak 29.82M) | Time:00:00.00 | Mem:0.00M, Peak:0.00M | Scene, ViewLayer | Synchronizing object | branches.003
Fra:1 Mem:28.52M (Peak 29.82M) | Time:00:00.00 | Mem:0.00M, Peak:0.00M | Scene, ViewLayer | Synchronizing object | foliage-cards
Fra:1 Mem:28.57M (Peak 29.82M) | Time:00:00.00 | Mem:0.00M, Peak:0.00M | Scene, ViewLayer | Synchronizing object | trunk.003
Fra:1 Mem:29.54M (Peak 29.82M) | Time:00:00.00 | Mem:0.00M, Peak:0.00M | Scene, ViewLayer | Synchronizing object | foliage-cards.002
Fra:1 Mem:30.02M (Peak 30.58M) | Time:00:00.01 | Mem:0.00M, Peak:0.00M | Scene, ViewLayer | Synchronizing object | trunk.001
Fra:1 Mem:29.55M (Peak 30.58M) | Time:00:00.01 | Mem:0.00M, Peak:0.00M | Scene, ViewLayer | Synchronizing object | branches.001
Fra:1 Mem:29.52M (Peak 30.58M) | Time:00:00.01 | Mem:0.00M, Peak:0.00M | Scene, ViewLayer | Synchronizing object | foliage-core.002
Fra:1 Mem:29.75M (Peak 30.58M) | Time:00:00.01 | Mem:0.00M, Peak:0.00M | Scene, ViewLayer | Synchronizing object | branches.002
Fra:1 Mem:29.92M (Peak 30.58M) | Time:00:00.01 | Mem:0.00M, Peak:0.00M | Scene, ViewLayer | Synchronizing object | foliage-core.001
Fra:1 Mem:31.61M (Peak 31.61M) | Time:00:00.01 | Mem:0.00M, Peak:0.00M | Scene, ViewLayer | Synchronizing object | trunk.002
Fra:1 Mem:31.62M (Peak 31.62M) | Time:00:00.01 | Mem:0.00M, Peak:0.00M | Scene, ViewLayer | Synchronizing object | foliage-cards.001
Fra:1 Mem:31.18M (Peak 32.64M) | Time:00:00.01 | Mem:0.00M, Peak:0.00M | Scene, ViewLayer | Initializing
Fra:1 Mem:30.01M (Peak 32.64M) | Time:00:00.01 | Mem:0.00M, Peak:0.00M | Scene, ViewLayer | Updating Images | Loading leaf_atlas_rgba
Fra:1 Mem:30.01M (Peak 32.64M) | Time:00:00.01 | Mem:0.00M, Peak:0.00M | Scene, ViewLayer | Updating Images | Loading bark_basecolor
Fra:1 Mem:34.27M (Peak 34.27M) | Time:00:00.01 | Mem:0.25M, Peak:0.25M | Scene, ViewLayer | Updating Images | Loading bark_orm
Fra:1 Mem:34.52M (Peak 34.52M) | Time:00:00.01 | Mem:0.50M, Peak:0.50M | Scene, ViewLayer | Updating Images | Loading bark_normal
Fra:1 Mem:32.34M (Peak 42.78M) | Time:00:00.02 | Mem:4.75M, Peak:4.75M | Scene, ViewLayer | Waiting for render to start
Fra:1 Mem:32.34M (Peak 42.78M) | Time:00:00.02 | Mem:4.75M, Peak:4.75M | Scene, ViewLayer | Loading render kernels (may take a few minutes the first time)
Fra:1 Mem:32.34M (Peak 42.78M) | Time:00:00.02 | Mem:4.75M, Peak:4.75M | Scene, ViewLayer | Updating Scene
Fra:1 Mem:32.34M (Peak 42.78M) | Time:00:00.02 | Mem:4.75M, Peak:4.75M | Scene, ViewLayer | Updating Shaders
Fra:1 Mem:32.43M (Peak 42.78M) | Time:00:00.02 | Mem:4.77M, Peak:4.77M | Scene, ViewLayer | Updating Procedurals
Fra:1 Mem:32.43M (Peak 42.78M) | Time:00:00.02 | Mem:4.77M, Peak:4.77M | Scene, ViewLayer | Updating Background
Fra:1 Mem:32.43M (Peak 42.78M) | Time:00:00.02 | Mem:4.77M, Peak:4.77M | Scene, ViewLayer | Updating Camera
Fra:1 Mem:32.43M (Peak 42.78M) | Time:00:00.02 | Mem:4.77M, Peak:4.77M | Scene, ViewLayer | Updating Meshes Flags
Fra:1 Mem:32.43M (Peak 42.78M) | Time:00:00.02 | Mem:4.77M, Peak:4.77M | Scene, ViewLayer | Updating Objects
Fra:1 Mem:32.43M (Peak 42.78M) | Time:00:00.02 | Mem:4.77M, Peak:4.77M | Scene, ViewLayer | Updating Objects | Copying Transformations to device
Fra:1 Mem:32.45M (Peak 42.78M) | Time:00:00.02 | Mem:4.78M, Peak:4.78M | Scene, ViewLayer | Updating Objects | Applying Static Transformations
Fra:1 Mem:32.45M (Peak 42.78M) | Time:00:00.02 | Mem:4.78M, Peak:4.78M | Scene, ViewLayer | Updating Particle Systems
Fra:1 Mem:32.45M (Peak 42.78M) | Time:00:00.02 | Mem:4.78M, Peak:4.78M | Scene, ViewLayer | Updating Particle Systems | Copying Particles to device
Fra:1 Mem:32.45M (Peak 42.78M) | Time:00:00.02 | Mem:4.78M, Peak:4.78M | Scene, ViewLayer | Updating Meshes
Fra:1 Mem:32.98M (Peak 42.78M) | Time:00:00.02 | Mem:4.78M, Peak:4.78M | Scene, ViewLayer | Updating Mesh | Computing attributes
Fra:1 Mem:34.53M (Peak 42.78M) | Time:00:00.02 | Mem:4.78M, Peak:4.78M | Scene, ViewLayer | Updating Mesh | Copying Attributes to device
Fra:1 Mem:34.52M (Peak 42.78M) | Time:00:00.02 | Mem:6.32M, Peak:6.32M | Scene, ViewLayer | Updating Scene BVH | Building
Fra:1 Mem:34.53M (Peak 42.78M) | Time:00:00.02 | Mem:6.32M, Peak:6.32M | Scene, ViewLayer | Updating Scene BVH | Building BVH
Fra:1 Mem:34.53M (Peak 42.78M) | Time:00:00.02 | Mem:7.39M, Peak:7.39M | Scene, ViewLayer | Updating Scene BVH | Building BVH 0%
Fra:1 Mem:34.53M (Peak 42.78M) | Time:00:00.03 | Mem:8.68M, Peak:9.75M | Scene, ViewLayer | Updating Scene BVH | Copying BVH to device
Fra:1 Mem:34.53M (Peak 42.78M) | Time:00:00.03 | Mem:8.68M, Peak:9.75M | Scene, ViewLayer | Updating Mesh | Computing normals
Fra:1 Mem:37.40M (Peak 42.78M) | Time:00:00.03 | Mem:8.68M, Peak:9.75M | Scene, ViewLayer | Updating Mesh | Copying Mesh to device
Fra:1 Mem:37.40M (Peak 42.78M) | Time:00:00.03 | Mem:11.55M, Peak:11.55M | Scene, ViewLayer | Updating Objects Flags
Fra:1 Mem:37.40M (Peak 42.78M) | Time:00:00.03 | Mem:11.55M, Peak:11.55M | Scene, ViewLayer | Updating Primitive Offsets
Fra:1 Mem:37.40M (Peak 42.78M) | Time:00:00.03 | Mem:11.55M, Peak:11.55M | Scene, ViewLayer | Updating Images
Fra:1 Mem:37.40M (Peak 42.78M) | Time:00:00.03 | Mem:11.55M, Peak:11.55M | Scene, ViewLayer | Updating Camera Volume
Fra:1 Mem:37.40M (Peak 42.78M) | Time:00:00.03 | Mem:11.55M, Peak:11.55M | Scene, ViewLayer | Updating Lookup Tables
Fra:1 Mem:37.40M (Peak 42.78M) | Time:00:00.03 | Mem:11.63M, Peak:11.63M | Scene, ViewLayer | Updating Lights
Fra:1 Mem:37.40M (Peak 42.78M) | Time:00:00.03 | Mem:11.63M, Peak:11.63M | Scene, ViewLayer | Updating Lights | Computing tree
Fra:1 Mem:37.40M (Peak 42.78M) | Time:00:00.03 | Mem:11.63M, Peak:11.63M | Scene, ViewLayer | Updating Integrator
Fra:1 Mem:37.40M (Peak 42.78M) | Time:00:00.03 | Mem:11.63M, Peak:11.63M | Scene, ViewLayer | Updating Film
Fra:1 Mem:37.40M (Peak 42.78M) | Time:00:00.03 | Mem:11.55M, Peak:11.63M | Scene, ViewLayer | Updating Lookup Tables
Fra:1 Mem:37.40M (Peak 42.78M) | Time:00:00.03 | Mem:11.64M, Peak:11.64M | Scene, ViewLayer | Updating Baking
Fra:1 Mem:37.40M (Peak 42.78M) | Time:00:00.03 | Mem:11.64M, Peak:11.64M | Scene, ViewLayer | Updating Device | Writing constant memory
Fra:1 Mem:37.40M (Peak 42.78M) | Time:00:00.03 | Mem:11.64M, Peak:11.64M | Scene, ViewLayer | Sample 0/24
Fra:1 Mem:64.60M (Peak 64.60M) | Time:00:01.02 | Remaining:00:22.85 | Mem:38.84M, Peak:38.84M | Scene, ViewLayer | Sample 1/24
Fra:1 Mem:76.69M (Peak 100.86M) | Time:00:20.62 | Mem:38.84M, Peak:38.84M | Scene, ViewLayer | Sample 24/24
Fra:1 Mem:76.69M (Peak 100.86M) | Time:00:20.62 | Mem:38.84M, Peak:38.84M | Scene, ViewLayer | Finished
Saved: '/workspace/scratch/7c20b5ba4165/atlas-backlog-oct3/tools/assets/mature-tree-templates/qa/previews/mature-lod0-dusk.png'
Time: 00:20.72 (Saving: 00:00.10)

Fra:1 Mem:26.34M (Peak 26.34M) | Time:00:00.00 | Mem:0.00M, Peak:0.00M | Scene, ViewLayer | Synchronizing object | trunk
Fra:1 Mem:26.34M (Peak 26.34M) | Time:00:00.00 | Mem:0.00M, Peak:0.00M | Scene, ViewLayer | Synchronizing object | QA-label-maple
Fra:1 Mem:26.41M (Peak 26.41M) | Time:00:00.00 | Mem:0.00M, Peak:0.00M | Scene, ViewLayer | Synchronizing object | branches
Fra:1 Mem:26.46M (Peak 26.46M) | Time:00:00.00 | Mem:0.00M, Peak:0.00M | Scene, ViewLayer | Synchronizing object | QA-label-alder
Fra:1 Mem:26.53M (Peak 26.53M) | Time:00:00.00 | Mem:0.00M, Peak:0.00M | Scene, ViewLayer | Synchronizing object | foliage-core
Fra:1 Mem:26.54M (Peak 26.54M) | Time:00:00.00 | Mem:0.00M, Peak:0.00M | Scene, ViewLayer | Synchronizing object | QA-label-douglas-fir
Fra:1 Mem:26.82M (Peak 26.82M) | Time:00:00.00 | Mem:0.00M, Peak:0.00M | Scene, ViewLayer | Synchronizing object | QA-label-western-redcedar
Fra:1 Mem:28.48M (Peak 28.48M) | Time:00:00.00 | Mem:0.00M, Peak:0.00M | Scene, ViewLayer | Synchronizing object | QA-label-1.75 m
Fra:1 Mem:28.55M (Peak 28.55M) | Time:00:00.00 | Mem:0.00M, Peak:0.00M | Scene, ViewLayer | Synchronizing object | QA-label-1.81 m
Fra:1 Mem:28.89M (Peak 28.89M) | Time:00:00.00 | Mem:0.00M, Peak:0.00M | Scene, ViewLayer | Synchronizing object | QA-label-1 m
Fra:1 Mem:28.90M (Peak 28.90M) | Time:00:00.00 | Mem:0.00M, Peak:0.00M | Scene, ViewLayer | Synchronizing object | QA-only-ground
Fra:1 Mem:28.90M (Peak 28.90M) | Time:00:00.00 | Mem:0.00M, Peak:0.00M | Scene, ViewLayer | Synchronizing object | QA-only-1m-ruler.009
Fra:1 Mem:28.90M (Peak 28.90M) | Time:00:00.00 | Mem:0.00M, Peak:0.00M | Scene, ViewLayer | Synchronizing object | QA-only-1m-ruler.008
Fra:1 Mem:28.90M (Peak 28.90M) | Time:00:00.00 | Mem:0.00M, Peak:0.00M | Scene, ViewLayer | Synchronizing object | QA-only-1m-ruler.007
Fra:1 Mem:28.85M (Peak 28.90M) | Time:00:00.00 | Mem:0.00M, Peak:0.00M | Scene, ViewLayer | Synchronizing object | QA-only-1m-ruler.006
Fra:1 Mem:28.85M (Peak 28.90M) | Time:00:00.00 | Mem:0.00M, Peak:0.00M | Scene, ViewLayer | Synchronizing object | QA-only-1m-ruler.005
Fra:1 Mem:28.85M (Peak 28.90M) | Time:00:00.00 | Mem:0.00M, Peak:0.00M | Scene, ViewLayer | Synchronizing object | QA-only-1m-ruler.004
Fra:1 Mem:28.85M (Peak 28.90M) | Time:00:00.00 | Mem:0.00M, Peak:0.00M | Scene, ViewLayer | Synchronizing object | QA-only-1m-ruler.003
Fra:1 Mem:28.86M (Peak 28.90M) | Time:00:00.00 | Mem:0.00M, Peak:0.00M | Scene, ViewLayer | Synchronizing object | QA-only-1m-ruler.002
Fra:1 Mem:28.86M (Peak 28.90M) | Time:00:00.00 | Mem:0.00M, Peak:0.00M | Scene, ViewLayer | Synchronizing object | QA-only-1m-ruler.001
Fra:1 Mem:28.86M (Peak 28.90M) | Time:00:00.00 | Mem:0.00M, Peak:0.00M | Scene, ViewLayer | Synchronizing object | QA-only-1m-ruler
Fra:1 Mem:28.86M (Peak 28.90M) | Time:00:00.00 | Mem:0.00M, Peak:0.00M | Scene, ViewLayer | Synchronizing object | QA-reference-head.001
Fra:1 Mem:28.87M (Peak 28.90M) | Time:00:00.00 | Mem:0.00M, Peak:0.00M | Scene, ViewLayer | Synchronizing object | QA-reference-arm.003
Fra:1 Mem:28.87M (Peak 28.90M) | Time:00:00.00 | Mem:0.00M, Peak:0.00M | Scene, ViewLayer | Synchronizing object | QA-reference-arm.002
Fra:1 Mem:28.87M (Peak 28.90M) | Time:00:00.00 | Mem:0.00M, Peak:0.00M | Scene, ViewLayer | Synchronizing object | QA-reference-torso.001
Fra:1 Mem:28.90M (Peak 28.90M) | Time:00:00.00 | Mem:0.00M, Peak:0.00M | Scene, ViewLayer | Synchronizing object | QA-reference-leg.003
Fra:1 Mem:28.90M (Peak 28.90M) | Time:00:00.00 | Mem:0.00M, Peak:0.00M | Scene, ViewLayer | Synchronizing object | QA-reference-leg.002
Fra:1 Mem:28.92M (Peak 28.92M) | Time:00:00.00 | Mem:0.00M, Peak:0.00M | Scene, ViewLayer | Synchronizing object | QA-reference-head
Fra:1 Mem:29.08M (Peak 29.08M) | Time:00:00.00 | Mem:0.00M, Peak:0.00M | Scene, ViewLayer | Synchronizing object | QA-reference-arm.001
Fra:1 Mem:29.09M (Peak 29.09M) | Time:00:00.00 | Mem:0.00M, Peak:0.00M | Scene, ViewLayer | Synchronizing object | QA-reference-arm
Fra:1 Mem:29.10M (Peak 29.10M) | Time:00:00.00 | Mem:0.00M, Peak:0.00M | Scene, ViewLayer | Synchronizing object | QA-reference-torso
Fra:1 Mem:29.10M (Peak 29.10M) | Time:00:00.00 | Mem:0.00M, Peak:0.00M | Scene, ViewLayer | Synchronizing object | QA-reference-leg.001
Fra:1 Mem:28.98M (Peak 29.10M) | Time:00:00.00 | Mem:0.00M, Peak:0.00M | Scene, ViewLayer | Synchronizing object | QA-reference-leg
Fra:1 Mem:28.98M (Peak 29.10M) | Time:00:00.00 | Mem:0.00M, Peak:0.00M | Scene, ViewLayer | Synchronizing object | foliage-cards.003
Fra:1 Mem:28.16M (Peak 29.10M) | Time:00:00.00 | Mem:0.00M, Peak:0.00M | Scene, ViewLayer | Synchronizing object | foliage-cards
Fra:1 Mem:28.17M (Peak 29.10M) | Time:00:00.00 | Mem:0.00M, Peak:0.00M | Scene, ViewLayer | Synchronizing object | foliage-core.003
Fra:1 Mem:29.36M (Peak 29.40M) | Time:00:00.00 | Mem:0.00M, Peak:0.00M | Scene, ViewLayer | Synchronizing object | branches.003
Fra:1 Mem:29.05M (Peak 29.40M) | Time:00:00.00 | Mem:0.00M, Peak:0.00M | Scene, ViewLayer | Synchronizing object | trunk.003
Fra:1 Mem:29.14M (Peak 29.40M) | Time:00:00.00 | Mem:0.00M, Peak:0.00M | Scene, ViewLayer | Synchronizing object | foliage-cards.002
Fra:1 Mem:29.48M (Peak 30.56M) | Time:00:00.01 | Mem:0.00M, Peak:0.00M | Scene, ViewLayer | Synchronizing object | trunk.001
Fra:1 Mem:29.56M (Peak 30.56M) | Time:00:00.01 | Mem:0.00M, Peak:0.00M | Scene, ViewLayer | Synchronizing object | branches.001
Fra:1 Mem:30.10M (Peak 30.56M) | Time:00:00.01 | Mem:0.00M, Peak:0.00M | Scene, ViewLayer | Synchronizing object | foliage-core.001
Fra:1 Mem:31.25M (Peak 31.79M) | Time:00:00.01 | Mem:0.00M, Peak:0.00M | Scene, ViewLayer | Synchronizing object | foliage-core.002
Fra:1 Mem:31.44M (Peak 31.79M) | Time:00:00.01 | Mem:0.00M, Peak:0.00M | Scene, ViewLayer | Synchronizing object | branches.002
Fra:1 Mem:30.60M (Peak 31.79M) | Time:00:00.01 | Mem:0.00M, Peak:0.00M | Scene, ViewLayer | Synchronizing object | trunk.002
Fra:1 Mem:30.72M (Peak 31.79M) | Time:00:00.01 | Mem:0.00M, Peak:0.00M | Scene, ViewLayer | Synchronizing object | foliage-cards.001
Fra:1 Mem:31.18M (Peak 31.84M) | Time:00:00.01 | Mem:0.00M, Peak:0.00M | Scene, ViewLayer | Initializing
Fra:1 Mem:30.01M (Peak 31.84M) | Time:00:00.01 | Mem:0.00M, Peak:0.00M | Scene, ViewLayer | Updating Images | Loading leaf_atlas_rgba
Fra:1 Mem:30.01M (Peak 31.84M) | Time:00:00.01 | Mem:0.00M, Peak:0.00M | Scene, ViewLayer | Updating Images | Loading bark_basecolor
Fra:1 Mem:34.27M (Peak 34.27M) | Time:00:00.01 | Mem:0.25M, Peak:0.25M | Scene, ViewLayer | Updating Images | Loading bark_orm
Fra:1 Mem:34.52M (Peak 34.52M) | Time:00:00.01 | Mem:0.50M, Peak:0.50M | Scene, ViewLayer | Updating Images | Loading bark_normal
Fra:1 Mem:32.34M (Peak 42.78M) | Time:00:00.02 | Mem:4.75M, Peak:4.75M | Scene, ViewLayer | Waiting for render to start
Fra:1 Mem:32.34M (Peak 42.78M) | Time:00:00.02 | Mem:4.75M, Peak:4.75M | Scene, ViewLayer | Loading render kernels (may take a few minutes the first time)
Fra:1 Mem:32.34M (Peak 42.78M) | Time:00:00.02 | Mem:4.75M, Peak:4.75M | Scene, ViewLayer | Updating Scene
Fra:1 Mem:32.34M (Peak 42.78M) | Time:00:00.02 | Mem:4.75M, Peak:4.75M | Scene, ViewLayer | Updating Shaders
Fra:1 Mem:32.43M (Peak 42.78M) | Time:00:00.02 | Mem:4.77M, Peak:4.77M | Scene, ViewLayer | Updating Procedurals
Fra:1 Mem:32.43M (Peak 42.78M) | Time:00:00.02 | Mem:4.77M, Peak:4.77M | Scene, ViewLayer | Updating Background
Fra:1 Mem:32.43M (Peak 42.78M) | Time:00:00.02 | Mem:4.77M, Peak:4.77M | Scene, ViewLayer | Updating Camera
Fra:1 Mem:32.43M (Peak 42.78M) | Time:00:00.02 | Mem:4.77M, Peak:4.77M | Scene, ViewLayer | Updating Meshes Flags
Fra:1 Mem:32.43M (Peak 42.78M) | Time:00:00.02 | Mem:4.77M, Peak:4.77M | Scene, ViewLayer | Updating Objects
Fra:1 Mem:32.43M (Peak 42.78M) | Time:00:00.02 | Mem:4.77M, Peak:4.77M | Scene, ViewLayer | Updating Objects | Copying Transformations to device
Fra:1 Mem:32.45M (Peak 42.78M) | Time:00:00.02 | Mem:4.78M, Peak:4.78M | Scene, ViewLayer | Updating Objects | Applying Static Transformations
Fra:1 Mem:32.45M (Peak 42.78M) | Time:00:00.02 | Mem:4.78M, Peak:4.78M | Scene, ViewLayer | Updating Particle Systems
Fra:1 Mem:32.45M (Peak 42.78M) | Time:00:00.02 | Mem:4.78M, Peak:4.78M | Scene, ViewLayer | Updating Particle Systems | Copying Particles to device
Fra:1 Mem:32.45M (Peak 42.78M) | Time:00:00.02 | Mem:4.78M, Peak:4.78M | Scene, ViewLayer | Updating Meshes
Fra:1 Mem:32.98M (Peak 42.78M) | Time:00:00.02 | Mem:4.78M, Peak:4.78M | Scene, ViewLayer | Updating Mesh | Computing attributes
Fra:1 Mem:34.53M (Peak 42.78M) | Time:00:00.02 | Mem:4.78M, Peak:4.78M | Scene, ViewLayer | Updating Mesh | Copying Attributes to device
Fra:1 Mem:34.52M (Peak 42.78M) | Time:00:00.02 | Mem:6.32M, Peak:6.32M | Scene, ViewLayer | Updating Scene BVH | Building
Fra:1 Mem:34.53M (Peak 42.78M) | Time:00:00.02 | Mem:6.32M, Peak:6.32M | Scene, ViewLayer | Updating Scene BVH | Building BVH
Fra:1 Mem:34.53M (Peak 42.78M) | Time:00:00.02 | Mem:7.39M, Peak:7.39M | Scene, ViewLayer | Updating Scene BVH | Building BVH 0%
Fra:1 Mem:34.53M (Peak 42.78M) | Time:00:00.03 | Mem:8.68M, Peak:9.75M | Scene, ViewLayer | Updating Scene BVH | Copying BVH to device
Fra:1 Mem:34.53M (Peak 42.78M) | Time:00:00.03 | Mem:8.68M, Peak:9.75M | Scene, ViewLayer | Updating Mesh | Computing normals
Fra:1 Mem:37.40M (Peak 42.78M) | Time:00:00.03 | Mem:8.68M, Peak:9.75M | Scene, ViewLayer | Updating Mesh | Copying Mesh to device
Fra:1 Mem:37.40M (Peak 42.78M) | Time:00:00.03 | Mem:11.55M, Peak:11.55M | Scene, ViewLayer | Updating Objects Flags
Fra:1 Mem:37.40M (Peak 42.78M) | Time:00:00.03 | Mem:11.55M, Peak:11.55M | Scene, ViewLayer | Updating Primitive Offsets
Fra:1 Mem:37.40M (Peak 42.78M) | Time:00:00.03 | Mem:11.55M, Peak:11.55M | Scene, ViewLayer | Updating Images
Fra:1 Mem:37.40M (Peak 42.78M) | Time:00:00.03 | Mem:11.55M, Peak:11.55M | Scene, ViewLayer | Updating Camera Volume
Fra:1 Mem:37.40M (Peak 42.78M) | Time:00:00.03 | Mem:11.55M, Peak:11.55M | Scene, ViewLayer | Updating Lookup Tables
Fra:1 Mem:37.40M (Peak 42.78M) | Time:00:00.03 | Mem:11.63M, Peak:11.63M | Scene, ViewLayer | Updating Lights
Fra:1 Mem:37.40M (Peak 42.78M) | Time:00:00.03 | Mem:11.63M, Peak:11.63M | Scene, ViewLayer | Updating Lights | Computing tree
Fra:1 Mem:37.40M (Peak 42.78M) | Time:00:00.03 | Mem:11.63M, Peak:11.63M | Scene, ViewLayer | Updating Integrator
Fra:1 Mem:37.40M (Peak 42.78M) | Time:00:00.03 | Mem:11.63M, Peak:11.63M | Scene, ViewLayer | Updating Film
Fra:1 Mem:37.40M (Peak 42.78M) | Time:00:00.03 | Mem:11.55M, Peak:11.63M | Scene, ViewLayer | Updating Lookup Tables
Fra:1 Mem:37.40M (Peak 42.78M) | Time:00:00.03 | Mem:11.64M, Peak:11.64M | Scene, ViewLayer | Updating Baking
Fra:1 Mem:37.40M (Peak 42.78M) | Time:00:00.03 | Mem:11.64M, Peak:11.64M | Scene, ViewLayer | Updating Device | Writing constant memory
Fra:1 Mem:37.40M (Peak 42.78M) | Time:00:00.03 | Mem:11.64M, Peak:11.64M | Scene, ViewLayer | Sample 0/24
Fra:1 Mem:64.60M (Peak 64.60M) | Time:00:01.03 | Remaining:00:23.04 | Mem:38.84M, Peak:38.84M | Scene, ViewLayer | Sample 1/24
Fra:1 Mem:76.69M (Peak 100.86M) | Time:00:20.86 | Mem:38.84M, Peak:38.84M | Scene, ViewLayer | Sample 24/24
Fra:1 Mem:76.69M (Peak 100.86M) | Time:00:20.86 | Mem:38.84M, Peak:38.84M | Scene, ViewLayer | Finished
Saved: '/workspace/scratch/7c20b5ba4165/atlas-backlog-oct3/tools/assets/mature-tree-templates/qa/previews/mature-lod0-night.png'
Time: 00:20.96 (Saving: 00:00.10)

Extensions: writing cache failed ([Errno 30] Read-only file system: '/home/agent/.config/blender').
15:43:23 | INFO: Data are loaded, start creating Blender stuff
15:43:23 | INFO: Blender create Mesh node trunk-editable-mesh
15:43:23 | INFO: Blender create Mesh node branches-editable-mesh
15:43:23 | INFO: Blender create Mesh node foliage-core-editable-mesh
15:43:23 | INFO: Blender create Mesh node foliage-cards-editable-mesh
15:43:23 | INFO: glTF import finished in 0.02s
15:43:23 | INFO: Data are loaded, start creating Blender stuff
15:43:23 | INFO: Blender create Mesh node trunk-editable-mesh
15:43:23 | INFO: Blender create Mesh node branches-editable-mesh
15:43:23 | INFO: Blender create Mesh node foliage-core-editable-mesh
15:43:23 | INFO: Blender create Mesh node foliage-cards-editable-mesh
15:43:23 | INFO: glTF import finished in 0.01s
15:43:23 | INFO: Data are loaded, start creating Blender stuff
15:43:23 | INFO: Blender create Mesh node trunk-editable-mesh
15:43:23 | INFO: Blender create Mesh node branches-editable-mesh
15:43:23 | INFO: Blender create Mesh node foliage-core-editable-mesh
15:43:23 | INFO: glTF import finished in 0.00s
Fra:1 Mem:20.24M (Peak 20.24M) | Time:00:00.00 | Mem:0.00M, Peak:0.00M | Scene, ViewLayer | Synchronizing object | trunk
Fra:1 Mem:20.25M (Peak 20.25M) | Time:00:00.00 | Mem:0.00M, Peak:0.00M | Scene, ViewLayer | Synchronizing object | QA-label-maple LOD0
Fra:1 Mem:20.35M (Peak 20.35M) | Time:00:00.00 | Mem:0.00M, Peak:0.00M | Scene, ViewLayer | Synchronizing object | branches
Fra:1 Mem:20.42M (Peak 20.42M) | Time:00:00.00 | Mem:0.00M, Peak:0.00M | Scene, ViewLayer | Synchronizing object | QA-label-maple LOD1
Fra:1 Mem:20.50M (Peak 20.50M) | Time:00:00.00 | Mem:0.00M, Peak:0.00M | Scene, ViewLayer | Synchronizing object | QA-label-maple LOD2
Fra:1 Mem:20.61M (Peak 20.61M) | Time:00:00.00 | Mem:0.00M, Peak:0.00M | Scene, ViewLayer | Synchronizing object | QA-label-1.75 m
Fra:1 Mem:20.64M (Peak 20.64M) | Time:00:00.00 | Mem:0.00M, Peak:0.00M | Scene, ViewLayer | Synchronizing object | foliage-core
Fra:1 Mem:20.66M (Peak 20.66M) | Time:00:00.00 | Mem:0.00M, Peak:0.00M | Scene, ViewLayer | Synchronizing object | QA-label-1.81 m
Fra:1 Mem:20.81M (Peak 20.81M) | Time:00:00.00 | Mem:0.00M, Peak:0.00M | Scene, ViewLayer | Synchronizing object | QA-label-1 m
Fra:1 Mem:20.83M (Peak 20.83M) | Time:00:00.00 | Mem:0.00M, Peak:0.00M | Scene, ViewLayer | Synchronizing object | QA-only-ground
Fra:1 Mem:20.93M (Peak 20.93M) | Time:00:00.00 | Mem:0.00M, Peak:0.00M | Scene, ViewLayer | Synchronizing object | QA-only-1m-ruler.009
Fra:1 Mem:20.93M (Peak 20.93M) | Time:00:00.00 | Mem:0.00M, Peak:0.00M | Scene, ViewLayer | Synchronizing object | QA-only-1m-ruler.008
Fra:1 Mem:20.93M (Peak 20.93M) | Time:00:00.00 | Mem:0.00M, Peak:0.00M | Scene, ViewLayer | Synchronizing object | QA-only-1m-ruler.007
Fra:1 Mem:20.93M (Peak 20.93M) | Time:00:00.00 | Mem:0.00M, Peak:0.00M | Scene, ViewLayer | Synchronizing object | QA-only-1m-ruler.006
Fra:1 Mem:20.93M (Peak 20.93M) | Time:00:00.00 | Mem:0.00M, Peak:0.00M | Scene, ViewLayer | Synchronizing object | QA-only-1m-ruler.005
Fra:1 Mem:20.93M (Peak 20.93M) | Time:00:00.00 | Mem:0.00M, Peak:0.00M | Scene, ViewLayer | Synchronizing object | QA-only-1m-ruler.004
Fra:1 Mem:20.93M (Peak 20.93M) | Time:00:00.00 | Mem:0.00M, Peak:0.00M | Scene, ViewLayer | Synchronizing object | QA-only-1m-ruler.003
Fra:1 Mem:20.94M (Peak 20.94M) | Time:00:00.00 | Mem:0.00M, Peak:0.00M | Scene, ViewLayer | Synchronizing object | QA-only-1m-ruler.002
Fra:1 Mem:20.94M (Peak 20.94M) | Time:00:00.00 | Mem:0.00M, Peak:0.00M | Scene, ViewLayer | Synchronizing object | QA-only-1m-ruler.001
Fra:1 Mem:20.94M (Peak 20.94M) | Time:00:00.00 | Mem:0.00M, Peak:0.00M | Scene, ViewLayer | Synchronizing object | QA-only-1m-ruler
Fra:1 Mem:20.94M (Peak 20.94M) | Time:00:00.00 | Mem:0.00M, Peak:0.00M | Scene, ViewLayer | Synchronizing object | QA-reference-head.001
Fra:1 Mem:20.96M (Peak 20.96M) | Time:00:00.00 | Mem:0.00M, Peak:0.00M | Scene, ViewLayer | Synchronizing object | QA-reference-arm.003
Fra:1 Mem:22.52M (Peak 22.52M) | Time:00:00.00 | Mem:0.00M, Peak:0.00M | Scene, ViewLayer | Synchronizing object | QA-reference-arm.002
Fra:1 Mem:22.53M (Peak 22.53M) | Time:00:00.00 | Mem:0.00M, Peak:0.00M | Scene, ViewLayer | Synchronizing object | QA-reference-torso.001
Fra:1 Mem:22.53M (Peak 22.53M) | Time:00:00.00 | Mem:0.00M, Peak:0.00M | Scene, ViewLayer | Synchronizing object | QA-reference-leg.003
Fra:1 Mem:22.53M (Peak 22.53M) | Time:00:00.00 | Mem:0.00M, Peak:0.00M | Scene, ViewLayer | Synchronizing object | QA-reference-leg.002
Fra:1 Mem:22.53M (Peak 22.53M) | Time:00:00.00 | Mem:0.00M, Peak:0.00M | Scene, ViewLayer | Synchronizing object | QA-reference-head
Fra:1 Mem:22.55M (Peak 22.55M) | Time:00:00.00 | Mem:0.00M, Peak:0.00M | Scene, ViewLayer | Synchronizing object | QA-reference-arm.001
Fra:1 Mem:22.55M (Peak 22.55M) | Time:00:00.00 | Mem:0.00M, Peak:0.00M | Scene, ViewLayer | Synchronizing object | QA-reference-arm
Fra:1 Mem:22.55M (Peak 22.55M) | Time:00:00.00 | Mem:0.00M, Peak:0.00M | Scene, ViewLayer | Synchronizing object | QA-reference-torso
Fra:1 Mem:22.55M (Peak 22.55M) | Time:00:00.00 | Mem:0.00M, Peak:0.00M | Scene, ViewLayer | Synchronizing object | QA-reference-leg.001
Fra:1 Mem:22.56M (Peak 22.56M) | Time:00:00.00 | Mem:0.00M, Peak:0.00M | Scene, ViewLayer | Synchronizing object | QA-reference-leg
Fra:1 Mem:22.56M (Peak 22.56M) | Time:00:00.00 | Mem:0.00M, Peak:0.00M | Scene, ViewLayer | Synchronizing object | foliage-core.002
Fra:1 Mem:22.58M (Peak 22.58M) | Time:00:00.00 | Mem:0.00M, Peak:0.00M | Scene, ViewLayer | Synchronizing object | branches.002
Fra:1 Mem:22.58M (Peak 22.58M) | Time:00:00.00 | Mem:0.00M, Peak:0.00M | Scene, ViewLayer | Synchronizing object | trunk.002
Fra:1 Mem:22.59M (Peak 22.59M) | Time:00:00.00 | Mem:0.00M, Peak:0.00M | Scene, ViewLayer | Synchronizing object | foliage-cards.001
Fra:1 Mem:22.66M (Peak 22.66M) | Time:00:00.00 | Mem:0.00M, Peak:0.00M | Scene, ViewLayer | Synchronizing object | foliage-core.001
Fra:1 Mem:23.00M (Peak 23.00M) | Time:00:00.00 | Mem:0.00M, Peak:0.00M | Scene, ViewLayer | Synchronizing object | branches.001
Fra:1 Mem:23.10M (Peak 23.10M) | Time:00:00.00 | Mem:0.00M, Peak:0.00M | Scene, ViewLayer | Synchronizing object | trunk.001
Fra:1 Mem:23.06M (Peak 23.10M) | Time:00:00.00 | Mem:0.00M, Peak:0.00M | Scene, ViewLayer | Synchronizing object | foliage-cards
Fra:1 Mem:22.42M (Peak 23.10M) | Time:00:00.00 | Mem:0.00M, Peak:0.00M | Scene, ViewLayer | Initializing
Fra:1 Mem:21.54M (Peak 23.10M) | Time:00:00.00 | Mem:0.00M, Peak:0.00M | Scene, ViewLayer | Updating Images | Loading leaf_atlas_rgba
Fra:1 Mem:21.54M (Peak 23.10M) | Time:00:00.00 | Mem:0.00M, Peak:0.00M | Scene, ViewLayer | Updating Images | Loading bark_basecolor
Fra:1 Mem:25.80M (Peak 25.80M) | Time:00:00.00 | Mem:0.25M, Peak:0.25M | Scene, ViewLayer | Updating Images | Loading bark_orm
Fra:1 Mem:26.05M (Peak 26.05M) | Time:00:00.00 | Mem:0.50M, Peak:0.50M | Scene, ViewLayer | Updating Images | Loading bark_normal
Fra:1 Mem:24.31M (Peak 34.31M) | Time:00:00.01 | Mem:4.75M, Peak:4.75M | Scene, ViewLayer | Waiting for render to start
Fra:1 Mem:24.31M (Peak 34.31M) | Time:00:00.01 | Mem:4.75M, Peak:4.75M | Scene, ViewLayer | Loading render kernels (may take a few minutes the first time)
Fra:1 Mem:24.31M (Peak 34.31M) | Time:00:00.01 | Mem:4.75M, Peak:4.75M | Scene, ViewLayer | Updating Scene
Fra:1 Mem:24.31M (Peak 34.31M) | Time:00:00.01 | Mem:4.75M, Peak:4.75M | Scene, ViewLayer | Updating Shaders
Fra:1 Mem:24.40M (Peak 34.31M) | Time:00:00.01 | Mem:4.76M, Peak:4.76M | Scene, ViewLayer | Updating Procedurals
Fra:1 Mem:24.40M (Peak 34.31M) | Time:00:00.01 | Mem:4.76M, Peak:4.76M | Scene, ViewLayer | Updating Background
Fra:1 Mem:24.40M (Peak 34.31M) | Time:00:00.01 | Mem:4.76M, Peak:4.76M | Scene, ViewLayer | Updating Camera
Fra:1 Mem:24.40M (Peak 34.31M) | Time:00:00.01 | Mem:4.76M, Peak:4.76M | Scene, ViewLayer | Updating Meshes Flags
Fra:1 Mem:24.40M (Peak 34.31M) | Time:00:00.01 | Mem:4.76M, Peak:4.76M | Scene, ViewLayer | Updating Objects
Fra:1 Mem:24.40M (Peak 34.31M) | Time:00:00.01 | Mem:4.76M, Peak:4.76M | Scene, ViewLayer | Updating Objects | Copying Transformations to device
Fra:1 Mem:24.41M (Peak 34.31M) | Time:00:00.01 | Mem:4.77M, Peak:4.77M | Scene, ViewLayer | Updating Objects | Applying Static Transformations
Fra:1 Mem:24.41M (Peak 34.31M) | Time:00:00.01 | Mem:4.77M, Peak:4.77M | Scene, ViewLayer | Updating Particle Systems
Fra:1 Mem:24.41M (Peak 34.31M) | Time:00:00.01 | Mem:4.77M, Peak:4.77M | Scene, ViewLayer | Updating Particle Systems | Copying Particles to device
Fra:1 Mem:24.41M (Peak 34.31M) | Time:00:00.01 | Mem:4.77M, Peak:4.77M | Scene, ViewLayer | Updating Meshes
Fra:1 Mem:24.60M (Peak 34.31M) | Time:00:00.01 | Mem:4.77M, Peak:4.77M | Scene, ViewLayer | Updating Mesh | Computing attributes
Fra:1 Mem:25.15M (Peak 34.31M) | Time:00:00.01 | Mem:4.78M, Peak:4.78M | Scene, ViewLayer | Updating Mesh | Copying Attributes to device
Fra:1 Mem:25.15M (Peak 34.31M) | Time:00:00.01 | Mem:5.31M, Peak:5.31M | Scene, ViewLayer | Updating Scene BVH | Building
Fra:1 Mem:25.15M (Peak 34.31M) | Time:00:00.01 | Mem:5.31M, Peak:5.31M | Scene, ViewLayer | Updating Scene BVH | Building BVH
Fra:1 Mem:25.15M (Peak 34.31M) | Time:00:00.01 | Mem:5.70M, Peak:5.70M | Scene, ViewLayer | Updating Scene BVH | Building BVH 0%
Fra:1 Mem:25.15M (Peak 34.31M) | Time:00:00.02 | Mem:6.17M, Peak:6.56M | Scene, ViewLayer | Updating Scene BVH | Copying BVH to device
Fra:1 Mem:25.15M (Peak 34.31M) | Time:00:00.02 | Mem:6.17M, Peak:6.56M | Scene, ViewLayer | Updating Mesh | Computing normals
Fra:1 Mem:26.21M (Peak 34.31M) | Time:00:00.02 | Mem:6.17M, Peak:6.56M | Scene, ViewLayer | Updating Mesh | Copying Mesh to device
Fra:1 Mem:26.21M (Peak 34.31M) | Time:00:00.02 | Mem:7.24M, Peak:7.24M | Scene, ViewLayer | Updating Objects Flags
Fra:1 Mem:26.21M (Peak 34.31M) | Time:00:00.02 | Mem:7.24M, Peak:7.24M | Scene, ViewLayer | Updating Primitive Offsets
Fra:1 Mem:26.21M (Peak 34.31M) | Time:00:00.02 | Mem:7.24M, Peak:7.24M | Scene, ViewLayer | Updating Images
Fra:1 Mem:26.21M (Peak 34.31M) | Time:00:00.02 | Mem:7.24M, Peak:7.24M | Scene, ViewLayer | Updating Camera Volume
Fra:1 Mem:26.21M (Peak 34.31M) | Time:00:00.02 | Mem:7.24M, Peak:7.24M | Scene, ViewLayer | Updating Lookup Tables
Fra:1 Mem:26.21M (Peak 34.31M) | Time:00:00.02 | Mem:7.32M, Peak:7.32M | Scene, ViewLayer | Updating Lights
Fra:1 Mem:26.21M (Peak 34.31M) | Time:00:00.02 | Mem:7.32M, Peak:7.32M | Scene, ViewLayer | Updating Lights | Computing tree
Fra:1 Mem:26.21M (Peak 34.31M) | Time:00:00.02 | Mem:7.32M, Peak:7.32M | Scene, ViewLayer | Updating Integrator
Fra:1 Mem:26.21M (Peak 34.31M) | Time:00:00.02 | Mem:7.32M, Peak:7.32M | Scene, ViewLayer | Updating Film
Fra:1 Mem:26.22M (Peak 34.31M) | Time:00:00.02 | Mem:7.24M, Peak:7.32M | Scene, ViewLayer | Updating Lookup Tables
Fra:1 Mem:26.22M (Peak 34.31M) | Time:00:00.02 | Mem:7.32M, Peak:7.32M | Scene, ViewLayer | Updating Baking
Fra:1 Mem:26.22M (Peak 34.31M) | Time:00:00.02 | Mem:7.32M, Peak:7.32M | Scene, ViewLayer | Updating Device | Writing constant memory
Fra:1 Mem:26.22M (Peak 34.31M) | Time:00:00.02 | Mem:7.32M, Peak:7.32M | Scene, ViewLayer | Sample 0/24
Fra:1 Mem:50.02M (Peak 50.02M) | Time:00:00.66 | Remaining:00:14.84 | Mem:31.13M, Peak:31.13M | Scene, ViewLayer | Sample 1/24
Fra:1 Mem:60.59M (Peak 81.74M) | Time:00:14.00 | Mem:31.13M, Peak:31.13M | Scene, ViewLayer | Sample 24/24
Fra:1 Mem:60.59M (Peak 81.74M) | Time:00:14.00 | Mem:31.13M, Peak:31.13M | Scene, ViewLayer | Finished
Saved: '/workspace/scratch/7c20b5ba4165/atlas-backlog-oct3/tools/assets/mature-tree-templates/qa/previews/maple-lod-comparison.png'
Time: 00:14.10 (Saving: 00:00.09)

Extensions: writing cache failed ([Errno 30] Read-only file system: '/home/agent/.config/blender').
15:43:37 | INFO: Data are loaded, start creating Blender stuff
15:43:37 | INFO: Blender create Mesh node trunk-editable-mesh
15:43:37 | INFO: Blender create Mesh node branches-editable-mesh
15:43:37 | INFO: Blender create Mesh node foliage-core-editable-mesh
15:43:37 | INFO: Blender create Mesh node foliage-cards-editable-mesh
15:43:37 | INFO: glTF import finished in 0.02s
15:43:37 | INFO: Data are loaded, start creating Blender stuff
15:43:37 | INFO: Blender create Mesh node trunk-editable-mesh
15:43:37 | INFO: Blender create Mesh node branches-editable-mesh
15:43:37 | INFO: Blender create Mesh node foliage-core-editable-mesh
15:43:37 | INFO: Blender create Mesh node foliage-cards-editable-mesh
15:43:37 | INFO: glTF import finished in 0.01s
15:43:37 | INFO: Data are loaded, start creating Blender stuff
15:43:37 | INFO: Blender create Mesh node trunk-editable-mesh
15:43:37 | INFO: Blender create Mesh node branches-editable-mesh
15:43:37 | INFO: Blender create Mesh node foliage-core-editable-mesh
15:43:37 | INFO: glTF import finished in 0.00s
Fra:1 Mem:20.18M (Peak 20.18M) | Time:00:00.00 | Mem:0.00M, Peak:0.00M | Scene, ViewLayer | Synchronizing object | trunk
Fra:1 Mem:20.18M (Peak 20.18M) | Time:00:00.00 | Mem:0.00M, Peak:0.00M | Scene, ViewLayer | Synchronizing object | QA-label-alder LOD0
Fra:1 Mem:20.28M (Peak 20.28M) | Time:00:00.00 | Mem:0.00M, Peak:0.00M | Scene, ViewLayer | Synchronizing object | QA-label-alder LOD1
Fra:1 Mem:20.33M (Peak 20.33M) | Time:00:00.00 | Mem:0.00M, Peak:0.00M | Scene, ViewLayer | Synchronizing object | branches
Fra:1 Mem:20.42M (Peak 20.42M) | Time:00:00.00 | Mem:0.00M, Peak:0.00M | Scene, ViewLayer | Synchronizing object | QA-label-alder LOD2
Fra:1 Mem:20.53M (Peak 20.53M) | Time:00:00.00 | Mem:0.00M, Peak:0.00M | Scene, ViewLayer | Synchronizing object | QA-label-1.75 m
Fra:1 Mem:20.56M (Peak 20.56M) | Time:00:00.00 | Mem:0.00M, Peak:0.00M | Scene, ViewLayer | Synchronizing object | QA-label-1.81 m
Fra:1 Mem:20.60M (Peak 20.60M) | Time:00:00.00 | Mem:0.00M, Peak:0.00M | Scene, ViewLayer | Synchronizing object | foliage-core
Fra:1 Mem:20.61M (Peak 20.61M) | Time:00:00.00 | Mem:0.00M, Peak:0.00M | Scene, ViewLayer | Synchronizing object | QA-label-1 m
Fra:1 Mem:20.66M (Peak 20.66M) | Time:00:00.00 | Mem:0.00M, Peak:0.00M | Scene, ViewLayer | Synchronizing object | QA-only-ground
Fra:1 Mem:20.66M (Peak 20.66M) | Time:00:00.00 | Mem:0.00M, Peak:0.00M | Scene, ViewLayer | Synchronizing object | QA-only-1m-ruler.009
Fra:1 Mem:20.66M (Peak 20.66M) | Time:00:00.00 | Mem:0.00M, Peak:0.00M | Scene, ViewLayer | Synchronizing object | QA-only-1m-ruler.008
Fra:1 Mem:20.67M (Peak 20.67M) | Time:00:00.00 | Mem:0.00M, Peak:0.00M | Scene, ViewLayer | Synchronizing object | QA-only-1m-ruler.007
Fra:1 Mem:20.67M (Peak 20.67M) | Time:00:00.00 | Mem:0.00M, Peak:0.00M | Scene, ViewLayer | Synchronizing object | QA-only-1m-ruler.006
Fra:1 Mem:20.67M (Peak 20.67M) | Time:00:00.00 | Mem:0.00M, Peak:0.00M | Scene, ViewLayer | Synchronizing object | QA-only-1m-ruler.005
Fra:1 Mem:20.67M (Peak 20.67M) | Time:00:00.00 | Mem:0.00M, Peak:0.00M | Scene, ViewLayer | Synchronizing object | QA-only-1m-ruler.004
Fra:1 Mem:20.67M (Peak 20.67M) | Time:00:00.00 | Mem:0.00M, Peak:0.00M | Scene, ViewLayer | Synchronizing object | QA-only-1m-ruler.003
Fra:1 Mem:20.76M (Peak 20.76M) | Time:00:00.00 | Mem:0.00M, Peak:0.00M | Scene, ViewLayer | Synchronizing object | QA-only-1m-ruler.002
Fra:1 Mem:20.76M (Peak 20.76M) | Time:00:00.00 | Mem:0.00M, Peak:0.00M | Scene, ViewLayer | Synchronizing object | QA-only-1m-ruler.001
Fra:1 Mem:20.76M (Peak 20.76M) | Time:00:00.00 | Mem:0.00M, Peak:0.00M | Scene, ViewLayer | Synchronizing object | QA-only-1m-ruler
Fra:1 Mem:20.76M (Peak 20.76M) | Time:00:00.00 | Mem:0.00M, Peak:0.00M | Scene, ViewLayer | Synchronizing object | QA-reference-head.001
Fra:1 Mem:20.77M (Peak 20.77M) | Time:00:00.00 | Mem:0.00M, Peak:0.00M | Scene, ViewLayer | Synchronizing object | QA-reference-arm.003
Fra:1 Mem:20.78M (Peak 20.78M) | Time:00:00.00 | Mem:0.00M, Peak:0.00M | Scene, ViewLayer | Synchronizing object | QA-reference-arm.002
Fra:1 Mem:20.78M (Peak 20.78M) | Time:00:00.00 | Mem:0.00M, Peak:0.00M | Scene, ViewLayer | Synchronizing object | QA-reference-torso.001
Fra:1 Mem:20.78M (Peak 20.78M) | Time:00:00.00 | Mem:0.00M, Peak:0.00M | Scene, ViewLayer | Synchronizing object | QA-reference-leg.003
Fra:1 Mem:20.78M (Peak 20.78M) | Time:00:00.00 | Mem:0.00M, Peak:0.00M | Scene, ViewLayer | Synchronizing object | QA-reference-leg.002
Fra:1 Mem:20.79M (Peak 20.79M) | Time:00:00.00 | Mem:0.00M, Peak:0.00M | Scene, ViewLayer | Synchronizing object | QA-reference-head
Fra:1 Mem:20.90M (Peak 20.90M) | Time:00:00.00 | Mem:0.00M, Peak:0.00M | Scene, ViewLayer | Synchronizing object | QA-reference-arm.001
Fra:1 Mem:20.90M (Peak 20.90M) | Time:00:00.00 | Mem:0.00M, Peak:0.00M | Scene, ViewLayer | Synchronizing object | QA-reference-arm
Fra:1 Mem:20.91M (Peak 20.91M) | Time:00:00.00 | Mem:0.00M, Peak:0.00M | Scene, ViewLayer | Synchronizing object | QA-reference-torso
Fra:1 Mem:20.91M (Peak 20.91M) | Time:00:00.00 | Mem:0.00M, Peak:0.00M | Scene, ViewLayer | Synchronizing object | QA-reference-leg.001
Fra:1 Mem:20.91M (Peak 20.91M) | Time:00:00.00 | Mem:0.00M, Peak:0.00M | Scene, ViewLayer | Synchronizing object | QA-reference-leg
Fra:1 Mem:20.91M (Peak 20.91M) | Time:00:00.00 | Mem:0.00M, Peak:0.00M | Scene, ViewLayer | Synchronizing object | foliage-core.002
Fra:1 Mem:20.94M (Peak 20.94M) | Time:00:00.00 | Mem:0.00M, Peak:0.00M | Scene, ViewLayer | Synchronizing object | branches.002
Fra:1 Mem:22.49M (Peak 22.50M) | Time:00:00.00 | Mem:0.00M, Peak:0.00M | Scene, ViewLayer | Synchronizing object | trunk.002
Fra:1 Mem:22.50M (Peak 22.50M) | Time:00:00.00 | Mem:0.00M, Peak:0.00M | Scene, ViewLayer | Synchronizing object | foliage-cards.001
Fra:1 Mem:22.57M (Peak 22.57M) | Time:00:00.00 | Mem:0.00M, Peak:0.00M | Scene, ViewLayer | Synchronizing object | foliage-core.001
Fra:1 Mem:22.65M (Peak 22.65M) | Time:00:00.00 | Mem:0.00M, Peak:0.00M | Scene, ViewLayer | Synchronizing object | branches.001
Fra:1 Mem:22.68M (Peak 22.68M) | Time:00:00.00 | Mem:0.00M, Peak:0.00M | Scene, ViewLayer | Synchronizing object | trunk.001
Fra:1 Mem:22.73M (Peak 22.73M) | Time:00:00.00 | Mem:0.00M, Peak:0.00M | Scene, ViewLayer | Synchronizing object | foliage-cards
Fra:1 Mem:22.33M (Peak 24.10M) | Time:00:00.00 | Mem:0.00M, Peak:0.00M | Scene, ViewLayer | Initializing
Fra:1 Mem:21.50M (Peak 24.10M) | Time:00:00.00 | Mem:0.00M, Peak:0.00M | Scene, ViewLayer | Updating Images | Loading leaf_atlas_rgba
Fra:1 Mem:21.50M (Peak 24.10M) | Time:00:00.00 | Mem:0.00M, Peak:0.00M | Scene, ViewLayer | Updating Images | Loading bark_basecolor
Fra:1 Mem:25.76M (Peak 25.76M) | Time:00:00.00 | Mem:0.25M, Peak:0.25M | Scene, ViewLayer | Updating Images | Loading bark_orm
Fra:1 Mem:26.01M (Peak 26.01M) | Time:00:00.01 | Mem:0.50M, Peak:0.50M | Scene, ViewLayer | Updating Images | Loading bark_normal
Fra:1 Mem:24.26M (Peak 34.27M) | Time:00:00.01 | Mem:4.75M, Peak:4.75M | Scene, ViewLayer | Waiting for render to start
Fra:1 Mem:24.26M (Peak 34.27M) | Time:00:00.01 | Mem:4.75M, Peak:4.75M | Scene, ViewLayer | Loading render kernels (may take a few minutes the first time)
Fra:1 Mem:24.26M (Peak 34.27M) | Time:00:00.01 | Mem:4.75M, Peak:4.75M | Scene, ViewLayer | Updating Scene
Fra:1 Mem:24.26M (Peak 34.27M) | Time:00:00.01 | Mem:4.75M, Peak:4.75M | Scene, ViewLayer | Updating Shaders
Fra:1 Mem:24.35M (Peak 34.27M) | Time:00:00.02 | Mem:4.76M, Peak:4.76M | Scene, ViewLayer | Updating Procedurals
Fra:1 Mem:24.35M (Peak 34.27M) | Time:00:00.02 | Mem:4.76M, Peak:4.76M | Scene, ViewLayer | Updating Background
Fra:1 Mem:24.35M (Peak 34.27M) | Time:00:00.02 | Mem:4.76M, Peak:4.76M | Scene, ViewLayer | Updating Camera
Fra:1 Mem:24.35M (Peak 34.27M) | Time:00:00.02 | Mem:4.76M, Peak:4.76M | Scene, ViewLayer | Updating Meshes Flags
Fra:1 Mem:24.35M (Peak 34.27M) | Time:00:00.02 | Mem:4.76M, Peak:4.76M | Scene, ViewLayer | Updating Objects
Fra:1 Mem:24.35M (Peak 34.27M) | Time:00:00.02 | Mem:4.76M, Peak:4.76M | Scene, ViewLayer | Updating Objects | Copying Transformations to device
Fra:1 Mem:24.36M (Peak 34.27M) | Time:00:00.02 | Mem:4.77M, Peak:4.77M | Scene, ViewLayer | Updating Objects | Applying Static Transformations
Fra:1 Mem:24.36M (Peak 34.27M) | Time:00:00.02 | Mem:4.77M, Peak:4.77M | Scene, ViewLayer | Updating Particle Systems
Fra:1 Mem:24.36M (Peak 34.27M) | Time:00:00.02 | Mem:4.77M, Peak:4.77M | Scene, ViewLayer | Updating Particle Systems | Copying Particles to device
Fra:1 Mem:24.36M (Peak 34.27M) | Time:00:00.02 | Mem:4.77M, Peak:4.77M | Scene, ViewLayer | Updating Meshes
Fra:1 Mem:24.56M (Peak 34.27M) | Time:00:00.02 | Mem:4.77M, Peak:4.77M | Scene, ViewLayer | Updating Mesh | Computing attributes
Fra:1 Mem:25.10M (Peak 34.27M) | Time:00:00.02 | Mem:4.78M, Peak:4.78M | Scene, ViewLayer | Updating Mesh | Copying Attributes to device
Fra:1 Mem:25.10M (Peak 34.27M) | Time:00:00.02 | Mem:5.31M, Peak:5.31M | Scene, ViewLayer | Updating Scene BVH | Building
Fra:1 Mem:25.10M (Peak 34.27M) | Time:00:00.02 | Mem:5.31M, Peak:5.31M | Scene, ViewLayer | Updating Scene BVH | Building BVH
Fra:1 Mem:25.10M (Peak 34.27M) | Time:00:00.02 | Mem:5.70M, Peak:5.70M | Scene, ViewLayer | Updating Scene BVH | Building BVH 0%
Fra:1 Mem:25.10M (Peak 34.27M) | Time:00:00.02 | Mem:6.16M, Peak:6.54M | Scene, ViewLayer | Updating Scene BVH | Copying BVH to device
Fra:1 Mem:25.10M (Peak 34.27M) | Time:00:00.02 | Mem:6.16M, Peak:6.54M | Scene, ViewLayer | Updating Mesh | Computing normals
Fra:1 Mem:26.15M (Peak 34.27M) | Time:00:00.02 | Mem:6.16M, Peak:6.54M | Scene, ViewLayer | Updating Mesh | Copying Mesh to device
Fra:1 Mem:26.15M (Peak 34.27M) | Time:00:00.02 | Mem:7.21M, Peak:7.21M | Scene, ViewLayer | Updating Objects Flags
Fra:1 Mem:26.15M (Peak 34.27M) | Time:00:00.02 | Mem:7.21M, Peak:7.21M | Scene, ViewLayer | Updating Primitive Offsets
Fra:1 Mem:26.15M (Peak 34.27M) | Time:00:00.02 | Mem:7.21M, Peak:7.21M | Scene, ViewLayer | Updating Images
Fra:1 Mem:26.15M (Peak 34.27M) | Time:00:00.02 | Mem:7.21M, Peak:7.21M | Scene, ViewLayer | Updating Camera Volume
Fra:1 Mem:26.15M (Peak 34.27M) | Time:00:00.02 | Mem:7.21M, Peak:7.21M | Scene, ViewLayer | Updating Lookup Tables
Fra:1 Mem:26.15M (Peak 34.27M) | Time:00:00.02 | Mem:7.30M, Peak:7.30M | Scene, ViewLayer | Updating Lights
Fra:1 Mem:26.15M (Peak 34.27M) | Time:00:00.02 | Mem:7.30M, Peak:7.30M | Scene, ViewLayer | Updating Lights | Computing tree
Fra:1 Mem:26.15M (Peak 34.27M) | Time:00:00.02 | Mem:7.30M, Peak:7.30M | Scene, ViewLayer | Updating Integrator
Fra:1 Mem:26.15M (Peak 34.27M) | Time:00:00.02 | Mem:7.30M, Peak:7.30M | Scene, ViewLayer | Updating Film
Fra:1 Mem:26.16M (Peak 34.27M) | Time:00:00.02 | Mem:7.22M, Peak:7.30M | Scene, ViewLayer | Updating Lookup Tables
Fra:1 Mem:26.16M (Peak 34.27M) | Time:00:00.02 | Mem:7.30M, Peak:7.30M | Scene, ViewLayer | Updating Baking
Fra:1 Mem:26.16M (Peak 34.27M) | Time:00:00.02 | Mem:7.30M, Peak:7.30M | Scene, ViewLayer | Updating Device | Writing constant memory
Fra:1 Mem:26.16M (Peak 34.27M) | Time:00:00.02 | Mem:7.30M, Peak:7.30M | Scene, ViewLayer | Sample 0/24
Fra:1 Mem:49.96M (Peak 49.96M) | Time:00:00.69 | Remaining:00:15.35 | Mem:31.10M, Peak:31.10M | Scene, ViewLayer | Sample 1/24
Fra:1 Mem:60.53M (Peak 81.68M) | Time:00:14.16 | Mem:31.10M, Peak:31.10M | Scene, ViewLayer | Sample 24/24
Fra:1 Mem:60.53M (Peak 81.68M) | Time:00:14.16 | Mem:31.10M, Peak:31.10M | Scene, ViewLayer | Finished
Saved: '/workspace/scratch/7c20b5ba4165/atlas-backlog-oct3/tools/assets/mature-tree-templates/qa/previews/alder-lod-comparison.png'
Time: 00:14.25 (Saving: 00:00.09)

Extensions: writing cache failed ([Errno 30] Read-only file system: '/home/agent/.config/blender').
15:43:51 | INFO: Data are loaded, start creating Blender stuff
15:43:51 | INFO: Blender create Mesh node trunk-editable-mesh
15:43:51 | INFO: Blender create Mesh node branches-editable-mesh
15:43:51 | INFO: Blender create Mesh node foliage-core-editable-mesh
15:43:51 | INFO: Blender create Mesh node foliage-cards-editable-mesh
15:43:51 | INFO: glTF import finished in 0.01s
15:43:51 | INFO: Data are loaded, start creating Blender stuff
15:43:51 | INFO: Blender create Mesh node trunk-editable-mesh
15:43:51 | INFO: Blender create Mesh node branches-editable-mesh
15:43:51 | INFO: Blender create Mesh node foliage-core-editable-mesh
15:43:51 | INFO: Blender create Mesh node foliage-cards-editable-mesh
15:43:51 | INFO: glTF import finished in 0.01s
15:43:51 | INFO: Data are loaded, start creating Blender stuff
15:43:51 | INFO: Blender create Mesh node trunk-editable-mesh
15:43:51 | INFO: Blender create Mesh node branches-editable-mesh
15:43:51 | INFO: Blender create Mesh node foliage-core-editable-mesh
15:43:51 | INFO: glTF import finished in 0.00s
Fra:1 Mem:20.87M (Peak 20.87M) | Time:00:00.00 | Mem:0.00M, Peak:0.00M | Scene, ViewLayer | Synchronizing object | trunk
Fra:1 Mem:20.87M (Peak 20.87M) | Time:00:00.00 | Mem:0.00M, Peak:0.00M | Scene, ViewLayer | Synchronizing object | QA-label-douglas-fir LOD0
Fra:1 Mem:21.01M (Peak 21.01M) | Time:00:00.00 | Mem:0.00M, Peak:0.00M | Scene, ViewLayer | Synchronizing object | branches
Fra:1 Mem:21.19M (Peak 21.19M) | Time:00:00.00 | Mem:0.00M, Peak:0.00M | Scene, ViewLayer | Synchronizing object | QA-label-douglas-fir LOD1
Fra:1 Mem:21.41M (Peak 21.41M) | Time:00:00.00 | Mem:0.00M, Peak:0.00M | Scene, ViewLayer | Synchronizing object | QA-label-douglas-fir LOD2
Fra:1 Mem:21.55M (Peak 21.55M) | Time:00:00.00 | Mem:0.00M, Peak:0.00M | Scene, ViewLayer | Synchronizing object | QA-label-1.75 m
Fra:1 Mem:21.58M (Peak 21.58M) | Time:00:00.00 | Mem:0.00M, Peak:0.00M | Scene, ViewLayer | Synchronizing object | QA-label-1.81 m
Fra:1 Mem:21.64M (Peak 21.64M) | Time:00:00.00 | Mem:0.00M, Peak:0.00M | Scene, ViewLayer | Synchronizing object | QA-label-1 m
Fra:1 Mem:21.69M (Peak 21.69M) | Time:00:00.00 | Mem:0.00M, Peak:0.00M | Scene, ViewLayer | Synchronizing object | QA-only-ground
Fra:1 Mem:21.69M (Peak 21.69M) | Time:00:00.00 | Mem:0.00M, Peak:0.00M | Scene, ViewLayer | Synchronizing object | QA-only-1m-ruler.009
Fra:1 Mem:21.65M (Peak 21.69M) | Time:00:00.00 | Mem:0.00M, Peak:0.00M | Scene, ViewLayer | Synchronizing object | QA-only-1m-ruler.008
Fra:1 Mem:21.64M (Peak 21.69M) | Time:00:00.00 | Mem:0.00M, Peak:0.00M | Scene, ViewLayer | Synchronizing object | foliage-core
Fra:1 Mem:21.64M (Peak 21.69M) | Time:00:00.00 | Mem:0.00M, Peak:0.00M | Scene, ViewLayer | Synchronizing object | QA-only-1m-ruler.007
Fra:1 Mem:21.64M (Peak 21.69M) | Time:00:00.00 | Mem:0.00M, Peak:0.00M | Scene, ViewLayer | Synchronizing object | QA-only-1m-ruler.006
Fra:1 Mem:21.68M (Peak 21.69M) | Time:00:00.00 | Mem:0.00M, Peak:0.00M | Scene, ViewLayer | Synchronizing object | QA-only-1m-ruler.005
Fra:1 Mem:21.68M (Peak 21.69M) | Time:00:00.00 | Mem:0.00M, Peak:0.00M | Scene, ViewLayer | Synchronizing object | QA-only-1m-ruler.004
Fra:1 Mem:21.89M (Peak 21.89M) | Time:00:00.00 | Mem:0.00M, Peak:0.00M | Scene, ViewLayer | Synchronizing object | QA-only-1m-ruler.003
Fra:1 Mem:21.89M (Peak 21.89M) | Time:00:00.00 | Mem:0.00M, Peak:0.00M | Scene, ViewLayer | Synchronizing object | QA-only-1m-ruler.002
Fra:1 Mem:21.89M (Peak 21.89M) | Time:00:00.00 | Mem:0.00M, Peak:0.00M | Scene, ViewLayer | Synchronizing object | QA-only-1m-ruler.001
Fra:1 Mem:21.89M (Peak 21.89M) | Time:00:00.00 | Mem:0.00M, Peak:0.00M | Scene, ViewLayer | Synchronizing object | QA-only-1m-ruler
Fra:1 Mem:21.90M (Peak 21.90M) | Time:00:00.00 | Mem:0.00M, Peak:0.00M | Scene, ViewLayer | Synchronizing object | QA-reference-head.001
Fra:1 Mem:21.91M (Peak 21.91M) | Time:00:00.00 | Mem:0.00M, Peak:0.00M | Scene, ViewLayer | Synchronizing object | QA-reference-arm.003
Fra:1 Mem:21.92M (Peak 21.92M) | Time:00:00.00 | Mem:0.00M, Peak:0.00M | Scene, ViewLayer | Synchronizing object | QA-reference-arm.002
Fra:1 Mem:21.92M (Peak 21.92M) | Time:00:00.00 | Mem:0.00M, Peak:0.00M | Scene, ViewLayer | Synchronizing object | QA-reference-torso.001
Fra:1 Mem:21.93M (Peak 21.93M) | Time:00:00.00 | Mem:0.00M, Peak:0.00M | Scene, ViewLayer | Synchronizing object | QA-reference-leg.003
Fra:1 Mem:21.93M (Peak 21.93M) | Time:00:00.00 | Mem:0.00M, Peak:0.00M | Scene, ViewLayer | Synchronizing object | QA-reference-leg.002
Fra:1 Mem:21.93M (Peak 21.93M) | Time:00:00.00 | Mem:0.00M, Peak:0.00M | Scene, ViewLayer | Synchronizing object | QA-reference-head
Fra:1 Mem:21.95M (Peak 21.95M) | Time:00:00.00 | Mem:0.00M, Peak:0.00M | Scene, ViewLayer | Synchronizing object | QA-reference-arm.001
Fra:1 Mem:21.96M (Peak 21.96M) | Time:00:00.00 | Mem:0.00M, Peak:0.00M | Scene, ViewLayer | Synchronizing object | QA-reference-arm
Fra:1 Mem:22.11M (Peak 22.11M) | Time:00:00.00 | Mem:0.00M, Peak:0.00M | Scene, ViewLayer | Synchronizing object | QA-reference-torso
Fra:1 Mem:22.11M (Peak 22.11M) | Time:00:00.00 | Mem:0.00M, Peak:0.00M | Scene, ViewLayer | Synchronizing object | QA-reference-leg.001
Fra:1 Mem:22.12M (Peak 22.12M) | Time:00:00.00 | Mem:0.00M, Peak:0.00M | Scene, ViewLayer | Synchronizing object | QA-reference-leg
Fra:1 Mem:22.12M (Peak 22.12M) | Time:00:00.00 | Mem:0.00M, Peak:0.00M | Scene, ViewLayer | Synchronizing object | foliage-core.002
Fra:1 Mem:22.14M (Peak 22.14M) | Time:00:00.00 | Mem:0.00M, Peak:0.00M | Scene, ViewLayer | Synchronizing object | branches.002
Fra:1 Mem:22.14M (Peak 22.14M) | Time:00:00.00 | Mem:0.00M, Peak:0.00M | Scene, ViewLayer | Synchronizing object | trunk.002
Fra:1 Mem:22.15M (Peak 22.15M) | Time:00:00.00 | Mem:0.00M, Peak:0.00M | Scene, ViewLayer | Synchronizing object | foliage-cards.001
Fra:1 Mem:22.24M (Peak 22.24M) | Time:00:00.00 | Mem:0.00M, Peak:0.00M | Scene, ViewLayer | Synchronizing object | foliage-cards
Fra:1 Mem:22.21M (Peak 22.24M) | Time:00:00.00 | Mem:0.00M, Peak:0.00M | Scene, ViewLayer | Synchronizing object | foliage-core.001
Fra:1 Mem:22.43M (Peak 22.43M) | Time:00:00.00 | Mem:0.00M, Peak:0.00M | Scene, ViewLayer | Synchronizing object | branches.001
Fra:1 Mem:23.79M (Peak 23.79M) | Time:00:00.00 | Mem:0.00M, Peak:0.00M | Scene, ViewLayer | Synchronizing object | trunk.001
Fra:1 Mem:22.94M (Peak 23.79M) | Time:00:00.00 | Mem:0.00M, Peak:0.00M | Scene, ViewLayer | Initializing
Fra:1 Mem:21.68M (Peak 23.79M) | Time:00:00.00 | Mem:0.00M, Peak:0.00M | Scene, ViewLayer | Updating Images | Loading leaf_atlas_rgba
Fra:1 Mem:21.68M (Peak 23.79M) | Time:00:00.00 | Mem:0.00M, Peak:0.00M | Scene, ViewLayer | Updating Images | Loading bark_basecolor
Fra:1 Mem:25.94M (Peak 25.94M) | Time:00:00.01 | Mem:0.25M, Peak:0.25M | Scene, ViewLayer | Updating Images | Loading bark_orm
Fra:1 Mem:26.19M (Peak 26.19M) | Time:00:00.01 | Mem:0.50M, Peak:0.50M | Scene, ViewLayer | Updating Images | Loading bark_normal
Fra:1 Mem:24.39M (Peak 34.45M) | Time:00:00.02 | Mem:4.75M, Peak:4.75M | Scene, ViewLayer | Waiting for render to start
Fra:1 Mem:24.40M (Peak 34.45M) | Time:00:00.02 | Mem:4.75M, Peak:4.75M | Scene, ViewLayer | Loading render kernels (may take a few minutes the first time)
Fra:1 Mem:24.40M (Peak 34.45M) | Time:00:00.02 | Mem:4.75M, Peak:4.75M | Scene, ViewLayer | Updating Scene
Fra:1 Mem:24.40M (Peak 34.45M) | Time:00:00.02 | Mem:4.75M, Peak:4.75M | Scene, ViewLayer | Updating Shaders
Fra:1 Mem:24.49M (Peak 34.45M) | Time:00:00.02 | Mem:4.76M, Peak:4.76M | Scene, ViewLayer | Updating Procedurals
Fra:1 Mem:24.49M (Peak 34.45M) | Time:00:00.02 | Mem:4.76M, Peak:4.76M | Scene, ViewLayer | Updating Background
Fra:1 Mem:24.49M (Peak 34.45M) | Time:00:00.02 | Mem:4.76M, Peak:4.76M | Scene, ViewLayer | Updating Camera
Fra:1 Mem:24.49M (Peak 34.45M) | Time:00:00.02 | Mem:4.76M, Peak:4.76M | Scene, ViewLayer | Updating Meshes Flags
Fra:1 Mem:24.49M (Peak 34.45M) | Time:00:00.02 | Mem:4.76M, Peak:4.76M | Scene, ViewLayer | Updating Objects
Fra:1 Mem:24.49M (Peak 34.45M) | Time:00:00.02 | Mem:4.76M, Peak:4.76M | Scene, ViewLayer | Updating Objects | Copying Transformations to device
Fra:1 Mem:24.50M (Peak 34.45M) | Time:00:00.02 | Mem:4.77M, Peak:4.77M | Scene, ViewLayer | Updating Objects | Applying Static Transformations
Fra:1 Mem:24.50M (Peak 34.45M) | Time:00:00.02 | Mem:4.77M, Peak:4.77M | Scene, ViewLayer | Updating Particle Systems
Fra:1 Mem:24.50M (Peak 34.45M) | Time:00:00.02 | Mem:4.77M, Peak:4.77M | Scene, ViewLayer | Updating Particle Systems | Copying Particles to device
Fra:1 Mem:24.50M (Peak 34.45M) | Time:00:00.02 | Mem:4.77M, Peak:4.77M | Scene, ViewLayer | Updating Meshes
Fra:1 Mem:24.72M (Peak 34.45M) | Time:00:00.02 | Mem:4.77M, Peak:4.77M | Scene, ViewLayer | Updating Mesh | Computing attributes
Fra:1 Mem:25.15M (Peak 34.45M) | Time:00:00.02 | Mem:4.78M, Peak:4.78M | Scene, ViewLayer | Updating Mesh | Copying Attributes to device
Fra:1 Mem:25.15M (Peak 34.45M) | Time:00:00.02 | Mem:5.20M, Peak:5.20M | Scene, ViewLayer | Updating Scene BVH | Building
Fra:1 Mem:25.15M (Peak 34.45M) | Time:00:00.02 | Mem:5.20M, Peak:5.20M | Scene, ViewLayer | Updating Scene BVH | Building BVH
Fra:1 Mem:25.15M (Peak 34.45M) | Time:00:00.02 | Mem:5.64M, Peak:5.64M | Scene, ViewLayer | Updating Scene BVH | Building BVH 0%
Fra:1 Mem:25.15M (Peak 34.45M) | Time:00:00.02 | Mem:6.17M, Peak:6.62M | Scene, ViewLayer | Updating Scene BVH | Copying BVH to device
Fra:1 Mem:25.15M (Peak 34.45M) | Time:00:00.02 | Mem:6.17M, Peak:6.62M | Scene, ViewLayer | Updating Mesh | Computing normals
Fra:1 Mem:26.01M (Peak 34.45M) | Time:00:00.02 | Mem:6.17M, Peak:6.62M | Scene, ViewLayer | Updating Mesh | Copying Mesh to device
Fra:1 Mem:26.01M (Peak 34.45M) | Time:00:00.02 | Mem:7.04M, Peak:7.04M | Scene, ViewLayer | Updating Objects Flags
Fra:1 Mem:26.01M (Peak 34.45M) | Time:00:00.02 | Mem:7.04M, Peak:7.04M | Scene, ViewLayer | Updating Primitive Offsets
Fra:1 Mem:26.01M (Peak 34.45M) | Time:00:00.02 | Mem:7.04M, Peak:7.04M | Scene, ViewLayer | Updating Images
Fra:1 Mem:26.01M (Peak 34.45M) | Time:00:00.02 | Mem:7.04M, Peak:7.04M | Scene, ViewLayer | Updating Camera Volume
Fra:1 Mem:26.01M (Peak 34.45M) | Time:00:00.02 | Mem:7.04M, Peak:7.04M | Scene, ViewLayer | Updating Lookup Tables
Fra:1 Mem:26.01M (Peak 34.45M) | Time:00:00.02 | Mem:7.12M, Peak:7.12M | Scene, ViewLayer | Updating Lights
Fra:1 Mem:26.01M (Peak 34.45M) | Time:00:00.02 | Mem:7.12M, Peak:7.12M | Scene, ViewLayer | Updating Lights | Computing tree
Fra:1 Mem:26.01M (Peak 34.45M) | Time:00:00.02 | Mem:7.12M, Peak:7.12M | Scene, ViewLayer | Updating Integrator
Fra:1 Mem:26.01M (Peak 34.45M) | Time:00:00.02 | Mem:7.12M, Peak:7.12M | Scene, ViewLayer | Updating Film
Fra:1 Mem:26.01M (Peak 34.45M) | Time:00:00.02 | Mem:7.04M, Peak:7.12M | Scene, ViewLayer | Updating Lookup Tables
Fra:1 Mem:26.01M (Peak 34.45M) | Time:00:00.02 | Mem:7.12M, Peak:7.12M | Scene, ViewLayer | Updating Baking
Fra:1 Mem:26.01M (Peak 34.45M) | Time:00:00.02 | Mem:7.12M, Peak:7.12M | Scene, ViewLayer | Updating Device | Writing constant memory
Fra:1 Mem:26.02M (Peak 34.45M) | Time:00:00.02 | Mem:7.12M, Peak:7.12M | Scene, ViewLayer | Sample 0/24
Fra:1 Mem:49.82M (Peak 49.82M) | Time:00:00.61 | Remaining:00:13.50 | Mem:30.93M, Peak:30.93M | Scene, ViewLayer | Sample 1/24
Fra:1 Mem:60.39M (Peak 81.54M) | Time:00:12.64 | Mem:30.93M, Peak:30.93M | Scene, ViewLayer | Sample 24/24
Fra:1 Mem:60.39M (Peak 81.54M) | Time:00:12.64 | Mem:30.93M, Peak:30.93M | Scene, ViewLayer | Finished
Saved: '/workspace/scratch/7c20b5ba4165/atlas-backlog-oct3/tools/assets/mature-tree-templates/qa/previews/douglas-fir-lod-comparison.png'
Time: 00:12.73 (Saving: 00:00.09)

Extensions: writing cache failed ([Errno 30] Read-only file system: '/home/agent/.config/blender').
15:44:04 | INFO: Data are loaded, start creating Blender stuff
15:44:04 | INFO: Blender create Mesh node trunk-editable-mesh
15:44:04 | INFO: Blender create Mesh node branches-editable-mesh
15:44:04 | INFO: Blender create Mesh node foliage-core-editable-mesh
15:44:04 | INFO: Blender create Mesh node foliage-cards-editable-mesh
15:44:04 | INFO: glTF import finished in 0.01s
15:44:04 | INFO: Data are loaded, start creating Blender stuff
15:44:04 | INFO: Blender create Mesh node trunk-editable-mesh
15:44:04 | INFO: Blender create Mesh node branches-editable-mesh
15:44:04 | INFO: Blender create Mesh node foliage-core-editable-mesh
15:44:04 | INFO: Blender create Mesh node foliage-cards-editable-mesh
15:44:04 | INFO: glTF import finished in 0.01s
15:44:04 | INFO: Data are loaded, start creating Blender stuff
15:44:04 | INFO: Blender create Mesh node trunk-editable-mesh
15:44:04 | INFO: Blender create Mesh node branches-editable-mesh
15:44:04 | INFO: Blender create Mesh node foliage-core-editable-mesh
15:44:04 | INFO: glTF import finished in 0.00s
Fra:1 Mem:21.22M (Peak 21.22M) | Time:00:00.00 | Mem:0.00M, Peak:0.00M | Scene, ViewLayer | Synchronizing object | trunk
Fra:1 Mem:21.22M (Peak 21.22M) | Time:00:00.00 | Mem:0.00M, Peak:0.00M | Scene, ViewLayer | Synchronizing object | QA-label-western-redcedar LOD0
Fra:1 Mem:21.39M (Peak 21.39M) | Time:00:00.00 | Mem:0.00M, Peak:0.00M | Scene, ViewLayer | Synchronizing object | branches
Fra:1 Mem:21.58M (Peak 21.58M) | Time:00:00.00 | Mem:0.00M, Peak:0.00M | Scene, ViewLayer | Synchronizing object | QA-label-western-redcedar LOD1
Fra:1 Mem:21.83M (Peak 21.83M) | Time:00:00.00 | Mem:0.00M, Peak:0.00M | Scene, ViewLayer | Synchronizing object | QA-label-western-redcedar LOD2
Fra:1 Mem:22.00M (Peak 22.00M) | Time:00:00.00 | Mem:0.00M, Peak:0.00M | Scene, ViewLayer | Synchronizing object | foliage-core
Fra:1 Mem:22.05M (Peak 22.05M) | Time:00:00.00 | Mem:0.00M, Peak:0.00M | Scene, ViewLayer | Synchronizing object | QA-label-1.75 m
Fra:1 Mem:22.29M (Peak 22.29M) | Time:00:00.00 | Mem:0.00M, Peak:0.00M | Scene, ViewLayer | Synchronizing object | QA-label-1.81 m
Fra:1 Mem:22.50M (Peak 22.50M) | Time:00:00.00 | Mem:0.00M, Peak:0.00M | Scene, ViewLayer | Synchronizing object | QA-label-1 m
Fra:1 Mem:22.51M (Peak 22.51M) | Time:00:00.00 | Mem:0.00M, Peak:0.00M | Scene, ViewLayer | Synchronizing object | QA-only-ground
Fra:1 Mem:22.51M (Peak 22.51M) | Time:00:00.00 | Mem:0.00M, Peak:0.00M | Scene, ViewLayer | Synchronizing object | QA-only-1m-ruler.009
Fra:1 Mem:22.51M (Peak 22.51M) | Time:00:00.00 | Mem:0.00M, Peak:0.00M | Scene, ViewLayer | Synchronizing object | QA-only-1m-ruler.008
Fra:1 Mem:22.51M (Peak 22.51M) | Time:00:00.00 | Mem:0.00M, Peak:0.00M | Scene, ViewLayer | Synchronizing object | QA-only-1m-ruler.007
Fra:1 Mem:22.51M (Peak 22.51M) | Time:00:00.00 | Mem:0.00M, Peak:0.00M | Scene, ViewLayer | Synchronizing object | QA-only-1m-ruler.006
Fra:1 Mem:22.51M (Peak 22.51M) | Time:00:00.00 | Mem:0.00M, Peak:0.00M | Scene, ViewLayer | Synchronizing object | QA-only-1m-ruler.005
Fra:1 Mem:22.52M (Peak 22.52M) | Time:00:00.00 | Mem:0.00M, Peak:0.00M | Scene, ViewLayer | Synchronizing object | QA-only-1m-ruler.004
Fra:1 Mem:22.52M (Peak 22.52M) | Time:00:00.00 | Mem:0.00M, Peak:0.00M | Scene, ViewLayer | Synchronizing object | QA-only-1m-ruler.003
Fra:1 Mem:22.52M (Peak 22.52M) | Time:00:00.00 | Mem:0.00M, Peak:0.00M | Scene, ViewLayer | Synchronizing object | QA-only-1m-ruler.002
Fra:1 Mem:22.52M (Peak 22.52M) | Time:00:00.00 | Mem:0.00M, Peak:0.00M | Scene, ViewLayer | Synchronizing object | QA-only-1m-ruler.001
Fra:1 Mem:22.52M (Peak 22.52M) | Time:00:00.00 | Mem:0.00M, Peak:0.00M | Scene, ViewLayer | Synchronizing object | QA-only-1m-ruler
Fra:1 Mem:22.52M (Peak 22.52M) | Time:00:00.00 | Mem:0.00M, Peak:0.00M | Scene, ViewLayer | Synchronizing object | QA-reference-head.001
Fra:1 Mem:22.53M (Peak 22.53M) | Time:00:00.00 | Mem:0.00M, Peak:0.00M | Scene, ViewLayer | Synchronizing object | QA-reference-arm.003
Fra:1 Mem:22.54M (Peak 22.54M) | Time:00:00.00 | Mem:0.00M, Peak:0.00M | Scene, ViewLayer | Synchronizing object | QA-reference-arm.002
Fra:1 Mem:22.54M (Peak 22.54M) | Time:00:00.00 | Mem:0.00M, Peak:0.00M | Scene, ViewLayer | Synchronizing object | QA-reference-torso.001
Fra:1 Mem:22.54M (Peak 22.54M) | Time:00:00.00 | Mem:0.00M, Peak:0.00M | Scene, ViewLayer | Synchronizing object | QA-reference-leg.003
Fra:1 Mem:22.54M (Peak 22.54M) | Time:00:00.00 | Mem:0.00M, Peak:0.00M | Scene, ViewLayer | Synchronizing object | QA-reference-leg.002
Fra:1 Mem:22.55M (Peak 22.55M) | Time:00:00.00 | Mem:0.00M, Peak:0.00M | Scene, ViewLayer | Synchronizing object | QA-reference-head
Fra:1 Mem:22.56M (Peak 22.56M) | Time:00:00.00 | Mem:0.00M, Peak:0.00M | Scene, ViewLayer | Synchronizing object | QA-reference-arm.001
Fra:1 Mem:22.56M (Peak 22.56M) | Time:00:00.00 | Mem:0.00M, Peak:0.00M | Scene, ViewLayer | Synchronizing object | QA-reference-arm
Fra:1 Mem:22.57M (Peak 22.57M) | Time:00:00.00 | Mem:0.00M, Peak:0.00M | Scene, ViewLayer | Synchronizing object | QA-reference-torso
Fra:1 Mem:22.57M (Peak 22.57M) | Time:00:00.00 | Mem:0.00M, Peak:0.00M | Scene, ViewLayer | Synchronizing object | QA-reference-leg.001
Fra:1 Mem:22.57M (Peak 22.57M) | Time:00:00.00 | Mem:0.00M, Peak:0.00M | Scene, ViewLayer | Synchronizing object | QA-reference-leg
Fra:1 Mem:22.58M (Peak 22.58M) | Time:00:00.00 | Mem:0.00M, Peak:0.00M | Scene, ViewLayer | Synchronizing object | foliage-core.002
Fra:1 Mem:22.59M (Peak 22.59M) | Time:00:00.00 | Mem:0.00M, Peak:0.00M | Scene, ViewLayer | Synchronizing object | branches.002
Fra:1 Mem:22.58M (Peak 22.59M) | Time:00:00.00 | Mem:0.00M, Peak:0.00M | Scene, ViewLayer | Synchronizing object | trunk.002
Fra:1 Mem:22.62M (Peak 22.62M) | Time:00:00.00 | Mem:0.00M, Peak:0.00M | Scene, ViewLayer | Synchronizing object | foliage-cards.001
Fra:1 Mem:22.59M (Peak 22.62M) | Time:00:00.00 | Mem:0.00M, Peak:0.00M | Scene, ViewLayer | Synchronizing object | foliage-cards
Fra:1 Mem:23.76M (Peak 23.84M) | Time:00:00.00 | Mem:0.00M, Peak:0.00M | Scene, ViewLayer | Synchronizing object | foliage-core.001
Fra:1 Mem:24.04M (Peak 24.04M) | Time:00:00.00 | Mem:0.00M, Peak:0.00M | Scene, ViewLayer | Synchronizing object | branches.001
Fra:1 Mem:23.44M (Peak 24.04M) | Time:00:00.00 | Mem:0.00M, Peak:0.00M | Scene, ViewLayer | Synchronizing object | trunk.001
Fra:1 Mem:23.40M (Peak 24.04M) | Time:00:00.00 | Mem:0.00M, Peak:0.00M | Scene, ViewLayer | Initializing
Fra:1 Mem:21.91M (Peak 24.04M) | Time:00:00.00 | Mem:0.00M, Peak:0.00M | Scene, ViewLayer | Updating Images | Loading leaf_atlas_rgba
Fra:1 Mem:21.91M (Peak 24.04M) | Time:00:00.00 | Mem:0.00M, Peak:0.00M | Scene, ViewLayer | Updating Images | Loading bark_basecolor
Fra:1 Mem:26.17M (Peak 26.17M) | Time:00:00.01 | Mem:0.25M, Peak:0.25M | Scene, ViewLayer | Updating Images | Loading bark_orm
Fra:1 Mem:26.42M (Peak 26.42M) | Time:00:00.01 | Mem:0.50M, Peak:0.50M | Scene, ViewLayer | Updating Images | Loading bark_normal
Fra:1 Mem:24.63M (Peak 34.68M) | Time:00:00.02 | Mem:4.75M, Peak:4.75M | Scene, ViewLayer | Waiting for render to start
Fra:1 Mem:24.63M (Peak 34.68M) | Time:00:00.02 | Mem:4.75M, Peak:4.75M | Scene, ViewLayer | Loading render kernels (may take a few minutes the first time)
Fra:1 Mem:24.63M (Peak 34.68M) | Time:00:00.02 | Mem:4.75M, Peak:4.75M | Scene, ViewLayer | Updating Scene
Fra:1 Mem:24.63M (Peak 34.68M) | Time:00:00.02 | Mem:4.75M, Peak:4.75M | Scene, ViewLayer | Updating Shaders
Fra:1 Mem:24.72M (Peak 34.68M) | Time:00:00.02 | Mem:4.76M, Peak:4.76M | Scene, ViewLayer | Updating Procedurals
Fra:1 Mem:24.72M (Peak 34.68M) | Time:00:00.02 | Mem:4.76M, Peak:4.76M | Scene, ViewLayer | Updating Background
Fra:1 Mem:24.72M (Peak 34.68M) | Time:00:00.02 | Mem:4.76M, Peak:4.76M | Scene, ViewLayer | Updating Camera
Fra:1 Mem:24.72M (Peak 34.68M) | Time:00:00.02 | Mem:4.76M, Peak:4.76M | Scene, ViewLayer | Updating Meshes Flags
Fra:1 Mem:24.72M (Peak 34.68M) | Time:00:00.02 | Mem:4.76M, Peak:4.76M | Scene, ViewLayer | Updating Objects
Fra:1 Mem:24.72M (Peak 34.68M) | Time:00:00.02 | Mem:4.76M, Peak:4.76M | Scene, ViewLayer | Updating Objects | Copying Transformations to device
Fra:1 Mem:24.73M (Peak 34.68M) | Time:00:00.02 | Mem:4.77M, Peak:4.77M | Scene, ViewLayer | Updating Objects | Applying Static Transformations
Fra:1 Mem:24.73M (Peak 34.68M) | Time:00:00.02 | Mem:4.77M, Peak:4.77M | Scene, ViewLayer | Updating Particle Systems
Fra:1 Mem:24.73M (Peak 34.68M) | Time:00:00.02 | Mem:4.77M, Peak:4.77M | Scene, ViewLayer | Updating Particle Systems | Copying Particles to device
Fra:1 Mem:24.73M (Peak 34.68M) | Time:00:00.02 | Mem:4.77M, Peak:4.77M | Scene, ViewLayer | Updating Meshes
Fra:1 Mem:24.97M (Peak 34.68M) | Time:00:00.02 | Mem:4.77M, Peak:4.77M | Scene, ViewLayer | Updating Mesh | Computing attributes
Fra:1 Mem:25.41M (Peak 34.68M) | Time:00:00.02 | Mem:4.78M, Peak:4.78M | Scene, ViewLayer | Updating Mesh | Copying Attributes to device
Fra:1 Mem:25.40M (Peak 34.68M) | Time:00:00.02 | Mem:5.21M, Peak:5.21M | Scene, ViewLayer | Updating Scene BVH | Building
Fra:1 Mem:25.40M (Peak 34.68M) | Time:00:00.02 | Mem:5.21M, Peak:5.21M | Scene, ViewLayer | Updating Scene BVH | Building BVH
Fra:1 Mem:25.40M (Peak 34.68M) | Time:00:00.02 | Mem:5.68M, Peak:5.68M | Scene, ViewLayer | Updating Scene BVH | Building BVH 0%
Fra:1 Mem:25.40M (Peak 34.68M) | Time:00:00.02 | Mem:6.24M, Peak:6.71M | Scene, ViewLayer | Updating Scene BVH | Copying BVH to device
Fra:1 Mem:25.40M (Peak 34.68M) | Time:00:00.02 | Mem:6.24M, Peak:6.71M | Scene, ViewLayer | Updating Mesh | Computing normals
Fra:1 Mem:26.31M (Peak 34.68M) | Time:00:00.02 | Mem:6.24M, Peak:6.71M | Scene, ViewLayer | Updating Mesh | Copying Mesh to device
Fra:1 Mem:26.31M (Peak 34.68M) | Time:00:00.02 | Mem:7.15M, Peak:7.15M | Scene, ViewLayer | Updating Objects Flags
Fra:1 Mem:26.31M (Peak 34.68M) | Time:00:00.02 | Mem:7.15M, Peak:7.15M | Scene, ViewLayer | Updating Primitive Offsets
Fra:1 Mem:26.31M (Peak 34.68M) | Time:00:00.02 | Mem:7.15M, Peak:7.15M | Scene, ViewLayer | Updating Images
Fra:1 Mem:26.31M (Peak 34.68M) | Time:00:00.02 | Mem:7.15M, Peak:7.15M | Scene, ViewLayer | Updating Camera Volume
Fra:1 Mem:26.31M (Peak 34.68M) | Time:00:00.02 | Mem:7.15M, Peak:7.15M | Scene, ViewLayer | Updating Lookup Tables
Fra:1 Mem:26.31M (Peak 34.68M) | Time:00:00.02 | Mem:7.23M, Peak:7.23M | Scene, ViewLayer | Updating Lights
Fra:1 Mem:26.31M (Peak 34.68M) | Time:00:00.02 | Mem:7.23M, Peak:7.23M | Scene, ViewLayer | Updating Lights | Computing tree
Fra:1 Mem:26.31M (Peak 34.68M) | Time:00:00.02 | Mem:7.23M, Peak:7.23M | Scene, ViewLayer | Updating Integrator
Fra:1 Mem:26.31M (Peak 34.68M) | Time:00:00.02 | Mem:7.23M, Peak:7.23M | Scene, ViewLayer | Updating Film
Fra:1 Mem:26.31M (Peak 34.68M) | Time:00:00.02 | Mem:7.15M, Peak:7.23M | Scene, ViewLayer | Updating Lookup Tables
Fra:1 Mem:26.31M (Peak 34.68M) | Time:00:00.02 | Mem:7.23M, Peak:7.23M | Scene, ViewLayer | Updating Baking
Fra:1 Mem:26.31M (Peak 34.68M) | Time:00:00.02 | Mem:7.23M, Peak:7.23M | Scene, ViewLayer | Updating Device | Writing constant memory
Fra:1 Mem:26.31M (Peak 34.68M) | Time:00:00.02 | Mem:7.23M, Peak:7.23M | Scene, ViewLayer | Sample 0/24
Fra:1 Mem:50.11M (Peak 50.11M) | Time:00:00.61 | Remaining:00:13.46 | Mem:31.04M, Peak:31.04M | Scene, ViewLayer | Sample 1/24
Fra:1 Mem:60.69M (Peak 81.84M) | Time:00:12.33 | Mem:31.04M, Peak:31.04M | Scene, ViewLayer | Sample 24/24
Fra:1 Mem:60.69M (Peak 81.84M) | Time:00:12.33 | Mem:31.04M, Peak:31.04M | Scene, ViewLayer | Finished
Saved: '/workspace/scratch/7c20b5ba4165/atlas-backlog-oct3/tools/assets/mature-tree-templates/qa/previews/western-redcedar-lod-comparison.png'
Time: 00:12.44 (Saving: 00:00.10)

MATURE_TREE_CPU_RENDERS_PASS

Blender quit
