Extensions: writing cache failed ([Errno 30] Read-only file system: '/home/agent/.config/blender').
15:38:13 | INFO: Data are loaded, start creating Blender stuff
15:38:13 | INFO: Blender create Mesh node trunk-editable-mesh
15:38:13 | INFO: Blender create Mesh node branches-editable-mesh
15:38:13 | INFO: Blender create Mesh node foliage-core-editable-mesh
15:38:13 | INFO: Blender create Mesh node foliage-cards-editable-mesh
15:38:13 | INFO: glTF import finished in 0.02s
15:38:13 | INFO: Data are loaded, start creating Blender stuff
15:38:13 | INFO: Blender create Mesh node trunk-editable-mesh
15:38:13 | INFO: Blender create Mesh node branches-editable-mesh
15:38:13 | INFO: Blender create Mesh node foliage-core-editable-mesh
15:38:13 | INFO: Blender create Mesh node foliage-cards-editable-mesh
15:38:13 | INFO: glTF import finished in 0.02s
15:38:13 | INFO: Data are loaded, start creating Blender stuff
15:38:13 | INFO: Blender create Mesh node trunk-editable-mesh
15:38:13 | INFO: Blender create Mesh node branches-editable-mesh
15:38:13 | INFO: Blender create Mesh node foliage-core-editable-mesh
15:38:13 | INFO: Blender create Mesh node foliage-cards-editable-mesh
15:38:13 | INFO: glTF import finished in 0.02s
15:38:13 | INFO: Data are loaded, start creating Blender stuff
15:38:13 | INFO: Blender create Mesh node trunk-editable-mesh
15:38:13 | INFO: Blender create Mesh node branches-editable-mesh
15:38:13 | INFO: Blender create Mesh node foliage-core-editable-mesh
15:38:13 | INFO: Blender create Mesh node foliage-cards-editable-mesh
15:38:13 | INFO: glTF import finished in 0.02s
Blender 4.3.2
Fra:1 Mem:23.11M (Peak 23.11M) | Time:00:00.00 | Mem:0.00M, Peak:0.00M | Scene, ViewLayer | Synchronizing object | trunk
Fra:1 Mem:23.11M (Peak 23.11M) | Time:00:00.00 | Mem:0.00M, Peak:0.00M | Scene, ViewLayer | Synchronizing object | QA-label-maple
Fra:1 Mem:25.17M (Peak 25.17M) | Time:00:00.00 | Mem:0.00M, Peak:0.00M | Scene, ViewLayer | Synchronizing object | QA-label-alder
Fra:1 Mem:25.21M (Peak 25.21M) | Time:00:00.00 | Mem:0.00M, Peak:0.00M | Scene, ViewLayer | Synchronizing object | QA-label-douglas-fir
Fra:1 Mem:25.33M (Peak 25.33M) | Time:00:00.00 | Mem:0.00M, Peak:0.00M | Scene, ViewLayer | Synchronizing object | QA-label-western-redcedar
Fra:1 Mem:25.49M (Peak 25.49M) | Time:00:00.00 | Mem:0.00M, Peak:0.00M | Scene, ViewLayer | Synchronizing object | QA-label-1.75 m
Fra:1 Mem:25.52M (Peak 25.52M) | Time:00:00.00 | Mem:0.00M, Peak:0.00M | Scene, ViewLayer | Synchronizing object | branches
Fra:1 Mem:25.52M (Peak 25.52M) | Time:00:00.00 | Mem:0.00M, Peak:0.00M | Scene, ViewLayer | Synchronizing object | QA-label-1.81 m
Fra:1 Mem:25.62M (Peak 25.62M) | Time:00:00.00 | Mem:0.00M, Peak:0.00M | Scene, ViewLayer | Synchronizing object | QA-label-1 m
Fra:1 Mem:25.68M (Peak 25.68M) | Time:00:00.00 | Mem:0.00M, Peak:0.00M | Scene, ViewLayer | Synchronizing object | QA-only-ground
Fra:1 Mem:25.69M (Peak 25.69M) | Time:00:00.00 | Mem:0.00M, Peak:0.00M | Scene, ViewLayer | Synchronizing object | QA-only-1m-ruler.009
Fra:1 Mem:25.69M (Peak 25.69M) | Time:00:00.00 | Mem:0.00M, Peak:0.00M | Scene, ViewLayer | Synchronizing object | QA-only-1m-ruler.008
Fra:1 Mem:25.69M (Peak 25.69M) | Time:00:00.00 | Mem:0.00M, Peak:0.00M | Scene, ViewLayer | Synchronizing object | QA-only-1m-ruler.007
Fra:1 Mem:25.69M (Peak 25.69M) | Time:00:00.00 | Mem:0.00M, Peak:0.00M | Scene, ViewLayer | Synchronizing object | QA-only-1m-ruler.006
Fra:1 Mem:25.69M (Peak 25.69M) | Time:00:00.00 | Mem:0.00M, Peak:0.00M | Scene, ViewLayer | Synchronizing object | QA-only-1m-ruler.005
Fra:1 Mem:25.69M (Peak 25.69M) | Time:00:00.00 | Mem:0.00M, Peak:0.00M | Scene, ViewLayer | Synchronizing object | QA-only-1m-ruler.004
Fra:1 Mem:25.69M (Peak 25.69M) | Time:00:00.00 | Mem:0.00M, Peak:0.00M | Scene, ViewLayer | Synchronizing object | QA-only-1m-ruler.003
Fra:1 Mem:25.69M (Peak 25.69M) | Time:00:00.00 | Mem:0.00M, Peak:0.00M | Scene, ViewLayer | Synchronizing object | QA-only-1m-ruler.002
Fra:1 Mem:25.69M (Peak 25.69M) | Time:00:00.00 | Mem:0.00M, Peak:0.00M | Scene, ViewLayer | Synchronizing object | QA-only-1m-ruler.001
Fra:1 Mem:25.69M (Peak 25.69M) | Time:00:00.00 | Mem:0.00M, Peak:0.00M | Scene, ViewLayer | Synchronizing object | QA-only-1m-ruler
Fra:1 Mem:25.70M (Peak 25.70M) | Time:00:00.00 | Mem:0.00M, Peak:0.00M | Scene, ViewLayer | Synchronizing object | QA-reference-head.001
Fra:1 Mem:25.71M (Peak 25.71M) | Time:00:00.00 | Mem:0.00M, Peak:0.00M | Scene, ViewLayer | Synchronizing object | QA-reference-arm.003
Fra:1 Mem:25.71M (Peak 25.71M) | Time:00:00.00 | Mem:0.00M, Peak:0.00M | Scene, ViewLayer | Synchronizing object | QA-reference-arm.002
Fra:1 Mem:25.72M (Peak 25.72M) | Time:00:00.00 | Mem:0.00M, Peak:0.00M | Scene, ViewLayer | Synchronizing object | QA-reference-torso.001
Fra:1 Mem:25.72M (Peak 25.72M) | Time:00:00.00 | Mem:0.00M, Peak:0.00M | Scene, ViewLayer | Synchronizing object | QA-reference-leg.003
Fra:1 Mem:25.72M (Peak 25.72M) | Time:00:00.00 | Mem:0.00M, Peak:0.00M | Scene, ViewLayer | Synchronizing object | QA-reference-leg.002
Fra:1 Mem:25.72M (Peak 25.72M) | Time:00:00.00 | Mem:0.00M, Peak:0.00M | Scene, ViewLayer | Synchronizing object | QA-reference-head
Fra:1 Mem:25.74M (Peak 25.74M) | Time:00:00.00 | Mem:0.00M, Peak:0.00M | Scene, ViewLayer | Synchronizing object | QA-reference-arm.001
Fra:1 Mem:25.74M (Peak 25.74M) | Time:00:00.00 | Mem:0.00M, Peak:0.00M | Scene, ViewLayer | Synchronizing object | QA-reference-arm
Fra:1 Mem:25.75M (Peak 25.75M) | Time:00:00.00 | Mem:0.00M, Peak:0.00M | Scene, ViewLayer | Synchronizing object | QA-reference-torso
Fra:1 Mem:25.75M (Peak 25.75M) | Time:00:00.00 | Mem:0.00M, Peak:0.00M | Scene, ViewLayer | Synchronizing object | QA-reference-leg.001
Fra:1 Mem:25.77M (Peak 25.77M) | Time:00:00.00 | Mem:0.00M, Peak:0.00M | Scene, ViewLayer | Synchronizing object | QA-reference-leg
Fra:1 Mem:25.75M (Peak 25.77M) | Time:00:00.00 | Mem:0.00M, Peak:0.00M | Scene, ViewLayer | Synchronizing object | foliage-cards.003
Fra:1 Mem:25.75M (Peak 25.77M) | Time:00:00.00 | Mem:0.00M, Peak:0.00M | Scene, ViewLayer | Synchronizing object | foliage-core
Fra:1 Mem:27.18M (Peak 28.64M) | Time:00:00.01 | Mem:0.00M, Peak:0.00M | Scene, ViewLayer | Synchronizing object | foliage-core.003
Fra:1 Mem:28.46M (Peak 28.64M) | Time:00:00.01 | Mem:0.00M, Peak:0.00M | Scene, ViewLayer | Synchronizing object | branches.003
Fra:1 Mem:27.84M (Peak 28.64M) | Time:00:00.01 | Mem:0.00M, Peak:0.00M | Scene, ViewLayer | Synchronizing object | foliage-cards
Fra:1 Mem:28.91M (Peak 28.92M) | Time:00:00.01 | Mem:0.00M, Peak:0.00M | Scene, ViewLayer | Synchronizing object | trunk.003
Fra:1 Mem:28.93M (Peak 28.93M) | Time:00:00.01 | Mem:0.00M, Peak:0.00M | Scene, ViewLayer | Synchronizing object | foliage-cards.002
Fra:1 Mem:29.47M (Peak 30.19M) | Time:00:00.01 | Mem:0.00M, Peak:0.00M | Scene, ViewLayer | Synchronizing object | trunk.001
Fra:1 Mem:29.49M (Peak 30.19M) | Time:00:00.01 | Mem:0.00M, Peak:0.00M | Scene, ViewLayer | Synchronizing object | branches.001
Fra:1 Mem:29.60M (Peak 30.19M) | Time:00:00.01 | Mem:0.00M, Peak:0.00M | Scene, ViewLayer | Synchronizing object | foliage-core.001
Fra:1 Mem:29.31M (Peak 30.19M) | Time:00:00.01 | Mem:0.00M, Peak:0.00M | Scene, ViewLayer | Synchronizing object | foliage-core.002
Fra:1 Mem:31.53M (Peak 31.53M) | Time:00:00.01 | Mem:0.00M, Peak:0.00M | Scene, ViewLayer | Synchronizing object | branches.002
Fra:1 Mem:31.48M (Peak 31.53M) | Time:00:00.01 | Mem:0.00M, Peak:0.00M | Scene, ViewLayer | Synchronizing object | trunk.002
Fra:1 Mem:31.50M (Peak 31.53M) | Time:00:00.01 | Mem:0.00M, Peak:0.00M | Scene, ViewLayer | Synchronizing object | foliage-cards.001
Fra:1 Mem:31.18M (Peak 32.58M) | Time:00:00.01 | Mem:0.00M, Peak:0.00M | Scene, ViewLayer | Initializing
Fra:1 Mem:30.01M (Peak 32.58M) | Time:00:00.01 | Mem:0.00M, Peak:0.00M | Scene, ViewLayer | Updating Images | Loading leaf_atlas_rgba
Fra:1 Mem:30.01M (Peak 32.58M) | Time:00:00.01 | Mem:0.00M, Peak:0.00M | Scene, ViewLayer | Updating Images | Loading bark_basecolor
Fra:1 Mem:34.27M (Peak 34.27M) | Time:00:00.02 | Mem:0.25M, Peak:0.25M | Scene, ViewLayer | Updating Images | Loading bark_orm
Fra:1 Mem:34.52M (Peak 34.52M) | Time:00:00.02 | Mem:0.50M, Peak:0.50M | Scene, ViewLayer | Updating Images | Loading bark_normal
Fra:1 Mem:32.34M (Peak 42.78M) | Time:00:00.03 | Mem:4.75M, Peak:4.75M | Scene, ViewLayer | Waiting for render to start
Fra:1 Mem:32.34M (Peak 42.78M) | Time:00:00.03 | Mem:4.75M, Peak:4.75M | Scene, ViewLayer | Loading render kernels (may take a few minutes the first time)
Fra:1 Mem:32.34M (Peak 42.78M) | Time:00:00.03 | Mem:4.75M, Peak:4.75M | Scene, ViewLayer | Updating Scene
Fra:1 Mem:32.34M (Peak 42.78M) | Time:00:00.03 | Mem:4.75M, Peak:4.75M | Scene, ViewLayer | Updating Shaders
Fra:1 Mem:32.43M (Peak 42.78M) | Time:00:00.03 | Mem:4.77M, Peak:4.77M | Scene, ViewLayer | Updating Procedurals
Fra:1 Mem:32.43M (Peak 42.78M) | Time:00:00.03 | Mem:4.77M, Peak:4.77M | Scene, ViewLayer | Updating Background
Fra:1 Mem:32.43M (Peak 42.78M) | Time:00:00.03 | Mem:4.77M, Peak:4.77M | Scene, ViewLayer | Updating Camera
Fra:1 Mem:32.43M (Peak 42.78M) | Time:00:00.03 | Mem:4.77M, Peak:4.77M | Scene, ViewLayer | Updating Meshes Flags
Fra:1 Mem:32.43M (Peak 42.78M) | Time:00:00.03 | Mem:4.77M, Peak:4.77M | Scene, ViewLayer | Updating Objects
Fra:1 Mem:32.43M (Peak 42.78M) | Time:00:00.03 | Mem:4.77M, Peak:4.77M | Scene, ViewLayer | Updating Objects | Copying Transformations to device
Fra:1 Mem:32.44M (Peak 42.78M) | Time:00:00.03 | Mem:4.78M, Peak:4.78M | Scene, ViewLayer | Updating Objects | Applying Static Transformations
Fra:1 Mem:32.44M (Peak 42.78M) | Time:00:00.03 | Mem:4.78M, Peak:4.78M | Scene, ViewLayer | Updating Particle Systems
Fra:1 Mem:32.44M (Peak 42.78M) | Time:00:00.03 | Mem:4.78M, Peak:4.78M | Scene, ViewLayer | Updating Particle Systems | Copying Particles to device
Fra:1 Mem:32.44M (Peak 42.78M) | Time:00:00.03 | Mem:4.78M, Peak:4.78M | Scene, ViewLayer | Updating Meshes
Fra:1 Mem:32.98M (Peak 42.78M) | Time:00:00.03 | Mem:4.78M, Peak:4.78M | Scene, ViewLayer | Updating Mesh | Computing attributes
Fra:1 Mem:34.53M (Peak 42.78M) | Time:00:00.03 | Mem:4.78M, Peak:4.78M | Scene, ViewLayer | Updating Mesh | Copying Attributes to device
Fra:1 Mem:34.52M (Peak 42.78M) | Time:00:00.03 | Mem:6.32M, Peak:6.32M | Scene, ViewLayer | Updating Scene BVH | Building
Fra:1 Mem:34.53M (Peak 42.78M) | Time:00:00.03 | Mem:6.32M, Peak:6.32M | Scene, ViewLayer | Updating Scene BVH | Building BVH
Fra:1 Mem:34.53M (Peak 42.78M) | Time:00:00.03 | Mem:7.39M, Peak:7.39M | Scene, ViewLayer | Updating Scene BVH | Building BVH 0%
Fra:1 Mem:34.53M (Peak 42.78M) | Time:00:00.03 | Mem:8.68M, Peak:9.75M | Scene, ViewLayer | Updating Scene BVH | Copying BVH to device
Fra:1 Mem:34.53M (Peak 42.78M) | Time:00:00.03 | Mem:8.68M, Peak:9.75M | Scene, ViewLayer | Updating Mesh | Computing normals
Fra:1 Mem:37.40M (Peak 42.78M) | Time:00:00.04 | Mem:8.68M, Peak:9.75M | Scene, ViewLayer | Updating Mesh | Copying Mesh to device
Fra:1 Mem:37.40M (Peak 42.78M) | Time:00:00.04 | Mem:11.55M, Peak:11.55M | Scene, ViewLayer | Updating Objects Flags
Fra:1 Mem:37.40M (Peak 42.78M) | Time:00:00.04 | Mem:11.55M, Peak:11.55M | Scene, ViewLayer | Updating Primitive Offsets
Fra:1 Mem:37.40M (Peak 42.78M) | Time:00:00.04 | Mem:11.55M, Peak:11.55M | Scene, ViewLayer | Updating Images
Fra:1 Mem:37.40M (Peak 42.78M) | Time:00:00.04 | Mem:11.55M, Peak:11.55M | Scene, ViewLayer | Updating Camera Volume
Fra:1 Mem:37.40M (Peak 42.78M) | Time:00:00.04 | Mem:11.55M, Peak:11.55M | Scene, ViewLayer | Updating Lookup Tables
Fra:1 Mem:37.40M (Peak 42.78M) | Time:00:00.04 | Mem:11.63M, Peak:11.63M | Scene, ViewLayer | Updating Lights
Fra:1 Mem:37.40M (Peak 42.78M) | Time:00:00.04 | Mem:11.63M, Peak:11.63M | Scene, ViewLayer | Updating Lights | Computing tree
Fra:1 Mem:37.40M (Peak 42.78M) | Time:00:00.04 | Mem:11.63M, Peak:11.63M | Scene, ViewLayer | Updating Integrator
Fra:1 Mem:37.40M (Peak 42.78M) | Time:00:00.04 | Mem:11.63M, Peak:11.63M | Scene, ViewLayer | Updating Film
Fra:1 Mem:37.40M (Peak 42.78M) | Time:00:00.04 | Mem:11.55M, Peak:11.63M | Scene, ViewLayer | Updating Lookup Tables
Fra:1 Mem:37.40M (Peak 42.78M) | Time:00:00.04 | Mem:11.64M, Peak:11.64M | Scene, ViewLayer | Updating Baking
Fra:1 Mem:37.40M (Peak 42.78M) | Time:00:00.04 | Mem:11.64M, Peak:11.64M | Scene, ViewLayer | Updating Device | Writing constant memory
Fra:1 Mem:37.40M (Peak 42.78M) | Time:00:00.04 | Mem:11.64M, Peak:11.64M | Scene, ViewLayer | Sample 0/24
Fra:1 Mem:64.60M (Peak 64.60M) | Time:00:01.05 | Remaining:00:23.27 | Mem:38.84M, Peak:38.84M | Scene, ViewLayer | Sample 1/24
Fra:1 Mem:76.69M (Peak 100.86M) | Time:00:21.37 | Mem:38.84M, Peak:38.84M | Scene, ViewLayer | Sample 24/24
Fra:1 Mem:76.69M (Peak 100.86M) | Time:00:21.37 | Mem:38.84M, Peak:38.84M | Scene, ViewLayer | Finished
Saved: '/workspace/scratch/7c20b5ba4165/atlas-backlog-oct3/tools/assets/mature-tree-templates/qa/previews/mature-lod0-clear.png'
Time: 00:21.59 (Saving: 00:00.21)


Blender quit
