ERROR Draco mesh compression is not available because library could not be found at /usr/bin/4.3/python/lib/python3.13/site-packages/libextern_draco.so
15:41:05 | INFO: Starting glTF 2.0 export
15:41:05 | INFO: Extracting primitive: trunk-editable-mesh
15:41:05 | WARNING: More than one shader node tex image used for a texture. The resulting glTF sampler will behave like the first shader node tex image.
15:41:05 | INFO: Primitives created: 1
15:41:05 | INFO: Extracting primitive: branches-editable-mesh
15:41:05 | INFO: Primitives created: 1
15:41:05 | INFO: Extracting primitive: foliage-core-editable-mesh
15:41:05 | WARNING: More than one shader node tex image used for a texture. The resulting glTF sampler will behave like the first shader node tex image.
15:41:05 | INFO: Primitives created: 1
15:41:05 | INFO: Extracting primitive: foliage-cards-editable-mesh
15:41:05 | INFO: Primitives created: 1
15:41:05 | INFO: Finished glTF 2.0 export in 0.02637481689453125 s

15:41:05 | INFO: Starting glTF 2.0 export
15:41:05 | INFO: Extracting primitive: trunk-editable-mesh
15:41:05 | WARNING: More than one shader node tex image used for a texture. The resulting glTF sampler will behave like the first shader node tex image.
15:41:05 | INFO: Primitives created: 1
15:41:05 | INFO: Extracting primitive: branches-editable-mesh
15:41:05 | INFO: Primitives created: 1
15:41:05 | INFO: Extracting primitive: foliage-core-editable-mesh
15:41:05 | INFO: Primitives created: 1
15:41:05 | INFO: Extracting primitive: foliage-cards-editable-mesh
15:41:05 | WARNING: More than one shader node tex image used for a texture. The resulting glTF sampler will behave like the first shader node tex image.
15:41:05 | INFO: Primitives created: 1
15:41:05 | INFO: Finished glTF 2.0 export in 0.01648402214050293 s

15:41:05 | INFO: Starting glTF 2.0 export
15:41:05 | INFO: Extracting primitive: trunk-editable-mesh
15:41:05 | WARNING: More than one shader node tex image used for a texture. The resulting glTF sampler will behave like the first shader node tex image.
15:41:05 | INFO: Primitives created: 1
15:41:05 | INFO: Extracting primitive: branches-editable-mesh
15:41:05 | INFO: Primitives created: 1
15:41:05 | INFO: Extracting primitive: foliage-core-editable-mesh
15:41:05 | INFO: Primitives created: 1
15:41:05 | INFO: Finished glTF 2.0 export in 0.01059269905090332 s

15:41:05 | INFO: Starting glTF 2.0 export
15:41:05 | INFO: Extracting primitive: trunk-editable-mesh
15:41:05 | WARNING: More than one shader node tex image used for a texture. The resulting glTF sampler will behave like the first shader node tex image.
15:41:05 | INFO: Primitives created: 1
15:41:05 | INFO: Extracting primitive: branches-editable-mesh
15:41:05 | INFO: Primitives created: 1
15:41:05 | INFO: Extracting primitive: foliage-core-editable-mesh
15:41:05 | WARNING: More than one shader node tex image used for a texture. The resulting glTF sampler will behave like the first shader node tex image.
15:41:05 | INFO: Primitives created: 1
15:41:05 | INFO: Extracting primitive: foliage-cards-editable-mesh
15:41:05 | INFO: Primitives created: 1
15:41:05 | INFO: Finished glTF 2.0 export in 0.022323131561279297 s

15:41:05 | INFO: Starting glTF 2.0 export
15:41:05 | INFO: Extracting primitive: trunk-editable-mesh
15:41:05 | WARNING: More than one shader node tex image used for a texture. The resulting glTF sampler will behave like the first shader node tex image.
15:41:05 | INFO: Primitives created: 1
15:41:05 | INFO: Extracting primitive: branches-editable-mesh
15:41:05 | INFO: Primitives created: 1
15:41:05 | INFO: Extracting primitive: foliage-core-editable-mesh
15:41:05 | INFO: Primitives created: 1
15:41:05 | INFO: Extracting primitive: foliage-cards-editable-mesh
15:41:05 | WARNING: More than one shader node tex image used for a texture. The resulting glTF sampler will behave like the first shader node tex image.
15:41:05 | INFO: Primitives created: 1
15:41:05 | INFO: Finished glTF 2.0 export in 0.015621423721313477 s

15:41:05 | INFO: Starting glTF 2.0 export
15:41:05 | INFO: Extracting primitive: trunk-editable-mesh
15:41:05 | WARNING: More than one shader node tex image used for a texture. The resulting glTF sampler will behave like the first shader node tex image.
15:41:05 | INFO: Primitives created: 1
15:41:05 | INFO: Extracting primitive: branches-editable-mesh
15:41:05 | INFO: Primitives created: 1
15:41:05 | INFO: Extracting primitive: foliage-core-editable-mesh
15:41:05 | INFO: Primitives created: 1
15:41:05 | INFO: Finished glTF 2.0 export in 0.009740829467773438 s

15:41:05 | INFO: Starting glTF 2.0 export
15:41:05 | INFO: Extracting primitive: trunk-editable-mesh
15:41:05 | WARNING: More than one shader node tex image used for a texture. The resulting glTF sampler will behave like the first shader node tex image.
15:41:05 | INFO: Primitives created: 1
15:41:05 | INFO: Extracting primitive: branches-editable-mesh
15:41:05 | INFO: Primitives created: 1
15:41:05 | INFO: Extracting primitive: foliage-core-editable-mesh
15:41:05 | INFO: Primitives created: 1
15:41:05 | INFO: Extracting primitive: foliage-cards-editable-mesh
15:41:05 | WARNING: More than one shader node tex image used for a texture. The resulting glTF sampler will behave like the first shader node tex image.
15:41:05 | INFO: Primitives created: 1
15:41:05 | INFO: Finished glTF 2.0 export in 0.025794029235839844 s

15:41:05 | INFO: Starting glTF 2.0 export
15:41:05 | INFO: Extracting primitive: trunk-editable-mesh
15:41:05 | WARNING: More than one shader node tex image used for a texture. The resulting glTF sampler will behave like the first shader node tex image.
15:41:05 | INFO: Primitives created: 1
15:41:05 | INFO: Extracting primitive: branches-editable-mesh
15:41:05 | INFO: Primitives created: 1
15:41:05 | INFO: Extracting primitive: foliage-core-editable-mesh
15:41:05 | INFO: Primitives created: 1
15:41:05 | INFO: Extracting primitive: foliage-cards-editable-mesh
15:41:05 | WARNING: More than one shader node tex image used for a texture. The resulting glTF sampler will behave like the first shader node tex image.
15:41:05 | INFO: Primitives created: 1
15:41:05 | INFO: Finished glTF 2.0 export in 0.017231464385986328 s

15:41:05 | INFO: Starting glTF 2.0 export
15:41:05 | INFO: Extracting primitive: trunk-editable-mesh
15:41:05 | WARNING: More than one shader node tex image used for a texture. The resulting glTF sampler will behave like the first shader node tex image.
15:41:05 | INFO: Primitives created: 1
15:41:05 | INFO: Extracting primitive: branches-editable-mesh
15:41:05 | INFO: Primitives created: 1
15:41:05 | INFO: Extracting primitive: foliage-core-editable-mesh
15:41:05 | INFO: Primitives created: 1
15:41:05 | INFO: Finished glTF 2.0 export in 0.009826898574829102 s

15:41:05 | INFO: Starting glTF 2.0 export
15:41:05 | INFO: Extracting primitive: trunk-editable-mesh
15:41:05 | WARNING: More than one shader node tex image used for a texture. The resulting glTF sampler will behave like the first shader node tex image.
15:41:06 | INFO: Primitives created: 1
15:41:06 | INFO: Extracting primitive: branches-editable-mesh
15:41:06 | INFO: Primitives created: 1
15:41:06 | INFO: Extracting primitive: foliage-core-editable-mesh
15:41:06 | INFO: Primitives created: 1
15:41:06 | INFO: Extracting primitive: foliage-cards-editable-mesh
15:41:06 | WARNING: More than one shader node tex image used for a texture. The resulting glTF sampler will behave like the first shader node tex image.
15:41:06 | INFO: Primitives created: 1
15:41:06 | INFO: Finished glTF 2.0 export in 0.02440190315246582 s

15:41:06 | INFO: Starting glTF 2.0 export
15:41:06 | INFO: Extracting primitive: trunk-editable-mesh
15:41:06 | WARNING: More than one shader node tex image used for a texture. The resulting glTF sampler will behave like the first shader node tex image.
15:41:06 | INFO: Primitives created: 1
15:41:06 | INFO: Extracting primitive: branches-editable-mesh
15:41:06 | INFO: Primitives created: 1
15:41:06 | INFO: Extracting primitive: foliage-core-editable-mesh
15:41:06 | INFO: Primitives created: 1
15:41:06 | INFO: Extracting primitive: foliage-cards-editable-mesh
15:41:06 | WARNING: More than one shader node tex image used for a texture. The resulting glTF sampler will behave like the first shader node tex image.
15:41:06 | INFO: Primitives created: 1
15:41:06 | INFO: Finished glTF 2.0 export in 0.01627969741821289 s

15:41:06 | INFO: Starting glTF 2.0 export
15:41:06 | INFO: Extracting primitive: trunk-editable-mesh
15:41:06 | WARNING: More than one shader node tex image used for a texture. The resulting glTF sampler will behave like the first shader node tex image.
15:41:06 | INFO: Primitives created: 1
15:41:06 | INFO: Extracting primitive: branches-editable-mesh
15:41:06 | INFO: Primitives created: 1
15:41:06 | INFO: Extracting primitive: foliage-core-editable-mesh
15:41:06 | INFO: Primitives created: 1
15:41:06 | INFO: Finished glTF 2.0 export in 0.010334253311157227 s

MATURE_TREE_ROUNDTRIP_PASS
Blender 4.3.2
Read blend: "/workspace/scratch/7c20b5ba4165/atlas-backlog-oct3/tools/assets/mature-tree-templates/source/mature-maple.lod0.blend"
Read blend: "/workspace/scratch/7c20b5ba4165/atlas-backlog-oct3/tools/assets/mature-tree-templates/source/mature-maple.lod1.blend"
Read blend: "/workspace/scratch/7c20b5ba4165/atlas-backlog-oct3/tools/assets/mature-tree-templates/source/mature-maple.lod2.blend"
Read blend: "/workspace/scratch/7c20b5ba4165/atlas-backlog-oct3/tools/assets/mature-tree-templates/source/mature-alder.lod0.blend"
Read blend: "/workspace/scratch/7c20b5ba4165/atlas-backlog-oct3/tools/assets/mature-tree-templates/source/mature-alder.lod1.blend"
Read blend: "/workspace/scratch/7c20b5ba4165/atlas-backlog-oct3/tools/assets/mature-tree-templates/source/mature-alder.lod2.blend"
Read blend: "/workspace/scratch/7c20b5ba4165/atlas-backlog-oct3/tools/assets/mature-tree-templates/source/mature-douglas-fir.lod0.blend"
Read blend: "/workspace/scratch/7c20b5ba4165/atlas-backlog-oct3/tools/assets/mature-tree-templates/source/mature-douglas-fir.lod1.blend"
Read blend: "/workspace/scratch/7c20b5ba4165/atlas-backlog-oct3/tools/assets/mature-tree-templates/source/mature-douglas-fir.lod2.blend"
Read blend: "/workspace/scratch/7c20b5ba4165/atlas-backlog-oct3/tools/assets/mature-tree-templates/source/mature-western-redcedar.lod0.blend"
Read blend: "/workspace/scratch/7c20b5ba4165/atlas-backlog-oct3/tools/assets/mature-tree-templates/source/mature-western-redcedar.lod1.blend"
Read blend: "/workspace/scratch/7c20b5ba4165/atlas-backlog-oct3/tools/assets/mature-tree-templates/source/mature-western-redcedar.lod2.blend"

Blender quit
