Info: Saved "artist-edit.blend"
ERROR Draco mesh compression is not available because library could not be found at /usr/bin/4.3/python/lib/python3.13/site-packages/libextern_draco.so
15:41:03 | INFO: Starting glTF 2.0 export
15:41:03 | INFO: Extracting primitive: trunk-editable-mesh
15:41:03 | WARNING: More than one shader node tex image used for a texture. The resulting glTF sampler will behave like the first shader node tex image.
15:41:03 | INFO: Primitives created: 1
15:41:03 | INFO: Extracting primitive: branches-editable-mesh
15:41:03 | INFO: Primitives created: 1
15:41:03 | INFO: Extracting primitive: foliage-core-editable-mesh
15:41:03 | WARNING: More than one shader node tex image used for a texture. The resulting glTF sampler will behave like the first shader node tex image.
15:41:03 | INFO: Primitives created: 1
15:41:03 | INFO: Extracting primitive: foliage-cards-editable-mesh
15:41:03 | INFO: Primitives created: 1
15:41:03 | INFO: Finished glTF 2.0 export in 0.02608323097229004 s

Info: Saved "unsupported.blend"
MATURE_TREE_ARTIST_EDIT_PASS
Blender 4.3.2
Read blend: "/workspace/scratch/7c20b5ba4165/atlas-backlog-oct3/tools/assets/mature-tree-templates/source/mature-maple.lod0.blend"
Read blend: "/tmp/mature-tree-edit-yn4sklhf/artist-edit.blend"
Read blend: "/tmp/mature-tree-edit-yn4sklhf/artist-edit.blend"
Read blend: "/tmp/mature-tree-edit-yn4sklhf/unsupported.blend"

Blender quit
