Extensions: writing cache failed ([Errno 30] Read-only file system: '/home/agent/.config/blender').
Info: Saved "pedestrian-commuter.lod0.blend"
ERROR Draco mesh compression is not available because library could not be found at /usr/bin/4.3/python/lib/python3.13/site-packages/libextern_draco.so
10:59:45 | INFO: Starting glTF 2.0 export
10:59:45 | INFO: Extracting primitive: pedestrian-commuter-merged-geometry
10:59:45 | INFO: Primitives created: 1
10:59:45 | INFO: Finished glTF 2.0 export in 0.018926620483398438 s

Extensions: writing cache failed ([Errno 30] Read-only file system: '/home/agent/.config/blender').
Info: Saved "pedestrian-commuter.lod1.blend"
10:59:45 | INFO: Starting glTF 2.0 export
10:59:45 | INFO: Extracting primitive: pedestrian-commuter-merged-geometry
10:59:45 | INFO: Primitives created: 1
10:59:45 | INFO: Finished glTF 2.0 export in 0.011441469192504883 s

Extensions: writing cache failed ([Errno 30] Read-only file system: '/home/agent/.config/blender').
Info: Saved "pedestrian-raincoat.lod0.blend"
10:59:45 | INFO: Starting glTF 2.0 export
10:59:45 | INFO: Extracting primitive: pedestrian-raincoat-merged-geometry
10:59:45 | INFO: Primitives created: 1
10:59:45 | INFO: Finished glTF 2.0 export in 0.010667800903320312 s

Extensions: writing cache failed ([Errno 30] Read-only file system: '/home/agent/.config/blender').
Info: Saved "pedestrian-raincoat.lod1.blend"
10:59:45 | INFO: Starting glTF 2.0 export
10:59:45 | INFO: Extracting primitive: pedestrian-raincoat-merged-geometry
10:59:45 | INFO: Primitives created: 1
10:59:45 | INFO: Finished glTF 2.0 export in 0.010891914367675781 s

Extensions: writing cache failed ([Errno 30] Read-only file system: '/home/agent/.config/blender').
Info: Saved "pedestrian-runner.lod0.blend"
10:59:45 | INFO: Starting glTF 2.0 export
10:59:45 | INFO: Extracting primitive: pedestrian-runner-merged-geometry
10:59:45 | INFO: Primitives created: 1
10:59:45 | INFO: Finished glTF 2.0 export in 0.012530803680419922 s

Extensions: writing cache failed ([Errno 30] Read-only file system: '/home/agent/.config/blender').
Info: Saved "pedestrian-runner.lod1.blend"
10:59:45 | INFO: Starting glTF 2.0 export
10:59:45 | INFO: Extracting primitive: pedestrian-runner-merged-geometry
10:59:45 | INFO: Primitives created: 1
10:59:45 | INFO: Finished glTF 2.0 export in 0.009589433670043945 s

Extensions: writing cache failed ([Errno 30] Read-only file system: '/home/agent/.config/blender').
Info: Saved "pedestrian-tote.lod0.blend"
10:59:45 | INFO: Starting glTF 2.0 export
10:59:45 | INFO: Extracting primitive: pedestrian-tote-merged-geometry
10:59:45 | INFO: Primitives created: 1
10:59:45 | INFO: Finished glTF 2.0 export in 0.009499549865722656 s

Extensions: writing cache failed ([Errno 30] Read-only file system: '/home/agent/.config/blender').
Info: Saved "pedestrian-tote.lod1.blend"
10:59:45 | INFO: Starting glTF 2.0 export
10:59:45 | INFO: Extracting primitive: pedestrian-tote-merged-geometry
10:59:45 | INFO: Primitives created: 1
10:59:45 | INFO: Finished glTF 2.0 export in 0.008592844009399414 s

PEDESTRIAN_GENERATION_PASS
Blender 4.3.2

Blender quit
