Extensions: writing cache failed ([Errno 30] Read-only file system: '/home/agent/.config/blender').
10:59:50 | INFO: Data are loaded, start creating Blender stuff
10:59:50 | INFO: Blender create Mesh node pedestrian-commuter-merged-geometry
10:59:50 | INFO: glTF import finished in 0.01s
10:59:50 | INFO: Data are loaded, start creating Blender stuff
10:59:50 | INFO: Blender create Mesh node pedestrian-raincoat-merged-geometry
10:59:50 | INFO: glTF import finished in 0.01s
10:59:50 | INFO: Data are loaded, start creating Blender stuff
10:59:50 | INFO: Blender create Mesh node pedestrian-runner-merged-geometry
10:59:50 | INFO: glTF import finished in 0.01s
10:59:50 | INFO: Data are loaded, start creating Blender stuff
10:59:50 | INFO: Blender create Mesh node pedestrian-tote-merged-geometry
10:59:50 | INFO: glTF import finished in 0.01s
Blender 4.3.2
Fra:1 Mem:15.74M (Peak 15.74M) | Time:00:00.00 | Mem:0.00M, Peak:0.00M | Scene, ViewLayer | Synchronizing object | pedestrian-body
Fra:1 Mem:15.74M (Peak 15.74M) | Time:00:00.00 | Mem:0.00M, Peak:0.00M | Scene, ViewLayer | Synchronizing object | QA-label
Fra:1 Mem:17.83M (Peak 17.83M) | Time:00:00.00 | Mem:0.00M, Peak:0.00M | Scene, ViewLayer | Synchronizing object | QA-label.001
Fra:1 Mem:17.91M (Peak 17.91M) | Time:00:00.00 | Mem:0.00M, Peak:0.00M | Scene, ViewLayer | Synchronizing object | QA-label.002
Fra:1 Mem:17.96M (Peak 17.96M) | Time:00:00.01 | Mem:0.00M, Peak:0.00M | Scene, ViewLayer | Synchronizing object | QA-label.003
Fra:1 Mem:18.00M (Peak 18.00M) | Time:00:00.01 | Mem:0.00M, Peak:0.00M | Scene, ViewLayer | Synchronizing object | QA-label.004
Fra:1 Mem:18.03M (Peak 18.03M) | Time:00:00.01 | Mem:0.00M, Peak:0.00M | Scene, ViewLayer | Synchronizing object | QA-label.005
Fra:1 Mem:18.29M (Peak 18.29M) | Time:00:00.01 | Mem:0.00M, Peak:0.00M | Scene, ViewLayer | Synchronizing object | QA-label.006
Fra:1 Mem:18.34M (Peak 18.34M) | Time:00:00.01 | Mem:0.00M, Peak:0.00M | Scene, ViewLayer | Synchronizing object | QA-ground
Fra:1 Mem:18.33M (Peak 18.34M) | Time:00:00.01 | Mem:0.00M, Peak:0.00M | Scene, ViewLayer | Synchronizing object | QA-1m-ruler.009
Fra:1 Mem:18.16M (Peak 18.34M) | Time:00:00.01 | Mem:0.00M, Peak:0.00M | Scene, ViewLayer | Synchronizing object | QA-1m-ruler.008
Fra:1 Mem:18.18M (Peak 18.34M) | Time:00:00.01 | Mem:0.00M, Peak:0.00M | Scene, ViewLayer | Synchronizing object | QA-1m-ruler.007
Fra:1 Mem:18.20M (Peak 18.34M) | Time:00:00.01 | Mem:0.00M, Peak:0.00M | Scene, ViewLayer | Synchronizing object | QA-1m-ruler.006
Fra:1 Mem:18.19M (Peak 18.34M) | Time:00:00.01 | Mem:0.00M, Peak:0.00M | Scene, ViewLayer | Synchronizing object | QA-1m-ruler.005
Fra:1 Mem:18.21M (Peak 18.34M) | Time:00:00.01 | Mem:0.00M, Peak:0.00M | Scene, ViewLayer | Synchronizing object | QA-1m-ruler.004
Fra:1 Mem:18.21M (Peak 18.34M) | Time:00:00.01 | Mem:0.00M, Peak:0.00M | Scene, ViewLayer | Synchronizing object | QA-1m-ruler.003
Fra:1 Mem:18.21M (Peak 18.34M) | Time:00:00.01 | Mem:0.00M, Peak:0.00M | Scene, ViewLayer | Synchronizing object | QA-1m-ruler.002
Fra:1 Mem:18.22M (Peak 18.34M) | Time:00:00.01 | Mem:0.00M, Peak:0.00M | Scene, ViewLayer | Synchronizing object | QA-1m-ruler.001
Fra:1 Mem:18.29M (Peak 18.34M) | Time:00:00.01 | Mem:0.00M, Peak:0.00M | Scene, ViewLayer | Synchronizing object | QA-1m-ruler
Fra:1 Mem:18.29M (Peak 18.34M) | Time:00:00.01 | Mem:0.00M, Peak:0.00M | Scene, ViewLayer | Synchronizing object | Sphere.001
Fra:1 Mem:18.30M (Peak 18.34M) | Time:00:00.01 | Mem:0.00M, Peak:0.00M | Scene, ViewLayer | Synchronizing object | QA-reference-arm.003
Fra:1 Mem:18.25M (Peak 18.34M) | Time:00:00.01 | Mem:0.00M, Peak:0.00M | Scene, ViewLayer | Synchronizing object | QA-reference-arm.002
Fra:1 Mem:18.27M (Peak 18.34M) | Time:00:00.01 | Mem:0.00M, Peak:0.00M | Scene, ViewLayer | Synchronizing object | QA-reference-torso.001
Fra:1 Mem:18.27M (Peak 18.34M) | Time:00:00.01 | Mem:0.00M, Peak:0.00M | Scene, ViewLayer | Synchronizing object | QA-reference-leg.003
Fra:1 Mem:18.29M (Peak 18.34M) | Time:00:00.01 | Mem:0.00M, Peak:0.00M | Scene, ViewLayer | Synchronizing object | QA-reference-leg.002
Fra:1 Mem:18.30M (Peak 18.34M) | Time:00:00.01 | Mem:0.00M, Peak:0.00M | Scene, ViewLayer | Synchronizing object | Sphere
Fra:1 Mem:18.20M (Peak 18.34M) | Time:00:00.01 | Mem:0.00M, Peak:0.00M | Scene, ViewLayer | Synchronizing object | QA-reference-arm.001
Fra:1 Mem:18.22M (Peak 18.34M) | Time:00:00.01 | Mem:0.00M, Peak:0.00M | Scene, ViewLayer | Synchronizing object | QA-reference-arm
Fra:1 Mem:18.22M (Peak 18.34M) | Time:00:00.01 | Mem:0.00M, Peak:0.00M | Scene, ViewLayer | Synchronizing object | QA-reference-torso
Fra:1 Mem:18.20M (Peak 18.34M) | Time:00:00.01 | Mem:0.00M, Peak:0.00M | Scene, ViewLayer | Synchronizing object | pedestrian-body.001
Fra:1 Mem:18.21M (Peak 18.34M) | Time:00:00.01 | Mem:0.00M, Peak:0.00M | Scene, ViewLayer | Synchronizing object | QA-reference-leg.001
Fra:1 Mem:18.21M (Peak 18.34M) | Time:00:00.01 | Mem:0.00M, Peak:0.00M | Scene, ViewLayer | Synchronizing object | QA-reference-leg
Fra:1 Mem:18.21M (Peak 18.34M) | Time:00:00.01 | Mem:0.00M, Peak:0.00M | Scene, ViewLayer | Synchronizing object | pedestrian-body.003
Fra:1 Mem:18.47M (Peak 18.47M) | Time:00:00.01 | Mem:0.00M, Peak:0.00M | Scene, ViewLayer | Synchronizing object | pedestrian-body.002
Fra:1 Mem:18.45M (Peak 18.47M) | Time:00:00.01 | Mem:0.00M, Peak:0.00M | Scene, ViewLayer | Initializing
Fra:1 Mem:15.93M (Peak 18.47M) | Time:00:00.01 | Mem:0.00M, Peak:0.00M | Scene, ViewLayer | Waiting for render to start
Fra:1 Mem:15.93M (Peak 18.47M) | Time:00:00.01 | Mem:0.00M, Peak:0.00M | Scene, ViewLayer | Loading render kernels (may take a few minutes the first time)
Fra:1 Mem:15.93M (Peak 18.47M) | Time:00:00.01 | Mem:0.00M, Peak:0.00M | Scene, ViewLayer | Updating Scene
Fra:1 Mem:15.93M (Peak 18.47M) | Time:00:00.01 | Mem:0.00M, Peak:0.00M | Scene, ViewLayer | Updating Shaders
Fra:1 Mem:16.02M (Peak 18.47M) | Time:00:00.01 | Mem:0.01M, Peak:0.01M | Scene, ViewLayer | Updating Procedurals
Fra:1 Mem:16.02M (Peak 18.47M) | Time:00:00.01 | Mem:0.01M, Peak:0.01M | Scene, ViewLayer | Updating Background
Fra:1 Mem:16.02M (Peak 18.47M) | Time:00:00.01 | Mem:0.01M, Peak:0.01M | Scene, ViewLayer | Updating Camera
Fra:1 Mem:16.02M (Peak 18.47M) | Time:00:00.01 | Mem:0.01M, Peak:0.01M | Scene, ViewLayer | Updating Meshes Flags
Fra:1 Mem:16.02M (Peak 18.47M) | Time:00:00.01 | Mem:0.01M, Peak:0.01M | Scene, ViewLayer | Updating Objects
Fra:1 Mem:16.02M (Peak 18.47M) | Time:00:00.01 | Mem:0.01M, Peak:0.01M | Scene, ViewLayer | Updating Objects | Copying Transformations to device
Fra:1 Mem:16.03M (Peak 18.47M) | Time:00:00.01 | Mem:0.02M, Peak:0.02M | Scene, ViewLayer | Updating Objects | Applying Static Transformations
Fra:1 Mem:16.03M (Peak 18.47M) | Time:00:00.01 | Mem:0.02M, Peak:0.02M | Scene, ViewLayer | Updating Particle Systems
Fra:1 Mem:16.03M (Peak 18.47M) | Time:00:00.01 | Mem:0.02M, Peak:0.02M | Scene, ViewLayer | Updating Particle Systems | Copying Particles to device
Fra:1 Mem:16.03M (Peak 18.47M) | Time:00:00.01 | Mem:0.02M, Peak:0.02M | Scene, ViewLayer | Updating Meshes
Fra:1 Mem:16.11M (Peak 18.47M) | Time:00:00.01 | Mem:0.02M, Peak:0.02M | Scene, ViewLayer | Updating Mesh | Computing attributes
Fra:1 Mem:16.23M (Peak 18.47M) | Time:00:00.01 | Mem:0.02M, Peak:0.02M | Scene, ViewLayer | Updating Mesh | Copying Attributes to device
Fra:1 Mem:16.23M (Peak 18.47M) | Time:00:00.01 | Mem:0.14M, Peak:0.14M | Scene, ViewLayer | Updating Scene BVH | Building
Fra:1 Mem:16.23M (Peak 18.47M) | Time:00:00.01 | Mem:0.14M, Peak:0.14M | Scene, ViewLayer | Updating Scene BVH | Building BVH
Fra:1 Mem:16.23M (Peak 18.47M) | Time:00:00.02 | Mem:0.29M, Peak:0.29M | Scene, ViewLayer | Updating Scene BVH | Building BVH 0%
Fra:1 Mem:16.23M (Peak 18.47M) | Time:00:00.02 | Mem:0.48M, Peak:0.63M | Scene, ViewLayer | Updating Scene BVH | Copying BVH to device
Fra:1 Mem:16.23M (Peak 18.47M) | Time:00:00.02 | Mem:0.48M, Peak:0.63M | Scene, ViewLayer | Updating Mesh | Computing normals
Fra:1 Mem:16.58M (Peak 18.47M) | Time:00:00.02 | Mem:0.48M, Peak:0.63M | Scene, ViewLayer | Updating Mesh | Copying Mesh to device
Fra:1 Mem:16.58M (Peak 18.47M) | Time:00:00.02 | Mem:0.83M, Peak:0.83M | Scene, ViewLayer | Updating Objects Flags
Fra:1 Mem:16.58M (Peak 18.47M) | Time:00:00.02 | Mem:0.83M, Peak:0.83M | Scene, ViewLayer | Updating Primitive Offsets
Fra:1 Mem:16.58M (Peak 18.47M) | Time:00:00.02 | Mem:0.83M, Peak:0.83M | Scene, ViewLayer | Updating Images
Fra:1 Mem:16.58M (Peak 18.47M) | Time:00:00.02 | Mem:0.83M, Peak:0.83M | Scene, ViewLayer | Updating Camera Volume
Fra:1 Mem:16.58M (Peak 18.47M) | Time:00:00.02 | Mem:0.83M, Peak:0.83M | Scene, ViewLayer | Updating Lookup Tables
Fra:1 Mem:16.58M (Peak 18.47M) | Time:00:00.02 | Mem:0.91M, Peak:0.91M | Scene, ViewLayer | Updating Lights
Fra:1 Mem:16.58M (Peak 18.47M) | Time:00:00.02 | Mem:0.91M, Peak:0.91M | Scene, ViewLayer | Updating Lights | Computing tree
Fra:1 Mem:16.58M (Peak 18.47M) | Time:00:00.02 | Mem:0.91M, Peak:0.91M | Scene, ViewLayer | Updating Integrator
Fra:1 Mem:16.58M (Peak 18.47M) | Time:00:00.02 | Mem:0.91M, Peak:0.91M | Scene, ViewLayer | Updating Film
Fra:1 Mem:16.58M (Peak 18.47M) | Time:00:00.02 | Mem:0.83M, Peak:0.91M | Scene, ViewLayer | Updating Lookup Tables
Fra:1 Mem:16.58M (Peak 18.47M) | Time:00:00.02 | Mem:0.92M, Peak:0.92M | Scene, ViewLayer | Updating Baking
Fra:1 Mem:16.58M (Peak 18.47M) | Time:00:00.02 | Mem:0.92M, Peak:0.92M | Scene, ViewLayer | Updating Device | Writing constant memory
Fra:1 Mem:16.58M (Peak 18.47M) | Time:00:00.02 | Mem:0.92M, Peak:0.92M | Scene, ViewLayer | Sample 0/24
Fra:1 Mem:48.79M (Peak 48.79M) | Time:00:01.67 | Remaining:00:37.87 | Mem:33.12M, Peak:33.12M | Scene, ViewLayer | Sample 1/24
Fra:1 Mem:48.79M (Peak 48.79M) | Time:00:46.40 | Remaining:00:19.09 | Mem:33.12M, Peak:33.12M | Scene, ViewLayer | Sample 17/24
Fra:1 Mem:63.11M (Peak 91.73M) | Time:00:53.48 | Mem:33.12M, Peak:33.12M | Scene, ViewLayer | Sample 24/24
Fra:1 Mem:63.11M (Peak 91.73M) | Time:00:53.48 | Mem:33.12M, Peak:33.12M | Scene, ViewLayer | Finished
Saved: '/workspace/scratch/7c20b5ba4165/city-life-transit/tools/assets/city-life-pedestrians/qa/previews/background-lod0-front.png'
Time: 00:53.91 (Saving: 00:00.42)

Extensions: writing cache failed ([Errno 30] Read-only file system: '/home/agent/.config/blender').
11:00:44 | INFO: Data are loaded, start creating Blender stuff
11:00:44 | INFO: Blender create Mesh node pedestrian-commuter-merged-geometry
11:00:44 | INFO: glTF import finished in 0.00s
11:00:45 | INFO: Data are loaded, start creating Blender stuff
11:00:45 | INFO: Blender create Mesh node pedestrian-raincoat-merged-geometry
11:00:45 | INFO: glTF import finished in 0.00s
11:00:45 | INFO: Data are loaded, start creating Blender stuff
11:00:45 | INFO: Blender create Mesh node pedestrian-runner-merged-geometry
11:00:45 | INFO: glTF import finished in 0.00s
11:00:45 | INFO: Data are loaded, start creating Blender stuff
11:00:45 | INFO: Blender create Mesh node pedestrian-tote-merged-geometry
11:00:45 | INFO: glTF import finished in 0.00s
Fra:1 Mem:17.51M (Peak 17.51M) | Time:00:00.00 | Mem:0.00M, Peak:0.00M | Scene, ViewLayer | Synchronizing object | pedestrian-body
Fra:1 Mem:17.52M (Peak 17.52M) | Time:00:00.00 | Mem:0.00M, Peak:0.00M | Scene, ViewLayer | Synchronizing object | QA-label
Fra:1 Mem:17.62M (Peak 17.62M) | Time:00:00.00 | Mem:0.00M, Peak:0.00M | Scene, ViewLayer | Synchronizing object | pedestrian-body.001
Fra:1 Mem:17.63M (Peak 17.63M) | Time:00:00.00 | Mem:0.00M, Peak:0.00M | Scene, ViewLayer | Synchronizing object | QA-label.001
Fra:1 Mem:17.82M (Peak 17.82M) | Time:00:00.00 | Mem:0.00M, Peak:0.00M | Scene, ViewLayer | Synchronizing object | QA-label.002
Fra:1 Mem:17.81M (Peak 17.82M) | Time:00:00.00 | Mem:0.00M, Peak:0.00M | Scene, ViewLayer | Synchronizing object | QA-label.003
Fra:1 Mem:17.85M (Peak 17.85M) | Time:00:00.00 | Mem:0.00M, Peak:0.00M | Scene, ViewLayer | Synchronizing object | QA-label.004
Fra:1 Mem:17.86M (Peak 17.86M) | Time:00:00.00 | Mem:0.00M, Peak:0.00M | Scene, ViewLayer | Synchronizing object | pedestrian-body.002
Fra:1 Mem:17.87M (Peak 17.87M) | Time:00:00.00 | Mem:0.00M, Peak:0.00M | Scene, ViewLayer | Synchronizing object | QA-label.005
Fra:1 Mem:17.94M (Peak 17.94M) | Time:00:00.00 | Mem:0.00M, Peak:0.00M | Scene, ViewLayer | Synchronizing object | pedestrian-body.003
Fra:1 Mem:18.03M (Peak 18.03M) | Time:00:00.00 | Mem:0.00M, Peak:0.00M | Scene, ViewLayer | Synchronizing object | QA-label.006
Fra:1 Mem:18.01M (Peak 18.03M) | Time:00:00.00 | Mem:0.00M, Peak:0.00M | Scene, ViewLayer | Synchronizing object | QA-ground
Fra:1 Mem:18.04M (Peak 18.04M) | Time:00:00.00 | Mem:0.00M, Peak:0.00M | Scene, ViewLayer | Synchronizing object | QA-1m-ruler.009
Fra:1 Mem:18.04M (Peak 18.04M) | Time:00:00.00 | Mem:0.00M, Peak:0.00M | Scene, ViewLayer | Synchronizing object | QA-1m-ruler.008
Fra:1 Mem:18.05M (Peak 18.05M) | Time:00:00.00 | Mem:0.00M, Peak:0.00M | Scene, ViewLayer | Synchronizing object | QA-1m-ruler.007
Fra:1 Mem:18.04M (Peak 18.05M) | Time:00:00.00 | Mem:0.00M, Peak:0.00M | Scene, ViewLayer | Synchronizing object | QA-1m-ruler.006
Fra:1 Mem:18.00M (Peak 18.05M) | Time:00:00.00 | Mem:0.00M, Peak:0.00M | Scene, ViewLayer | Synchronizing object | QA-1m-ruler.005
Fra:1 Mem:18.00M (Peak 18.05M) | Time:00:00.00 | Mem:0.00M, Peak:0.00M | Scene, ViewLayer | Synchronizing object | QA-reference-leg
Fra:1 Mem:18.00M (Peak 18.05M) | Time:00:00.00 | Mem:0.00M, Peak:0.00M | Scene, ViewLayer | Synchronizing object | QA-1m-ruler.004
Fra:1 Mem:18.00M (Peak 18.05M) | Time:00:00.00 | Mem:0.00M, Peak:0.00M | Scene, ViewLayer | Synchronizing object | QA-reference-leg.001
Fra:1 Mem:18.00M (Peak 18.05M) | Time:00:00.00 | Mem:0.00M, Peak:0.00M | Scene, ViewLayer | Synchronizing object | QA-1m-ruler.003
Fra:1 Mem:18.00M (Peak 18.05M) | Time:00:00.00 | Mem:0.00M, Peak:0.00M | Scene, ViewLayer | Synchronizing object | QA-reference-torso
Fra:1 Mem:18.00M (Peak 18.05M) | Time:00:00.00 | Mem:0.00M, Peak:0.00M | Scene, ViewLayer | Synchronizing object | QA-1m-ruler.002
Fra:1 Mem:18.00M (Peak 18.05M) | Time:00:00.00 | Mem:0.00M, Peak:0.00M | Scene, ViewLayer | Synchronizing object | QA-reference-arm
Fra:1 Mem:18.00M (Peak 18.05M) | Time:00:00.00 | Mem:0.00M, Peak:0.00M | Scene, ViewLayer | Synchronizing object | QA-1m-ruler.001
Fra:1 Mem:18.00M (Peak 18.05M) | Time:00:00.00 | Mem:0.00M, Peak:0.00M | Scene, ViewLayer | Synchronizing object | QA-reference-arm.001
Fra:1 Mem:18.00M (Peak 18.05M) | Time:00:00.00 | Mem:0.00M, Peak:0.00M | Scene, ViewLayer | Synchronizing object | QA-1m-ruler
Fra:1 Mem:18.01M (Peak 18.05M) | Time:00:00.00 | Mem:0.00M, Peak:0.00M | Scene, ViewLayer | Synchronizing object | Sphere
Fra:1 Mem:18.01M (Peak 18.05M) | Time:00:00.00 | Mem:0.00M, Peak:0.00M | Scene, ViewLayer | Synchronizing object | Sphere.001
Fra:1 Mem:18.03M (Peak 18.05M) | Time:00:00.00 | Mem:0.00M, Peak:0.00M | Scene, ViewLayer | Synchronizing object | QA-reference-arm.003
Fra:1 Mem:18.03M (Peak 18.05M) | Time:00:00.00 | Mem:0.00M, Peak:0.00M | Scene, ViewLayer | Synchronizing object | QA-reference-arm.002
Fra:1 Mem:18.03M (Peak 18.05M) | Time:00:00.00 | Mem:0.00M, Peak:0.00M | Scene, ViewLayer | Synchronizing object | QA-reference-torso.001
Fra:1 Mem:18.03M (Peak 18.05M) | Time:00:00.00 | Mem:0.00M, Peak:0.00M | Scene, ViewLayer | Synchronizing object | QA-reference-leg.003
Fra:1 Mem:18.03M (Peak 18.05M) | Time:00:00.00 | Mem:0.00M, Peak:0.00M | Scene, ViewLayer | Synchronizing object | QA-reference-leg.002
Fra:1 Mem:18.04M (Peak 18.05M) | Time:00:00.00 | Mem:0.00M, Peak:0.00M | Scene, ViewLayer | Initializing
Fra:1 Mem:15.51M (Peak 18.05M) | Time:00:00.00 | Mem:0.00M, Peak:0.00M | Scene, ViewLayer | Waiting for render to start
Fra:1 Mem:15.51M (Peak 18.05M) | Time:00:00.00 | Mem:0.00M, Peak:0.00M | Scene, ViewLayer | Loading render kernels (may take a few minutes the first time)
Fra:1 Mem:15.51M (Peak 18.05M) | Time:00:00.00 | Mem:0.00M, Peak:0.00M | Scene, ViewLayer | Updating Scene
Fra:1 Mem:15.51M (Peak 18.05M) | Time:00:00.00 | Mem:0.00M, Peak:0.00M | Scene, ViewLayer | Updating Shaders
Fra:1 Mem:15.61M (Peak 18.05M) | Time:00:00.00 | Mem:0.01M, Peak:0.01M | Scene, ViewLayer | Updating Procedurals
Fra:1 Mem:15.61M (Peak 18.05M) | Time:00:00.00 | Mem:0.01M, Peak:0.01M | Scene, ViewLayer | Updating Background
Fra:1 Mem:15.61M (Peak 18.05M) | Time:00:00.00 | Mem:0.01M, Peak:0.01M | Scene, ViewLayer | Updating Camera
Fra:1 Mem:15.61M (Peak 18.05M) | Time:00:00.00 | Mem:0.01M, Peak:0.01M | Scene, ViewLayer | Updating Meshes Flags
Fra:1 Mem:15.61M (Peak 18.05M) | Time:00:00.00 | Mem:0.01M, Peak:0.01M | Scene, ViewLayer | Updating Objects
Fra:1 Mem:15.61M (Peak 18.05M) | Time:00:00.00 | Mem:0.01M, Peak:0.01M | Scene, ViewLayer | Updating Objects | Copying Transformations to device
Fra:1 Mem:15.61M (Peak 18.05M) | Time:00:00.00 | Mem:0.02M, Peak:0.02M | Scene, ViewLayer | Updating Objects | Applying Static Transformations
Fra:1 Mem:15.61M (Peak 18.05M) | Time:00:00.00 | Mem:0.02M, Peak:0.02M | Scene, ViewLayer | Updating Particle Systems
Fra:1 Mem:15.61M (Peak 18.05M) | Time:00:00.00 | Mem:0.02M, Peak:0.02M | Scene, ViewLayer | Updating Particle Systems | Copying Particles to device
Fra:1 Mem:15.61M (Peak 18.05M) | Time:00:00.00 | Mem:0.02M, Peak:0.02M | Scene, ViewLayer | Updating Meshes
Fra:1 Mem:15.68M (Peak 18.05M) | Time:00:00.00 | Mem:0.02M, Peak:0.02M | Scene, ViewLayer | Updating Mesh | Computing attributes
Fra:1 Mem:15.75M (Peak 18.05M) | Time:00:00.01 | Mem:0.02M, Peak:0.02M | Scene, ViewLayer | Updating Mesh | Copying Attributes to device
Fra:1 Mem:15.75M (Peak 18.05M) | Time:00:00.01 | Mem:0.09M, Peak:0.09M | Scene, ViewLayer | Updating Scene BVH | Building
Fra:1 Mem:15.75M (Peak 18.05M) | Time:00:00.01 | Mem:0.09M, Peak:0.09M | Scene, ViewLayer | Updating Scene BVH | Building BVH
Fra:1 Mem:15.75M (Peak 18.05M) | Time:00:00.01 | Mem:0.22M, Peak:0.22M | Scene, ViewLayer | Updating Scene BVH | Building BVH 0%
Fra:1 Mem:15.75M (Peak 18.05M) | Time:00:00.01 | Mem:0.38M, Peak:0.51M | Scene, ViewLayer | Updating Scene BVH | Copying BVH to device
Fra:1 Mem:15.75M (Peak 18.05M) | Time:00:00.01 | Mem:0.38M, Peak:0.51M | Scene, ViewLayer | Updating Mesh | Computing normals
Fra:1 Mem:15.99M (Peak 18.05M) | Time:00:00.01 | Mem:0.38M, Peak:0.51M | Scene, ViewLayer | Updating Mesh | Copying Mesh to device
Fra:1 Mem:15.99M (Peak 18.05M) | Time:00:00.01 | Mem:0.63M, Peak:0.63M | Scene, ViewLayer | Updating Objects Flags
Fra:1 Mem:15.99M (Peak 18.05M) | Time:00:00.01 | Mem:0.63M, Peak:0.63M | Scene, ViewLayer | Updating Primitive Offsets
Fra:1 Mem:15.99M (Peak 18.05M) | Time:00:00.01 | Mem:0.63M, Peak:0.63M | Scene, ViewLayer | Updating Images
Fra:1 Mem:15.99M (Peak 18.05M) | Time:00:00.01 | Mem:0.63M, Peak:0.63M | Scene, ViewLayer | Updating Camera Volume
Fra:1 Mem:15.99M (Peak 18.05M) | Time:00:00.01 | Mem:0.63M, Peak:0.63M | Scene, ViewLayer | Updating Lookup Tables
Fra:1 Mem:15.99M (Peak 18.05M) | Time:00:00.01 | Mem:0.71M, Peak:0.71M | Scene, ViewLayer | Updating Lights
Fra:1 Mem:15.99M (Peak 18.05M) | Time:00:00.01 | Mem:0.71M, Peak:0.71M | Scene, ViewLayer | Updating Lights | Computing tree
Fra:1 Mem:15.99M (Peak 18.05M) | Time:00:00.01 | Mem:0.71M, Peak:0.71M | Scene, ViewLayer | Updating Integrator
Fra:1 Mem:15.99M (Peak 18.05M) | Time:00:00.01 | Mem:0.71M, Peak:0.71M | Scene, ViewLayer | Updating Film
Fra:1 Mem:16.00M (Peak 18.05M) | Time:00:00.01 | Mem:0.63M, Peak:0.71M | Scene, ViewLayer | Updating Lookup Tables
Fra:1 Mem:16.00M (Peak 18.05M) | Time:00:00.01 | Mem:0.71M, Peak:0.71M | Scene, ViewLayer | Updating Baking
Fra:1 Mem:16.00M (Peak 18.05M) | Time:00:00.01 | Mem:0.71M, Peak:0.71M | Scene, ViewLayer | Updating Device | Writing constant memory
Fra:1 Mem:16.00M (Peak 18.05M) | Time:00:00.01 | Mem:0.71M, Peak:0.71M | Scene, ViewLayer | Sample 0/24
Fra:1 Mem:48.21M (Peak 48.21M) | Time:00:01.08 | Remaining:00:24.66 | Mem:32.92M, Peak:32.92M | Scene, ViewLayer | Sample 1/24
Fra:1 Mem:62.52M (Peak 91.15M) | Time:00:25.42 | Mem:32.92M, Peak:32.92M | Scene, ViewLayer | Sample 24/24
Fra:1 Mem:62.52M (Peak 91.15M) | Time:00:25.42 | Mem:32.92M, Peak:32.92M | Scene, ViewLayer | Finished
Saved: '/workspace/scratch/7c20b5ba4165/city-life-transit/tools/assets/city-life-pedestrians/qa/previews/background-lod1-front.png'
Time: 00:25.63 (Saving: 00:00.20)

Extensions: writing cache failed ([Errno 30] Read-only file system: '/home/agent/.config/blender').
11:01:10 | INFO: Data are loaded, start creating Blender stuff
11:01:10 | INFO: Blender create Mesh node pedestrian-commuter-merged-geometry
11:01:10 | INFO: glTF import finished in 0.01s
11:01:10 | INFO: Data are loaded, start creating Blender stuff
11:01:10 | INFO: Blender create Mesh node pedestrian-raincoat-merged-geometry
11:01:10 | INFO: glTF import finished in 0.01s
11:01:10 | INFO: Data are loaded, start creating Blender stuff
11:01:10 | INFO: Blender create Mesh node pedestrian-runner-merged-geometry
11:01:10 | INFO: glTF import finished in 0.00s
11:01:10 | INFO: Data are loaded, start creating Blender stuff
11:01:10 | INFO: Blender create Mesh node pedestrian-tote-merged-geometry
11:01:10 | INFO: glTF import finished in 0.01s
Fra:1 Mem:13.38M (Peak 13.38M) | Time:00:00.00 | Mem:0.00M, Peak:0.00M | Scene, ViewLayer | Synchronizing object | QA-ground
Fra:1 Mem:13.38M (Peak 13.38M) | Time:00:00.00 | Mem:0.00M, Peak:0.00M | Scene, ViewLayer | Synchronizing object | pedestrian-body
Fra:1 Mem:13.39M (Peak 13.39M) | Time:00:00.00 | Mem:0.00M, Peak:0.00M | Scene, ViewLayer | Synchronizing object | pedestrian-body.003
Fra:1 Mem:13.67M (Peak 13.67M) | Time:00:00.00 | Mem:0.00M, Peak:0.00M | Scene, ViewLayer | Synchronizing object | pedestrian-body.001
Fra:1 Mem:13.56M (Peak 13.67M) | Time:00:00.00 | Mem:0.00M, Peak:0.00M | Scene, ViewLayer | Synchronizing object | pedestrian-body.002
Fra:1 Mem:13.71M (Peak 13.71M) | Time:00:00.00 | Mem:0.00M, Peak:0.00M | Scene, ViewLayer | Initializing
Fra:1 Mem:13.21M (Peak 13.71M) | Time:00:00.00 | Mem:0.00M, Peak:0.00M | Scene, ViewLayer | Waiting for render to start
Fra:1 Mem:13.21M (Peak 13.71M) | Time:00:00.00 | Mem:0.00M, Peak:0.00M | Scene, ViewLayer | Loading render kernels (may take a few minutes the first time)
Fra:1 Mem:13.21M (Peak 13.71M) | Time:00:00.00 | Mem:0.00M, Peak:0.00M | Scene, ViewLayer | Updating Scene
Fra:1 Mem:13.21M (Peak 13.71M) | Time:00:00.00 | Mem:0.00M, Peak:0.00M | Scene, ViewLayer | Updating Shaders
Fra:1 Mem:13.30M (Peak 13.71M) | Time:00:00.00 | Mem:0.00M, Peak:0.00M | Scene, ViewLayer | Updating Procedurals
Fra:1 Mem:13.30M (Peak 13.71M) | Time:00:00.00 | Mem:0.00M, Peak:0.00M | Scene, ViewLayer | Updating Background
Fra:1 Mem:13.30M (Peak 13.71M) | Time:00:00.00 | Mem:0.00M, Peak:0.00M | Scene, ViewLayer | Updating Camera
Fra:1 Mem:13.30M (Peak 13.71M) | Time:00:00.00 | Mem:0.00M, Peak:0.00M | Scene, ViewLayer | Updating Meshes Flags
Fra:1 Mem:13.30M (Peak 13.71M) | Time:00:00.00 | Mem:0.00M, Peak:0.00M | Scene, ViewLayer | Updating Objects
Fra:1 Mem:13.30M (Peak 13.71M) | Time:00:00.00 | Mem:0.00M, Peak:0.00M | Scene, ViewLayer | Updating Objects | Copying Transformations to device
Fra:1 Mem:13.30M (Peak 13.71M) | Time:00:00.00 | Mem:0.01M, Peak:0.01M | Scene, ViewLayer | Updating Objects | Applying Static Transformations
Fra:1 Mem:13.30M (Peak 13.71M) | Time:00:00.00 | Mem:0.01M, Peak:0.01M | Scene, ViewLayer | Updating Particle Systems
Fra:1 Mem:13.30M (Peak 13.71M) | Time:00:00.00 | Mem:0.01M, Peak:0.01M | Scene, ViewLayer | Updating Particle Systems | Copying Particles to device
Fra:1 Mem:13.30M (Peak 13.71M) | Time:00:00.00 | Mem:0.01M, Peak:0.01M | Scene, ViewLayer | Updating Meshes
Fra:1 Mem:13.33M (Peak 13.71M) | Time:00:00.00 | Mem:0.01M, Peak:0.01M | Scene, ViewLayer | Updating Mesh | Computing attributes
Fra:1 Mem:13.41M (Peak 13.71M) | Time:00:00.00 | Mem:0.01M, Peak:0.01M | Scene, ViewLayer | Updating Mesh | Copying Attributes to device
Fra:1 Mem:13.41M (Peak 13.71M) | Time:00:00.00 | Mem:0.08M, Peak:0.08M | Scene, ViewLayer | Updating Scene BVH | Building
Fra:1 Mem:13.41M (Peak 13.71M) | Time:00:00.00 | Mem:0.08M, Peak:0.08M | Scene, ViewLayer | Updating Scene BVH | Building BVH
Fra:1 Mem:13.41M (Peak 13.71M) | Time:00:00.00 | Mem:0.14M, Peak:0.14M | Scene, ViewLayer | Updating Scene BVH | Building BVH 0%
Fra:1 Mem:13.41M (Peak 13.71M) | Time:00:00.00 | Mem:0.19M, Peak:0.25M | Scene, ViewLayer | Updating Scene BVH | Copying BVH to device
Fra:1 Mem:13.41M (Peak 13.71M) | Time:00:00.00 | Mem:0.19M, Peak:0.25M | Scene, ViewLayer | Updating Mesh | Computing normals
Fra:1 Mem:13.60M (Peak 13.71M) | Time:00:00.00 | Mem:0.19M, Peak:0.25M | Scene, ViewLayer | Updating Mesh | Copying Mesh to device
Fra:1 Mem:13.60M (Peak 13.71M) | Time:00:00.00 | Mem:0.38M, Peak:0.38M | Scene, ViewLayer | Updating Objects Flags
Fra:1 Mem:13.60M (Peak 13.71M) | Time:00:00.00 | Mem:0.38M, Peak:0.38M | Scene, ViewLayer | Updating Primitive Offsets
Fra:1 Mem:13.60M (Peak 13.71M) | Time:00:00.00 | Mem:0.38M, Peak:0.38M | Scene, ViewLayer | Updating Images
Fra:1 Mem:13.60M (Peak 13.71M) | Time:00:00.00 | Mem:0.38M, Peak:0.38M | Scene, ViewLayer | Updating Camera Volume
Fra:1 Mem:13.60M (Peak 13.71M) | Time:00:00.00 | Mem:0.38M, Peak:0.38M | Scene, ViewLayer | Updating Lookup Tables
Fra:1 Mem:13.60M (Peak 13.71M) | Time:00:00.00 | Mem:0.46M, Peak:0.46M | Scene, ViewLayer | Updating Lights
Fra:1 Mem:13.60M (Peak 13.71M) | Time:00:00.00 | Mem:0.47M, Peak:0.47M | Scene, ViewLayer | Updating Lights | Computing tree
Fra:1 Mem:13.60M (Peak 13.71M) | Time:00:00.00 | Mem:0.47M, Peak:0.47M | Scene, ViewLayer | Updating Integrator
Fra:1 Mem:13.60M (Peak 13.71M) | Time:00:00.00 | Mem:0.47M, Peak:0.47M | Scene, ViewLayer | Updating Film
Fra:1 Mem:13.60M (Peak 13.71M) | Time:00:00.00 | Mem:0.38M, Peak:0.47M | Scene, ViewLayer | Updating Lookup Tables
Fra:1 Mem:13.60M (Peak 13.71M) | Time:00:00.00 | Mem:0.47M, Peak:0.47M | Scene, ViewLayer | Updating Baking
Fra:1 Mem:13.60M (Peak 13.71M) | Time:00:00.00 | Mem:0.47M, Peak:0.47M | Scene, ViewLayer | Updating Device | Writing constant memory
Fra:1 Mem:13.60M (Peak 13.71M) | Time:00:00.00 | Mem:0.47M, Peak:0.47M | Scene, ViewLayer | Sample 0/24
Fra:1 Mem:45.81M (Peak 45.81M) | Time:00:01.09 | Remaining:00:25.17 | Mem:32.67M, Peak:32.67M | Scene, ViewLayer | Sample 1/24
Fra:1 Mem:60.13M (Peak 88.75M) | Time:00:26.54 | Mem:32.67M, Peak:32.67M | Scene, ViewLayer | Sample 24/24
Fra:1 Mem:60.13M (Peak 88.75M) | Time:00:26.54 | Mem:32.67M, Peak:32.67M | Scene, ViewLayer | Finished
Saved: '/workspace/scratch/7c20b5ba4165/city-life-transit/tools/assets/city-life-pedestrians/qa/previews/background-lod0-rear.png'
Time: 00:26.73 (Saving: 00:00.19)


Blender quit
