ERROR Draco mesh compression is not available because library could not be found at /usr/bin/4.3/python/lib/python3.13/site-packages/libextern_draco.so
10:59:47 | INFO: Starting glTF 2.0 export
10:59:47 | INFO: Extracting primitive: pedestrian-commuter-merged-geometry
10:59:47 | INFO: Primitives created: 1
10:59:47 | INFO: Finished glTF 2.0 export in 0.013659000396728516 s

10:59:47 | INFO: Starting glTF 2.0 export
10:59:47 | INFO: Extracting primitive: pedestrian-commuter-merged-geometry
10:59:47 | INFO: Primitives created: 1
10:59:47 | INFO: Finished glTF 2.0 export in 0.005736351013183594 s

10:59:47 | INFO: Starting glTF 2.0 export
10:59:47 | INFO: Extracting primitive: pedestrian-raincoat-merged-geometry
10:59:47 | INFO: Primitives created: 1
10:59:47 | INFO: Finished glTF 2.0 export in 0.008046627044677734 s

10:59:47 | INFO: Starting glTF 2.0 export
10:59:47 | INFO: Extracting primitive: pedestrian-raincoat-merged-geometry
10:59:47 | INFO: Primitives created: 1
10:59:47 | INFO: Finished glTF 2.0 export in 0.006331682205200195 s

10:59:47 | INFO: Starting glTF 2.0 export
10:59:47 | INFO: Extracting primitive: pedestrian-runner-merged-geometry
10:59:47 | INFO: Primitives created: 1
10:59:47 | INFO: Finished glTF 2.0 export in 0.006209373474121094 s

10:59:47 | INFO: Starting glTF 2.0 export
10:59:47 | INFO: Extracting primitive: pedestrian-runner-merged-geometry
10:59:47 | INFO: Primitives created: 1
10:59:47 | INFO: Finished glTF 2.0 export in 0.009020805358886719 s

10:59:47 | INFO: Starting glTF 2.0 export
10:59:47 | INFO: Extracting primitive: pedestrian-tote-merged-geometry
10:59:47 | INFO: Primitives created: 1
10:59:47 | INFO: Finished glTF 2.0 export in 0.00931692123413086 s

10:59:47 | INFO: Starting glTF 2.0 export
10:59:47 | INFO: Extracting primitive: pedestrian-tote-merged-geometry
10:59:47 | INFO: Primitives created: 1
10:59:47 | INFO: Finished glTF 2.0 export in 0.005268573760986328 s

Info: Saved "modified.blend"
10:59:47 | INFO: Starting glTF 2.0 export
10:59:47 | INFO: Extracting primitive: pedestrian-commuter-merged-geometry
10:59:47 | INFO: Primitives created: 1
10:59:47 | INFO: Finished glTF 2.0 export in 0.006921529769897461 s

PEDESTRIAN_SOURCE_AUDIT_PASS
Blender 4.3.2
Read blend: "/workspace/scratch/7c20b5ba4165/city-life-transit/tools/assets/city-life-pedestrians/source/pedestrian-commuter.lod0.blend"
Read blend: "/workspace/scratch/7c20b5ba4165/city-life-transit/tools/assets/city-life-pedestrians/source/pedestrian-commuter.lod1.blend"
Read blend: "/workspace/scratch/7c20b5ba4165/city-life-transit/tools/assets/city-life-pedestrians/source/pedestrian-raincoat.lod0.blend"
Read blend: "/workspace/scratch/7c20b5ba4165/city-life-transit/tools/assets/city-life-pedestrians/source/pedestrian-raincoat.lod1.blend"
Read blend: "/workspace/scratch/7c20b5ba4165/city-life-transit/tools/assets/city-life-pedestrians/source/pedestrian-runner.lod0.blend"
Read blend: "/workspace/scratch/7c20b5ba4165/city-life-transit/tools/assets/city-life-pedestrians/source/pedestrian-runner.lod1.blend"
Read blend: "/workspace/scratch/7c20b5ba4165/city-life-transit/tools/assets/city-life-pedestrians/source/pedestrian-tote.lod0.blend"
Read blend: "/workspace/scratch/7c20b5ba4165/city-life-transit/tools/assets/city-life-pedestrians/source/pedestrian-tote.lod1.blend"
Read blend: "/workspace/scratch/7c20b5ba4165/city-life-transit/tools/assets/city-life-pedestrians/source/pedestrian-commuter.lod0.blend"
Read blend: "/tmp/pedestrian-source-audit-ec88v8be/modified.blend"

Blender quit
