Extensions: writing cache failed ([Errno 30] Read-only file system: '/home/agent/.config/blender').
Info: Saved "cedar-bench.lod0.blend"
ERROR Draco mesh compression is not available because library could not be found at /usr/bin/4.3/python/lib/python3.13/site-packages/libextern_draco.so
15:54:15 | INFO: Starting glTF 2.0 export
15:54:15 | INFO: Extracting primitive: Cylinder
15:54:15 | INFO: Primitives created: 1
15:54:15 | INFO: Extracting primitive: Cube
15:54:15 | INFO: Primitives created: 1
15:54:15 | INFO: Finished glTF 2.0 export in 0.00994253158569336 s

ASSET cedar-bench.lod0 756 74304 {'min': [-1.0099999904632568, -1.966970300526505e-08, -0.3995785852887267], 'max': [1.0099999904632568, 0.9853602945804596, 0.30000000300346763], 'size': [2.0199999809265137, 0.9853603142501626, 0.6995785882921943]}
Extensions: writing cache failed ([Errno 30] Read-only file system: '/home/agent/.config/blender').
Info: Saved "cedar-bench.lod1.blend"
15:54:15 | INFO: Starting glTF 2.0 export
15:54:15 | INFO: Extracting primitive: grounded-splayed-leg
15:54:15 | INFO: Primitives created: 1
15:54:15 | INFO: Extracting primitive: Cube
15:54:15 | INFO: Primitives created: 1
15:54:15 | INFO: Finished glTF 2.0 export in 0.007233142852783203 s

ASSET cedar-bench.lod1 200 22512 {'min': [-1.0099999904632568, 0.0, -0.40095970034599304], 'max': [1.0099999904632568, 0.984935075044632, 0.30000001192092896], 'size': [2.0199999809265137, 0.984935075044632, 0.700959712266922]}
Extensions: writing cache failed ([Errno 30] Read-only file system: '/home/agent/.config/blender').
Info: Saved "heritage-lamp.lod0.blend"
15:54:15 | INFO: Starting glTF 2.0 export
15:54:15 | INFO: Extracting primitive: Cast lamp pedestal
15:54:15 | INFO: Primitives created: 1
15:54:15 | INFO: Extracting primitive: Warm frosted lantern
15:54:15 | INFO: Primitives created: 1
15:54:15 | INFO: Finished glTF 2.0 export in 0.009387731552124023 s

ASSET heritage-lamp.lod0 1292 129672 {'min': [-1.0649999380111694, 0.0, -0.23499999940395355], 'max': [1.0649999380111694, 4.489999771118164, 0.23499999940395355], 'size': [2.129999876022339, 4.489999771118164, 0.4699999988079071]}
Extensions: writing cache failed ([Errno 30] Read-only file system: '/home/agent/.config/blender').
Info: Saved "heritage-lamp.lod1.blend"
15:54:15 | INFO: Starting glTF 2.0 export
15:54:15 | INFO: Extracting primitive: heritage-post
15:54:15 | INFO: Primitives created: 1
15:54:15 | INFO: Extracting primitive: diffuser
15:54:15 | INFO: Primitives created: 1
15:54:15 | INFO: Finished glTF 2.0 export in 0.00708770751953125 s

ASSET heritage-lamp.lod1 228 26336 {'min': [-1.059809684753418, 0.0, -0.2298096865415573], 'max': [1.059809684753418, 4.489999771118164, 0.2298096865415573], 'size': [2.119619369506836, 4.489999771118164, 0.4596193730831146]}
Extensions: writing cache failed ([Errno 30] Read-only file system: '/home/agent/.config/blender').
Info: Saved "transit-shelter.lod0.blend"
Warning: No mesh data to join
15:54:16 | INFO: Starting glTF 2.0 export
15:54:16 | INFO: Extracting primitive: Cube
15:54:16 | INFO: Primitives created: 1
15:54:16 | INFO: Extracting primitive: Cube.008
15:54:16 | INFO: Primitives created: 1
15:54:16 | INFO: Extracting primitive: Cube.050
15:54:16 | INFO: Primitives created: 1
15:54:16 | INFO: Extracting primitive: Cube.051
15:54:16 | INFO: Primitives created: 1
15:54:16 | INFO: Finished glTF 2.0 export in 0.015513181686401367 s

ASSET transit-shelter.lod0 2164 228404 {'min': [-2.2799999713897705, 0.0, -1.5199999529868364], 'max': [2.2799997329711914, 2.819999847561121, 0.34000000171363354], 'size': [4.559999704360962, 2.819999847561121, 1.85999995470047]}
Extensions: writing cache failed ([Errno 30] Read-only file system: '/home/agent/.config/blender').
Info: Saved "transit-shelter.lod1.blend"
Warning: No mesh data to join
15:54:16 | INFO: Starting glTF 2.0 export
15:54:16 | INFO: Extracting primitive: Cube
15:54:16 | INFO: Primitives created: 1
15:54:16 | INFO: Extracting primitive: Cube.008
15:54:16 | INFO: Primitives created: 1
15:54:16 | INFO: Extracting primitive: Cube.023
15:54:16 | INFO: Primitives created: 1
15:54:16 | INFO: Extracting primitive: Cube.024
15:54:16 | INFO: Primitives created: 1
15:54:16 | INFO: Finished glTF 2.0 export in 0.012666463851928711 s

ASSET transit-shelter.lod1 584 63844 {'min': [-2.2799999713897705, 0.0, -1.5199999529868364], 'max': [2.2799997329711914, 2.819999847561121, 0.34000000171363354], 'size': [4.559999704360962, 2.819999847561121, 1.85999995470047]}
Extensions: writing cache failed ([Errno 30] Read-only file system: '/home/agent/.config/blender').
Info: Saved "arterial-lamp-8m.lod0.blend"
Warning: No mesh data to join
15:54:16 | INFO: Starting glTF 2.0 export
15:54:16 | INFO: Extracting primitive: arterial-tapered-pole
15:54:16 | INFO: Primitives created: 1
15:54:16 | INFO: Extracting primitive: Cube.002
15:54:16 | INFO: Primitives created: 1
15:54:16 | INFO: Finished glTF 2.0 export in 0.0067255496978759766 s

ASSET arterial-lamp-8m.lod0 252 29144 {'min': [-0.15000000596046448, 0.0, -0.17000000178813934], 'max': [1.7599999904632568, 8.0, 0.17000000178813934], 'size': [1.9099999964237213, 8.0, 0.3400000035762787]}
Extensions: writing cache failed ([Errno 30] Read-only file system: '/home/agent/.config/blender').
Info: Saved "arterial-lamp-8m.lod1.blend"
Warning: No mesh data to join
15:54:16 | INFO: Starting glTF 2.0 export
15:54:16 | INFO: Extracting primitive: arterial-tapered-pole
15:54:16 | INFO: Primitives created: 1
15:54:16 | INFO: Extracting primitive: Cube.002
15:54:16 | INFO: Primitives created: 1
15:54:16 | INFO: Finished glTF 2.0 export in 0.007040500640869141 s

ASSET arterial-lamp-8m.lod1 108 13576 {'min': [-0.15000000596046448, 0.0, -0.17000000178813934], 'max': [1.7599999904632568, 8.0, 0.17000000178813934], 'size': [1.9099999964237213, 8.0, 0.3400000035762787]}
Extensions: writing cache failed ([Errno 30] Read-only file system: '/home/agent/.config/blender').
Info: Saved "garbage-bin.lod0.blend"
15:54:16 | INFO: Starting glTF 2.0 export
15:54:16 | INFO: Extracting primitive: Cube
15:54:16 | INFO: Primitives created: 1
15:54:16 | INFO: Finished glTF 2.0 export in 0.004888772964477539 s

ASSET garbage-bin.lod0 528 60184 {'min': [-0.28999999165534973, 0.0, -0.28999999165534973], 'max': [0.28999999165534973, 0.9700000286102295, 0.28999996185302734], 'size': [0.5799999833106995, 0.9700000286102295, 0.5799999535083771]}
Extensions: writing cache failed ([Errno 30] Read-only file system: '/home/agent/.config/blender').
Info: Saved "garbage-bin.lod1.blend"
15:54:16 | INFO: Starting glTF 2.0 export
15:54:16 | INFO: Extracting primitive: Cube
15:54:16 | INFO: Primitives created: 1
15:54:16 | INFO: Finished glTF 2.0 export in 0.004049777984619141 s

ASSET garbage-bin.lod1 96 11500 {'min': [-0.28999999165534973, 0.0, -0.28999999165534973], 'max': [0.28999999165534973, 0.9700000286102295, 0.28999996185302734], 'size': [0.5799999833106995, 0.9700000286102295, 0.5799999535083771]}
Extensions: writing cache failed ([Errno 30] Read-only file system: '/home/agent/.config/blender').
Info: Saved "fire-hydrant.lod0.blend"
15:54:16 | INFO: Starting glTF 2.0 export
15:54:16 | INFO: Extracting primitive: hydrant-body
15:54:16 | INFO: Primitives created: 1
15:54:16 | INFO: Finished glTF 2.0 export in 0.004450321197509766 s

ASSET fire-hydrant.lod0 320 35484 {'min': [-0.2750000059604645, 0.0, -0.18000000715255737], 'max': [0.2750000059604645, 0.8540000319480896, 0.23000001907348633], 'size': [0.550000011920929, 0.8540000319480896, 0.4100000262260437]}
Extensions: writing cache failed ([Errno 30] Read-only file system: '/home/agent/.config/blender').
Info: Saved "fire-hydrant.lod1.blend"
15:54:16 | INFO: Starting glTF 2.0 export
15:54:16 | INFO: Extracting primitive: hydrant-body
15:54:16 | INFO: Primitives created: 1
15:54:16 | INFO: Finished glTF 2.0 export in 0.0042667388916015625 s

ASSET fire-hydrant.lod1 192 21516 {'min': [-0.2750000059604645, 0.0, -0.18000000715255737], 'max': [0.2750000059604645, 0.8540000319480896, 0.23000001907348633], 'size': [0.550000011920929, 0.8540000319480896, 0.4100000262260437]}
Extensions: writing cache failed ([Errno 30] Read-only file system: '/home/agent/.config/blender').
Info: Saved "bicycle-rack.lod0.blend"
15:54:16 | INFO: Starting glTF 2.0 export
15:54:16 | INFO: Extracting primitive: Cylinder
15:54:16 | INFO: Primitives created: 1
15:54:16 | INFO: Finished glTF 2.0 export in 0.004586219787597656 s

ASSET bicycle-rack.lod0 228 23864 {'min': [-0.4850000098270286, 0.0, -0.08500000545391731], 'max': [0.4850000321787884, 0.8400000333786011, 0.08500000386656417], 'size': [0.970000042005817, 0.8400000333786011, 0.17000000932048148]}
Extensions: writing cache failed ([Errno 30] Read-only file system: '/home/agent/.config/blender').
Info: Saved "bicycle-rack.lod1.blend"
15:54:16 | INFO: Starting glTF 2.0 export
15:54:16 | INFO: Extracting primitive: Cylinder
15:54:16 | INFO: Primitives created: 1
15:54:16 | INFO: Finished glTF 2.0 export in 0.0041162967681884766 s

ASSET bicycle-rack.lod1 84 10516 {'min': [-0.4850000089210542, 0.0, -0.08500000454794517], 'max': [0.485000031272814, 0.8400000333786011, 0.08500000296058977], 'size': [0.9700000401938682, 0.8400000333786011, 0.17000000750853494]}
Extensions: writing cache failed ([Errno 30] Read-only file system: '/home/agent/.config/blender').
Info: Saved "bollard.lod0.blend"
Warning: No mesh data to join
Warning: No mesh data to join
15:54:16 | INFO: Starting glTF 2.0 export
15:54:16 | INFO: Extracting primitive: bollard-shell
15:54:16 | INFO: Primitives created: 1
15:54:16 | INFO: Extracting primitive: reflective-band
15:54:16 | INFO: Primitives created: 1
15:54:16 | INFO: Finished glTF 2.0 export in 0.006873369216918945 s

ASSET bollard.lod0 160 17676 {'min': [-0.0949999988079071, 0.0, -0.0949999988079071], 'max': [0.0949999988079071, 0.8999999761581421, 0.0949999988079071], 'size': [0.1899999976158142, 0.8999999761581421, 0.1899999976158142]}
Extensions: writing cache failed ([Errno 30] Read-only file system: '/home/agent/.config/blender').
Info: Saved "bollard.lod1.blend"
Warning: No mesh data to join
Warning: No mesh data to join
15:54:16 | INFO: Starting glTF 2.0 export
15:54:16 | INFO: Extracting primitive: bollard-shell
15:54:16 | INFO: Primitives created: 1
15:54:16 | INFO: Extracting primitive: reflective-band
15:54:16 | INFO: Primitives created: 1
15:54:16 | INFO: Finished glTF 2.0 export in 0.0065381526947021484 s

ASSET bollard.lod1 104 12724 {'min': [-0.0949999988079071, 0.0, -0.0949999988079071], 'max': [0.0949999988079071, 0.8999999761581421, 0.0949999988079071], 'size': [0.1899999976158142, 0.8999999761581421, 0.1899999976158142]}
Blender 4.3.2
Read blend: "/workspace/scratch/7c20b5ba4165/atlas-backlog-oct3/tools/assets/street-furniture-expansion/source/cedar-bench.lod0.blend"
Read blend: "/workspace/scratch/7c20b5ba4165/atlas-backlog-oct3/tools/assets/street-furniture-expansion/source/cedar-bench.lod1.blend"
Read blend: "/workspace/scratch/7c20b5ba4165/atlas-backlog-oct3/tools/assets/street-furniture-expansion/source/heritage-lamp.lod0.blend"
Read blend: "/workspace/scratch/7c20b5ba4165/atlas-backlog-oct3/tools/assets/street-furniture-expansion/source/heritage-lamp.lod1.blend"
Read blend: "/workspace/scratch/7c20b5ba4165/atlas-backlog-oct3/tools/assets/street-furniture-expansion/source/transit-shelter.lod0.blend"
Read blend: "/workspace/scratch/7c20b5ba4165/atlas-backlog-oct3/tools/assets/street-furniture-expansion/source/transit-shelter.lod1.blend"
Read blend: "/workspace/scratch/7c20b5ba4165/atlas-backlog-oct3/tools/assets/street-furniture-expansion/source/arterial-lamp-8m.lod0.blend"
Read blend: "/workspace/scratch/7c20b5ba4165/atlas-backlog-oct3/tools/assets/street-furniture-expansion/source/arterial-lamp-8m.lod1.blend"
Read blend: "/workspace/scratch/7c20b5ba4165/atlas-backlog-oct3/tools/assets/street-furniture-expansion/source/garbage-bin.lod0.blend"
Read blend: "/workspace/scratch/7c20b5ba4165/atlas-backlog-oct3/tools/assets/street-furniture-expansion/source/garbage-bin.lod1.blend"
Read blend: "/workspace/scratch/7c20b5ba4165/atlas-backlog-oct3/tools/assets/street-furniture-expansion/source/fire-hydrant.lod0.blend"
Read blend: "/workspace/scratch/7c20b5ba4165/atlas-backlog-oct3/tools/assets/street-furniture-expansion/source/fire-hydrant.lod1.blend"
Read blend: "/workspace/scratch/7c20b5ba4165/atlas-backlog-oct3/tools/assets/street-furniture-expansion/source/bicycle-rack.lod0.blend"
Read blend: "/workspace/scratch/7c20b5ba4165/atlas-backlog-oct3/tools/assets/street-furniture-expansion/source/bicycle-rack.lod1.blend"
Read blend: "/workspace/scratch/7c20b5ba4165/atlas-backlog-oct3/tools/assets/street-furniture-expansion/source/bollard.lod0.blend"
Read blend: "/workspace/scratch/7c20b5ba4165/atlas-backlog-oct3/tools/assets/street-furniture-expansion/source/bollard.lod1.blend"

Blender quit
