ERROR Draco mesh compression is not available because library could not be found at /usr/bin/4.3/python/lib/python3.13/site-packages/libextern_draco.so
16:28:26 | INFO: Starting glTF 2.0 export
16:28:26 | INFO: Extracting primitive: curb-body-editable.001
16:28:26 | INFO: Primitives created: 1
16:28:26 | INFO: Finished glTF 2.0 export in 0.004838466644287109 s

16:28:27 | INFO: Starting glTF 2.0 export
16:28:27 | INFO: Extracting primitive: curb-body-editable.001
16:28:27 | WARNING: More than one shader node tex image used for a texture. The resulting glTF sampler will behave like the first shader node tex image.
16:28:27 | INFO: Primitives created: 1
16:28:27 | INFO: Finished glTF 2.0 export in 0.009740591049194336 s

16:28:27 | INFO: Starting glTF 2.0 export
16:28:27 | INFO: Extracting primitive: curb-body-editable
16:28:27 | INFO: Primitives created: 1
16:28:27 | INFO: Finished glTF 2.0 export in 0.0032591819763183594 s

16:28:27 | INFO: Starting glTF 2.0 export
16:28:27 | INFO: Extracting primitive: curb-body-editable
16:28:27 | WARNING: More than one shader node tex image used for a texture. The resulting glTF sampler will behave like the first shader node tex image.
16:28:27 | INFO: Primitives created: 1
16:28:27 | INFO: Finished glTF 2.0 export in 0.01014256477355957 s

16:28:27 | INFO: Starting glTF 2.0 export
16:28:27 | INFO: Extracting primitive: perennial-rosette-leaves-editable
16:28:27 | INFO: Primitives created: 1
16:28:27 | INFO: Finished glTF 2.0 export in 0.0031845569610595703 s

16:28:27 | INFO: Starting glTF 2.0 export
16:28:27 | INFO: Extracting primitive: perennial-rosette-leaves-editable
16:28:27 | INFO: Primitives created: 1
16:28:27 | INFO: Finished glTF 2.0 export in 0.0033445358276367188 s

16:28:27 | INFO: Starting glTF 2.0 export
16:28:27 | INFO: Extracting primitive: perennial-rosette-leaves-editable
16:28:27 | INFO: Primitives created: 1
16:28:27 | INFO: Finished glTF 2.0 export in 0.003835916519165039 s

16:28:27 | INFO: Starting glTF 2.0 export
16:28:27 | INFO: Extracting primitive: perennial-rosette-leaves-editable
16:28:27 | INFO: Primitives created: 1
16:28:27 | INFO: Finished glTF 2.0 export in 0.0031011104583740234 s

16:28:27 | INFO: Starting glTF 2.0 export
16:28:27 | INFO: Extracting primitive: perennial-tuft-leaves-editable
16:28:27 | INFO: Primitives created: 1
16:28:27 | INFO: Finished glTF 2.0 export in 0.0035796165466308594 s

16:28:27 | INFO: Starting glTF 2.0 export
16:28:27 | INFO: Extracting primitive: perennial-tuft-leaves-editable
16:28:27 | INFO: Primitives created: 1
16:28:27 | INFO: Finished glTF 2.0 export in 0.00333404541015625 s

16:28:27 | INFO: Starting glTF 2.0 export
16:28:27 | INFO: Extracting primitive: perennial-tuft-leaves-editable
16:28:27 | INFO: Primitives created: 1
16:28:27 | INFO: Finished glTF 2.0 export in 0.003485441207885742 s

16:28:27 | INFO: Starting glTF 2.0 export
16:28:27 | INFO: Extracting primitive: perennial-tuft-leaves-editable
16:28:27 | INFO: Primitives created: 1
16:28:27 | INFO: Finished glTF 2.0 export in 0.0030059814453125 s

16:28:27 | INFO: Starting glTF 2.0 export
16:28:27 | INFO: Extracting primitive: planter-round-hollow-shell-editable.001
16:28:27 | INFO: Primitives created: 2
16:28:27 | INFO: Finished glTF 2.0 export in 0.00645136833190918 s

16:28:27 | INFO: Starting glTF 2.0 export
16:28:27 | INFO: Extracting primitive: planter-round-hollow-shell-editable.001
16:28:27 | WARNING: More than one shader node tex image used for a texture. The resulting glTF sampler will behave like the first shader node tex image.
16:28:27 | WARNING: More than one shader node tex image used for a texture. The resulting glTF sampler will behave like the first shader node tex image.
16:28:27 | INFO: Primitives created: 2
16:28:27 | INFO: Finished glTF 2.0 export in 0.026719093322753906 s

16:28:27 | INFO: Starting glTF 2.0 export
16:28:27 | INFO: Extracting primitive: planter-round-hollow-shell-editable.001
16:28:27 | INFO: Primitives created: 2
16:28:27 | INFO: Finished glTF 2.0 export in 0.005826473236083984 s

16:28:27 | INFO: Starting glTF 2.0 export
16:28:27 | INFO: Extracting primitive: planter-round-hollow-shell-editable.001
16:28:27 | WARNING: More than one shader node tex image used for a texture. The resulting glTF sampler will behave like the first shader node tex image.
16:28:27 | WARNING: More than one shader node tex image used for a texture. The resulting glTF sampler will behave like the first shader node tex image.
16:28:27 | INFO: Primitives created: 2
16:28:27 | INFO: Finished glTF 2.0 export in 0.0236663818359375 s

16:28:27 | INFO: Starting glTF 2.0 export
16:28:27 | INFO: Extracting primitive: planter-trough-hollow-shell-editable
16:28:27 | INFO: Primitives created: 2
16:28:27 | INFO: Finished glTF 2.0 export in 0.005878448486328125 s

16:28:27 | INFO: Starting glTF 2.0 export
16:28:27 | INFO: Extracting primitive: planter-trough-hollow-shell-editable
16:28:27 | WARNING: More than one shader node tex image used for a texture. The resulting glTF sampler will behave like the first shader node tex image.
16:28:27 | WARNING: More than one shader node tex image used for a texture. The resulting glTF sampler will behave like the first shader node tex image.
16:28:27 | INFO: Primitives created: 2
16:28:27 | INFO: Finished glTF 2.0 export in 0.022647857666015625 s

16:28:27 | INFO: Starting glTF 2.0 export
16:28:27 | INFO: Extracting primitive: planter-trough-hollow-shell-editable
16:28:27 | INFO: Primitives created: 2
16:28:27 | INFO: Finished glTF 2.0 export in 0.005583047866821289 s

16:28:27 | INFO: Starting glTF 2.0 export
16:28:27 | INFO: Extracting primitive: planter-trough-hollow-shell-editable
16:28:27 | WARNING: More than one shader node tex image used for a texture. The resulting glTF sampler will behave like the first shader node tex image.
16:28:27 | WARNING: More than one shader node tex image used for a texture. The resulting glTF sampler will behave like the first shader node tex image.
16:28:27 | INFO: Primitives created: 2
16:28:27 | INFO: Finished glTF 2.0 export in 0.023118972778320312 s

16:28:27 | INFO: Starting glTF 2.0 export
16:28:27 | INFO: Extracting primitive: soil-grass-edge-surface-editable
16:28:27 | INFO: Primitives created: 1
16:28:27 | INFO: Finished glTF 2.0 export in 0.003998517990112305 s

16:28:27 | INFO: Starting glTF 2.0 export
16:28:27 | INFO: Extracting primitive: soil-grass-edge-surface-editable
16:28:27 | WARNING: More than one shader node tex image used for a texture. The resulting glTF sampler will behave like the first shader node tex image.
16:28:27 | INFO: Primitives created: 1
16:28:27 | INFO: Finished glTF 2.0 export in 0.01946091651916504 s

16:28:27 | INFO: Starting glTF 2.0 export
16:28:27 | INFO: Extracting primitive: soil-grass-edge-surface-editable
16:28:27 | INFO: Primitives created: 1
16:28:27 | INFO: Finished glTF 2.0 export in 0.0038046836853027344 s

16:28:27 | INFO: Starting glTF 2.0 export
16:28:27 | INFO: Extracting primitive: soil-grass-edge-surface-editable
16:28:27 | WARNING: More than one shader node tex image used for a texture. The resulting glTF sampler will behave like the first shader node tex image.
16:28:27 | INFO: Primitives created: 1
16:28:27 | INFO: Finished glTF 2.0 export in 0.01935577392578125 s

16:28:28 | INFO: Starting glTF 2.0 export
16:28:28 | INFO: Extracting primitive: asphalt-study-10m-editable
16:28:28 | WARNING: More than one shader node tex image used for a texture. The resulting glTF sampler will behave like the first shader node tex image.
16:28:28 | INFO: Primitives created: 1
16:28:28 | INFO: Finished glTF 2.0 export in 0.009594202041625977 s

16:28:28 | INFO: Starting glTF 2.0 export
16:28:28 | INFO: Extracting primitive: asphalt-study-2m-editable
16:28:28 | WARNING: More than one shader node tex image used for a texture. The resulting glTF sampler will behave like the first shader node tex image.
16:28:28 | INFO: Primitives created: 1
16:28:28 | INFO: Finished glTF 2.0 export in 0.00831294059753418 s

16:28:28 | INFO: Starting glTF 2.0 export
16:28:28 | INFO: Extracting primitive: concrete-study-10m-editable
16:28:28 | WARNING: More than one shader node tex image used for a texture. The resulting glTF sampler will behave like the first shader node tex image.
16:28:28 | INFO: Primitives created: 1
16:28:28 | INFO: Finished glTF 2.0 export in 0.00811147689819336 s

16:28:28 | INFO: Starting glTF 2.0 export
16:28:28 | INFO: Extracting primitive: concrete-study-2m-editable
16:28:28 | WARNING: More than one shader node tex image used for a texture. The resulting glTF sampler will behave like the first shader node tex image.
16:28:28 | INFO: Primitives created: 1
16:28:28 | INFO: Finished glTF 2.0 export in 0.0077593326568603516 s

16:28:28 | INFO: Starting glTF 2.0 export
16:28:28 | INFO: Extracting primitive: grass-study-10m-editable
16:28:28 | WARNING: More than one shader node tex image used for a texture. The resulting glTF sampler will behave like the first shader node tex image.
16:28:28 | INFO: Primitives created: 1
16:28:28 | INFO: Finished glTF 2.0 export in 0.017444849014282227 s

16:28:28 | INFO: Starting glTF 2.0 export
16:28:28 | INFO: Extracting primitive: grass-study-2m-editable
16:28:28 | WARNING: More than one shader node tex image used for a texture. The resulting glTF sampler will behave like the first shader node tex image.
16:28:28 | INFO: Primitives created: 1
16:28:28 | INFO: Finished glTF 2.0 export in 0.017342090606689453 s

16:28:28 | INFO: Starting glTF 2.0 export
16:28:28 | INFO: Extracting primitive: sand-study-10m-editable
16:28:28 | WARNING: More than one shader node tex image used for a texture. The resulting glTF sampler will behave like the first shader node tex image.
16:28:28 | INFO: Primitives created: 1
16:28:28 | INFO: Finished glTF 2.0 export in 0.013340234756469727 s

16:28:28 | INFO: Starting glTF 2.0 export
16:28:28 | INFO: Extracting primitive: sand-study-2m-editable
16:28:28 | WARNING: More than one shader node tex image used for a texture. The resulting glTF sampler will behave like the first shader node tex image.
16:28:28 | INFO: Primitives created: 1
16:28:28 | INFO: Finished glTF 2.0 export in 0.019934654235839844 s

16:28:28 | INFO: Starting glTF 2.0 export
16:28:28 | INFO: Extracting primitive: soil-study-10m-editable
16:28:28 | WARNING: More than one shader node tex image used for a texture. The resulting glTF sampler will behave like the first shader node tex image.
16:28:28 | INFO: Primitives created: 1
16:28:28 | INFO: Finished glTF 2.0 export in 0.0163729190826416 s

16:28:28 | INFO: Starting glTF 2.0 export
16:28:28 | INFO: Extracting primitive: soil-study-2m-editable
16:28:28 | WARNING: More than one shader node tex image used for a texture. The resulting glTF sampler will behave like the first shader node tex image.
16:28:28 | INFO: Primitives created: 1
16:28:28 | INFO: Finished glTF 2.0 export in 0.01884937286376953 s

16:28:29 | INFO: Starting glTF 2.0 export
16:28:29 | INFO: Extracting primitive: street-brick-study-10m-editable
16:28:29 | WARNING: More than one shader node tex image used for a texture. The resulting glTF sampler will behave like the first shader node tex image.
16:28:29 | INFO: Primitives created: 1
16:28:29 | INFO: Finished glTF 2.0 export in 0.009245634078979492 s

16:28:29 | INFO: Starting glTF 2.0 export
16:28:29 | INFO: Extracting primitive: street-brick-study-2m-editable
16:28:29 | WARNING: More than one shader node tex image used for a texture. The resulting glTF sampler will behave like the first shader node tex image.
16:28:29 | INFO: Primitives created: 1
16:28:29 | INFO: Finished glTF 2.0 export in 0.008042335510253906 s

Info: Saved "curb-straight-1m.lod0.blend"
16:28:29 | INFO: Starting glTF 2.0 export
16:28:29 | INFO: Extracting primitive: curb-body-editable.001
16:28:29 | INFO: Primitives created: 1
16:28:29 | INFO: Finished glTF 2.0 export in 0.003646373748779297 s

16:28:30 | INFO: Starting glTF 2.0 export
16:28:30 | INFO: Extracting primitive: curb-body-editable.001
16:28:30 | WARNING: More than one shader node tex image used for a texture. The resulting glTF sampler will behave like the first shader node tex image.
16:28:30 | INFO: Primitives created: 1
16:28:30 | INFO: Finished glTF 2.0 export in 0.009376287460327148 s

Info: Saved "planter-trough.lod0.blend"
16:28:30 | INFO: Starting glTF 2.0 export
16:28:30 | INFO: Extracting primitive: planter-trough-hollow-shell-editable
16:28:30 | INFO: Primitives created: 2
16:28:30 | INFO: Finished glTF 2.0 export in 0.0058667659759521484 s

16:28:31 | INFO: Starting glTF 2.0 export
16:28:31 | INFO: Extracting primitive: planter-trough-hollow-shell-editable
16:28:31 | WARNING: More than one shader node tex image used for a texture. The resulting glTF sampler will behave like the first shader node tex image.
16:28:31 | WARNING: More than one shader node tex image used for a texture. The resulting glTF sampler will behave like the first shader node tex image.
16:28:31 | INFO: Primitives created: 2
16:28:31 | INFO: Finished glTF 2.0 export in 0.02399730682373047 s

Info: Saved "perennial-rosette.lod0.blend"
16:28:31 | INFO: Starting glTF 2.0 export
16:28:31 | INFO: Extracting primitive: perennial-rosette-leaves-editable
16:28:31 | INFO: Primitives created: 1
16:28:31 | INFO: Finished glTF 2.0 export in 0.004426479339599609 s

16:28:31 | INFO: Starting glTF 2.0 export
16:28:31 | INFO: Extracting primitive: perennial-rosette-leaves-editable
16:28:31 | INFO: Primitives created: 1
16:28:31 | INFO: Finished glTF 2.0 export in 0.0033011436462402344 s

Info: Saved "unsupported.lod0.blend"
ARTIST PROOF PASS
Blender 4.3.2
Read blend: "/workspace/scratch/7c20b5ba4165/atlas-backlog-oct3/tools/assets/ground-planting-details/source/curb-straight-1m.lod0.blend"
Read blend: "/workspace/scratch/7c20b5ba4165/atlas-backlog-oct3/tools/assets/ground-planting-details/source/curb-straight-1m.lod1.blend"
Read blend: "/workspace/scratch/7c20b5ba4165/atlas-backlog-oct3/tools/assets/ground-planting-details/source/perennial-rosette.lod0.blend"
Read blend: "/workspace/scratch/7c20b5ba4165/atlas-backlog-oct3/tools/assets/ground-planting-details/source/perennial-rosette.lod1.blend"
Read blend: "/workspace/scratch/7c20b5ba4165/atlas-backlog-oct3/tools/assets/ground-planting-details/source/perennial-tuft.lod0.blend"
Read blend: "/workspace/scratch/7c20b5ba4165/atlas-backlog-oct3/tools/assets/ground-planting-details/source/perennial-tuft.lod1.blend"
Read blend: "/workspace/scratch/7c20b5ba4165/atlas-backlog-oct3/tools/assets/ground-planting-details/source/planter-round.lod0.blend"
Read blend: "/workspace/scratch/7c20b5ba4165/atlas-backlog-oct3/tools/assets/ground-planting-details/source/planter-round.lod1.blend"
Read blend: "/workspace/scratch/7c20b5ba4165/atlas-backlog-oct3/tools/assets/ground-planting-details/source/planter-trough.lod0.blend"
Read blend: "/workspace/scratch/7c20b5ba4165/atlas-backlog-oct3/tools/assets/ground-planting-details/source/planter-trough.lod1.blend"
Read blend: "/workspace/scratch/7c20b5ba4165/atlas-backlog-oct3/tools/assets/ground-planting-details/source/soil-grass-edge-1m.lod0.blend"
Read blend: "/workspace/scratch/7c20b5ba4165/atlas-backlog-oct3/tools/assets/ground-planting-details/source/soil-grass-edge-1m.lod1.blend"
Read blend: "/workspace/scratch/7c20b5ba4165/atlas-backlog-oct3/tools/assets/ground-planting-details/source/surface-asphalt-10m.lod0.blend"
Read blend: "/workspace/scratch/7c20b5ba4165/atlas-backlog-oct3/tools/assets/ground-planting-details/source/surface-asphalt-2m.lod0.blend"
Read blend: "/workspace/scratch/7c20b5ba4165/atlas-backlog-oct3/tools/assets/ground-planting-details/source/surface-concrete-10m.lod0.blend"
Read blend: "/workspace/scratch/7c20b5ba4165/atlas-backlog-oct3/tools/assets/ground-planting-details/source/surface-concrete-2m.lod0.blend"
Read blend: "/workspace/scratch/7c20b5ba4165/atlas-backlog-oct3/tools/assets/ground-planting-details/source/surface-grass-10m.lod0.blend"
Read blend: "/workspace/scratch/7c20b5ba4165/atlas-backlog-oct3/tools/assets/ground-planting-details/source/surface-grass-2m.lod0.blend"
Read blend: "/workspace/scratch/7c20b5ba4165/atlas-backlog-oct3/tools/assets/ground-planting-details/source/surface-sand-10m.lod0.blend"
Read blend: "/workspace/scratch/7c20b5ba4165/atlas-backlog-oct3/tools/assets/ground-planting-details/source/surface-sand-2m.lod0.blend"
Read blend: "/workspace/scratch/7c20b5ba4165/atlas-backlog-oct3/tools/assets/ground-planting-details/source/surface-soil-10m.lod0.blend"
Read blend: "/workspace/scratch/7c20b5ba4165/atlas-backlog-oct3/tools/assets/ground-planting-details/source/surface-soil-2m.lod0.blend"
Read blend: "/workspace/scratch/7c20b5ba4165/atlas-backlog-oct3/tools/assets/ground-planting-details/source/surface-street-brick-10m.lod0.blend"
Read blend: "/workspace/scratch/7c20b5ba4165/atlas-backlog-oct3/tools/assets/ground-planting-details/source/surface-street-brick-2m.lod0.blend"
Read blend: "/tmp/ground-artist-proof-_341c28d/curb-straight-1m/curb-straight-1m.lod0.blend"
Read blend: "/tmp/ground-artist-proof-_341c28d/curb-straight-1m/curb-straight-1m.lod0.blend"
Read blend: "/tmp/ground-artist-proof-_341c28d/planter-trough/planter-trough.lod0.blend"
Read blend: "/tmp/ground-artist-proof-_341c28d/planter-trough/planter-trough.lod0.blend"
Read blend: "/tmp/ground-artist-proof-_341c28d/perennial-rosette/perennial-rosette.lod0.blend"
Read blend: "/tmp/ground-artist-proof-_341c28d/perennial-rosette/perennial-rosette.lod0.blend"
Read blend: "/workspace/scratch/7c20b5ba4165/atlas-backlog-oct3/tools/assets/ground-planting-details/source/curb-straight-1m.lod0.blend"
Read blend: "/tmp/ground-artist-proof-_341c28d/unsupported.lod0.blend"

Blender quit
