Blender 4.3.2
Read blend: "/workspace/scratch/7c20b5ba4165/atlas-backlog-oct3/tools/assets/ground-planting-details/source/sand-procedural-master.blend"
Fra:1 Mem:27.82M (Peak 27.82M) | Time:497519:10:31.44 | Mem:0.00M, Peak:0.00M | SAND-BAKE | Synchronizing object | __city_export_tile
Fra:1 Mem:27.82M (Peak 27.82M) | Time:497519:10:31.44 | Mem:0.00M, Peak:0.00M | SAND-BAKE | Initializing
Fra:1 Mem:27.81M (Peak 27.82M) | Time:497519:10:31.44 | Mem:0.00M, Peak:0.00M | SAND-BAKE | Updating Images | Loading __city_export_color
Fra:1 Mem:27.82M (Peak 61.93M) | Time:497519:10:31.73 | Mem:0.00M, Peak:0.00M | SAND-BAKE | Synchronizing object | __city_export_tile
Fra:1 Mem:27.82M (Peak 61.93M) | Time:497519:10:31.73 | Mem:0.00M, Peak:0.00M | SAND-BAKE | Initializing
Fra:1 Mem:27.81M (Peak 61.93M) | Time:497519:10:31.73 | Mem:0.00M, Peak:0.00M | SAND-BAKE | Updating Images | Loading __city_export_normal
Fra:1 Mem:27.83M (Peak 61.93M) | Time:497519:10:32.59 | Mem:0.00M, Peak:0.00M | SAND-BAKE | Synchronizing object | __city_export_tile
Fra:1 Mem:27.83M (Peak 61.93M) | Time:497519:10:32.59 | Mem:0.00M, Peak:0.00M | SAND-BAKE | Initializing
Fra:1 Mem:27.83M (Peak 61.93M) | Time:497519:10:32.59 | Mem:0.00M, Peak:0.00M | SAND-BAKE | Updating Images | Loading __city_export_orm
Extensions: writing cache failed ([Errno 30] Read-only file system: '/home/agent/.config/blender').
Info: Saved "surface-soil-2m.lod0.blend"
Extensions: writing cache failed ([Errno 30] Read-only file system: '/home/agent/.config/blender').
Info: Saved "surface-soil-10m.lod0.blend"
Extensions: writing cache failed ([Errno 30] Read-only file system: '/home/agent/.config/blender').
Info: Saved "surface-grass-2m.lod0.blend"
Extensions: writing cache failed ([Errno 30] Read-only file system: '/home/agent/.config/blender').
Info: Saved "surface-grass-10m.lod0.blend"
Extensions: writing cache failed ([Errno 30] Read-only file system: '/home/agent/.config/blender').
Info: Saved "surface-sand-2m.lod0.blend"
Extensions: writing cache failed ([Errno 30] Read-only file system: '/home/agent/.config/blender').
Info: Saved "surface-sand-10m.lod0.blend"
Extensions: writing cache failed ([Errno 30] Read-only file system: '/home/agent/.config/blender').
Info: Saved "surface-concrete-2m.lod0.blend"
Extensions: writing cache failed ([Errno 30] Read-only file system: '/home/agent/.config/blender').
Info: Saved "surface-concrete-10m.lod0.blend"
Extensions: writing cache failed ([Errno 30] Read-only file system: '/home/agent/.config/blender').
Info: Saved "surface-asphalt-2m.lod0.blend"
Extensions: writing cache failed ([Errno 30] Read-only file system: '/home/agent/.config/blender').
Info: Saved "surface-asphalt-10m.lod0.blend"
Extensions: writing cache failed ([Errno 30] Read-only file system: '/home/agent/.config/blender').
Info: Saved "surface-street-brick-2m.lod0.blend"
Extensions: writing cache failed ([Errno 30] Read-only file system: '/home/agent/.config/blender').
Info: Saved "surface-street-brick-10m.lod0.blend"
Extensions: writing cache failed ([Errno 30] Read-only file system: '/home/agent/.config/blender').
Info: Saved "curb-straight-1m.lod0.blend"
Extensions: writing cache failed ([Errno 30] Read-only file system: '/home/agent/.config/blender').
Info: Saved "curb-straight-1m.lod1.blend"
Extensions: writing cache failed ([Errno 30] Read-only file system: '/home/agent/.config/blender').
Info: Saved "soil-grass-edge-1m.lod0.blend"
Extensions: writing cache failed ([Errno 30] Read-only file system: '/home/agent/.config/blender').
Info: Saved "soil-grass-edge-1m.lod1.blend"
Extensions: writing cache failed ([Errno 30] Read-only file system: '/home/agent/.config/blender').
Info: Saved "planter-trough.lod0.blend"
Extensions: writing cache failed ([Errno 30] Read-only file system: '/home/agent/.config/blender').
Info: Saved "planter-trough.lod1.blend"
Extensions: writing cache failed ([Errno 30] Read-only file system: '/home/agent/.config/blender').
Info: Saved "planter-round.lod0.blend"
Extensions: writing cache failed ([Errno 30] Read-only file system: '/home/agent/.config/blender').
Info: Saved "planter-round.lod1.blend"
Extensions: writing cache failed ([Errno 30] Read-only file system: '/home/agent/.config/blender').
Info: Saved "perennial-rosette.lod0.blend"
Extensions: writing cache failed ([Errno 30] Read-only file system: '/home/agent/.config/blender').
Info: Saved "perennial-rosette.lod1.blend"
Extensions: writing cache failed ([Errno 30] Read-only file system: '/home/agent/.config/blender').
Info: Saved "perennial-tuft.lod0.blend"
Extensions: writing cache failed ([Errno 30] Read-only file system: '/home/agent/.config/blender').
Info: Saved "perennial-tuft.lod1.blend"
Extensions: writing cache failed ([Errno 30] Read-only file system: '/home/agent/.config/blender').
Info: Saved "sand-procedural-master.blend"
Info: Baking map saved to internal image, save it externally or pack it
Info: Baking map saved to internal image, save it externally or pack it
Info: Baking map saved to internal image, save it externally or pack it

Blender quit
