ERROR Draco mesh compression is not available because library could not be found at /usr/bin/4.3/python/lib/python3.13/site-packages/libextern_draco.so
16:27:16 | INFO: Starting glTF 2.0 export
16:27:16 | INFO: Extracting primitive: curb-body-editable.001
16:27:16 | INFO: Primitives created: 1
16:27:16 | INFO: Finished glTF 2.0 export in 0.004689455032348633 s

16:27:16 | INFO: Starting glTF 2.0 export
16:27:16 | INFO: Extracting primitive: curb-body-editable.001
16:27:16 | WARNING: More than one shader node tex image used for a texture. The resulting glTF sampler will behave like the first shader node tex image.
16:27:16 | INFO: Primitives created: 1
16:27:16 | INFO: Finished glTF 2.0 export in 0.00823831558227539 s

16:27:16 | INFO: Starting glTF 2.0 export
16:27:16 | INFO: Extracting primitive: curb-body-editable
16:27:16 | INFO: Primitives created: 1
16:27:16 | INFO: Finished glTF 2.0 export in 0.0033376216888427734 s

16:27:16 | INFO: Starting glTF 2.0 export
16:27:16 | INFO: Extracting primitive: curb-body-editable
16:27:16 | WARNING: More than one shader node tex image used for a texture. The resulting glTF sampler will behave like the first shader node tex image.
16:27:16 | INFO: Primitives created: 1
16:27:16 | INFO: Finished glTF 2.0 export in 0.009390115737915039 s

16:27:16 | INFO: Starting glTF 2.0 export
16:27:16 | INFO: Extracting primitive: perennial-rosette-leaves-editable
16:27:16 | INFO: Primitives created: 1
16:27:16 | INFO: Finished glTF 2.0 export in 0.003362417221069336 s

16:27:16 | INFO: Starting glTF 2.0 export
16:27:16 | INFO: Extracting primitive: perennial-rosette-leaves-editable
16:27:16 | INFO: Primitives created: 1
16:27:16 | INFO: Finished glTF 2.0 export in 0.002877950668334961 s

16:27:16 | INFO: Starting glTF 2.0 export
16:27:16 | INFO: Extracting primitive: perennial-rosette-leaves-editable
16:27:16 | INFO: Primitives created: 1
16:27:16 | INFO: Finished glTF 2.0 export in 0.003683805465698242 s

16:27:16 | INFO: Starting glTF 2.0 export
16:27:16 | INFO: Extracting primitive: perennial-rosette-leaves-editable
16:27:16 | INFO: Primitives created: 1
16:27:16 | INFO: Finished glTF 2.0 export in 0.0036427974700927734 s

16:27:16 | INFO: Starting glTF 2.0 export
16:27:16 | INFO: Extracting primitive: perennial-tuft-leaves-editable
16:27:16 | INFO: Primitives created: 1
16:27:16 | INFO: Finished glTF 2.0 export in 0.004136085510253906 s

16:27:16 | INFO: Starting glTF 2.0 export
16:27:16 | INFO: Extracting primitive: perennial-tuft-leaves-editable
16:27:16 | INFO: Primitives created: 1
16:27:16 | INFO: Finished glTF 2.0 export in 0.003454446792602539 s

16:27:16 | INFO: Starting glTF 2.0 export
16:27:16 | INFO: Extracting primitive: perennial-tuft-leaves-editable
16:27:16 | INFO: Primitives created: 1
16:27:16 | INFO: Finished glTF 2.0 export in 0.0033402442932128906 s

16:27:16 | INFO: Starting glTF 2.0 export
16:27:16 | INFO: Extracting primitive: perennial-tuft-leaves-editable
16:27:16 | INFO: Primitives created: 1
16:27:16 | INFO: Finished glTF 2.0 export in 0.0029251575469970703 s

16:27:16 | INFO: Starting glTF 2.0 export
16:27:16 | INFO: Extracting primitive: planter-round-hollow-shell-editable.001
16:27:16 | INFO: Primitives created: 2
16:27:16 | INFO: Finished glTF 2.0 export in 0.0055544376373291016 s

16:27:16 | INFO: Starting glTF 2.0 export
16:27:16 | INFO: Extracting primitive: planter-round-hollow-shell-editable.001
16:27:16 | WARNING: More than one shader node tex image used for a texture. The resulting glTF sampler will behave like the first shader node tex image.
16:27:16 | WARNING: More than one shader node tex image used for a texture. The resulting glTF sampler will behave like the first shader node tex image.
16:27:16 | INFO: Primitives created: 2
16:27:16 | INFO: Finished glTF 2.0 export in 0.02324676513671875 s

16:27:16 | INFO: Starting glTF 2.0 export
16:27:16 | INFO: Extracting primitive: planter-round-hollow-shell-editable.001
16:27:16 | INFO: Primitives created: 2
16:27:16 | INFO: Finished glTF 2.0 export in 0.005648612976074219 s

16:27:16 | INFO: Starting glTF 2.0 export
16:27:16 | INFO: Extracting primitive: planter-round-hollow-shell-editable.001
16:27:16 | WARNING: More than one shader node tex image used for a texture. The resulting glTF sampler will behave like the first shader node tex image.
16:27:16 | WARNING: More than one shader node tex image used for a texture. The resulting glTF sampler will behave like the first shader node tex image.
16:27:16 | INFO: Primitives created: 2
16:27:16 | INFO: Finished glTF 2.0 export in 0.023372650146484375 s

16:27:16 | INFO: Starting glTF 2.0 export
16:27:16 | INFO: Extracting primitive: planter-trough-hollow-shell-editable
16:27:16 | INFO: Primitives created: 2
16:27:16 | INFO: Finished glTF 2.0 export in 0.005502939224243164 s

16:27:16 | INFO: Starting glTF 2.0 export
16:27:16 | INFO: Extracting primitive: planter-trough-hollow-shell-editable
16:27:16 | WARNING: More than one shader node tex image used for a texture. The resulting glTF sampler will behave like the first shader node tex image.
16:27:16 | WARNING: More than one shader node tex image used for a texture. The resulting glTF sampler will behave like the first shader node tex image.
16:27:16 | INFO: Primitives created: 2
16:27:16 | INFO: Finished glTF 2.0 export in 0.024419069290161133 s

16:27:16 | INFO: Starting glTF 2.0 export
16:27:16 | INFO: Extracting primitive: planter-trough-hollow-shell-editable
16:27:16 | INFO: Primitives created: 2
16:27:16 | INFO: Finished glTF 2.0 export in 0.0053904056549072266 s

16:27:16 | INFO: Starting glTF 2.0 export
16:27:16 | INFO: Extracting primitive: planter-trough-hollow-shell-editable
16:27:16 | WARNING: More than one shader node tex image used for a texture. The resulting glTF sampler will behave like the first shader node tex image.
16:27:16 | WARNING: More than one shader node tex image used for a texture. The resulting glTF sampler will behave like the first shader node tex image.
16:27:16 | INFO: Primitives created: 2
16:27:16 | INFO: Finished glTF 2.0 export in 0.02618575096130371 s

16:27:16 | INFO: Starting glTF 2.0 export
16:27:16 | INFO: Extracting primitive: soil-grass-edge-surface-editable
16:27:16 | INFO: Primitives created: 1
16:27:16 | INFO: Finished glTF 2.0 export in 0.004052400588989258 s

16:27:16 | INFO: Starting glTF 2.0 export
16:27:16 | INFO: Extracting primitive: soil-grass-edge-surface-editable
16:27:16 | WARNING: More than one shader node tex image used for a texture. The resulting glTF sampler will behave like the first shader node tex image.
16:27:16 | INFO: Primitives created: 1
16:27:16 | INFO: Finished glTF 2.0 export in 0.01882791519165039 s

16:27:16 | INFO: Starting glTF 2.0 export
16:27:16 | INFO: Extracting primitive: soil-grass-edge-surface-editable
16:27:16 | INFO: Primitives created: 1
16:27:16 | INFO: Finished glTF 2.0 export in 0.003638029098510742 s

16:27:16 | INFO: Starting glTF 2.0 export
16:27:16 | INFO: Extracting primitive: soil-grass-edge-surface-editable
16:27:16 | WARNING: More than one shader node tex image used for a texture. The resulting glTF sampler will behave like the first shader node tex image.
16:27:16 | INFO: Primitives created: 1
16:27:16 | INFO: Finished glTF 2.0 export in 0.020285844802856445 s

16:27:16 | INFO: Starting glTF 2.0 export
16:27:16 | INFO: Extracting primitive: asphalt-study-10m-editable
16:27:16 | WARNING: More than one shader node tex image used for a texture. The resulting glTF sampler will behave like the first shader node tex image.
16:27:16 | INFO: Primitives created: 1
16:27:16 | INFO: Finished glTF 2.0 export in 0.008175849914550781 s

16:27:16 | INFO: Starting glTF 2.0 export
16:27:16 | INFO: Extracting primitive: asphalt-study-2m-editable
16:27:16 | WARNING: More than one shader node tex image used for a texture. The resulting glTF sampler will behave like the first shader node tex image.
16:27:16 | INFO: Primitives created: 1
16:27:16 | INFO: Finished glTF 2.0 export in 0.008499383926391602 s

16:27:17 | INFO: Starting glTF 2.0 export
16:27:17 | INFO: Extracting primitive: concrete-study-10m-editable
16:27:17 | WARNING: More than one shader node tex image used for a texture. The resulting glTF sampler will behave like the first shader node tex image.
16:27:17 | INFO: Primitives created: 1
16:27:17 | INFO: Finished glTF 2.0 export in 0.0077860355377197266 s

16:27:17 | INFO: Starting glTF 2.0 export
16:27:17 | INFO: Extracting primitive: concrete-study-2m-editable
16:27:17 | WARNING: More than one shader node tex image used for a texture. The resulting glTF sampler will behave like the first shader node tex image.
16:27:17 | INFO: Primitives created: 1
16:27:17 | INFO: Finished glTF 2.0 export in 0.008394002914428711 s

16:27:17 | INFO: Starting glTF 2.0 export
16:27:17 | INFO: Extracting primitive: grass-study-10m-editable
16:27:17 | WARNING: More than one shader node tex image used for a texture. The resulting glTF sampler will behave like the first shader node tex image.
16:27:17 | INFO: Primitives created: 1
16:27:17 | INFO: Finished glTF 2.0 export in 0.01775383949279785 s

16:27:17 | INFO: Starting glTF 2.0 export
16:27:17 | INFO: Extracting primitive: grass-study-2m-editable
16:27:17 | WARNING: More than one shader node tex image used for a texture. The resulting glTF sampler will behave like the first shader node tex image.
16:27:17 | INFO: Primitives created: 1
16:27:17 | INFO: Finished glTF 2.0 export in 0.017812490463256836 s

16:27:17 | INFO: Starting glTF 2.0 export
16:27:17 | INFO: Extracting primitive: sand-study-10m-editable
16:27:17 | WARNING: More than one shader node tex image used for a texture. The resulting glTF sampler will behave like the first shader node tex image.
16:27:17 | INFO: Primitives created: 1
16:27:17 | INFO: Finished glTF 2.0 export in 0.013090133666992188 s

16:27:17 | INFO: Starting glTF 2.0 export
16:27:17 | INFO: Extracting primitive: sand-study-2m-editable
16:27:17 | WARNING: More than one shader node tex image used for a texture. The resulting glTF sampler will behave like the first shader node tex image.
16:27:17 | INFO: Primitives created: 1
16:27:17 | INFO: Finished glTF 2.0 export in 0.012475967407226562 s

16:27:17 | INFO: Starting glTF 2.0 export
16:27:17 | INFO: Extracting primitive: soil-study-10m-editable
16:27:17 | WARNING: More than one shader node tex image used for a texture. The resulting glTF sampler will behave like the first shader node tex image.
16:27:17 | INFO: Primitives created: 1
16:27:17 | INFO: Finished glTF 2.0 export in 0.018343687057495117 s

16:27:17 | INFO: Starting glTF 2.0 export
16:27:17 | INFO: Extracting primitive: soil-study-2m-editable
16:27:17 | WARNING: More than one shader node tex image used for a texture. The resulting glTF sampler will behave like the first shader node tex image.
16:27:17 | INFO: Primitives created: 1
16:27:17 | INFO: Finished glTF 2.0 export in 0.01702117919921875 s

16:27:17 | INFO: Starting glTF 2.0 export
16:27:17 | INFO: Extracting primitive: street-brick-study-10m-editable
16:27:17 | WARNING: More than one shader node tex image used for a texture. The resulting glTF sampler will behave like the first shader node tex image.
16:27:17 | INFO: Primitives created: 1
16:27:17 | INFO: Finished glTF 2.0 export in 0.009460687637329102 s

16:27:17 | INFO: Starting glTF 2.0 export
16:27:17 | INFO: Extracting primitive: street-brick-study-2m-editable
16:27:17 | WARNING: More than one shader node tex image used for a texture. The resulting glTF sampler will behave like the first shader node tex image.
16:27:17 | INFO: Primitives created: 1
16:27:17 | INFO: Finished glTF 2.0 export in 0.009073734283447266 s

Blender 4.3.2
Read blend: "/workspace/scratch/7c20b5ba4165/atlas-backlog-oct3/tools/assets/ground-planting-details/source/curb-straight-1m.lod0.blend"
Read blend: "/workspace/scratch/7c20b5ba4165/atlas-backlog-oct3/tools/assets/ground-planting-details/source/curb-straight-1m.lod1.blend"
Read blend: "/workspace/scratch/7c20b5ba4165/atlas-backlog-oct3/tools/assets/ground-planting-details/source/perennial-rosette.lod0.blend"
Read blend: "/workspace/scratch/7c20b5ba4165/atlas-backlog-oct3/tools/assets/ground-planting-details/source/perennial-rosette.lod1.blend"
Read blend: "/workspace/scratch/7c20b5ba4165/atlas-backlog-oct3/tools/assets/ground-planting-details/source/perennial-tuft.lod0.blend"
Read blend: "/workspace/scratch/7c20b5ba4165/atlas-backlog-oct3/tools/assets/ground-planting-details/source/perennial-tuft.lod1.blend"
Read blend: "/workspace/scratch/7c20b5ba4165/atlas-backlog-oct3/tools/assets/ground-planting-details/source/planter-round.lod0.blend"
Read blend: "/workspace/scratch/7c20b5ba4165/atlas-backlog-oct3/tools/assets/ground-planting-details/source/planter-round.lod1.blend"
Read blend: "/workspace/scratch/7c20b5ba4165/atlas-backlog-oct3/tools/assets/ground-planting-details/source/planter-trough.lod0.blend"
Read blend: "/workspace/scratch/7c20b5ba4165/atlas-backlog-oct3/tools/assets/ground-planting-details/source/planter-trough.lod1.blend"
Read blend: "/workspace/scratch/7c20b5ba4165/atlas-backlog-oct3/tools/assets/ground-planting-details/source/soil-grass-edge-1m.lod0.blend"
Read blend: "/workspace/scratch/7c20b5ba4165/atlas-backlog-oct3/tools/assets/ground-planting-details/source/soil-grass-edge-1m.lod1.blend"
Read blend: "/workspace/scratch/7c20b5ba4165/atlas-backlog-oct3/tools/assets/ground-planting-details/source/surface-asphalt-10m.lod0.blend"
Read blend: "/workspace/scratch/7c20b5ba4165/atlas-backlog-oct3/tools/assets/ground-planting-details/source/surface-asphalt-2m.lod0.blend"
Read blend: "/workspace/scratch/7c20b5ba4165/atlas-backlog-oct3/tools/assets/ground-planting-details/source/surface-concrete-10m.lod0.blend"
Read blend: "/workspace/scratch/7c20b5ba4165/atlas-backlog-oct3/tools/assets/ground-planting-details/source/surface-concrete-2m.lod0.blend"
Read blend: "/workspace/scratch/7c20b5ba4165/atlas-backlog-oct3/tools/assets/ground-planting-details/source/surface-grass-10m.lod0.blend"
Read blend: "/workspace/scratch/7c20b5ba4165/atlas-backlog-oct3/tools/assets/ground-planting-details/source/surface-grass-2m.lod0.blend"
Read blend: "/workspace/scratch/7c20b5ba4165/atlas-backlog-oct3/tools/assets/ground-planting-details/source/surface-sand-10m.lod0.blend"
Read blend: "/workspace/scratch/7c20b5ba4165/atlas-backlog-oct3/tools/assets/ground-planting-details/source/surface-sand-2m.lod0.blend"
Read blend: "/workspace/scratch/7c20b5ba4165/atlas-backlog-oct3/tools/assets/ground-planting-details/source/surface-soil-10m.lod0.blend"
Read blend: "/workspace/scratch/7c20b5ba4165/atlas-backlog-oct3/tools/assets/ground-planting-details/source/surface-soil-2m.lod0.blend"
Read blend: "/workspace/scratch/7c20b5ba4165/atlas-backlog-oct3/tools/assets/ground-planting-details/source/surface-street-brick-10m.lod0.blend"
Read blend: "/workspace/scratch/7c20b5ba4165/atlas-backlog-oct3/tools/assets/ground-planting-details/source/surface-street-brick-2m.lod0.blend"

Blender quit
