Blender 4.3.2
Read blend: "/tmp/sand-node-edit-d6pph96s/sand-procedural-master.blend"
Read blend: "/tmp/sand-node-edit-d6pph96s/sand-procedural-master.blend"
Fra:1 Mem:27.81M (Peak 27.81M) | Time:497519:34:08.00 | Mem:0.00M, Peak:0.00M | SAND-BAKE | Synchronizing object | __city_export_tile
Fra:1 Mem:27.81M (Peak 27.81M) | Time:497519:34:08.00 | Mem:0.00M, Peak:0.00M | SAND-BAKE | Initializing
Fra:1 Mem:27.81M (Peak 27.81M) | Time:497519:34:08.00 | Mem:0.00M, Peak:0.00M | SAND-BAKE | Updating Images | Loading __city_export_color
Fra:1 Mem:27.82M (Peak 61.93M) | Time:497519:34:08.29 | Mem:0.00M, Peak:0.00M | SAND-BAKE | Synchronizing object | __city_export_tile
Fra:1 Mem:27.82M (Peak 61.93M) | Time:497519:34:08.29 | Mem:0.00M, Peak:0.00M | SAND-BAKE | Initializing
Fra:1 Mem:27.81M (Peak 61.93M) | Time:497519:34:08.29 | Mem:0.00M, Peak:0.00M | SAND-BAKE | Updating Images | Loading __city_export_normal
Fra:1 Mem:27.83M (Peak 61.93M) | Time:497519:34:09.16 | Mem:0.00M, Peak:0.00M | SAND-BAKE | Synchronizing object | __city_export_tile
Fra:1 Mem:27.83M (Peak 61.93M) | Time:497519:34:09.16 | Mem:0.00M, Peak:0.00M | SAND-BAKE | Initializing
Fra:1 Mem:27.82M (Peak 61.93M) | Time:497519:34:09.16 | Mem:0.00M, Peak:0.00M | SAND-BAKE | Updating Images | Loading __city_export_orm
Info: Saved "sand-procedural-master.blend"
Info: Baking map saved to internal image, save it externally or pack it
Info: Baking map saved to internal image, save it externally or pack it
Info: Baking map saved to internal image, save it externally or pack it
ERROR Draco mesh compression is not available because library could not be found at /usr/bin/4.3/python/lib/python3.13/site-packages/libextern_draco.so
16:34:13 | INFO: Starting glTF 2.0 export
16:34:13 | INFO: Extracting primitive: sand-study-2m-editable
16:34:13 | WARNING: More than one shader node tex image used for a texture. The resulting glTF sampler will behave like the first shader node tex image.
16:34:13 | INFO: Primitives created: 1
16:34:13 | INFO: Finished glTF 2.0 export in 0.014086723327636719 s

Read blend: "/tmp/sand-node-edit-d6pph96s/surface-sand-2m.lod0.blend"

Blender quit
