ERROR Draco mesh compression is not available because library could not be found at /usr/bin/4.3/python/lib/python3.13/site-packages/libextern_draco.so
14:40:04 | INFO: Starting glTF 2.0 export
14:40:04 | INFO: Extracting primitive: hvac-role-mesh
14:40:04 | INFO: Primitives created: 2
14:40:04 | INFO: Finished glTF 2.0 export in 0.0073528289794921875 s

14:40:04 | INFO: Starting glTF 2.0 export
14:40:04 | INFO: Extracting primitive: hvac-role-mesh
14:40:04 | INFO: Primitives created: 2
14:40:04 | INFO: Finished glTF 2.0 export in 0.007135868072509766 s

14:40:04 | INFO: Starting glTF 2.0 export
14:40:04 | INFO: Extracting primitive: hvac-role-mesh
14:40:04 | INFO: Primitives created: 2
14:40:04 | INFO: Finished glTF 2.0 export in 0.00579524040222168 s

14:40:04 | INFO: Starting glTF 2.0 export
14:40:04 | INFO: Extracting primitive: hvac-role-mesh
14:40:04 | INFO: Primitives created: 2
14:40:04 | INFO: Finished glTF 2.0 export in 0.005416393280029297 s

14:40:04 | INFO: Starting glTF 2.0 export
14:40:04 | INFO: Extracting primitive: hvac-role-mesh
14:40:04 | INFO: Primitives created: 2
14:40:04 | INFO: Finished glTF 2.0 export in 0.0059816837310791016 s

14:40:04 | INFO: Starting glTF 2.0 export
14:40:04 | INFO: Extracting primitive: hvac-role-mesh
14:40:04 | INFO: Primitives created: 2
14:40:04 | INFO: Finished glTF 2.0 export in 0.0052258968353271484 s

ROOFTOP_SOURCE_PRESERVING_EXPORT_PASSED
Blender 4.3.2
Read blend: "/tmp/rooftop-collar-sources/source/hvac-compact-single.lod0.blend"
Read blend: "/tmp/rooftop-collar-sources/source/hvac-compact-single.lod1.blend"
Read blend: "/tmp/rooftop-collar-sources/source/hvac-medium-twin.lod0.blend"
Read blend: "/tmp/rooftop-collar-sources/source/hvac-medium-twin.lod1.blend"
Read blend: "/tmp/rooftop-collar-sources/source/hvac-wide-twin.lod0.blend"
Read blend: "/tmp/rooftop-collar-sources/source/hvac-wide-twin.lod1.blend"

Blender quit
