
> vancouver-living-atlas@0.1.0 build:firebase
> VANCOUVER_STATIC_EXPORT=1 vinext build && node tools/verify-firebase-build.mjs


  vinext build  (Vite 8.2.2)

(node:33410) [DEP0205] DeprecationWarning: `module.register()` is deprecated. Use `module.registerHooks()` instead.
(Use `node --trace-deprecation ...` to show where the warning was created)
[1/5] analyze client references...
transforming...
✓ 239 modules transformed.
rendering chunks...
✓ built in 2.33s
[2/5] analyze server references...
transforming...
✓ 626 modules transformed.
rendering chunks...
✓ built in 3.75s
[33m[PLUGIN_TIMINGS] [0mPlugin hooks ran for 3.7s of this 3.7s build (98%).
2 hooks are listed without a time. Their calls overlapped, so the time inside one call includes work from other calls. To find their cost, profile the build with `node --cpu-prof`:
  - vinext:og-inline-fetch-assets resolveId (1912 calls)
  - alias resolveId (2245 calls)
See https://rolldown.rs/reference/InputOptions.checks#plugintimings for more details.

[3/5] build rsc environment...
transforming...
✓ 230 modules transformed.
rendering chunks...
computing gzip size...
✓ built in 1.52s
[4/5] build client environment...
transforming...
✓ 2387 modules transformed.
rendering chunks...
computing gzip size...
[plugin builtin:vite-reporter]
(!) Some chunks are larger than 500 kB after minification. Consider:
- Using dynamic import() to code-split the application
- Use build.rolldownOptions.output.codeSplitting to improve chunking: https://rolldown.rs/reference/OutputOptions.codeSplitting
- Adjust chunk size limit for this warning via build.chunkSizeWarningLimit.
✓ built in 9.62s
[5/5] build ssr environment...
transforming...
✓ 619 modules transformed.
rendering chunks...
computing gzip size...
✓ built in 4.10s
[0m  Pre-rendering all routes (output: 'export')...
[vinext] Production server for prerendering running at http://127.0.0.1:58796
  Prerendered 2 routes (0 skipped).
  Discovered 1 CDN warmup path(s).
[0m
  Route (app)
  ─ ○ /

  ○ Static

  ○ Routes marked static were confirmed by speculative prerender (attempted render
    succeeded without dynamic API usage).

  Build complete. Run `vinext start` to start the production server.

Firebase static build verified: English HTML, ten-language UI and geographic assets.
Emitted landmark worker verified: initializes without Window/DOM and handles protocol messages.
