Extensions: writing cache failed ([Errno 30] Read-only file system: '/home/agent/.config/blender').
16:54:56 | INFO: Data are loaded, start creating Blender stuff
16:54:56 | INFO: Blender create Mesh node ground-foot-editable-mesh
16:54:56 | INFO: Blender create Mesh node pole-editable-mesh
16:54:56 | INFO: Blender create Mesh node stop-sign-frame-editable-mesh
16:54:56 | INFO: Blender create Mesh node stop-sign-face-editable-mesh
16:54:56 | INFO: Blender create Mesh node bus-pictogram-body-editable-mesh
16:54:56 | INFO: Blender create Mesh node bus-pictogram-window-editable-mesh
16:54:56 | INFO: Blender create Mesh node bus-pictogram-wheel--0.1-editable-mesh
16:54:56 | INFO: Blender create Mesh node bus-pictogram-wheel-0.1-editable-mesh
16:54:56 | INFO: Blender create Mesh node generic-route-rule-editable-mesh
16:54:56 | INFO: Blender create Mesh node sign-mount--0.21-editable-mesh
16:54:56 | INFO: Blender create Mesh node sign-mount-0.21-editable-mesh
16:54:56 | INFO: glTF import finished in 0.01s
16:54:56 | INFO: Data are loaded, start creating Blender stuff
16:54:56 | INFO: Blender create Mesh node platform-foundation-editable-mesh
16:54:56 | INFO: Blender create Mesh node platform-deck-editable-mesh
16:54:56 | INFO: Blender create Mesh node platform-edge-cap-editable-mesh
16:54:56 | INFO: Blender create Mesh node tactile-band-editable-mesh
16:54:56 | INFO: Blender create Mesh node tactile-stud-editable-mesh
16:54:56 | INFO: Blender create Mesh node tactile-stud-editable-mesh.001
16:54:56 | INFO: Blender create Mesh node tactile-stud-editable-mesh.002
16:54:56 | INFO: Blender create Mesh node tactile-stud-editable-mesh.003
16:54:56 | INFO: Blender create Mesh node tactile-stud-editable-mesh.004
16:54:56 | INFO: Blender create Mesh node tactile-stud-editable-mesh.005
16:54:56 | INFO: Blender create Mesh node tactile-stud-editable-mesh.006
16:54:56 | INFO: Blender create Mesh node tactile-stud-editable-mesh.007
16:54:56 | INFO: Blender create Mesh node tactile-stud-editable-mesh.008
16:54:56 | INFO: Blender create Mesh node tactile-stud-editable-mesh.009
16:54:56 | INFO: Blender create Mesh node tactile-stud-editable-mesh.010
16:54:56 | INFO: Blender create Mesh node tactile-stud-editable-mesh.011
16:54:56 | INFO: Blender create Mesh node tactile-stud-editable-mesh.012
16:54:56 | INFO: Blender create Mesh node tactile-stud-editable-mesh.013
16:54:56 | INFO: Blender create Mesh node tactile-stud-editable-mesh.014
16:54:56 | INFO: Blender create Mesh node tactile-stud-editable-mesh.015
16:54:56 | INFO: Blender create Mesh node tactile-stud-editable-mesh.016
16:54:56 | INFO: Blender create Mesh node tactile-stud-editable-mesh.017
16:54:56 | INFO: Blender create Mesh node tactile-stud-editable-mesh.018
16:54:56 | INFO: Blender create Mesh node tactile-stud-editable-mesh.019
16:54:56 | INFO: Blender create Mesh node tactile-stud-editable-mesh.020
16:54:56 | INFO: Blender create Mesh node tactile-stud-editable-mesh.021
16:54:56 | INFO: Blender create Mesh node tactile-stud-editable-mesh.022
16:54:56 | INFO: Blender create Mesh node tactile-stud-editable-mesh.023
16:54:56 | INFO: Blender create Mesh node edge-face-drain-editable-mesh
16:54:56 | INFO: Blender create Mesh node edge-face-drain-editable-mesh.001
16:54:56 | INFO: Blender create Mesh node edge-face-drain-editable-mesh.002
16:54:56 | INFO: Blender create Mesh node edge-face-drain-editable-mesh.003
16:54:56 | INFO: glTF import finished in 0.02s
16:54:56 | INFO: Data are loaded, start creating Blender stuff
16:54:56 | INFO: Blender create Mesh node sign-post--0.85-editable-mesh
16:54:56 | INFO: Blender create Mesh node sign-foot--0.85-editable-mesh
16:54:56 | INFO: Blender create Mesh node sign-post-0.85-editable-mesh
16:54:56 | INFO: Blender create Mesh node sign-foot-0.85-editable-mesh
16:54:56 | INFO: Blender create Mesh node guidance-panel-editable-mesh
16:54:56 | INFO: Blender create Mesh node guidance-face-editable-mesh
16:54:56 | INFO: Blender create Mesh node direction-arrow-editable-mesh
16:54:56 | INFO: Blender create Mesh node generic-destination-rule-2.67-editable-mesh
16:54:56 | INFO: Blender create Mesh node generic-destination-rule-2.54-editable-mesh
16:54:56 | INFO: glTF import finished in 0.01s
16:54:56 | INFO: Data are loaded, start creating Blender stuff
16:54:56 | INFO: Blender create Mesh node threshold-deck-editable-mesh
16:54:56 | INFO: Blender create Mesh node deck-grip-strip-editable-mesh
16:54:56 | INFO: Blender create Mesh node deck-grip-strip-editable-mesh.001
16:54:56 | INFO: Blender create Mesh node deck-grip-strip-editable-mesh.002
16:54:56 | INFO: glTF import finished in 0.01s
16:54:56 | INFO: Data are loaded, start creating Blender stuff
16:54:56 | INFO: Blender create Mesh node threshold-deck-editable-mesh
16:54:56 | INFO: Blender create Mesh node deck-grip-strip-editable-mesh
16:54:56 | INFO: Blender create Mesh node deck-grip-strip-editable-mesh.001
16:54:56 | INFO: Blender create Mesh node deck-grip-strip-editable-mesh.002
16:54:56 | INFO: glTF import finished in 0.01s
Extensions: writing cache failed ([Errno 30] Read-only file system: '/home/agent/.config/blender').
16:54:56 | INFO: Data are loaded, start creating Blender stuff
16:54:56 | INFO: Blender create Mesh node ground-foot-editable-mesh
16:54:56 | INFO: Blender create Mesh node pole-editable-mesh
16:54:56 | INFO: Blender create Mesh node stop-sign-frame-editable-mesh
16:54:56 | INFO: Blender create Mesh node stop-sign-face-editable-mesh
16:54:56 | INFO: Blender create Mesh node bus-pictogram-body-editable-mesh
16:54:56 | INFO: Blender create Mesh node bus-pictogram-window-editable-mesh
16:54:56 | INFO: Blender create Mesh node bus-pictogram-wheel--0.1-editable-mesh
16:54:56 | INFO: Blender create Mesh node bus-pictogram-wheel-0.1-editable-mesh
16:54:56 | INFO: Blender create Mesh node generic-route-rule-editable-mesh
16:54:56 | INFO: Blender create Mesh node sign-mount--0.21-editable-mesh
16:54:56 | INFO: Blender create Mesh node sign-mount-0.21-editable-mesh
16:54:56 | INFO: glTF import finished in 0.01s
16:54:56 | INFO: Data are loaded, start creating Blender stuff
16:54:56 | INFO: Blender create Mesh node platform-foundation-editable-mesh
16:54:56 | INFO: Blender create Mesh node platform-deck-editable-mesh
16:54:56 | INFO: Blender create Mesh node platform-edge-cap-editable-mesh
16:54:56 | INFO: Blender create Mesh node tactile-band-editable-mesh
16:54:56 | INFO: Blender create Mesh node tactile-stud-editable-mesh
16:54:56 | INFO: Blender create Mesh node tactile-stud-editable-mesh.001
16:54:56 | INFO: Blender create Mesh node tactile-stud-editable-mesh.002
16:54:56 | INFO: Blender create Mesh node tactile-stud-editable-mesh.003
16:54:56 | INFO: Blender create Mesh node tactile-stud-editable-mesh.004
16:54:56 | INFO: Blender create Mesh node tactile-stud-editable-mesh.005
16:54:56 | INFO: Blender create Mesh node tactile-stud-editable-mesh.006
16:54:56 | INFO: Blender create Mesh node tactile-stud-editable-mesh.007
16:54:56 | INFO: Blender create Mesh node tactile-stud-editable-mesh.008
16:54:56 | INFO: Blender create Mesh node tactile-stud-editable-mesh.009
16:54:56 | INFO: Blender create Mesh node tactile-stud-editable-mesh.010
16:54:56 | INFO: Blender create Mesh node tactile-stud-editable-mesh.011
16:54:56 | INFO: Blender create Mesh node tactile-stud-editable-mesh.012
16:54:56 | INFO: Blender create Mesh node tactile-stud-editable-mesh.013
16:54:56 | INFO: Blender create Mesh node tactile-stud-editable-mesh.014
16:54:56 | INFO: Blender create Mesh node tactile-stud-editable-mesh.015
16:54:56 | INFO: Blender create Mesh node tactile-stud-editable-mesh.016
16:54:56 | INFO: Blender create Mesh node tactile-stud-editable-mesh.017
16:54:56 | INFO: Blender create Mesh node tactile-stud-editable-mesh.018
16:54:56 | INFO: Blender create Mesh node tactile-stud-editable-mesh.019
16:54:56 | INFO: Blender create Mesh node tactile-stud-editable-mesh.020
16:54:56 | INFO: Blender create Mesh node tactile-stud-editable-mesh.021
16:54:56 | INFO: Blender create Mesh node tactile-stud-editable-mesh.022
16:54:56 | INFO: Blender create Mesh node tactile-stud-editable-mesh.023
16:54:56 | INFO: Blender create Mesh node edge-face-drain-editable-mesh
16:54:56 | INFO: Blender create Mesh node edge-face-drain-editable-mesh.001
16:54:56 | INFO: Blender create Mesh node edge-face-drain-editable-mesh.002
16:54:56 | INFO: Blender create Mesh node edge-face-drain-editable-mesh.003
16:54:56 | INFO: glTF import finished in 0.02s
16:54:56 | INFO: Data are loaded, start creating Blender stuff
16:54:56 | INFO: Blender create Mesh node sign-post--0.85-editable-mesh
16:54:56 | INFO: Blender create Mesh node sign-foot--0.85-editable-mesh
16:54:56 | INFO: Blender create Mesh node sign-post-0.85-editable-mesh
16:54:56 | INFO: Blender create Mesh node sign-foot-0.85-editable-mesh
16:54:56 | INFO: Blender create Mesh node guidance-panel-editable-mesh
16:54:56 | INFO: Blender create Mesh node guidance-face-editable-mesh
16:54:56 | INFO: Blender create Mesh node direction-arrow-editable-mesh
16:54:56 | INFO: Blender create Mesh node generic-destination-rule-2.67-editable-mesh
16:54:56 | INFO: Blender create Mesh node generic-destination-rule-2.54-editable-mesh
16:54:56 | INFO: glTF import finished in 0.01s
16:54:56 | INFO: Data are loaded, start creating Blender stuff
16:54:56 | INFO: Blender create Mesh node threshold-deck-editable-mesh
16:54:56 | INFO: Blender create Mesh node deck-grip-strip-editable-mesh
16:54:56 | INFO: Blender create Mesh node deck-grip-strip-editable-mesh.001
16:54:56 | INFO: Blender create Mesh node deck-grip-strip-editable-mesh.002
16:54:56 | INFO: glTF import finished in 0.01s
16:54:56 | INFO: Data are loaded, start creating Blender stuff
16:54:56 | INFO: Blender create Mesh node threshold-deck-editable-mesh
16:54:56 | INFO: Blender create Mesh node deck-grip-strip-editable-mesh
16:54:56 | INFO: Blender create Mesh node deck-grip-strip-editable-mesh.001
16:54:56 | INFO: Blender create Mesh node deck-grip-strip-editable-mesh.002
16:54:56 | INFO: glTF import finished in 0.01s
Extensions: writing cache failed ([Errno 30] Read-only file system: '/home/agent/.config/blender').
16:54:57 | INFO: Data are loaded, start creating Blender stuff
16:54:57 | INFO: Blender create Mesh node ground-foot-editable-mesh
16:54:57 | INFO: Blender create Mesh node pole-editable-mesh
16:54:57 | INFO: Blender create Mesh node stop-sign-frame-editable-mesh
16:54:57 | INFO: Blender create Mesh node stop-sign-face-editable-mesh
16:54:57 | INFO: Blender create Mesh node bus-pictogram-body-editable-mesh
16:54:57 | INFO: Blender create Mesh node bus-pictogram-window-editable-mesh
16:54:57 | INFO: Blender create Mesh node bus-pictogram-wheel--0.1-editable-mesh
16:54:57 | INFO: Blender create Mesh node bus-pictogram-wheel-0.1-editable-mesh
16:54:57 | INFO: Blender create Mesh node generic-route-rule-editable-mesh
16:54:57 | INFO: Blender create Mesh node sign-mount--0.21-editable-mesh
16:54:57 | INFO: Blender create Mesh node sign-mount-0.21-editable-mesh
16:54:57 | INFO: glTF import finished in 0.01s
16:54:57 | INFO: Data are loaded, start creating Blender stuff
16:54:57 | INFO: Blender create Mesh node platform-foundation-editable-mesh
16:54:57 | INFO: Blender create Mesh node platform-deck-editable-mesh
16:54:57 | INFO: Blender create Mesh node platform-edge-cap-editable-mesh
16:54:57 | INFO: Blender create Mesh node tactile-band-editable-mesh
16:54:57 | INFO: Blender create Mesh node tactile-stud-editable-mesh
16:54:57 | INFO: Blender create Mesh node tactile-stud-editable-mesh.001
16:54:57 | INFO: Blender create Mesh node tactile-stud-editable-mesh.002
16:54:57 | INFO: Blender create Mesh node tactile-stud-editable-mesh.003
16:54:57 | INFO: Blender create Mesh node tactile-stud-editable-mesh.004
16:54:57 | INFO: Blender create Mesh node tactile-stud-editable-mesh.005
16:54:57 | INFO: Blender create Mesh node tactile-stud-editable-mesh.006
16:54:57 | INFO: Blender create Mesh node tactile-stud-editable-mesh.007
16:54:57 | INFO: Blender create Mesh node tactile-stud-editable-mesh.008
16:54:57 | INFO: Blender create Mesh node tactile-stud-editable-mesh.009
16:54:57 | INFO: Blender create Mesh node tactile-stud-editable-mesh.010
16:54:57 | INFO: Blender create Mesh node tactile-stud-editable-mesh.011
16:54:57 | INFO: Blender create Mesh node tactile-stud-editable-mesh.012
16:54:57 | INFO: Blender create Mesh node tactile-stud-editable-mesh.013
16:54:57 | INFO: Blender create Mesh node tactile-stud-editable-mesh.014
16:54:57 | INFO: Blender create Mesh node tactile-stud-editable-mesh.015
16:54:57 | INFO: Blender create Mesh node tactile-stud-editable-mesh.016
16:54:57 | INFO: Blender create Mesh node tactile-stud-editable-mesh.017
16:54:57 | INFO: Blender create Mesh node tactile-stud-editable-mesh.018
16:54:57 | INFO: Blender create Mesh node tactile-stud-editable-mesh.019
16:54:57 | INFO: Blender create Mesh node tactile-stud-editable-mesh.020
16:54:57 | INFO: Blender create Mesh node tactile-stud-editable-mesh.021
16:54:57 | INFO: Blender create Mesh node tactile-stud-editable-mesh.022
16:54:57 | INFO: Blender create Mesh node tactile-stud-editable-mesh.023
16:54:57 | INFO: Blender create Mesh node edge-face-drain-editable-mesh
16:54:57 | INFO: Blender create Mesh node edge-face-drain-editable-mesh.001
16:54:57 | INFO: Blender create Mesh node edge-face-drain-editable-mesh.002
16:54:57 | INFO: Blender create Mesh node edge-face-drain-editable-mesh.003
16:54:57 | INFO: glTF import finished in 0.02s
16:54:57 | INFO: Data are loaded, start creating Blender stuff
16:54:57 | INFO: Blender create Mesh node sign-post--0.85-editable-mesh
16:54:57 | INFO: Blender create Mesh node sign-foot--0.85-editable-mesh
16:54:57 | INFO: Blender create Mesh node sign-post-0.85-editable-mesh
16:54:57 | INFO: Blender create Mesh node sign-foot-0.85-editable-mesh
16:54:57 | INFO: Blender create Mesh node guidance-panel-editable-mesh
16:54:57 | INFO: Blender create Mesh node guidance-face-editable-mesh
16:54:57 | INFO: Blender create Mesh node direction-arrow-editable-mesh
16:54:57 | INFO: Blender create Mesh node generic-destination-rule-2.67-editable-mesh
16:54:57 | INFO: Blender create Mesh node generic-destination-rule-2.54-editable-mesh
16:54:57 | INFO: glTF import finished in 0.01s
16:54:57 | INFO: Data are loaded, start creating Blender stuff
16:54:57 | INFO: Blender create Mesh node threshold-deck-editable-mesh
16:54:57 | INFO: Blender create Mesh node deck-grip-strip-editable-mesh
16:54:57 | INFO: Blender create Mesh node deck-grip-strip-editable-mesh.001
16:54:57 | INFO: Blender create Mesh node deck-grip-strip-editable-mesh.002
16:54:57 | INFO: glTF import finished in 0.01s
16:54:57 | INFO: Data are loaded, start creating Blender stuff
16:54:57 | INFO: Blender create Mesh node threshold-deck-editable-mesh
16:54:57 | INFO: Blender create Mesh node deck-grip-strip-editable-mesh
16:54:57 | INFO: Blender create Mesh node deck-grip-strip-editable-mesh.001
16:54:57 | INFO: Blender create Mesh node deck-grip-strip-editable-mesh.002
16:54:57 | INFO: glTF import finished in 0.01s
Extensions: writing cache failed ([Errno 30] Read-only file system: '/home/agent/.config/blender').
16:54:57 | INFO: Data are loaded, start creating Blender stuff
16:54:57 | INFO: Blender create Mesh node ground-foot-editable-mesh
16:54:57 | INFO: Blender create Mesh node pole-editable-mesh
16:54:57 | INFO: Blender create Mesh node stop-sign-frame-editable-mesh
16:54:57 | INFO: Blender create Mesh node stop-sign-face-editable-mesh
16:54:57 | INFO: Blender create Mesh node bus-pictogram-body-editable-mesh
16:54:57 | INFO: Blender create Mesh node bus-pictogram-window-editable-mesh
16:54:57 | INFO: Blender create Mesh node bus-pictogram-wheel--0.1-editable-mesh
16:54:57 | INFO: Blender create Mesh node bus-pictogram-wheel-0.1-editable-mesh
16:54:57 | INFO: Blender create Mesh node generic-route-rule-editable-mesh
16:54:57 | INFO: Blender create Mesh node sign-mount--0.21-editable-mesh
16:54:57 | INFO: Blender create Mesh node sign-mount-0.21-editable-mesh
16:54:57 | INFO: glTF import finished in 0.01s
16:54:57 | INFO: Data are loaded, start creating Blender stuff
16:54:57 | INFO: Blender create Mesh node platform-foundation-editable-mesh
16:54:57 | INFO: Blender create Mesh node platform-deck-editable-mesh
16:54:57 | INFO: Blender create Mesh node platform-edge-cap-editable-mesh
16:54:57 | INFO: Blender create Mesh node tactile-band-editable-mesh
16:54:57 | INFO: Blender create Mesh node tactile-stud-editable-mesh
16:54:57 | INFO: Blender create Mesh node tactile-stud-editable-mesh.001
16:54:57 | INFO: Blender create Mesh node tactile-stud-editable-mesh.002
16:54:57 | INFO: Blender create Mesh node tactile-stud-editable-mesh.003
16:54:57 | INFO: Blender create Mesh node tactile-stud-editable-mesh.004
16:54:57 | INFO: Blender create Mesh node tactile-stud-editable-mesh.005
16:54:57 | INFO: Blender create Mesh node tactile-stud-editable-mesh.006
16:54:57 | INFO: Blender create Mesh node tactile-stud-editable-mesh.007
16:54:57 | INFO: Blender create Mesh node tactile-stud-editable-mesh.008
16:54:57 | INFO: Blender create Mesh node tactile-stud-editable-mesh.009
16:54:57 | INFO: Blender create Mesh node tactile-stud-editable-mesh.010
16:54:57 | INFO: Blender create Mesh node tactile-stud-editable-mesh.011
16:54:57 | INFO: Blender create Mesh node tactile-stud-editable-mesh.012
16:54:57 | INFO: Blender create Mesh node tactile-stud-editable-mesh.013
16:54:57 | INFO: Blender create Mesh node tactile-stud-editable-mesh.014
16:54:57 | INFO: Blender create Mesh node tactile-stud-editable-mesh.015
16:54:57 | INFO: Blender create Mesh node tactile-stud-editable-mesh.016
16:54:57 | INFO: Blender create Mesh node tactile-stud-editable-mesh.017
16:54:57 | INFO: Blender create Mesh node tactile-stud-editable-mesh.018
16:54:57 | INFO: Blender create Mesh node tactile-stud-editable-mesh.019
16:54:57 | INFO: Blender create Mesh node tactile-stud-editable-mesh.020
16:54:57 | INFO: Blender create Mesh node tactile-stud-editable-mesh.021
16:54:57 | INFO: Blender create Mesh node tactile-stud-editable-mesh.022
16:54:57 | INFO: Blender create Mesh node tactile-stud-editable-mesh.023
16:54:57 | INFO: Blender create Mesh node edge-face-drain-editable-mesh
16:54:57 | INFO: Blender create Mesh node edge-face-drain-editable-mesh.001
16:54:57 | INFO: Blender create Mesh node edge-face-drain-editable-mesh.002
16:54:57 | INFO: Blender create Mesh node edge-face-drain-editable-mesh.003
16:54:57 | INFO: glTF import finished in 0.02s
16:54:57 | INFO: Data are loaded, start creating Blender stuff
16:54:57 | INFO: Blender create Mesh node sign-post--0.85-editable-mesh
16:54:57 | INFO: Blender create Mesh node sign-foot--0.85-editable-mesh
16:54:57 | INFO: Blender create Mesh node sign-post-0.85-editable-mesh
16:54:57 | INFO: Blender create Mesh node sign-foot-0.85-editable-mesh
16:54:57 | INFO: Blender create Mesh node guidance-panel-editable-mesh
16:54:57 | INFO: Blender create Mesh node guidance-face-editable-mesh
16:54:57 | INFO: Blender create Mesh node direction-arrow-editable-mesh
16:54:57 | INFO: Blender create Mesh node generic-destination-rule-2.67-editable-mesh
16:54:57 | INFO: Blender create Mesh node generic-destination-rule-2.54-editable-mesh
16:54:57 | INFO: glTF import finished in 0.01s
16:54:57 | INFO: Data are loaded, start creating Blender stuff
16:54:57 | INFO: Blender create Mesh node threshold-deck-editable-mesh
16:54:57 | INFO: Blender create Mesh node deck-grip-strip-editable-mesh
16:54:57 | INFO: Blender create Mesh node deck-grip-strip-editable-mesh.001
16:54:57 | INFO: Blender create Mesh node deck-grip-strip-editable-mesh.002
16:54:57 | INFO: glTF import finished in 0.01s
16:54:57 | INFO: Data are loaded, start creating Blender stuff
16:54:57 | INFO: Blender create Mesh node threshold-deck-editable-mesh
16:54:57 | INFO: Blender create Mesh node deck-grip-strip-editable-mesh
16:54:57 | INFO: Blender create Mesh node deck-grip-strip-editable-mesh.001
16:54:57 | INFO: Blender create Mesh node deck-grip-strip-editable-mesh.002
16:54:57 | INFO: glTF import finished in 0.01s
Extensions: writing cache failed ([Errno 30] Read-only file system: '/home/agent/.config/blender').
16:54:57 | INFO: Data are loaded, start creating Blender stuff
16:54:57 | INFO: Blender create Mesh node ground-foot-editable-mesh
16:54:57 | INFO: Blender create Mesh node pole-editable-mesh
16:54:57 | INFO: Blender create Mesh node stop-sign-frame-editable-mesh
16:54:57 | INFO: Blender create Mesh node stop-sign-face-editable-mesh
16:54:57 | INFO: Blender create Mesh node bus-pictogram-body-editable-mesh
16:54:57 | INFO: Blender create Mesh node bus-pictogram-window-editable-mesh
16:54:57 | INFO: Blender create Mesh node bus-pictogram-wheel--0.1-editable-mesh
16:54:57 | INFO: Blender create Mesh node bus-pictogram-wheel-0.1-editable-mesh
16:54:57 | INFO: Blender create Mesh node generic-route-rule-editable-mesh
16:54:57 | INFO: glTF import finished in 0.01s
16:54:57 | INFO: Data are loaded, start creating Blender stuff
16:54:57 | INFO: Blender create Mesh node platform-foundation-editable-mesh
16:54:57 | INFO: Blender create Mesh node platform-deck-editable-mesh
16:54:57 | INFO: Blender create Mesh node platform-edge-cap-editable-mesh
16:54:57 | INFO: Blender create Mesh node tactile-band-editable-mesh
16:54:57 | INFO: glTF import finished in 0.00s
16:54:57 | INFO: Data are loaded, start creating Blender stuff
16:54:57 | INFO: Blender create Mesh node sign-post--0.85-editable-mesh
16:54:57 | INFO: Blender create Mesh node sign-foot--0.85-editable-mesh
16:54:57 | INFO: Blender create Mesh node sign-post-0.85-editable-mesh
16:54:57 | INFO: Blender create Mesh node sign-foot-0.85-editable-mesh
16:54:57 | INFO: Blender create Mesh node guidance-panel-editable-mesh
16:54:57 | INFO: Blender create Mesh node guidance-face-editable-mesh
16:54:57 | INFO: Blender create Mesh node direction-arrow-editable-mesh
16:54:57 | INFO: Blender create Mesh node generic-destination-rule-2.67-editable-mesh
16:54:57 | INFO: Blender create Mesh node generic-destination-rule-2.54-editable-mesh
16:54:57 | INFO: glTF import finished in 0.01s
16:54:57 | INFO: Data are loaded, start creating Blender stuff
16:54:57 | INFO: Blender create Mesh node threshold-deck-editable-mesh
16:54:57 | INFO: glTF import finished in 0.00s
16:54:57 | INFO: Data are loaded, start creating Blender stuff
16:54:57 | INFO: Blender create Mesh node threshold-deck-editable-mesh
16:54:57 | INFO: glTF import finished in 0.00s
Extensions: writing cache failed ([Errno 30] Read-only file system: '/home/agent/.config/blender').
16:54:57 | INFO: Data are loaded, start creating Blender stuff
16:54:57 | INFO: Blender create Mesh node ground-foot-editable-mesh
16:54:57 | INFO: Blender create Mesh node pole-editable-mesh
16:54:57 | INFO: Blender create Mesh node stop-sign-frame-editable-mesh
16:54:57 | INFO: Blender create Mesh node stop-sign-face-editable-mesh
16:54:57 | INFO: Blender create Mesh node bus-pictogram-body-editable-mesh
16:54:57 | INFO: Blender create Mesh node bus-pictogram-window-editable-mesh
16:54:57 | INFO: Blender create Mesh node bus-pictogram-wheel--0.1-editable-mesh
16:54:57 | INFO: Blender create Mesh node bus-pictogram-wheel-0.1-editable-mesh
16:54:57 | INFO: Blender create Mesh node generic-route-rule-editable-mesh
16:54:57 | INFO: glTF import finished in 0.01s
16:54:57 | INFO: Data are loaded, start creating Blender stuff
16:54:57 | INFO: Blender create Mesh node platform-foundation-editable-mesh
16:54:57 | INFO: Blender create Mesh node platform-deck-editable-mesh
16:54:57 | INFO: Blender create Mesh node platform-edge-cap-editable-mesh
16:54:57 | INFO: Blender create Mesh node tactile-band-editable-mesh
16:54:57 | INFO: glTF import finished in 0.00s
16:54:57 | INFO: Data are loaded, start creating Blender stuff
16:54:57 | INFO: Blender create Mesh node sign-post--0.85-editable-mesh
16:54:57 | INFO: Blender create Mesh node sign-foot--0.85-editable-mesh
16:54:57 | INFO: Blender create Mesh node sign-post-0.85-editable-mesh
16:54:57 | INFO: Blender create Mesh node sign-foot-0.85-editable-mesh
16:54:57 | INFO: Blender create Mesh node guidance-panel-editable-mesh
16:54:57 | INFO: Blender create Mesh node guidance-face-editable-mesh
16:54:57 | INFO: Blender create Mesh node direction-arrow-editable-mesh
16:54:57 | INFO: Blender create Mesh node generic-destination-rule-2.67-editable-mesh
16:54:57 | INFO: Blender create Mesh node generic-destination-rule-2.54-editable-mesh
16:54:57 | INFO: glTF import finished in 0.01s
16:54:57 | INFO: Data are loaded, start creating Blender stuff
16:54:57 | INFO: Blender create Mesh node threshold-deck-editable-mesh
16:54:57 | INFO: glTF import finished in 0.00s
16:54:57 | INFO: Data are loaded, start creating Blender stuff
16:54:57 | INFO: Blender create Mesh node threshold-deck-editable-mesh
16:54:57 | INFO: glTF import finished in 0.00s
Extensions: writing cache failed ([Errno 30] Read-only file system: '/home/agent/.config/blender').
16:54:58 | INFO: Data are loaded, start creating Blender stuff
16:54:58 | INFO: Blender create Mesh node ground-foot-editable-mesh
16:54:58 | INFO: Blender create Mesh node pole-editable-mesh
16:54:58 | INFO: Blender create Mesh node stop-sign-frame-editable-mesh
16:54:58 | INFO: Blender create Mesh node stop-sign-face-editable-mesh
16:54:58 | INFO: Blender create Mesh node bus-pictogram-body-editable-mesh
16:54:58 | INFO: Blender create Mesh node bus-pictogram-window-editable-mesh
16:54:58 | INFO: Blender create Mesh node bus-pictogram-wheel--0.1-editable-mesh
16:54:58 | INFO: Blender create Mesh node bus-pictogram-wheel-0.1-editable-mesh
16:54:58 | INFO: Blender create Mesh node generic-route-rule-editable-mesh
16:54:58 | INFO: glTF import finished in 0.01s
16:54:58 | INFO: Data are loaded, start creating Blender stuff
16:54:58 | INFO: Blender create Mesh node platform-foundation-editable-mesh
16:54:58 | INFO: Blender create Mesh node platform-deck-editable-mesh
16:54:58 | INFO: Blender create Mesh node platform-edge-cap-editable-mesh
16:54:58 | INFO: Blender create Mesh node tactile-band-editable-mesh
16:54:58 | INFO: glTF import finished in 0.00s
16:54:58 | INFO: Data are loaded, start creating Blender stuff
16:54:58 | INFO: Blender create Mesh node sign-post--0.85-editable-mesh
16:54:58 | INFO: Blender create Mesh node sign-foot--0.85-editable-mesh
16:54:58 | INFO: Blender create Mesh node sign-post-0.85-editable-mesh
16:54:58 | INFO: Blender create Mesh node sign-foot-0.85-editable-mesh
16:54:58 | INFO: Blender create Mesh node guidance-panel-editable-mesh
16:54:58 | INFO: Blender create Mesh node guidance-face-editable-mesh
16:54:58 | INFO: Blender create Mesh node direction-arrow-editable-mesh
16:54:58 | INFO: Blender create Mesh node generic-destination-rule-2.67-editable-mesh
16:54:58 | INFO: Blender create Mesh node generic-destination-rule-2.54-editable-mesh
16:54:58 | INFO: glTF import finished in 0.01s
16:54:58 | INFO: Data are loaded, start creating Blender stuff
16:54:58 | INFO: Blender create Mesh node threshold-deck-editable-mesh
16:54:58 | INFO: glTF import finished in 0.00s
16:54:58 | INFO: Data are loaded, start creating Blender stuff
16:54:58 | INFO: Blender create Mesh node threshold-deck-editable-mesh
16:54:58 | INFO: glTF import finished in 0.00s
Extensions: writing cache failed ([Errno 30] Read-only file system: '/home/agent/.config/blender').
16:54:58 | INFO: Data are loaded, start creating Blender stuff
16:54:58 | INFO: Blender create Mesh node ground-foot-editable-mesh
16:54:58 | INFO: Blender create Mesh node pole-editable-mesh
16:54:58 | INFO: Blender create Mesh node stop-sign-frame-editable-mesh
16:54:58 | INFO: Blender create Mesh node stop-sign-face-editable-mesh
16:54:58 | INFO: Blender create Mesh node bus-pictogram-body-editable-mesh
16:54:58 | INFO: Blender create Mesh node bus-pictogram-window-editable-mesh
16:54:58 | INFO: Blender create Mesh node bus-pictogram-wheel--0.1-editable-mesh
16:54:58 | INFO: Blender create Mesh node bus-pictogram-wheel-0.1-editable-mesh
16:54:58 | INFO: Blender create Mesh node generic-route-rule-editable-mesh
16:54:58 | INFO: glTF import finished in 0.01s
16:54:58 | INFO: Data are loaded, start creating Blender stuff
16:54:58 | INFO: Blender create Mesh node platform-foundation-editable-mesh
16:54:58 | INFO: Blender create Mesh node platform-deck-editable-mesh
16:54:58 | INFO: Blender create Mesh node platform-edge-cap-editable-mesh
16:54:58 | INFO: Blender create Mesh node tactile-band-editable-mesh
16:54:58 | INFO: glTF import finished in 0.00s
16:54:58 | INFO: Data are loaded, start creating Blender stuff
16:54:58 | INFO: Blender create Mesh node sign-post--0.85-editable-mesh
16:54:58 | INFO: Blender create Mesh node sign-foot--0.85-editable-mesh
16:54:58 | INFO: Blender create Mesh node sign-post-0.85-editable-mesh
16:54:58 | INFO: Blender create Mesh node sign-foot-0.85-editable-mesh
16:54:58 | INFO: Blender create Mesh node guidance-panel-editable-mesh
16:54:58 | INFO: Blender create Mesh node guidance-face-editable-mesh
16:54:58 | INFO: Blender create Mesh node direction-arrow-editable-mesh
16:54:58 | INFO: Blender create Mesh node generic-destination-rule-2.67-editable-mesh
16:54:58 | INFO: Blender create Mesh node generic-destination-rule-2.54-editable-mesh
16:54:58 | INFO: glTF import finished in 0.01s
16:54:58 | INFO: Data are loaded, start creating Blender stuff
16:54:58 | INFO: Blender create Mesh node threshold-deck-editable-mesh
16:54:58 | INFO: glTF import finished in 0.00s
16:54:58 | INFO: Data are loaded, start creating Blender stuff
16:54:58 | INFO: Blender create Mesh node threshold-deck-editable-mesh
16:54:58 | INFO: glTF import finished in 0.00s
Extensions: writing cache failed ([Errno 30] Read-only file system: '/home/agent/.config/blender').
16:54:58 | INFO: Data are loaded, start creating Blender stuff
16:54:58 | INFO: Blender create Mesh node lower--1-0
16:54:58 | INFO: Blender create Mesh node front-destination
16:54:58 | INFO: Blender create Mesh node door-right-front-a-crossbar
16:54:58 | INFO: Blender create Mesh node door-right-front-b-crossbar
16:54:58 | INFO: Blender create Mesh node door-right-rear-a-crossbar
16:54:58 | INFO: Blender create Mesh node door-right-rear-b-crossbar
16:54:58 | INFO: Blender create Mesh node window--1-0
16:54:58 | INFO: Blender create Mesh node destination-pixel
16:54:58 | INFO: Blender create Mesh node roof-equipment
16:54:58 | INFO: Blender create Mesh node wheel-front-left-hub
16:54:58 | INFO: Blender create Mesh node wheel-front-left-tyre
16:54:58 | INFO: Blender create Mesh node wheel-front-right-hub
16:54:58 | INFO: Blender create Mesh node wheel-front-right-tyre
16:54:58 | INFO: Blender create Mesh node wheel-rear-left-hub
16:54:58 | INFO: Blender create Mesh node wheel-rear-left-tyre
16:54:58 | INFO: Blender create Mesh node wheel-rear-right-hub
16:54:58 | INFO: Blender create Mesh node wheel-rear-right-tyre
16:54:58 | INFO: glTF import finished in 0.02s
16:54:58 | INFO: Data are loaded, start creating Blender stuff
16:54:58 | INFO: Blender create Mesh node interior-batch-panel
16:54:58 | INFO: Blender create Mesh node interior-batch-lights
16:54:58 | INFO: Blender create Mesh node interior-batch-glass
16:54:58 | INFO: Blender create Mesh node interior-batch-seat
16:54:58 | INFO: Blender create Mesh node interior-batch-rail
16:54:58 | INFO: Blender create Mesh node interior-batch-floor
16:54:58 | INFO: Blender create Mesh node interior-batch-rubber
16:54:58 | INFO: glTF import finished in 0.02s
16:54:58 | INFO: Data are loaded, start creating Blender stuff
16:54:58 | INFO: Blender create Mesh node ground-foot-editable-mesh
16:54:58 | INFO: Blender create Mesh node pole-editable-mesh
16:54:58 | INFO: Blender create Mesh node stop-sign-frame-editable-mesh
16:54:58 | INFO: Blender create Mesh node stop-sign-face-editable-mesh
16:54:58 | INFO: Blender create Mesh node bus-pictogram-body-editable-mesh
16:54:58 | INFO: Blender create Mesh node bus-pictogram-window-editable-mesh
16:54:58 | INFO: Blender create Mesh node bus-pictogram-wheel--0.1-editable-mesh
16:54:58 | INFO: Blender create Mesh node bus-pictogram-wheel-0.1-editable-mesh
16:54:58 | INFO: Blender create Mesh node generic-route-rule-editable-mesh
16:54:58 | INFO: Blender create Mesh node sign-mount--0.21-editable-mesh
16:54:58 | INFO: Blender create Mesh node sign-mount-0.21-editable-mesh
16:54:58 | INFO: glTF import finished in 0.01s
16:54:58 | INFO: Data are loaded, start creating Blender stuff
16:54:58 | INFO: Blender create Mesh node Cube
16:54:58 | INFO: Blender create Mesh node Cube.008
16:54:58 | INFO: Blender create Mesh node Cube.050
16:54:58 | INFO: Blender create Mesh node Cube.051
16:54:58 | INFO: glTF import finished in 0.01s
16:54:58 | INFO: Data are loaded, start creating Blender stuff
16:54:58 | INFO: Blender create Mesh node threshold-deck-editable-mesh
16:54:58 | INFO: Blender create Mesh node deck-grip-strip-editable-mesh
16:54:58 | INFO: Blender create Mesh node deck-grip-strip-editable-mesh.001
16:54:58 | INFO: Blender create Mesh node deck-grip-strip-editable-mesh.002
16:54:58 | INFO: glTF import finished in 0.01s
16:54:58 | INFO: Data are loaded, start creating Blender stuff
16:54:58 | INFO: Blender create Mesh node threshold-deck-editable-mesh
16:54:58 | INFO: Blender create Mesh node deck-grip-strip-editable-mesh
16:54:58 | INFO: Blender create Mesh node deck-grip-strip-editable-mesh.001
16:54:58 | INFO: Blender create Mesh node deck-grip-strip-editable-mesh.002
16:54:58 | INFO: glTF import finished in 0.01s
Extensions: writing cache failed ([Errno 30] Read-only file system: '/home/agent/.config/blender').
16:54:58 | INFO: Data are loaded, start creating Blender stuff
16:54:58 | INFO: Blender create Mesh node platform-foundation-editable-mesh
16:54:58 | INFO: Blender create Mesh node platform-deck-editable-mesh
16:54:58 | INFO: Blender create Mesh node platform-edge-cap-editable-mesh
16:54:58 | INFO: Blender create Mesh node tactile-band-editable-mesh
16:54:58 | INFO: glTF import finished in 0.00s
16:54:58 | INFO: Data are loaded, start creating Blender stuff
16:54:58 | INFO: Blender create Mesh node platform-foundation-editable-mesh
16:54:58 | INFO: Blender create Mesh node platform-deck-editable-mesh
16:54:58 | INFO: Blender create Mesh node platform-edge-cap-editable-mesh
16:54:58 | INFO: Blender create Mesh node tactile-band-editable-mesh
16:54:58 | INFO: glTF import finished in 0.00s
16:54:58 | INFO: Data are loaded, start creating Blender stuff
16:54:58 | INFO: Blender create Mesh node platform-foundation-editable-mesh
16:54:58 | INFO: Blender create Mesh node platform-deck-editable-mesh
16:54:58 | INFO: Blender create Mesh node platform-edge-cap-editable-mesh
16:54:58 | INFO: Blender create Mesh node tactile-band-editable-mesh
16:54:58 | INFO: glTF import finished in 0.00s
16:54:58 | INFO: Data are loaded, start creating Blender stuff
16:54:58 | INFO: Blender create Mesh node platform-foundation-editable-mesh
16:54:58 | INFO: Blender create Mesh node platform-deck-editable-mesh
16:54:58 | INFO: Blender create Mesh node platform-edge-cap-editable-mesh
16:54:58 | INFO: Blender create Mesh node tactile-band-editable-mesh
16:54:58 | INFO: glTF import finished in 0.00s
16:54:58 | INFO: Data are loaded, start creating Blender stuff
16:54:58 | INFO: Blender create Mesh node platform-foundation-editable-mesh
16:54:58 | INFO: Blender create Mesh node platform-deck-editable-mesh
16:54:58 | INFO: Blender create Mesh node platform-edge-cap-editable-mesh
16:54:58 | INFO: Blender create Mesh node tactile-band-editable-mesh
16:54:58 | INFO: glTF import finished in 0.00s
16:54:58 | INFO: Data are loaded, start creating Blender stuff
16:54:58 | INFO: Blender create Mesh node platform-foundation-editable-mesh
16:54:58 | INFO: Blender create Mesh node platform-deck-editable-mesh
16:54:58 | INFO: Blender create Mesh node platform-edge-cap-editable-mesh
16:54:58 | INFO: Blender create Mesh node tactile-band-editable-mesh
16:54:58 | INFO: glTF import finished in 0.00s
16:54:58 | INFO: Data are loaded, start creating Blender stuff
16:54:58 | INFO: Blender create Mesh node platform-foundation-editable-mesh
16:54:58 | INFO: Blender create Mesh node platform-deck-editable-mesh
16:54:58 | INFO: Blender create Mesh node platform-edge-cap-editable-mesh
16:54:58 | INFO: Blender create Mesh node tactile-band-editable-mesh
16:54:58 | INFO: glTF import finished in 0.00s
16:54:58 | INFO: Data are loaded, start creating Blender stuff
16:54:58 | INFO: Blender create Mesh node platform-foundation-editable-mesh
16:54:58 | INFO: Blender create Mesh node platform-deck-editable-mesh
16:54:58 | INFO: Blender create Mesh node platform-edge-cap-editable-mesh
16:54:58 | INFO: Blender create Mesh node tactile-band-editable-mesh
16:54:58 | INFO: glTF import finished in 0.01s
16:54:58 | INFO: Data are loaded, start creating Blender stuff
16:54:58 | INFO: Blender create Mesh node platform-foundation-editable-mesh
16:54:58 | INFO: Blender create Mesh node platform-deck-editable-mesh
16:54:58 | INFO: Blender create Mesh node platform-edge-cap-editable-mesh
16:54:58 | INFO: Blender create Mesh node tactile-band-editable-mesh
16:54:58 | INFO: glTF import finished in 0.01s
16:54:58 | INFO: Data are loaded, start creating Blender stuff
16:54:58 | INFO: Blender create Mesh node platform-foundation-editable-mesh
16:54:58 | INFO: Blender create Mesh node platform-deck-editable-mesh
16:54:58 | INFO: Blender create Mesh node platform-edge-cap-editable-mesh
16:54:58 | INFO: Blender create Mesh node tactile-band-editable-mesh
16:54:58 | INFO: glTF import finished in 0.01s
16:54:58 | INFO: Data are loaded, start creating Blender stuff
16:54:58 | INFO: Blender create Mesh node platform-foundation-editable-mesh
16:54:58 | INFO: Blender create Mesh node platform-deck-editable-mesh
16:54:58 | INFO: Blender create Mesh node platform-edge-cap-editable-mesh
16:54:58 | INFO: Blender create Mesh node tactile-band-editable-mesh
16:54:58 | INFO: glTF import finished in 0.01s
16:54:58 | INFO: Data are loaded, start creating Blender stuff
16:54:58 | INFO: Blender create Mesh node platform-foundation-editable-mesh
16:54:58 | INFO: Blender create Mesh node platform-deck-editable-mesh
16:54:58 | INFO: Blender create Mesh node platform-edge-cap-editable-mesh
16:54:58 | INFO: Blender create Mesh node tactile-band-editable-mesh
16:54:58 | INFO: glTF import finished in 0.01s
16:54:58 | INFO: Data are loaded, start creating Blender stuff
16:54:58 | INFO: Blender create Mesh node platform-foundation-editable-mesh
16:54:58 | INFO: Blender create Mesh node platform-deck-editable-mesh
16:54:58 | INFO: Blender create Mesh node platform-edge-cap-editable-mesh
16:54:58 | INFO: Blender create Mesh node tactile-band-editable-mesh
16:54:58 | INFO: glTF import finished in 0.01s
16:54:58 | INFO: Data are loaded, start creating Blender stuff
16:54:58 | INFO: Blender create Mesh node platform-foundation-editable-mesh
16:54:58 | INFO: Blender create Mesh node platform-deck-editable-mesh
16:54:58 | INFO: Blender create Mesh node platform-edge-cap-editable-mesh
16:54:58 | INFO: Blender create Mesh node tactile-band-editable-mesh
16:54:58 | INFO: glTF import finished in 0.01s
16:54:58 | INFO: Data are loaded, start creating Blender stuff
16:54:58 | INFO: Blender create Mesh node platform-foundation-editable-mesh
16:54:58 | INFO: Blender create Mesh node platform-deck-editable-mesh
16:54:58 | INFO: Blender create Mesh node platform-edge-cap-editable-mesh
16:54:58 | INFO: Blender create Mesh node tactile-band-editable-mesh
16:54:58 | INFO: glTF import finished in 0.01s
16:54:58 | INFO: Data are loaded, start creating Blender stuff
16:54:58 | INFO: Blender create Mesh node platform-foundation-editable-mesh
16:54:58 | INFO: Blender create Mesh node platform-deck-editable-mesh
16:54:58 | INFO: Blender create Mesh node platform-edge-cap-editable-mesh
16:54:58 | INFO: Blender create Mesh node tactile-band-editable-mesh
16:54:58 | INFO: glTF import finished in 0.01s
16:54:58 | INFO: Data are loaded, start creating Blender stuff
16:54:58 | INFO: Blender create Mesh node platform-foundation-editable-mesh
16:54:58 | INFO: Blender create Mesh node platform-deck-editable-mesh
16:54:58 | INFO: Blender create Mesh node platform-edge-cap-editable-mesh
16:54:58 | INFO: Blender create Mesh node tactile-band-editable-mesh
16:54:58 | INFO: glTF import finished in 0.01s
16:54:58 | INFO: Data are loaded, start creating Blender stuff
16:54:58 | INFO: Blender create Mesh node platform-foundation-editable-mesh
16:54:58 | INFO: Blender create Mesh node platform-deck-editable-mesh
16:54:58 | INFO: Blender create Mesh node platform-edge-cap-editable-mesh
16:54:58 | INFO: Blender create Mesh node tactile-band-editable-mesh
16:54:58 | INFO: glTF import finished in 0.01s
16:54:58 | INFO: Data are loaded, start creating Blender stuff
16:54:58 | INFO: Blender create Mesh node platform-foundation-editable-mesh
16:54:58 | INFO: Blender create Mesh node platform-deck-editable-mesh
16:54:58 | INFO: Blender create Mesh node platform-edge-cap-editable-mesh
16:54:58 | INFO: Blender create Mesh node tactile-band-editable-mesh
16:54:58 | INFO: glTF import finished in 0.01s
16:54:58 | INFO: Data are loaded, start creating Blender stuff
16:54:58 | INFO: Blender create Mesh node platform-foundation-editable-mesh
16:54:58 | INFO: Blender create Mesh node platform-deck-editable-mesh
16:54:58 | INFO: Blender create Mesh node platform-edge-cap-editable-mesh
16:54:58 | INFO: Blender create Mesh node tactile-band-editable-mesh
16:54:59 | INFO: glTF import finished in 0.01s
16:54:59 | INFO: Data are loaded, start creating Blender stuff
16:54:59 | INFO: Blender create Mesh node platform-foundation-editable-mesh
16:54:59 | INFO: Blender create Mesh node platform-deck-editable-mesh
16:54:59 | INFO: Blender create Mesh node platform-edge-cap-editable-mesh
16:54:59 | INFO: Blender create Mesh node tactile-band-editable-mesh
16:54:59 | INFO: glTF import finished in 0.01s
16:54:59 | INFO: Data are loaded, start creating Blender stuff
16:54:59 | INFO: Blender create Mesh node platform-foundation-editable-mesh
16:54:59 | INFO: Blender create Mesh node platform-deck-editable-mesh
16:54:59 | INFO: Blender create Mesh node platform-edge-cap-editable-mesh
16:54:59 | INFO: Blender create Mesh node tactile-band-editable-mesh
16:54:59 | INFO: glTF import finished in 0.01s
16:54:59 | INFO: Data are loaded, start creating Blender stuff
16:54:59 | INFO: Blender create Mesh node platform-foundation-editable-mesh
16:54:59 | INFO: Blender create Mesh node platform-deck-editable-mesh
16:54:59 | INFO: Blender create Mesh node platform-edge-cap-editable-mesh
16:54:59 | INFO: Blender create Mesh node tactile-band-editable-mesh
16:54:59 | INFO: glTF import finished in 0.01s
16:54:59 | INFO: Data are loaded, start creating Blender stuff
16:54:59 | INFO: Blender create Mesh node platform-foundation-editable-mesh
16:54:59 | INFO: Blender create Mesh node platform-deck-editable-mesh
16:54:59 | INFO: Blender create Mesh node platform-edge-cap-editable-mesh
16:54:59 | INFO: Blender create Mesh node tactile-band-editable-mesh
16:54:59 | INFO: glTF import finished in 0.01s
16:54:59 | INFO: Data are loaded, start creating Blender stuff
16:54:59 | INFO: Blender create Mesh node platform-foundation-editable-mesh
16:54:59 | INFO: Blender create Mesh node platform-deck-editable-mesh
16:54:59 | INFO: Blender create Mesh node platform-edge-cap-editable-mesh
16:54:59 | INFO: Blender create Mesh node tactile-band-editable-mesh
16:54:59 | INFO: glTF import finished in 0.01s
16:54:59 | INFO: Data are loaded, start creating Blender stuff
16:54:59 | INFO: Blender create Mesh node platform-foundation-editable-mesh
16:54:59 | INFO: Blender create Mesh node platform-deck-editable-mesh
16:54:59 | INFO: Blender create Mesh node platform-edge-cap-editable-mesh
16:54:59 | INFO: Blender create Mesh node tactile-band-editable-mesh
16:54:59 | INFO: glTF import finished in 0.01s
16:54:59 | INFO: Data are loaded, start creating Blender stuff
16:54:59 | INFO: Blender create Mesh node platform-foundation-editable-mesh
16:54:59 | INFO: Blender create Mesh node platform-deck-editable-mesh
16:54:59 | INFO: Blender create Mesh node platform-edge-cap-editable-mesh
16:54:59 | INFO: Blender create Mesh node tactile-band-editable-mesh
16:54:59 | INFO: glTF import finished in 0.01s
16:54:59 | INFO: Data are loaded, start creating Blender stuff
16:54:59 | INFO: Blender create Mesh node platform-foundation-editable-mesh
16:54:59 | INFO: Blender create Mesh node platform-deck-editable-mesh
16:54:59 | INFO: Blender create Mesh node platform-edge-cap-editable-mesh
16:54:59 | INFO: Blender create Mesh node tactile-band-editable-mesh
16:54:59 | INFO: glTF import finished in 0.02s
16:54:59 | INFO: Data are loaded, start creating Blender stuff
16:54:59 | INFO: Blender create Mesh node platform-foundation-editable-mesh
16:54:59 | INFO: Blender create Mesh node platform-deck-editable-mesh
16:54:59 | INFO: Blender create Mesh node platform-edge-cap-editable-mesh
16:54:59 | INFO: Blender create Mesh node tactile-band-editable-mesh
16:54:59 | INFO: glTF import finished in 0.02s
16:54:59 | INFO: Data are loaded, start creating Blender stuff
16:54:59 | INFO: Blender create Mesh node platform-foundation-editable-mesh
16:54:59 | INFO: Blender create Mesh node platform-deck-editable-mesh
16:54:59 | INFO: Blender create Mesh node platform-edge-cap-editable-mesh
16:54:59 | INFO: Blender create Mesh node tactile-band-editable-mesh
16:54:59 | INFO: glTF import finished in 0.02s
16:54:59 | INFO: Data are loaded, start creating Blender stuff
16:54:59 | INFO: Blender create Mesh node platform-foundation-editable-mesh
16:54:59 | INFO: Blender create Mesh node platform-deck-editable-mesh
16:54:59 | INFO: Blender create Mesh node platform-edge-cap-editable-mesh
16:54:59 | INFO: Blender create Mesh node tactile-band-editable-mesh
16:54:59 | INFO: glTF import finished in 0.01s
16:54:59 | INFO: Data are loaded, start creating Blender stuff
16:54:59 | INFO: Blender create Mesh node platform-foundation-editable-mesh
16:54:59 | INFO: Blender create Mesh node platform-deck-editable-mesh
16:54:59 | INFO: Blender create Mesh node platform-edge-cap-editable-mesh
16:54:59 | INFO: Blender create Mesh node tactile-band-editable-mesh
16:54:59 | INFO: glTF import finished in 0.01s
16:54:59 | INFO: Data are loaded, start creating Blender stuff
16:54:59 | INFO: Blender create Mesh node platform-foundation-editable-mesh
16:54:59 | INFO: Blender create Mesh node platform-deck-editable-mesh
16:54:59 | INFO: Blender create Mesh node platform-edge-cap-editable-mesh
16:54:59 | INFO: Blender create Mesh node tactile-band-editable-mesh
16:54:59 | INFO: glTF import finished in 0.01s
16:54:59 | INFO: Data are loaded, start creating Blender stuff
16:54:59 | INFO: Blender create Mesh node platform-foundation-editable-mesh
16:54:59 | INFO: Blender create Mesh node platform-deck-editable-mesh
16:54:59 | INFO: Blender create Mesh node platform-edge-cap-editable-mesh
16:54:59 | INFO: Blender create Mesh node tactile-band-editable-mesh
16:54:59 | INFO: glTF import finished in 0.01s
16:54:59 | INFO: Data are loaded, start creating Blender stuff
16:54:59 | INFO: Blender create Mesh node platform-foundation-editable-mesh
16:54:59 | INFO: Blender create Mesh node platform-deck-editable-mesh
16:54:59 | INFO: Blender create Mesh node platform-edge-cap-editable-mesh
16:54:59 | INFO: Blender create Mesh node tactile-band-editable-mesh
16:54:59 | INFO: glTF import finished in 0.01s
16:54:59 | INFO: Data are loaded, start creating Blender stuff
16:54:59 | INFO: Blender create Mesh node platform-foundation-editable-mesh
16:54:59 | INFO: Blender create Mesh node platform-deck-editable-mesh
16:54:59 | INFO: Blender create Mesh node platform-edge-cap-editable-mesh
16:54:59 | INFO: Blender create Mesh node tactile-band-editable-mesh
16:54:59 | INFO: glTF import finished in 0.01s
16:54:59 | INFO: Data are loaded, start creating Blender stuff
16:54:59 | INFO: Blender create Mesh node platform-foundation-editable-mesh
16:54:59 | INFO: Blender create Mesh node platform-deck-editable-mesh
16:54:59 | INFO: Blender create Mesh node platform-edge-cap-editable-mesh
16:54:59 | INFO: Blender create Mesh node tactile-band-editable-mesh
16:54:59 | INFO: glTF import finished in 0.01s
16:54:59 | INFO: Data are loaded, start creating Blender stuff
16:54:59 | INFO: Blender create Mesh node sign-post--0.85-editable-mesh
16:54:59 | INFO: Blender create Mesh node sign-foot--0.85-editable-mesh
16:54:59 | INFO: Blender create Mesh node sign-post-0.85-editable-mesh
16:54:59 | INFO: Blender create Mesh node sign-foot-0.85-editable-mesh
16:54:59 | INFO: Blender create Mesh node guidance-panel-editable-mesh
16:54:59 | INFO: Blender create Mesh node guidance-face-editable-mesh
16:54:59 | INFO: Blender create Mesh node direction-arrow-editable-mesh
16:54:59 | INFO: Blender create Mesh node generic-destination-rule-2.67-editable-mesh
16:54:59 | INFO: Blender create Mesh node generic-destination-rule-2.54-editable-mesh
16:54:59 | INFO: glTF import finished in 0.03s
16:54:59 | INFO: Data are loaded, start creating Blender stuff
16:54:59 | INFO: Blender create Mesh node Cube
16:54:59 | INFO: Blender create Mesh node Cube.142
16:54:59 | INFO: Blender create Mesh node Cube.141
16:54:59 | INFO: Blender create Mesh node Cube.119
16:54:59 | INFO: Blender create Mesh node Cube.124
16:54:59 | INFO: Blender create Mesh node Cube.129
16:54:59 | INFO: Blender create Mesh node Cube.134
16:54:59 | INFO: Blender create Mesh node Cube.109
16:54:59 | INFO: Blender create Mesh node Cube.114
16:54:59 | INFO: Blender create Mesh node Cube.089
16:54:59 | INFO: Blender create Mesh node Cube.094
16:54:59 | INFO: Blender create Mesh node Cube.099
16:54:59 | INFO: Blender create Mesh node Cube.104
16:54:59 | INFO: Blender create Mesh node Cube.079
16:54:59 | INFO: Blender create Mesh node Cube.084
16:54:59 | INFO: Blender create Mesh node Cube.004
16:54:59 | INFO: Blender create Mesh node Cube.076
16:54:59 | INFO: Blender create Mesh node Cylinder.007
16:54:59 | INFO: Blender create Mesh node Cylinder.006
16:54:59 | INFO: Blender create Mesh node Cylinder.005
16:54:59 | INFO: Blender create Mesh node Cylinder.004
16:54:59 | INFO: Blender create Mesh node Cylinder.003
16:54:59 | INFO: Blender create Mesh node Cylinder.002
16:54:59 | INFO: Blender create Mesh node Cylinder.001
16:54:59 | INFO: Blender create Mesh node Cylinder
16:54:59 | INFO: glTF import finished in 0.05s
16:54:59 | INFO: Data are loaded, start creating Blender stuff
16:54:59 | INFO: Blender create Mesh node interior-batch-metro-wall
16:54:59 | INFO: Blender create Mesh node interior-batch-metro-floor
16:54:59 | INFO: Blender create Mesh node interior-batch-metro-rail
16:54:59 | INFO: Blender create Mesh node interior-batch-metro-screen
16:54:59 | INFO: Blender create Mesh node interior-batch-metro-priority-seat
16:54:59 | INFO: Blender create Mesh node interior-batch-metro-seat
16:54:59 | INFO: glTF import finished in 0.03s
16:54:59 | INFO: Data are loaded, start creating Blender stuff
16:54:59 | INFO: Blender create Mesh node Cube
16:54:59 | INFO: Blender create Mesh node Cube.142
16:54:59 | INFO: Blender create Mesh node Cube.141
16:54:59 | INFO: Blender create Mesh node Cube.119
16:54:59 | INFO: Blender create Mesh node Cube.124
16:54:59 | INFO: Blender create Mesh node Cube.129
16:54:59 | INFO: Blender create Mesh node Cube.134
16:54:59 | INFO: Blender create Mesh node Cube.109
16:54:59 | INFO: Blender create Mesh node Cube.114
16:54:59 | INFO: Blender create Mesh node Cube.089
16:54:59 | INFO: Blender create Mesh node Cube.094
16:54:59 | INFO: Blender create Mesh node Cube.099
16:54:59 | INFO: Blender create Mesh node Cube.104
16:54:59 | INFO: Blender create Mesh node Cube.079
16:54:59 | INFO: Blender create Mesh node Cube.084
16:54:59 | INFO: Blender create Mesh node Cube.004
16:54:59 | INFO: Blender create Mesh node Cylinder.007
16:54:59 | INFO: Blender create Mesh node Cylinder.006
16:54:59 | INFO: Blender create Mesh node Cylinder.005
16:54:59 | INFO: Blender create Mesh node Cylinder.004
16:54:59 | INFO: Blender create Mesh node Cylinder.003
16:54:59 | INFO: Blender create Mesh node Cylinder.002
16:54:59 | INFO: Blender create Mesh node Cylinder.001
16:54:59 | INFO: Blender create Mesh node Cylinder
16:54:59 | INFO: glTF import finished in 0.05s
16:54:59 | INFO: Data are loaded, start creating Blender stuff
16:54:59 | INFO: Blender create Mesh node interior-batch-metro-wall
16:54:59 | INFO: Blender create Mesh node interior-batch-metro-floor
16:54:59 | INFO: Blender create Mesh node interior-batch-metro-rail
16:54:59 | INFO: Blender create Mesh node interior-batch-metro-screen
16:54:59 | INFO: Blender create Mesh node interior-batch-metro-priority-seat
16:54:59 | INFO: Blender create Mesh node interior-batch-metro-seat
16:54:59 | INFO: glTF import finished in 0.03s
16:54:59 | INFO: Data are loaded, start creating Blender stuff
16:54:59 | INFO: Blender create Mesh node Cube
16:54:59 | INFO: Blender create Mesh node Cube.142
16:54:59 | INFO: Blender create Mesh node Cube.141
16:54:59 | INFO: Blender create Mesh node Cube.119
16:54:59 | INFO: Blender create Mesh node Cube.124
16:54:59 | INFO: Blender create Mesh node Cube.129
16:54:59 | INFO: Blender create Mesh node Cube.134
16:54:59 | INFO: Blender create Mesh node Cube.109
16:54:59 | INFO: Blender create Mesh node Cube.114
16:54:59 | INFO: Blender create Mesh node Cube.089
16:54:59 | INFO: Blender create Mesh node Cube.094
16:54:59 | INFO: Blender create Mesh node Cube.099
16:54:59 | INFO: Blender create Mesh node Cube.104
16:54:59 | INFO: Blender create Mesh node Cube.079
16:54:59 | INFO: Blender create Mesh node Cube.084
16:54:59 | INFO: Blender create Mesh node Cube.004
16:54:59 | INFO: Blender create Mesh node Cylinder.007
16:54:59 | INFO: Blender create Mesh node Cylinder.006
16:54:59 | INFO: Blender create Mesh node Cylinder.005
16:54:59 | INFO: Blender create Mesh node Cylinder.004
16:54:59 | INFO: Blender create Mesh node Cylinder.003
16:54:59 | INFO: Blender create Mesh node Cylinder.002
16:54:59 | INFO: Blender create Mesh node Cylinder.001
16:54:59 | INFO: Blender create Mesh node Cylinder
16:54:59 | INFO: glTF import finished in 0.05s
16:54:59 | INFO: Data are loaded, start creating Blender stuff
16:54:59 | INFO: Blender create Mesh node interior-batch-metro-wall
16:54:59 | INFO: Blender create Mesh node interior-batch-metro-floor
16:54:59 | INFO: Blender create Mesh node interior-batch-metro-rail
16:54:59 | INFO: Blender create Mesh node interior-batch-metro-screen
16:54:59 | INFO: Blender create Mesh node interior-batch-metro-priority-seat
16:54:59 | INFO: Blender create Mesh node interior-batch-metro-seat
16:54:59 | INFO: glTF import finished in 0.04s
16:54:59 | INFO: Data are loaded, start creating Blender stuff
16:54:59 | INFO: Blender create Mesh node Cube
16:54:59 | INFO: Blender create Mesh node Cube.142
16:54:59 | INFO: Blender create Mesh node Cube.141
16:54:59 | INFO: Blender create Mesh node Cube.119
16:54:59 | INFO: Blender create Mesh node Cube.124
16:54:59 | INFO: Blender create Mesh node Cube.129
16:54:59 | INFO: Blender create Mesh node Cube.134
16:54:59 | INFO: Blender create Mesh node Cube.109
16:54:59 | INFO: Blender create Mesh node Cube.114
16:54:59 | INFO: Blender create Mesh node Cube.089
16:54:59 | INFO: Blender create Mesh node Cube.094
16:54:59 | INFO: Blender create Mesh node Cube.099
16:54:59 | INFO: Blender create Mesh node Cube.104
16:54:59 | INFO: Blender create Mesh node Cube.079
16:54:59 | INFO: Blender create Mesh node Cube.084
16:54:59 | INFO: Blender create Mesh node Cube.004
16:54:59 | INFO: Blender create Mesh node Cube.068
16:54:59 | INFO: Blender create Mesh node Cylinder.007
16:54:59 | INFO: Blender create Mesh node Cylinder.006
16:54:59 | INFO: Blender create Mesh node Cylinder.005
16:54:59 | INFO: Blender create Mesh node Cylinder.004
16:54:59 | INFO: Blender create Mesh node Cylinder.003
16:54:59 | INFO: Blender create Mesh node Cylinder.002
16:54:59 | INFO: Blender create Mesh node Cylinder.001
16:54:59 | INFO: Blender create Mesh node Cylinder
16:54:59 | INFO: glTF import finished in 0.06s
16:54:59 | INFO: Data are loaded, start creating Blender stuff
16:54:59 | INFO: Blender create Mesh node interior-batch-metro-wall
16:54:59 | INFO: Blender create Mesh node interior-batch-metro-floor
16:54:59 | INFO: Blender create Mesh node interior-batch-metro-rail
16:54:59 | INFO: Blender create Mesh node interior-batch-metro-screen
16:54:59 | INFO: Blender create Mesh node interior-batch-metro-priority-seat
16:54:59 | INFO: Blender create Mesh node interior-batch-metro-seat
16:54:59 | INFO: glTF import finished in 0.06s
16:54:59 | INFO: Data are loaded, start creating Blender stuff
16:54:59 | INFO: Blender create Mesh node threshold-deck-editable-mesh
16:54:59 | INFO: Blender create Mesh node deck-grip-strip-editable-mesh
16:54:59 | INFO: Blender create Mesh node deck-grip-strip-editable-mesh.001
16:54:59 | INFO: Blender create Mesh node deck-grip-strip-editable-mesh.002
16:55:00 | INFO: glTF import finished in 0.04s
16:55:00 | INFO: Data are loaded, start creating Blender stuff
16:55:00 | INFO: Blender create Mesh node threshold-deck-editable-mesh
16:55:00 | INFO: Blender create Mesh node deck-grip-strip-editable-mesh
16:55:00 | INFO: Blender create Mesh node deck-grip-strip-editable-mesh.001
16:55:00 | INFO: Blender create Mesh node deck-grip-strip-editable-mesh.002
16:55:00 | INFO: glTF import finished in 0.04s
16:55:00 | INFO: Data are loaded, start creating Blender stuff
16:55:00 | INFO: Blender create Mesh node threshold-deck-editable-mesh
16:55:00 | INFO: Blender create Mesh node deck-grip-strip-editable-mesh
16:55:00 | INFO: Blender create Mesh node deck-grip-strip-editable-mesh.001
16:55:00 | INFO: Blender create Mesh node deck-grip-strip-editable-mesh.002
16:55:00 | INFO: glTF import finished in 0.04s
16:55:00 | INFO: Data are loaded, start creating Blender stuff
16:55:00 | INFO: Blender create Mesh node threshold-deck-editable-mesh
16:55:00 | INFO: Blender create Mesh node deck-grip-strip-editable-mesh
16:55:00 | INFO: Blender create Mesh node deck-grip-strip-editable-mesh.001
16:55:00 | INFO: Blender create Mesh node deck-grip-strip-editable-mesh.002
16:55:00 | INFO: glTF import finished in 0.05s
16:55:00 | INFO: Data are loaded, start creating Blender stuff
16:55:00 | INFO: Blender create Mesh node threshold-deck-editable-mesh
16:55:00 | INFO: Blender create Mesh node deck-grip-strip-editable-mesh
16:55:00 | INFO: Blender create Mesh node deck-grip-strip-editable-mesh.001
16:55:00 | INFO: Blender create Mesh node deck-grip-strip-editable-mesh.002
16:55:00 | INFO: glTF import finished in 0.04s
16:55:00 | INFO: Data are loaded, start creating Blender stuff
16:55:00 | INFO: Blender create Mesh node threshold-deck-editable-mesh
16:55:00 | INFO: Blender create Mesh node deck-grip-strip-editable-mesh
16:55:00 | INFO: Blender create Mesh node deck-grip-strip-editable-mesh.001
16:55:00 | INFO: Blender create Mesh node deck-grip-strip-editable-mesh.002
16:55:00 | INFO: glTF import finished in 0.04s
16:55:00 | INFO: Data are loaded, start creating Blender stuff
16:55:00 | INFO: Blender create Mesh node threshold-deck-editable-mesh
16:55:00 | INFO: Blender create Mesh node deck-grip-strip-editable-mesh
16:55:00 | INFO: Blender create Mesh node deck-grip-strip-editable-mesh.001
16:55:00 | INFO: Blender create Mesh node deck-grip-strip-editable-mesh.002
16:55:00 | INFO: glTF import finished in 0.04s
16:55:00 | INFO: Data are loaded, start creating Blender stuff
16:55:00 | INFO: Blender create Mesh node threshold-deck-editable-mesh
16:55:00 | INFO: Blender create Mesh node deck-grip-strip-editable-mesh
16:55:00 | INFO: Blender create Mesh node deck-grip-strip-editable-mesh.001
16:55:00 | INFO: Blender create Mesh node deck-grip-strip-editable-mesh.002
16:55:00 | INFO: glTF import finished in 0.04s
16:55:00 | INFO: Data are loaded, start creating Blender stuff
16:55:00 | INFO: Blender create Mesh node threshold-deck-editable-mesh
16:55:00 | INFO: Blender create Mesh node deck-grip-strip-editable-mesh
16:55:00 | INFO: Blender create Mesh node deck-grip-strip-editable-mesh.001
16:55:00 | INFO: Blender create Mesh node deck-grip-strip-editable-mesh.002
16:55:00 | INFO: glTF import finished in 0.04s
16:55:00 | INFO: Data are loaded, start creating Blender stuff
16:55:00 | INFO: Blender create Mesh node threshold-deck-editable-mesh
16:55:00 | INFO: Blender create Mesh node deck-grip-strip-editable-mesh
16:55:00 | INFO: Blender create Mesh node deck-grip-strip-editable-mesh.001
16:55:00 | INFO: Blender create Mesh node deck-grip-strip-editable-mesh.002
16:55:00 | INFO: glTF import finished in 0.04s
16:55:00 | INFO: Data are loaded, start creating Blender stuff
16:55:00 | INFO: Blender create Mesh node threshold-deck-editable-mesh
16:55:00 | INFO: Blender create Mesh node deck-grip-strip-editable-mesh
16:55:00 | INFO: Blender create Mesh node deck-grip-strip-editable-mesh.001
16:55:00 | INFO: Blender create Mesh node deck-grip-strip-editable-mesh.002
16:55:00 | INFO: glTF import finished in 0.04s
16:55:00 | INFO: Data are loaded, start creating Blender stuff
16:55:00 | INFO: Blender create Mesh node threshold-deck-editable-mesh
16:55:00 | INFO: Blender create Mesh node deck-grip-strip-editable-mesh
16:55:00 | INFO: Blender create Mesh node deck-grip-strip-editable-mesh.001
16:55:00 | INFO: Blender create Mesh node deck-grip-strip-editable-mesh.002
16:55:00 | INFO: glTF import finished in 0.04s
Extensions: writing cache failed ([Errno 30] Read-only file system: '/home/agent/.config/blender').
16:55:03 | INFO: Data are loaded, start creating Blender stuff
16:55:03 | INFO: Blender create Mesh node threshold-deck-editable-mesh
16:55:03 | INFO: Blender create Mesh node deck-grip-strip-editable-mesh
16:55:03 | INFO: Blender create Mesh node deck-grip-strip-editable-mesh.001
16:55:03 | INFO: Blender create Mesh node deck-grip-strip-editable-mesh.002
16:55:03 | INFO: glTF import finished in 0.00s
16:55:03 | INFO: Data are loaded, start creating Blender stuff
16:55:03 | INFO: Blender create Mesh node threshold-deck-editable-mesh
16:55:03 | INFO: Blender create Mesh node deck-grip-strip-editable-mesh
16:55:03 | INFO: Blender create Mesh node deck-grip-strip-editable-mesh.001
16:55:03 | INFO: Blender create Mesh node deck-grip-strip-editable-mesh.002
16:55:03 | INFO: glTF import finished in 0.00s
Blender 4.3.2
Fra:1 Mem:14.66M (Peak 15.23M) | Time:00:00.00 | Mem:0.00M, Peak:0.00M | Scene, ViewLayer | Synchronizing object | threshold-deck
Fra:1 Mem:15.66M (Peak 15.66M) | Time:00:00.00 | Mem:0.00M, Peak:0.00M | Scene, ViewLayer | Synchronizing object | qa-label
Fra:1 Mem:16.75M (Peak 16.75M) | Time:00:00.00 | Mem:0.00M, Peak:0.00M | Scene, ViewLayer | Synchronizing object | qa-label.001
Fra:1 Mem:16.81M (Peak 16.81M) | Time:00:00.00 | Mem:0.00M, Peak:0.00M | Scene, ViewLayer | Synchronizing object | qa-ruler-tick.010
Fra:1 Mem:16.81M (Peak 16.81M) | Time:00:00.00 | Mem:0.00M, Peak:0.00M | Scene, ViewLayer | Synchronizing object | qa-ruler-tick.009
Fra:1 Mem:16.81M (Peak 16.81M) | Time:00:00.00 | Mem:0.00M, Peak:0.00M | Scene, ViewLayer | Synchronizing object | qa-ruler-tick.008
Fra:1 Mem:16.81M (Peak 16.81M) | Time:00:00.00 | Mem:0.00M, Peak:0.00M | Scene, ViewLayer | Synchronizing object | qa-ruler-tick.007
Fra:1 Mem:16.81M (Peak 16.81M) | Time:00:00.00 | Mem:0.00M, Peak:0.00M | Scene, ViewLayer | Synchronizing object | qa-ruler-tick.006
Fra:1 Mem:16.81M (Peak 16.81M) | Time:00:00.00 | Mem:0.00M, Peak:0.00M | Scene, ViewLayer | Synchronizing object | qa-ruler-tick.005
Fra:1 Mem:16.81M (Peak 16.81M) | Time:00:00.00 | Mem:0.00M, Peak:0.00M | Scene, ViewLayer | Synchronizing object | qa-ruler-tick.004
Fra:1 Mem:16.81M (Peak 16.81M) | Time:00:00.00 | Mem:0.00M, Peak:0.00M | Scene, ViewLayer | Synchronizing object | qa-ruler-tick.003
Fra:1 Mem:16.81M (Peak 16.81M) | Time:00:00.00 | Mem:0.00M, Peak:0.00M | Scene, ViewLayer | Synchronizing object | qa-ruler-tick.002
Fra:1 Mem:16.81M (Peak 16.81M) | Time:00:00.00 | Mem:0.00M, Peak:0.00M | Scene, ViewLayer | Synchronizing object | qa-ruler-tick.001
Fra:1 Mem:16.82M (Peak 16.82M) | Time:00:00.00 | Mem:0.00M, Peak:0.00M | Scene, ViewLayer | Synchronizing object | qa-ruler-tick
Fra:1 Mem:16.82M (Peak 16.82M) | Time:00:00.00 | Mem:0.00M, Peak:0.00M | Scene, ViewLayer | Synchronizing object | qa-one-metre-ruler
Fra:1 Mem:16.82M (Peak 16.82M) | Time:00:00.00 | Mem:0.00M, Peak:0.00M | Scene, ViewLayer | Synchronizing object | qa-human-head.001
Fra:1 Mem:16.84M (Peak 16.84M) | Time:00:00.00 | Mem:0.00M, Peak:0.00M | Scene, ViewLayer | Synchronizing object | qa-human-arm.003
Fra:1 Mem:16.86M (Peak 16.86M) | Time:00:00.00 | Mem:0.00M, Peak:0.00M | Scene, ViewLayer | Synchronizing object | deck-grip-strip
Fra:1 Mem:16.85M (Peak 16.86M) | Time:00:00.00 | Mem:0.00M, Peak:0.00M | Scene, ViewLayer | Synchronizing object | qa-human-leg.003
Fra:1 Mem:16.85M (Peak 16.86M) | Time:00:00.00 | Mem:0.00M, Peak:0.00M | Scene, ViewLayer | Synchronizing object | deck-grip-strip.001
Fra:1 Mem:16.88M (Peak 16.88M) | Time:00:00.00 | Mem:0.00M, Peak:0.00M | Scene, ViewLayer | Synchronizing object | deck-grip-strip.002
Fra:1 Mem:16.87M (Peak 16.88M) | Time:00:00.00 | Mem:0.00M, Peak:0.00M | Scene, ViewLayer | Synchronizing object | qa-human-arm.002
Fra:1 Mem:16.88M (Peak 16.88M) | Time:00:00.00 | Mem:0.00M, Peak:0.00M | Scene, ViewLayer | Synchronizing object | qa-research-support
Fra:1 Mem:16.88M (Peak 16.88M) | Time:00:00.00 | Mem:0.00M, Peak:0.00M | Scene, ViewLayer | Synchronizing object | threshold-deck.001
Fra:1 Mem:16.89M (Peak 16.89M) | Time:00:00.00 | Mem:0.00M, Peak:0.00M | Scene, ViewLayer | Synchronizing object | qa-human-leg.002
Fra:1 Mem:16.88M (Peak 16.89M) | Time:00:00.00 | Mem:0.00M, Peak:0.00M | Scene, ViewLayer | Synchronizing object | deck-grip-strip.003
Fra:1 Mem:16.91M (Peak 16.91M) | Time:00:00.00 | Mem:0.00M, Peak:0.00M | Scene, ViewLayer | Synchronizing object | deck-grip-strip.004
Fra:1 Mem:16.90M (Peak 16.91M) | Time:00:00.00 | Mem:0.00M, Peak:0.00M | Scene, ViewLayer | Synchronizing object | qa-human-torso.001
Fra:1 Mem:16.90M (Peak 16.91M) | Time:00:00.00 | Mem:0.00M, Peak:0.00M | Scene, ViewLayer | Synchronizing object | deck-grip-strip.005
Fra:1 Mem:16.93M (Peak 16.93M) | Time:00:00.00 | Mem:0.00M, Peak:0.00M | Scene, ViewLayer | Synchronizing object | qa-research-support.001
Fra:1 Mem:16.93M (Peak 16.93M) | Time:00:00.00 | Mem:0.00M, Peak:0.00M | Scene, ViewLayer | Synchronizing object | qa-ground
Fra:1 Mem:16.91M (Peak 16.93M) | Time:00:00.00 | Mem:0.00M, Peak:0.00M | Scene, ViewLayer | Synchronizing object | qa-human-head
Fra:1 Mem:16.91M (Peak 16.93M) | Time:00:00.00 | Mem:0.00M, Peak:0.00M | Scene, ViewLayer | Synchronizing object | qa-human-torso
Fra:1 Mem:16.94M (Peak 16.94M) | Time:00:00.00 | Mem:0.00M, Peak:0.00M | Scene, ViewLayer | Synchronizing object | qa-human-arm.001
Fra:1 Mem:16.96M (Peak 16.96M) | Time:00:00.00 | Mem:0.00M, Peak:0.00M | Scene, ViewLayer | Synchronizing object | qa-human-leg
Fra:1 Mem:16.95M (Peak 16.96M) | Time:00:00.00 | Mem:0.00M, Peak:0.00M | Scene, ViewLayer | Synchronizing object | qa-human-leg.001
Fra:1 Mem:16.99M (Peak 16.99M) | Time:00:00.00 | Mem:0.00M, Peak:0.00M | Scene, ViewLayer | Synchronizing object | qa-human-arm
Fra:1 Mem:16.99M (Peak 16.99M) | Time:00:00.00 | Mem:0.00M, Peak:0.00M | Scene, ViewLayer | Initializing
Fra:1 Mem:14.80M (Peak 16.99M) | Time:00:00.00 | Mem:0.00M, Peak:0.00M | Scene, ViewLayer | Waiting for render to start
Fra:1 Mem:14.80M (Peak 16.99M) | Time:00:00.00 | Mem:0.00M, Peak:0.00M | Scene, ViewLayer | Loading render kernels (may take a few minutes the first time)
Fra:1 Mem:14.80M (Peak 16.99M) | Time:00:00.00 | Mem:0.00M, Peak:0.00M | Scene, ViewLayer | Updating Scene
Fra:1 Mem:14.80M (Peak 16.99M) | Time:00:00.00 | Mem:0.00M, Peak:0.00M | Scene, ViewLayer | Updating Shaders
Fra:1 Mem:14.89M (Peak 16.99M) | Time:00:00.00 | Mem:0.01M, Peak:0.01M | Scene, ViewLayer | Updating Procedurals
Fra:1 Mem:14.89M (Peak 16.99M) | Time:00:00.00 | Mem:0.01M, Peak:0.01M | Scene, ViewLayer | Updating Background
Fra:1 Mem:14.89M (Peak 16.99M) | Time:00:00.00 | Mem:0.01M, Peak:0.01M | Scene, ViewLayer | Updating Camera
Fra:1 Mem:14.89M (Peak 16.99M) | Time:00:00.00 | Mem:0.01M, Peak:0.01M | Scene, ViewLayer | Updating Meshes Flags
Fra:1 Mem:14.89M (Peak 16.99M) | Time:00:00.00 | Mem:0.01M, Peak:0.01M | Scene, ViewLayer | Updating Objects
Fra:1 Mem:14.89M (Peak 16.99M) | Time:00:00.00 | Mem:0.01M, Peak:0.01M | Scene, ViewLayer | Updating Objects | Copying Transformations to device
Fra:1 Mem:14.90M (Peak 16.99M) | Time:00:00.00 | Mem:0.02M, Peak:0.02M | Scene, ViewLayer | Updating Objects | Applying Static Transformations
Fra:1 Mem:14.90M (Peak 16.99M) | Time:00:00.00 | Mem:0.02M, Peak:0.02M | Scene, ViewLayer | Updating Particle Systems
Fra:1 Mem:14.90M (Peak 16.99M) | Time:00:00.00 | Mem:0.02M, Peak:0.02M | Scene, ViewLayer | Updating Particle Systems | Copying Particles to device
Fra:1 Mem:14.90M (Peak 16.99M) | Time:00:00.00 | Mem:0.02M, Peak:0.02M | Scene, ViewLayer | Updating Meshes
Fra:1 Mem:14.94M (Peak 16.99M) | Time:00:00.00 | Mem:0.02M, Peak:0.02M | Scene, ViewLayer | Updating Mesh | Computing attributes
Fra:1 Mem:15.00M (Peak 16.99M) | Time:00:00.00 | Mem:0.02M, Peak:0.02M | Scene, ViewLayer | Updating Mesh | Copying Attributes to device
Fra:1 Mem:14.99M (Peak 16.99M) | Time:00:00.00 | Mem:0.06M, Peak:0.06M | Scene, ViewLayer | Updating Scene BVH | Building
Fra:1 Mem:14.99M (Peak 16.99M) | Time:00:00.00 | Mem:0.06M, Peak:0.06M | Scene, ViewLayer | Updating Scene BVH | Building BVH
Fra:1 Mem:14.99M (Peak 16.99M) | Time:00:00.00 | Mem:0.15M, Peak:0.15M | Scene, ViewLayer | Updating Scene BVH | Building BVH 0%
Fra:1 Mem:14.99M (Peak 16.99M) | Time:00:00.00 | Mem:0.26M, Peak:0.34M | Scene, ViewLayer | Updating Scene BVH | Copying BVH to device
Fra:1 Mem:14.99M (Peak 16.99M) | Time:00:00.00 | Mem:0.26M, Peak:0.34M | Scene, ViewLayer | Updating Mesh | Computing normals
Fra:1 Mem:15.16M (Peak 16.99M) | Time:00:00.00 | Mem:0.26M, Peak:0.34M | Scene, ViewLayer | Updating Mesh | Copying Mesh to device
Fra:1 Mem:15.16M (Peak 16.99M) | Time:00:00.00 | Mem:0.43M, Peak:0.43M | Scene, ViewLayer | Updating Objects Flags
Fra:1 Mem:15.16M (Peak 16.99M) | Time:00:00.00 | Mem:0.43M, Peak:0.43M | Scene, ViewLayer | Updating Primitive Offsets
Fra:1 Mem:15.16M (Peak 16.99M) | Time:00:00.00 | Mem:0.43M, Peak:0.43M | Scene, ViewLayer | Updating Images
Fra:1 Mem:15.16M (Peak 16.99M) | Time:00:00.00 | Mem:0.43M, Peak:0.43M | Scene, ViewLayer | Updating Camera Volume
Fra:1 Mem:15.16M (Peak 16.99M) | Time:00:00.00 | Mem:0.43M, Peak:0.43M | Scene, ViewLayer | Updating Lookup Tables
Fra:1 Mem:15.16M (Peak 16.99M) | Time:00:00.00 | Mem:0.51M, Peak:0.51M | Scene, ViewLayer | Updating Lights
Fra:1 Mem:15.16M (Peak 16.99M) | Time:00:00.00 | Mem:0.51M, Peak:0.51M | Scene, ViewLayer | Updating Lights | Computing tree
Fra:1 Mem:15.17M (Peak 16.99M) | Time:00:00.00 | Mem:0.51M, Peak:0.51M | Scene, ViewLayer | Updating Integrator
Fra:1 Mem:15.17M (Peak 16.99M) | Time:00:00.00 | Mem:0.51M, Peak:0.51M | Scene, ViewLayer | Updating Film
Fra:1 Mem:15.17M (Peak 16.99M) | Time:00:00.00 | Mem:0.43M, Peak:0.51M | Scene, ViewLayer | Updating Lookup Tables
Fra:1 Mem:15.17M (Peak 16.99M) | Time:00:00.00 | Mem:0.52M, Peak:0.52M | Scene, ViewLayer | Updating Baking
Fra:1 Mem:15.17M (Peak 16.99M) | Time:00:00.00 | Mem:0.52M, Peak:0.52M | Scene, ViewLayer | Updating Device | Writing constant memory
Fra:1 Mem:15.17M (Peak 16.99M) | Time:00:00.00 | Mem:0.52M, Peak:0.52M | Scene, ViewLayer | Sample 0/32
Fra:1 Mem:28.36M (Peak 28.36M) | Time:00:00.37 | Remaining:00:11.22 | Mem:13.70M, Peak:13.70M | Scene, ViewLayer | Sample 1/32
Fra:1 Mem:34.22M (Peak 45.94M) | Time:00:10.83 | Mem:13.70M, Peak:13.70M | Scene, ViewLayer | Sample 32/32
Fra:1 Mem:34.22M (Peak 45.94M) | Time:00:10.83 | Mem:13.70M, Peak:13.70M | Scene, ViewLayer | Finished
Saved: '/workspace/scratch/7c20b5ba4165/atlas-backlog-oct3/tools/assets/transit-station-spaces/qa/previews/stored-deck-contact.png'
Time: 00:11.00 (Saving: 00:00.17)


Blender quit
