Extensions: writing cache failed ([Errno 30] Read-only file system: '/home/agent/.config/blender').
Info: Saved "roadster-cockpit-local.lod0.blend"
ERROR Draco mesh compression is not available because library could not be found at /usr/bin/4.3/python/lib/python3.13/site-packages/libextern_draco.so
17:40:42 | INFO: Starting glTF 2.0 export
17:40:42 | INFO: Extracting primitive: Cube
17:40:42 | INFO: Primitives created: 1
17:40:42 | INFO: Extracting primitive: Cube.001
17:40:42 | INFO: Primitives created: 1
17:40:42 | INFO: Extracting primitive: Cube.002
17:40:42 | INFO: Primitives created: 1
17:40:42 | INFO: Extracting primitive: Cube.003
17:40:42 | INFO: Primitives created: 1
17:40:42 | INFO: Extracting primitive: Torus
17:40:42 | INFO: Primitives created: 1
17:40:42 | INFO: Extracting primitive: Cylinder
Blender 4.3.2
Read blend: "/workspace/scratch/7c20b5ba4165/atlas-backlog-oct3/tools/assets/roadster-driver-fit/source/roadster-cockpit-local.lod0.blend"
Error: Tangent space can only be computed for tris/quads, aborting
17:40:42 | WARNING: Cylinder: Could not calculate tangents. Please try to triangulate the mesh first.
17:40:42 | INFO: Primitives created: 1
17:40:42 | INFO: Extracting primitive: Cylinder.001
Error: Tangent space can only be computed for tris/quads, aborting
17:40:42 | WARNING: Cylinder.001: Could not calculate tangents. Please try to triangulate the mesh first.
17:40:42 | INFO: Primitives created: 1
17:40:42 | INFO: Extracting primitive: driver-seat-cushion/039
17:40:42 | INFO: Primitives created: 1
17:40:42 | INFO: Extracting primitive: driver-seat-back/040
17:40:42 | INFO: Primitives created: 1
17:40:42 | INFO: Extracting primitive: driver-seat-headrest/041
17:40:42 | INFO: Primitives created: 1
17:40:42 | INFO: Extracting primitive: driver-seat-bolster/042
17:40:42 | INFO: Primitives created: 1
17:40:42 | INFO: Extracting primitive: driver-seat-bolster/043
17:40:42 | INFO: Primitives created: 1
17:40:42 | INFO: Extracting primitive: driver-seat-seam/044
17:40:42 | INFO: Primitives created: 1
17:40:42 | INFO: Extracting primitive: driver-seat-seam/045
17:40:42 | INFO: Primitives created: 1
17:40:42 | INFO: Extracting primitive: driver-seat-seam/046
17:40:42 | INFO: Primitives created: 1
17:40:42 | INFO: Finished glTF 2.0 export in 0.024018049240112305 s

Warning: Cylinder: Could not calculate tangents. Please try to triangulate the mesh first.
Warning: Cylinder.001: Could not calculate tangents. Please try to triangulate the mesh first.
Extensions: writing cache failed ([Errno 30] Read-only file system: '/home/agent/.config/blender').
Info: Saved "roadster-cockpit-local.lod1.blend"
17:40:42 | INFO: Starting glTF 2.0 export
17:40:42 | INFO: Extracting primitive: Cube
17:40:42 | INFO: Primitives created: 1
17:40:42 | INFO: Extracting primitive: Cube.001
17:40:42 | INFO: Primitives created: 1
17:40:42 | INFO: Extracting primitive: Cube.002
17:40:42 | INFO: Primitives created: 1
17:40:42 | INFO: Extracting primitive: Cube.003
17:40:42 | INFO: Primitives created: 1
17:40:42 | INFO: Extracting primitive: Torus
17:40:42 | INFO: Primitives created: 1
17:40:42 | INFO: Extracting primitive: Cylinder
Read blend: "/workspace/scratch/7c20b5ba4165/atlas-backlog-oct3/tools/assets/roadster-driver-fit/source/roadster-cockpit-local.lod1.blend"
Error: Tangent space can only be computed for tris/quads, aborting
17:40:42 | WARNING: Cylinder: Could not calculate tangents. Please try to triangulate the mesh first.
17:40:42 | INFO: Primitives created: 1
17:40:42 | INFO: Extracting primitive: Cylinder.001
Error: Tangent space can only be computed for tris/quads, aborting
17:40:42 | WARNING: Cylinder.001: Could not calculate tangents. Please try to triangulate the mesh first.
17:40:42 | INFO: Primitives created: 1
17:40:42 | INFO: Extracting primitive: driver-seat-cushion/039
17:40:42 | INFO: Primitives created: 1
17:40:42 | INFO: Extracting primitive: driver-seat-back/040
17:40:42 | INFO: Primitives created: 1
17:40:42 | INFO: Extracting primitive: driver-seat-headrest/041
17:40:42 | INFO: Primitives created: 1
17:40:42 | INFO: Extracting primitive: driver-seat-bolster/042
17:40:42 | INFO: Primitives created: 1
17:40:42 | INFO: Extracting primitive: driver-seat-bolster/043
17:40:42 | INFO: Primitives created: 1
17:40:42 | INFO: Extracting primitive: driver-seat-seam/044
17:40:42 | INFO: Primitives created: 1
17:40:42 | INFO: Extracting primitive: driver-seat-seam/045
17:40:42 | INFO: Primitives created: 1
17:40:42 | INFO: Extracting primitive: driver-seat-seam/046
17:40:42 | INFO: Primitives created: 1
17:40:42 | INFO: Finished glTF 2.0 export in 0.02306079864501953 s

Warning: Cylinder: Could not calculate tangents. Please try to triangulate the mesh first.
Warning: Cylinder.001: Could not calculate tangents. Please try to triangulate the mesh first.
Extensions: writing cache failed ([Errno 30] Read-only file system: '/home/agent/.config/blender').
Info: Saved "roadster-cockpit-local.lod2.blend"
17:40:43 | INFO: Starting glTF 2.0 export
17:40:43 | INFO: Extracting primitive: Cube
17:40:43 | INFO: Primitives created: 1
17:40:43 | INFO: Extracting primitive: Cube.001
17:40:43 | INFO: Primitives created: 1
17:40:43 | INFO: Extracting primitive: Cube.002
17:40:43 | INFO: Primitives created: 1
17:40:43 | INFO: Extracting primitive: Cube.003
17:40:43 | INFO: Primitives created: 1
17:40:43 | INFO: Extracting primitive: Torus
17:40:43 | INFO: Primitives created: 1
17:40:43 | INFO: Extracting primitive: Cylinder
Read blend: "/workspace/scratch/7c20b5ba4165/atlas-backlog-oct3/tools/assets/roadster-driver-fit/source/roadster-cockpit-local.lod2.blend"
Error: Tangent space can only be computed for tris/quads, aborting
17:40:43 | WARNING: Cylinder: Could not calculate tangents. Please try to triangulate the mesh first.
17:40:43 | INFO: Primitives created: 1
17:40:43 | INFO: Extracting primitive: Cylinder.001
Error: Tangent space can only be computed for tris/quads, aborting
17:40:43 | WARNING: Cylinder.001: Could not calculate tangents. Please try to triangulate the mesh first.
17:40:43 | INFO: Primitives created: 1
17:40:43 | INFO: Extracting primitive: driver-seat-cushion/039
17:40:43 | INFO: Primitives created: 1
17:40:43 | INFO: Extracting primitive: driver-seat-back/040
17:40:43 | INFO: Primitives created: 1
17:40:43 | INFO: Extracting primitive: driver-seat-headrest/041
17:40:43 | INFO: Primitives created: 1
17:40:43 | INFO: Extracting primitive: driver-seat-bolster/042
17:40:43 | INFO: Primitives created: 1
17:40:43 | INFO: Extracting primitive: driver-seat-bolster/043
17:40:43 | INFO: Primitives created: 1
17:40:43 | INFO: Extracting primitive: driver-seat-seam/044
17:40:43 | INFO: Primitives created: 1
17:40:43 | INFO: Extracting primitive: driver-seat-seam/045
17:40:43 | INFO: Primitives created: 1
17:40:43 | INFO: Extracting primitive: driver-seat-seam/046
17:40:43 | INFO: Primitives created: 1
17:40:43 | INFO: Finished glTF 2.0 export in 0.023614883422851562 s

Warning: Cylinder: Could not calculate tangents. Please try to triangulate the mesh first.
Warning: Cylinder.001: Could not calculate tangents. Please try to triangulate the mesh first.
BUILT_LOCAL_COCKPIT_3_LODS

Blender quit
