LOD 0 pass [
  [ 'dashboard-preserved-passenger-and-center', 0, 0.0638146883860219 ],
  [ 'dashboard-driver-clearance-header', 0, 0.012375880435223618 ],
  [ 'dashboard-preserved-outboard', 0, 0.06381474285931601 ],
  [ 'driver-floor-extension', 0, 0.003997239520933171 ],
  [ 'steering-rim', 0, 0.022040701067669328 ],
  [ 'steering-spoke-horizontal', 0, 0.0932461624293015 ],
  [ 'steering-spoke-lower', 0, 0.08604986032313691 ],
  [ 'driver-seat-cushion-039', 0, 0.004954481934674791 ],
  [ 'driver-seat-back-040', 0, 0.019357362507988335 ],
  [ 'driver-seat-headrest-041', 0, 0.03696797436908288 ],
  [ 'driver-seat-bolster-042', 0, 0.0054064315877138235 ],
  [ 'driver-seat-bolster-043', 0, 0.006766760533805271 ],
  [ 'driver-seat-seam-044', 0, 0.022804653668129275 ],
  [ 'driver-seat-seam-045', 0, 0.024813091365493443 ],
  [ 'driver-seat-seam-046', 0, 0.07353254052755502 ]
] [] []
LOD 1 pass [
  [ 'dashboard-preserved-passenger-and-center', 0, 0.0638146883860219 ],
  [ 'dashboard-driver-clearance-header', 0, 0.01250111193589051 ],
  [ 'dashboard-preserved-outboard', 0, 0.06381474285931601 ],
  [ 'driver-floor-extension', 0, 0.003997239520933171 ],
  [ 'steering-rim', 0, 0.021187846091153498 ],
  [ 'steering-spoke-horizontal', 0, 0.0932461624293015 ],
  [ 'steering-spoke-lower', 0, 0.09002268438425955 ],
  [ 'driver-seat-cushion-039', 0, 0.004954481934674791 ],
  [ 'driver-seat-back-040', 0, 0.019357362507988335 ],
  [ 'driver-seat-headrest-041', 0, 0.03702670767040615 ],
  [ 'driver-seat-bolster-042', 0, 0.006667519338711447 ],
  [ 'driver-seat-bolster-043', 0, 0.006401383036874728 ],
  [ 'driver-seat-seam-044', 0, 0.022804653668129275 ],
  [ 'driver-seat-seam-045', 0, 0.024813091365493443 ],
  [ 'driver-seat-seam-046', 0, 0.073544188021612 ]
] [] []
LOD 2 pass [
  [ 'dashboard-preserved-passenger-and-center', 0, 0.0638146883860219 ],
  [ 'dashboard-driver-clearance-header', 0, 0.01250111193589051 ],
  [ 'dashboard-preserved-outboard', 0, 0.06381474285931601 ],
  [ 'driver-floor-extension', 0, 0.003997239520933171 ],
  [ 'steering-rim', 0, 0.023978474120502583 ],
  [ 'steering-spoke-horizontal', 0, 0.09358753414210756 ],
  [ 'steering-spoke-lower', 0, 0.09104825491190895 ],
  [ 'driver-seat-cushion-039', 0, 0.004954481934674791 ],
  [ 'driver-seat-back-040', 0, 0.019357362507988335 ],
  [ 'driver-seat-headrest-041', 0, 0.03702670767040615 ],
  [ 'driver-seat-bolster-042', 0, 0.007385447284192064 ],
  [ 'driver-seat-bolster-043', 0, 0.0066588405066902185 ],
  [ 'driver-seat-seam-044', 0, 0.022804653668129275 ],
  [ 'driver-seat-seam-045', 0, 0.024813091365493443 ],
  [ 'driver-seat-seam-046', 0, 0.073544188021612 ]
] [] []
