Extensions: writing cache failed ([Errno 30] Read-only file system: '/home/agent/.config/blender').
18:16:03 | INFO: Data are loaded, start creating Blender stuff
18:16:03 | INFO: Blender create Mesh node 0
18:16:03 | INFO: Blender create Mesh node 1
18:16:03 | INFO: Blender create Mesh node 2
18:16:03 | INFO: Blender create Mesh node 3
18:16:03 | INFO: Blender create Mesh node 4
18:16:03 | INFO: Blender create Mesh node 5
18:16:03 | INFO: Blender create Mesh node 6
18:16:03 | INFO: Blender create Mesh node 7
18:16:03 | INFO: Blender create Mesh node 8
18:16:03 | INFO: Blender create Mesh node 9
18:16:03 | INFO: Blender create Mesh node 10
18:16:03 | INFO: Blender create Mesh node 11
18:16:03 | INFO: Blender create Mesh node 12
18:16:03 | INFO: Blender create Mesh node 13
18:16:03 | INFO: Blender create Mesh node 14
18:16:03 | INFO: Blender create Mesh node 15
18:16:03 | INFO: Blender create Mesh node 16
18:16:03 | INFO: Blender create Mesh node 17
18:16:03 | INFO: Blender create Mesh node 18
18:16:03 | INFO: Blender create Mesh node 19
18:16:03 | INFO: Blender create Mesh node 20
18:16:03 | INFO: Blender create Mesh node 21
18:16:03 | INFO: Blender create Mesh node 22
18:16:03 | INFO: Blender create Mesh node 23
18:16:03 | INFO: Blender create Mesh node 24
18:16:03 | INFO: Blender create Mesh node 25
18:16:03 | INFO: Blender create Mesh node 26
18:16:03 | INFO: Blender create Mesh node 27
18:16:03 | INFO: Blender create Mesh node 28
18:16:03 | INFO: Blender create Mesh node 29
18:16:03 | INFO: Blender create Mesh node 30
18:16:03 | INFO: Blender create Mesh node 31
18:16:03 | INFO: Blender create Mesh node 32
18:16:03 | INFO: Blender create Mesh node 33
18:16:03 | INFO: Blender create Mesh node 34
18:16:03 | INFO: Blender create Mesh node 35
18:16:03 | INFO: Blender create Mesh node 36
18:16:03 | INFO: Blender create Mesh node 37
18:16:03 | INFO: Blender create Mesh node 38
18:16:03 | INFO: Blender create Mesh node 39
18:16:03 | INFO: Blender create Mesh node 40
18:16:03 | INFO: Blender create Mesh node 41
18:16:03 | INFO: Blender create Mesh node 42
18:16:03 | INFO: Blender create Mesh node 43
18:16:03 | INFO: Blender create Mesh node 44
18:16:03 | INFO: Blender create Mesh node 45
18:16:03 | INFO: Blender create Mesh node 46
18:16:03 | INFO: Blender create Mesh node 47
18:16:03 | INFO: Blender create Mesh node 48
18:16:03 | INFO: Blender create Mesh node 49
18:16:03 | INFO: Blender create Mesh node 50
18:16:03 | INFO: Blender create Mesh node 51
18:16:03 | INFO: Blender create Mesh node 52
18:16:03 | INFO: Blender create Mesh node 53
18:16:03 | INFO: Blender create Mesh node 54
18:16:03 | INFO: Blender create Mesh node 55
18:16:03 | INFO: Blender create Mesh node 56
18:16:03 | INFO: Blender create Mesh node 57
18:16:03 | INFO: Blender create Mesh node 58
18:16:03 | INFO: Blender create Mesh node 59
18:16:03 | INFO: Blender create Mesh node 60
18:16:03 | INFO: Blender create Mesh node 61
18:16:03 | INFO: Blender create Mesh node 62
18:16:03 | INFO: Blender create Mesh node 63
18:16:03 | INFO: Blender create Mesh node 64
18:16:03 | INFO: Blender create Mesh node 65
18:16:03 | INFO: Blender create Mesh node 66
18:16:03 | INFO: Blender create Mesh node 67
18:16:03 | INFO: Blender create Mesh node 68
18:16:03 | INFO: Blender create Mesh node 69
18:16:03 | INFO: Blender create Mesh node 70
18:16:03 | INFO: Blender create Mesh node 71
18:16:03 | INFO: Blender create Mesh node 72
18:16:03 | INFO: Blender create Mesh node 73
18:16:03 | INFO: Blender create Mesh node 74
18:16:03 | INFO: Blender create Mesh node 75
18:16:03 | INFO: Blender create Mesh node 76
18:16:03 | INFO: Blender create Mesh node 77
18:16:03 | INFO: Blender create Mesh node 78
18:16:03 | INFO: Blender create Mesh node 79
18:16:03 | INFO: Blender create Mesh node 80
18:16:03 | INFO: Blender create Mesh node 81
18:16:03 | INFO: Blender create Mesh node 82
18:16:03 | INFO: Blender create Mesh node 83
18:16:03 | INFO: Blender create Mesh node 84
18:16:03 | INFO: Blender create Mesh node 85
18:16:03 | INFO: Blender create Mesh node 86
18:16:03 | INFO: Blender create Mesh node 87
18:16:03 | INFO: Blender create Mesh node 88
18:16:03 | INFO: Blender create Mesh node 89
18:16:03 | INFO: Blender create Mesh node 90
18:16:03 | INFO: Blender create Mesh node 91
18:16:03 | INFO: Blender create Mesh node 92
18:16:03 | INFO: Blender create Mesh node 93
18:16:03 | INFO: Blender create Mesh node 94
18:16:03 | INFO: Blender create Mesh node 95
18:16:03 | INFO: Blender create Mesh node 96
18:16:03 | INFO: Blender create Mesh node 97
18:16:03 | INFO: glTF import finished in 0.07s
18:16:03 | INFO: Data are loaded, start creating Blender stuff
18:16:03 | INFO: Blender create Mesh node Tailored torso
18:16:03 | INFO: Blender create Mesh node Tailored torso.001
18:16:03 | INFO: glTF import finished in 0.15s
Blender 4.3.2
Fra:15 Mem:27.31M (Peak 27.31M) | Time:00:00.00 | Mem:0.00M, Peak:0.00M | Scene, ViewLayer | Synchronizing object | cabin-floor/021
Fra:15 Mem:29.32M (Peak 29.32M) | Time:00:00.00 | Mem:0.00M, Peak:0.00M | Scene, ViewLayer | Synchronizing object | Tailored torso.001
Fra:15 Mem:29.53M (Peak 29.53M) | Time:00:00.00 | Mem:0.00M, Peak:0.00M | Scene, ViewLayer | Synchronizing object | center-console/050
Fra:15 Mem:29.53M (Peak 29.53M) | Time:00:00.00 | Mem:0.00M, Peak:0.00M | Scene, ViewLayer | Synchronizing object | dashboard-preserved-passenger-and-center
Fra:15 Mem:29.54M (Peak 29.54M) | Time:00:00.00 | Mem:0.00M, Peak:0.00M | Scene, ViewLayer | Synchronizing object | dashboard-driver-clearance-header
Fra:15 Mem:29.54M (Peak 29.54M) | Time:00:00.00 | Mem:0.00M, Peak:0.00M | Scene, ViewLayer | Synchronizing object | dashboard-preserved-outboard
Fra:15 Mem:29.62M (Peak 29.62M) | Time:00:00.00 | Mem:0.00M, Peak:0.00M | Scene, ViewLayer | Synchronizing object | driver-floor-extension
Fra:15 Mem:29.62M (Peak 29.62M) | Time:00:00.00 | Mem:0.00M, Peak:0.00M | Scene, ViewLayer | Synchronizing object | steering-rim
Fra:15 Mem:29.66M (Peak 29.66M) | Time:00:00.00 | Mem:0.00M, Peak:0.00M | Scene, ViewLayer | Synchronizing object | steering-spoke-horizontal
Fra:15 Mem:29.67M (Peak 29.67M) | Time:00:00.00 | Mem:0.00M, Peak:0.00M | Scene, ViewLayer | Synchronizing object | steering-spoke-lower
Fra:15 Mem:29.82M (Peak 29.82M) | Time:00:00.00 | Mem:0.00M, Peak:0.00M | Scene, ViewLayer | Synchronizing object | driver-seat-cushion-039
Fra:15 Mem:29.87M (Peak 29.87M) | Time:00:00.00 | Mem:0.00M, Peak:0.00M | Scene, ViewLayer | Synchronizing object | driver-seat-back-040
Fra:15 Mem:29.92M (Peak 29.92M) | Time:00:00.00 | Mem:0.00M, Peak:0.00M | Scene, ViewLayer | Synchronizing object | driver-seat-headrest-041
Fra:15 Mem:29.97M (Peak 29.97M) | Time:00:00.00 | Mem:0.00M, Peak:0.00M | Scene, ViewLayer | Synchronizing object | driver-seat-bolster-042
Fra:15 Mem:29.97M (Peak 29.97M) | Time:00:00.00 | Mem:0.00M, Peak:0.00M | Scene, ViewLayer | Synchronizing object | driver-seat-bolster-043
Fra:15 Mem:29.97M (Peak 29.97M) | Time:00:00.00 | Mem:0.00M, Peak:0.00M | Scene, ViewLayer | Synchronizing object | driver-seat-seam-044
Fra:15 Mem:29.97M (Peak 29.97M) | Time:00:00.00 | Mem:0.00M, Peak:0.00M | Scene, ViewLayer | Synchronizing object | driver-seat-seam-045
Fra:15 Mem:29.97M (Peak 29.97M) | Time:00:00.00 | Mem:0.00M, Peak:0.00M | Scene, ViewLayer | Synchronizing object | driver-seat-seam-046
Fra:15 Mem:29.86M (Peak 29.97M) | Time:00:00.00 | Mem:0.00M, Peak:0.00M | Scene, ViewLayer | Synchronizing object | driver-roadster-fit-body
Fra:15 Mem:37.25M (Peak 38.02M) | Time:00:00.03 | Mem:0.00M, Peak:0.00M | Scene, ViewLayer | Initializing
Fra:15 Mem:33.81M (Peak 38.02M) | Time:00:00.03 | Mem:0.00M, Peak:0.00M | Scene, ViewLayer | Updating Images | Loading Citizen_Normal-1024
Fra:15 Mem:33.81M (Peak 38.02M) | Time:00:00.03 | Mem:0.00M, Peak:0.00M | Scene, ViewLayer | Updating Images | Loading Citizen_BaseColor-1024
Fra:15 Mem:49.83M (Peak 57.83M) | Time:00:00.05 | Mem:4.00M, Peak:4.00M | Scene, ViewLayer | Updating Images | Loading Citizen_Roughness-1024
Fra:15 Mem:44.57M (Peak 57.83M) | Time:00:00.06 | Mem:12.00M, Peak:12.00M | Scene, ViewLayer | Waiting for render to start
Fra:15 Mem:44.57M (Peak 57.83M) | Time:00:00.06 | Mem:12.00M, Peak:12.00M | Scene, ViewLayer | Loading render kernels (may take a few minutes the first time)
Fra:15 Mem:44.57M (Peak 57.83M) | Time:00:00.06 | Mem:12.00M, Peak:12.00M | Scene, ViewLayer | Updating Scene
Fra:15 Mem:44.57M (Peak 57.83M) | Time:00:00.06 | Mem:12.00M, Peak:12.00M | Scene, ViewLayer | Updating Shaders
Fra:15 Mem:44.65M (Peak 57.83M) | Time:00:00.06 | Mem:12.00M, Peak:12.00M | Scene, ViewLayer | Updating Procedurals
Fra:15 Mem:44.65M (Peak 57.83M) | Time:00:00.06 | Mem:12.00M, Peak:12.00M | Scene, ViewLayer | Updating Background
Fra:15 Mem:44.65M (Peak 57.83M) | Time:00:00.06 | Mem:12.00M, Peak:12.00M | Scene, ViewLayer | Updating Camera
Fra:15 Mem:44.65M (Peak 57.83M) | Time:00:00.06 | Mem:12.00M, Peak:12.00M | Scene, ViewLayer | Updating Meshes Flags
Fra:15 Mem:44.65M (Peak 57.83M) | Time:00:00.06 | Mem:12.00M, Peak:12.00M | Scene, ViewLayer | Updating Objects
Fra:15 Mem:44.65M (Peak 57.83M) | Time:00:00.06 | Mem:12.00M, Peak:12.00M | Scene, ViewLayer | Updating Objects | Copying Transformations to device
Fra:15 Mem:44.66M (Peak 57.83M) | Time:00:00.06 | Mem:12.01M, Peak:12.01M | Scene, ViewLayer | Updating Objects | Applying Static Transformations
Fra:15 Mem:44.66M (Peak 57.83M) | Time:00:00.06 | Mem:12.01M, Peak:12.01M | Scene, ViewLayer | Updating Particle Systems
Fra:15 Mem:44.66M (Peak 57.83M) | Time:00:00.06 | Mem:12.01M, Peak:12.01M | Scene, ViewLayer | Updating Particle Systems | Copying Particles to device
Fra:15 Mem:44.66M (Peak 57.83M) | Time:00:00.06 | Mem:12.01M, Peak:12.01M | Scene, ViewLayer | Updating Meshes
Fra:15 Mem:45.24M (Peak 57.83M) | Time:00:00.06 | Mem:12.01M, Peak:12.01M | Scene, ViewLayer | Updating Mesh | Computing attributes
Fra:15 Mem:48.08M (Peak 57.83M) | Time:00:00.06 | Mem:12.01M, Peak:12.01M | Scene, ViewLayer | Updating Mesh | Copying Attributes to device
Fra:15 Mem:48.08M (Peak 57.83M) | Time:00:00.06 | Mem:14.85M, Peak:14.85M | Scene, ViewLayer | Updating Scene BVH | Building
Fra:15 Mem:48.08M (Peak 57.83M) | Time:00:00.06 | Mem:14.85M, Peak:14.85M | Scene, ViewLayer | Updating Scene BVH | Building BVH
Fra:15 Mem:48.08M (Peak 57.83M) | Time:00:00.06 | Mem:16.01M, Peak:16.01M | Scene, ViewLayer | Updating Scene BVH | Building BVH 0%
Fra:15 Mem:48.08M (Peak 57.83M) | Time:00:00.07 | Mem:17.27M, Peak:18.42M | Scene, ViewLayer | Updating Scene BVH | Copying BVH to device
Fra:15 Mem:48.08M (Peak 57.83M) | Time:00:00.07 | Mem:17.27M, Peak:18.42M | Scene, ViewLayer | Updating Mesh | Computing normals
Fra:15 Mem:49.72M (Peak 57.83M) | Time:00:00.07 | Mem:17.27M, Peak:18.42M | Scene, ViewLayer | Updating Mesh | Copying Mesh to device
Fra:15 Mem:49.72M (Peak 57.83M) | Time:00:00.07 | Mem:18.90M, Peak:18.90M | Scene, ViewLayer | Updating Objects Flags
Fra:15 Mem:49.72M (Peak 57.83M) | Time:00:00.07 | Mem:18.90M, Peak:18.90M | Scene, ViewLayer | Updating Primitive Offsets
Fra:15 Mem:49.72M (Peak 57.83M) | Time:00:00.07 | Mem:18.90M, Peak:18.90M | Scene, ViewLayer | Updating Images
Fra:15 Mem:49.72M (Peak 57.83M) | Time:00:00.07 | Mem:18.90M, Peak:18.90M | Scene, ViewLayer | Updating Camera Volume
Fra:15 Mem:49.72M (Peak 57.83M) | Time:00:00.07 | Mem:18.90M, Peak:18.90M | Scene, ViewLayer | Updating Lookup Tables
Fra:15 Mem:49.72M (Peak 57.83M) | Time:00:00.07 | Mem:18.98M, Peak:18.98M | Scene, ViewLayer | Updating Lights
Fra:15 Mem:49.72M (Peak 57.83M) | Time:00:00.07 | Mem:18.98M, Peak:18.98M | Scene, ViewLayer | Updating Lights | Computing tree
Fra:15 Mem:49.72M (Peak 57.83M) | Time:00:00.07 | Mem:18.99M, Peak:18.99M | Scene, ViewLayer | Updating Integrator
Fra:15 Mem:49.72M (Peak 57.83M) | Time:00:00.07 | Mem:18.99M, Peak:18.99M | Scene, ViewLayer | Updating Film
Fra:15 Mem:49.72M (Peak 57.83M) | Time:00:00.07 | Mem:18.90M, Peak:18.99M | Scene, ViewLayer | Updating Lookup Tables
Fra:15 Mem:49.72M (Peak 57.83M) | Time:00:00.07 | Mem:18.99M, Peak:18.99M | Scene, ViewLayer | Updating Baking
Fra:15 Mem:49.72M (Peak 57.83M) | Time:00:00.07 | Mem:18.99M, Peak:18.99M | Scene, ViewLayer | Updating Device | Writing constant memory
Fra:15 Mem:49.72M (Peak 57.83M) | Time:00:00.07 | Mem:18.99M, Peak:18.99M | Scene, ViewLayer | Sample 0/24
Fra:15 Mem:65.11M (Peak 65.11M) | Time:00:00.34 | Remaining:00:06.14 | Mem:34.38M, Peak:34.38M | Scene, ViewLayer | Sample 1/24
Fra:15 Mem:71.95M (Peak 85.62M) | Time:00:05.68 | Mem:34.38M, Peak:34.38M | Scene, ViewLayer | Sample 24/24
Fra:15 Mem:71.95M (Peak 85.62M) | Time:00:05.68 | Mem:34.38M, Peak:34.38M | Scene, ViewLayer | Finished
Saved: '/workspace/scratch/7c20b5ba4165/atlas-backlog-oct3/tools/assets/roadster-driver-fit/qa/previews/driver-side.png'
Time: 00:05.85 (Saving: 00:00.16)

Extensions: writing cache failed ([Errno 30] Read-only file system: '/home/agent/.config/blender').
18:16:09 | INFO: Data are loaded, start creating Blender stuff
18:16:09 | INFO: Blender create Mesh node 0
18:16:09 | INFO: Blender create Mesh node 1
18:16:09 | INFO: Blender create Mesh node 2
18:16:09 | INFO: Blender create Mesh node 3
18:16:09 | INFO: Blender create Mesh node 4
18:16:09 | INFO: Blender create Mesh node 5
18:16:09 | INFO: Blender create Mesh node 6
18:16:09 | INFO: Blender create Mesh node 7
18:16:09 | INFO: Blender create Mesh node 8
18:16:09 | INFO: Blender create Mesh node 9
18:16:09 | INFO: Blender create Mesh node 10
18:16:09 | INFO: Blender create Mesh node 11
18:16:09 | INFO: Blender create Mesh node 12
18:16:09 | INFO: Blender create Mesh node 13
18:16:09 | INFO: Blender create Mesh node 14
18:16:09 | INFO: Blender create Mesh node 15
18:16:09 | INFO: Blender create Mesh node 16
18:16:09 | INFO: Blender create Mesh node 17
18:16:09 | INFO: Blender create Mesh node 18
18:16:09 | INFO: Blender create Mesh node 19
18:16:09 | INFO: Blender create Mesh node 20
18:16:09 | INFO: Blender create Mesh node 21
18:16:09 | INFO: Blender create Mesh node 22
18:16:09 | INFO: Blender create Mesh node 23
18:16:09 | INFO: Blender create Mesh node 24
18:16:09 | INFO: Blender create Mesh node 25
18:16:09 | INFO: Blender create Mesh node 26
18:16:09 | INFO: Blender create Mesh node 27
18:16:09 | INFO: Blender create Mesh node 28
18:16:09 | INFO: Blender create Mesh node 29
18:16:09 | INFO: Blender create Mesh node 30
18:16:09 | INFO: Blender create Mesh node 31
18:16:09 | INFO: Blender create Mesh node 32
18:16:09 | INFO: Blender create Mesh node 33
18:16:09 | INFO: Blender create Mesh node 34
18:16:09 | INFO: Blender create Mesh node 35
18:16:09 | INFO: Blender create Mesh node 36
18:16:09 | INFO: Blender create Mesh node 37
18:16:09 | INFO: Blender create Mesh node 38
18:16:09 | INFO: Blender create Mesh node 39
18:16:09 | INFO: Blender create Mesh node 40
18:16:09 | INFO: Blender create Mesh node 41
18:16:09 | INFO: Blender create Mesh node 42
18:16:09 | INFO: Blender create Mesh node 43
18:16:09 | INFO: Blender create Mesh node 44
18:16:09 | INFO: Blender create Mesh node 45
18:16:09 | INFO: Blender create Mesh node 46
18:16:09 | INFO: Blender create Mesh node 47
18:16:09 | INFO: Blender create Mesh node 48
18:16:09 | INFO: Blender create Mesh node 49
18:16:09 | INFO: Blender create Mesh node 50
18:16:09 | INFO: Blender create Mesh node 51
18:16:09 | INFO: Blender create Mesh node 52
18:16:09 | INFO: Blender create Mesh node 53
18:16:09 | INFO: Blender create Mesh node 54
18:16:09 | INFO: Blender create Mesh node 55
18:16:09 | INFO: Blender create Mesh node 56
18:16:09 | INFO: Blender create Mesh node 57
18:16:09 | INFO: Blender create Mesh node 58
18:16:09 | INFO: Blender create Mesh node 59
18:16:09 | INFO: Blender create Mesh node 60
18:16:09 | INFO: Blender create Mesh node 61
18:16:09 | INFO: Blender create Mesh node 62
18:16:09 | INFO: Blender create Mesh node 63
18:16:09 | INFO: Blender create Mesh node 64
18:16:09 | INFO: Blender create Mesh node 65
18:16:09 | INFO: Blender create Mesh node 66
18:16:09 | INFO: Blender create Mesh node 67
18:16:09 | INFO: Blender create Mesh node 68
18:16:09 | INFO: Blender create Mesh node 69
18:16:09 | INFO: Blender create Mesh node 70
18:16:09 | INFO: Blender create Mesh node 71
18:16:09 | INFO: Blender create Mesh node 72
18:16:09 | INFO: Blender create Mesh node 73
18:16:09 | INFO: Blender create Mesh node 74
18:16:09 | INFO: Blender create Mesh node 75
18:16:09 | INFO: Blender create Mesh node 76
18:16:09 | INFO: Blender create Mesh node 77
18:16:09 | INFO: Blender create Mesh node 78
18:16:09 | INFO: Blender create Mesh node 79
18:16:09 | INFO: Blender create Mesh node 80
18:16:09 | INFO: Blender create Mesh node 81
18:16:09 | INFO: Blender create Mesh node 82
18:16:09 | INFO: Blender create Mesh node 83
18:16:09 | INFO: Blender create Mesh node 84
18:16:09 | INFO: Blender create Mesh node 85
18:16:09 | INFO: Blender create Mesh node 86
18:16:09 | INFO: Blender create Mesh node 87
18:16:09 | INFO: Blender create Mesh node 88
18:16:09 | INFO: Blender create Mesh node 89
18:16:09 | INFO: Blender create Mesh node 90
18:16:09 | INFO: Blender create Mesh node 91
18:16:09 | INFO: Blender create Mesh node 92
18:16:09 | INFO: Blender create Mesh node 93
18:16:09 | INFO: Blender create Mesh node 94
18:16:09 | INFO: Blender create Mesh node 95
18:16:09 | INFO: Blender create Mesh node 96
18:16:09 | INFO: Blender create Mesh node 97
18:16:09 | INFO: glTF import finished in 0.07s
18:16:09 | INFO: Data are loaded, start creating Blender stuff
18:16:09 | INFO: Blender create Mesh node Tailored torso
18:16:09 | INFO: Blender create Mesh node Tailored torso.001
18:16:09 | INFO: glTF import finished in 0.15s
Fra:15 Mem:28.98M (Peak 28.98M) | Time:00:00.00 | Mem:0.00M, Peak:0.00M | Scene, ViewLayer | Synchronizing object | cabin-floor/021
Fra:15 Mem:28.98M (Peak 28.98M) | Time:00:00.00 | Mem:0.00M, Peak:0.00M | Scene, ViewLayer | Synchronizing object | Tailored torso.001
Fra:15 Mem:29.19M (Peak 29.19M) | Time:00:00.00 | Mem:0.00M, Peak:0.00M | Scene, ViewLayer | Synchronizing object | driver-floor-extension
Fra:15 Mem:29.20M (Peak 29.20M) | Time:00:00.00 | Mem:0.00M, Peak:0.00M | Scene, ViewLayer | Synchronizing object | driver-seat-cushion-039
Fra:15 Mem:29.32M (Peak 29.32M) | Time:00:00.00 | Mem:0.00M, Peak:0.00M | Scene, ViewLayer | Synchronizing object | driver-seat-back-040
Fra:15 Mem:29.38M (Peak 29.38M) | Time:00:00.00 | Mem:0.00M, Peak:0.00M | Scene, ViewLayer | Synchronizing object | driver-seat-headrest-041
Fra:15 Mem:29.58M (Peak 29.58M) | Time:00:00.00 | Mem:0.00M, Peak:0.00M | Scene, ViewLayer | Synchronizing object | driver-seat-seam-044
Fra:15 Mem:29.58M (Peak 29.58M) | Time:00:00.00 | Mem:0.00M, Peak:0.00M | Scene, ViewLayer | Synchronizing object | driver-seat-seam-045
Fra:15 Mem:29.58M (Peak 29.58M) | Time:00:00.00 | Mem:0.00M, Peak:0.00M | Scene, ViewLayer | Synchronizing object | driver-seat-seam-046
Fra:15 Mem:29.58M (Peak 29.58M) | Time:00:00.00 | Mem:0.00M, Peak:0.00M | Scene, ViewLayer | Synchronizing object | driver-roadster-fit-body
Fra:15 Mem:36.86M (Peak 37.62M) | Time:00:00.03 | Mem:0.00M, Peak:0.00M | Scene, ViewLayer | Initializing
Fra:15 Mem:33.45M (Peak 37.62M) | Time:00:00.03 | Mem:0.00M, Peak:0.00M | Scene, ViewLayer | Updating Images | Loading Citizen_Normal-1024
Fra:15 Mem:33.45M (Peak 37.62M) | Time:00:00.03 | Mem:0.00M, Peak:0.00M | Scene, ViewLayer | Updating Images | Loading Citizen_BaseColor-1024
Fra:15 Mem:49.47M (Peak 57.47M) | Time:00:00.05 | Mem:4.00M, Peak:4.00M | Scene, ViewLayer | Updating Images | Loading Citizen_Roughness-1024
Fra:15 Mem:44.51M (Peak 57.47M) | Time:00:00.06 | Mem:12.00M, Peak:12.00M | Scene, ViewLayer | Waiting for render to start
Fra:15 Mem:44.51M (Peak 57.47M) | Time:00:00.06 | Mem:12.00M, Peak:12.00M | Scene, ViewLayer | Loading render kernels (may take a few minutes the first time)
Fra:15 Mem:44.51M (Peak 57.47M) | Time:00:00.06 | Mem:12.00M, Peak:12.00M | Scene, ViewLayer | Updating Scene
Fra:15 Mem:44.51M (Peak 57.47M) | Time:00:00.06 | Mem:12.00M, Peak:12.00M | Scene, ViewLayer | Updating Shaders
Fra:15 Mem:44.60M (Peak 57.47M) | Time:00:00.06 | Mem:12.00M, Peak:12.00M | Scene, ViewLayer | Updating Procedurals
Fra:15 Mem:44.60M (Peak 57.47M) | Time:00:00.06 | Mem:12.00M, Peak:12.00M | Scene, ViewLayer | Updating Background
Fra:15 Mem:44.60M (Peak 57.47M) | Time:00:00.06 | Mem:12.00M, Peak:12.00M | Scene, ViewLayer | Updating Camera
Fra:15 Mem:44.60M (Peak 57.47M) | Time:00:00.06 | Mem:12.00M, Peak:12.00M | Scene, ViewLayer | Updating Meshes Flags
Fra:15 Mem:44.60M (Peak 57.47M) | Time:00:00.06 | Mem:12.00M, Peak:12.00M | Scene, ViewLayer | Updating Objects
Fra:15 Mem:44.60M (Peak 57.47M) | Time:00:00.06 | Mem:12.00M, Peak:12.00M | Scene, ViewLayer | Updating Objects | Copying Transformations to device
Fra:15 Mem:44.60M (Peak 57.47M) | Time:00:00.06 | Mem:12.01M, Peak:12.01M | Scene, ViewLayer | Updating Objects | Applying Static Transformations
Fra:15 Mem:44.60M (Peak 57.47M) | Time:00:00.06 | Mem:12.01M, Peak:12.01M | Scene, ViewLayer | Updating Particle Systems
Fra:15 Mem:44.60M (Peak 57.47M) | Time:00:00.06 | Mem:12.01M, Peak:12.01M | Scene, ViewLayer | Updating Particle Systems | Copying Particles to device
Fra:15 Mem:44.60M (Peak 57.47M) | Time:00:00.06 | Mem:12.01M, Peak:12.01M | Scene, ViewLayer | Updating Meshes
Fra:15 Mem:45.17M (Peak 57.47M) | Time:00:00.07 | Mem:12.01M, Peak:12.01M | Scene, ViewLayer | Updating Mesh | Computing attributes
Fra:15 Mem:48.01M (Peak 57.47M) | Time:00:00.07 | Mem:12.01M, Peak:12.01M | Scene, ViewLayer | Updating Mesh | Copying Attributes to device
Fra:15 Mem:48.01M (Peak 57.47M) | Time:00:00.07 | Mem:14.84M, Peak:14.84M | Scene, ViewLayer | Updating Scene BVH | Building
Fra:15 Mem:48.01M (Peak 57.47M) | Time:00:00.07 | Mem:14.84M, Peak:14.84M | Scene, ViewLayer | Updating Scene BVH | Building BVH
Fra:15 Mem:48.01M (Peak 57.47M) | Time:00:00.07 | Mem:15.98M, Peak:15.98M | Scene, ViewLayer | Updating Scene BVH | Building BVH 0%
Fra:15 Mem:48.01M (Peak 57.47M) | Time:00:00.07 | Mem:17.23M, Peak:18.37M | Scene, ViewLayer | Updating Scene BVH | Copying BVH to device
Fra:15 Mem:48.01M (Peak 57.47M) | Time:00:00.07 | Mem:17.23M, Peak:18.37M | Scene, ViewLayer | Updating Mesh | Computing normals
Fra:15 Mem:49.62M (Peak 57.47M) | Time:00:00.07 | Mem:17.23M, Peak:18.37M | Scene, ViewLayer | Updating Mesh | Copying Mesh to device
Fra:15 Mem:49.62M (Peak 57.47M) | Time:00:00.07 | Mem:18.84M, Peak:18.84M | Scene, ViewLayer | Updating Objects Flags
Fra:15 Mem:49.62M (Peak 57.47M) | Time:00:00.07 | Mem:18.84M, Peak:18.84M | Scene, ViewLayer | Updating Primitive Offsets
Fra:15 Mem:49.62M (Peak 57.47M) | Time:00:00.07 | Mem:18.84M, Peak:18.84M | Scene, ViewLayer | Updating Images
Fra:15 Mem:49.62M (Peak 57.47M) | Time:00:00.07 | Mem:18.84M, Peak:18.84M | Scene, ViewLayer | Updating Camera Volume
Fra:15 Mem:49.62M (Peak 57.47M) | Time:00:00.07 | Mem:18.84M, Peak:18.84M | Scene, ViewLayer | Updating Lookup Tables
Fra:15 Mem:49.62M (Peak 57.47M) | Time:00:00.07 | Mem:18.92M, Peak:18.92M | Scene, ViewLayer | Updating Lights
Fra:15 Mem:49.62M (Peak 57.47M) | Time:00:00.07 | Mem:18.92M, Peak:18.92M | Scene, ViewLayer | Updating Lights | Computing tree
Fra:15 Mem:49.62M (Peak 57.47M) | Time:00:00.07 | Mem:18.92M, Peak:18.92M | Scene, ViewLayer | Updating Integrator
Fra:15 Mem:49.62M (Peak 57.47M) | Time:00:00.07 | Mem:18.92M, Peak:18.92M | Scene, ViewLayer | Updating Film
Fra:15 Mem:49.62M (Peak 57.47M) | Time:00:00.07 | Mem:18.84M, Peak:18.92M | Scene, ViewLayer | Updating Lookup Tables
Fra:15 Mem:49.62M (Peak 57.47M) | Time:00:00.07 | Mem:18.92M, Peak:18.92M | Scene, ViewLayer | Updating Baking
Fra:15 Mem:49.62M (Peak 57.47M) | Time:00:00.07 | Mem:18.92M, Peak:18.92M | Scene, ViewLayer | Updating Device | Writing constant memory
Fra:15 Mem:49.62M (Peak 57.47M) | Time:00:00.07 | Mem:18.92M, Peak:18.92M | Scene, ViewLayer | Sample 0/24
Fra:15 Mem:65.01M (Peak 65.01M) | Time:00:00.43 | Remaining:00:08.23 | Mem:34.32M, Peak:34.32M | Scene, ViewLayer | Sample 1/24
Fra:15 Mem:71.85M (Peak 85.52M) | Time:00:07.53 | Mem:34.32M, Peak:34.32M | Scene, ViewLayer | Sample 24/24
Fra:15 Mem:71.85M (Peak 85.52M) | Time:00:07.53 | Mem:34.32M, Peak:34.32M | Scene, ViewLayer | Finished
Saved: '/workspace/scratch/7c20b5ba4165/atlas-backlog-oct3/tools/assets/roadster-driver-fit/qa/previews/driver-support.png'
Time: 00:07.61 (Saving: 00:00.07)

RENDERED_COCKPIT_9_VIEWS

Blender quit
