Extensions: writing cache failed ([Errno 30] Read-only file system: '/home/agent/.config/blender').
17:48:03 | INFO: Data are loaded, start creating Blender stuff
17:48:03 | INFO: Blender create Mesh node Cube
17:48:03 | INFO: Blender create Mesh node Cube.001
17:48:03 | INFO: Blender create Mesh node Cube.002
17:48:03 | INFO: Blender create Mesh node Cube.003
17:48:03 | INFO: Blender create Mesh node Torus
17:48:03 | INFO: Blender create Mesh node Cylinder
17:48:03 | INFO: Blender create Mesh node Cylinder.001
17:48:03 | INFO: Blender create Mesh node driver-seat-cushion/039
17:48:03 | INFO: Blender create Mesh node driver-seat-back/040
17:48:03 | INFO: Blender create Mesh node driver-seat-headrest/041
17:48:03 | INFO: Blender create Mesh node driver-seat-bolster/042
17:48:03 | INFO: Blender create Mesh node driver-seat-bolster/043
17:48:03 | INFO: Blender create Mesh node driver-seat-seam/044
17:48:03 | INFO: Blender create Mesh node driver-seat-seam/045
17:48:03 | INFO: Blender create Mesh node driver-seat-seam/046
17:48:03 | INFO: glTF import finished in 0.01s
17:48:03 | INFO: Data are loaded, start creating Blender stuff
17:48:03 | INFO: Blender create Mesh node Cube
17:48:03 | INFO: Blender create Mesh node Cube.001
17:48:03 | INFO: Blender create Mesh node Cube.002
17:48:03 | INFO: Blender create Mesh node Cube.003
17:48:03 | INFO: Blender create Mesh node Torus
17:48:03 | INFO: Blender create Mesh node Cylinder
17:48:03 | INFO: Blender create Mesh node Cylinder.001
17:48:03 | INFO: Blender create Mesh node driver-seat-cushion/039
17:48:03 | INFO: Blender create Mesh node driver-seat-back/040
17:48:03 | INFO: Blender create Mesh node driver-seat-headrest/041
17:48:03 | INFO: Blender create Mesh node driver-seat-bolster/042
17:48:03 | INFO: Blender create Mesh node driver-seat-bolster/043
17:48:03 | INFO: Blender create Mesh node driver-seat-seam/044
17:48:03 | INFO: Blender create Mesh node driver-seat-seam/045
17:48:03 | INFO: Blender create Mesh node driver-seat-seam/046
17:48:03 | INFO: glTF import finished in 0.01s
17:48:03 | INFO: Data are loaded, start creating Blender stuff
17:48:03 | INFO: Blender create Mesh node Cube
17:48:03 | INFO: Blender create Mesh node Cube.001
17:48:03 | INFO: Blender create Mesh node Cube.002
17:48:03 | INFO: Blender create Mesh node Cube.003
17:48:03 | INFO: Blender create Mesh node Torus
17:48:03 | INFO: Blender create Mesh node Cylinder
17:48:03 | INFO: Blender create Mesh node Cylinder.001
17:48:03 | INFO: Blender create Mesh node driver-seat-cushion/039
17:48:03 | INFO: Blender create Mesh node driver-seat-back/040
17:48:03 | INFO: Blender create Mesh node driver-seat-headrest/041
17:48:03 | INFO: Blender create Mesh node driver-seat-bolster/042
17:48:03 | INFO: Blender create Mesh node driver-seat-bolster/043
17:48:03 | INFO: Blender create Mesh node driver-seat-seam/044
17:48:03 | INFO: Blender create Mesh node driver-seat-seam/045
17:48:03 | INFO: Blender create Mesh node driver-seat-seam/046
17:48:03 | INFO: glTF import finished in 0.01s
Blender 4.3.2
Fra:1 Mem:14.43M (Peak 14.43M) | Time:00:00.00 | Mem:0.00M, Peak:0.00M | Scene, ViewLayer | Synchronizing object | dashboard-preserved-passenger-and-center
Fra:1 Mem:16.44M (Peak 16.44M) | Time:00:00.00 | Mem:0.00M, Peak:0.00M | Scene, ViewLayer | Synchronizing object | driver-seat-seam-046.002
Fra:1 Mem:16.45M (Peak 16.45M) | Time:00:00.00 | Mem:0.00M, Peak:0.00M | Scene, ViewLayer | Synchronizing object | dashboard-driver-clearance-header
Fra:1 Mem:16.45M (Peak 16.45M) | Time:00:00.00 | Mem:0.00M, Peak:0.00M | Scene, ViewLayer | Synchronizing object | driver-seat-seam-045.002
Fra:1 Mem:16.46M (Peak 16.46M) | Time:00:00.00 | Mem:0.00M, Peak:0.00M | Scene, ViewLayer | Synchronizing object | dashboard-preserved-outboard
Fra:1 Mem:16.46M (Peak 16.46M) | Time:00:00.00 | Mem:0.00M, Peak:0.00M | Scene, ViewLayer | Synchronizing object | driver-seat-seam-044.002
Fra:1 Mem:16.46M (Peak 16.46M) | Time:00:00.00 | Mem:0.00M, Peak:0.00M | Scene, ViewLayer | Synchronizing object | driver-floor-extension
Fra:1 Mem:16.46M (Peak 16.46M) | Time:00:00.00 | Mem:0.00M, Peak:0.00M | Scene, ViewLayer | Synchronizing object | driver-seat-bolster-043.002
Fra:1 Mem:16.46M (Peak 16.46M) | Time:00:00.00 | Mem:0.00M, Peak:0.00M | Scene, ViewLayer | Synchronizing object | steering-rim
Fra:1 Mem:16.47M (Peak 16.47M) | Time:00:00.00 | Mem:0.00M, Peak:0.00M | Scene, ViewLayer | Synchronizing object | driver-seat-bolster-042.002
Fra:1 Mem:16.49M (Peak 16.49M) | Time:00:00.00 | Mem:0.00M, Peak:0.00M | Scene, ViewLayer | Synchronizing object | driver-seat-headrest-041.002
Fra:1 Mem:16.56M (Peak 16.56M) | Time:00:00.00 | Mem:0.00M, Peak:0.00M | Scene, ViewLayer | Synchronizing object | steering-spoke-horizontal
Fra:1 Mem:16.56M (Peak 16.56M) | Time:00:00.00 | Mem:0.00M, Peak:0.00M | Scene, ViewLayer | Synchronizing object | steering-spoke-lower
Fra:1 Mem:16.55M (Peak 16.56M) | Time:00:00.00 | Mem:0.00M, Peak:0.00M | Scene, ViewLayer | Synchronizing object | driver-seat-back-040.002
Fra:1 Mem:16.62M (Peak 16.62M) | Time:00:00.00 | Mem:0.00M, Peak:0.00M | Scene, ViewLayer | Synchronizing object | driver-seat-cushion-039
Fra:1 Mem:16.66M (Peak 16.66M) | Time:00:00.00 | Mem:0.00M, Peak:0.00M | Scene, ViewLayer | Synchronizing object | driver-seat-cushion-039.002
Fra:1 Mem:16.70M (Peak 16.70M) | Time:00:00.00 | Mem:0.00M, Peak:0.00M | Scene, ViewLayer | Synchronizing object | driver-seat-back-040
Fra:1 Mem:16.75M (Peak 16.75M) | Time:00:00.00 | Mem:0.00M, Peak:0.00M | Scene, ViewLayer | Synchronizing object | steering-spoke-lower.002
Fra:1 Mem:16.74M (Peak 16.75M) | Time:00:00.00 | Mem:0.00M, Peak:0.00M | Scene, ViewLayer | Synchronizing object | steering-spoke-horizontal.002
Fra:1 Mem:16.76M (Peak 16.76M) | Time:00:00.00 | Mem:0.00M, Peak:0.00M | Scene, ViewLayer | Synchronizing object | driver-seat-headrest-041
Fra:1 Mem:16.77M (Peak 16.77M) | Time:00:00.00 | Mem:0.00M, Peak:0.00M | Scene, ViewLayer | Synchronizing object | steering-rim.002
Fra:1 Mem:16.82M (Peak 16.82M) | Time:00:00.00 | Mem:0.00M, Peak:0.00M | Scene, ViewLayer | Synchronizing object | driver-floor-extension.002
Fra:1 Mem:16.83M (Peak 16.83M) | Time:00:00.00 | Mem:0.00M, Peak:0.00M | Scene, ViewLayer | Synchronizing object | dashboard-preserved-outboard.002
Fra:1 Mem:16.82M (Peak 16.83M) | Time:00:00.00 | Mem:0.00M, Peak:0.00M | Scene, ViewLayer | Synchronizing object | dashboard-driver-clearance-header.002
Fra:1 Mem:16.82M (Peak 16.83M) | Time:00:00.00 | Mem:0.00M, Peak:0.00M | Scene, ViewLayer | Synchronizing object | driver-seat-bolster-042
Fra:1 Mem:16.83M (Peak 16.83M) | Time:00:00.00 | Mem:0.00M, Peak:0.00M | Scene, ViewLayer | Synchronizing object | dashboard-preserved-passenger-and-center.002
Fra:1 Mem:16.83M (Peak 16.83M) | Time:00:00.00 | Mem:0.00M, Peak:0.00M | Scene, ViewLayer | Synchronizing object | driver-seat-bolster-043
Fra:1 Mem:16.82M (Peak 16.83M) | Time:00:00.00 | Mem:0.00M, Peak:0.00M | Scene, ViewLayer | Synchronizing object | driver-seat-seam-046.001
Fra:1 Mem:16.83M (Peak 16.83M) | Time:00:00.00 | Mem:0.00M, Peak:0.00M | Scene, ViewLayer | Synchronizing object | driver-seat-seam-044
Fra:1 Mem:16.83M (Peak 16.83M) | Time:00:00.00 | Mem:0.00M, Peak:0.00M | Scene, ViewLayer | Synchronizing object | driver-seat-seam-045.001
Fra:1 Mem:16.84M (Peak 16.84M) | Time:00:00.00 | Mem:0.00M, Peak:0.00M | Scene, ViewLayer | Synchronizing object | driver-seat-seam-045
Fra:1 Mem:16.83M (Peak 16.84M) | Time:00:00.00 | Mem:0.00M, Peak:0.00M | Scene, ViewLayer | Synchronizing object | driver-seat-seam-044.001
Fra:1 Mem:16.83M (Peak 16.84M) | Time:00:00.00 | Mem:0.00M, Peak:0.00M | Scene, ViewLayer | Synchronizing object | driver-seat-seam-046
Fra:1 Mem:16.84M (Peak 16.84M) | Time:00:00.00 | Mem:0.00M, Peak:0.00M | Scene, ViewLayer | Synchronizing object | driver-seat-bolster-043.001
Fra:1 Mem:16.84M (Peak 16.84M) | Time:00:00.00 | Mem:0.00M, Peak:0.00M | Scene, ViewLayer | Synchronizing object | dashboard-preserved-passenger-and-center.001
Fra:1 Mem:16.84M (Peak 16.84M) | Time:00:00.00 | Mem:0.00M, Peak:0.00M | Scene, ViewLayer | Synchronizing object | driver-seat-bolster-042.001
Fra:1 Mem:16.85M (Peak 16.85M) | Time:00:00.00 | Mem:0.00M, Peak:0.00M | Scene, ViewLayer | Synchronizing object | dashboard-driver-clearance-header.001
Fra:1 Mem:16.84M (Peak 16.85M) | Time:00:00.00 | Mem:0.00M, Peak:0.00M | Scene, ViewLayer | Synchronizing object | driver-seat-headrest-041.001
Fra:1 Mem:16.87M (Peak 16.87M) | Time:00:00.00 | Mem:0.00M, Peak:0.00M | Scene, ViewLayer | Synchronizing object | dashboard-preserved-outboard.001
Fra:1 Mem:16.91M (Peak 16.91M) | Time:00:00.00 | Mem:0.00M, Peak:0.00M | Scene, ViewLayer | Synchronizing object | driver-floor-extension.001
Fra:1 Mem:16.91M (Peak 16.91M) | Time:00:00.00 | Mem:0.00M, Peak:0.00M | Scene, ViewLayer | Synchronizing object | steering-rim.001
Fra:1 Mem:16.93M (Peak 16.93M) | Time:00:00.00 | Mem:0.00M, Peak:0.00M | Scene, ViewLayer | Synchronizing object | driver-seat-back-040.001
Fra:1 Mem:16.95M (Peak 16.95M) | Time:00:00.00 | Mem:0.00M, Peak:0.00M | Scene, ViewLayer | Synchronizing object | steering-spoke-horizontal.001
Fra:1 Mem:16.99M (Peak 16.99M) | Time:00:00.00 | Mem:0.00M, Peak:0.00M | Scene, ViewLayer | Synchronizing object | steering-spoke-lower.001
Fra:1 Mem:17.00M (Peak 17.00M) | Time:00:00.00 | Mem:0.00M, Peak:0.00M | Scene, ViewLayer | Synchronizing object | driver-seat-cushion-039.001
Fra:1 Mem:17.03M (Peak 17.03M) | Time:00:00.00 | Mem:0.00M, Peak:0.00M | Scene, ViewLayer | Initializing
Fra:1 Mem:15.24M (Peak 17.03M) | Time:00:00.00 | Mem:0.00M, Peak:0.00M | Scene, ViewLayer | Waiting for render to start
Fra:1 Mem:15.24M (Peak 17.03M) | Time:00:00.00 | Mem:0.00M, Peak:0.00M | Scene, ViewLayer | Loading render kernels (may take a few minutes the first time)
Fra:1 Mem:15.24M (Peak 17.03M) | Time:00:00.00 | Mem:0.00M, Peak:0.00M | Scene, ViewLayer | Updating Scene
Fra:1 Mem:15.24M (Peak 17.03M) | Time:00:00.00 | Mem:0.00M, Peak:0.00M | Scene, ViewLayer | Updating Shaders
Fra:1 Mem:15.33M (Peak 17.03M) | Time:00:00.00 | Mem:0.00M, Peak:0.00M | Scene, ViewLayer | Updating Procedurals
Fra:1 Mem:15.33M (Peak 17.03M) | Time:00:00.00 | Mem:0.00M, Peak:0.00M | Scene, ViewLayer | Updating Background
Fra:1 Mem:15.33M (Peak 17.03M) | Time:00:00.00 | Mem:0.00M, Peak:0.00M | Scene, ViewLayer | Updating Camera
Fra:1 Mem:15.33M (Peak 17.03M) | Time:00:00.00 | Mem:0.00M, Peak:0.00M | Scene, ViewLayer | Updating Meshes Flags
Fra:1 Mem:15.33M (Peak 17.03M) | Time:00:00.00 | Mem:0.00M, Peak:0.00M | Scene, ViewLayer | Updating Objects
Fra:1 Mem:15.33M (Peak 17.03M) | Time:00:00.00 | Mem:0.00M, Peak:0.00M | Scene, ViewLayer | Updating Objects | Copying Transformations to device
Fra:1 Mem:15.34M (Peak 17.03M) | Time:00:00.00 | Mem:0.02M, Peak:0.02M | Scene, ViewLayer | Updating Objects | Applying Static Transformations
Fra:1 Mem:15.34M (Peak 17.03M) | Time:00:00.00 | Mem:0.02M, Peak:0.02M | Scene, ViewLayer | Updating Particle Systems
Fra:1 Mem:15.34M (Peak 17.03M) | Time:00:00.00 | Mem:0.02M, Peak:0.02M | Scene, ViewLayer | Updating Particle Systems | Copying Particles to device
Fra:1 Mem:15.34M (Peak 17.03M) | Time:00:00.00 | Mem:0.02M, Peak:0.02M | Scene, ViewLayer | Updating Meshes
Fra:1 Mem:15.40M (Peak 17.03M) | Time:00:00.00 | Mem:0.02M, Peak:0.02M | Scene, ViewLayer | Updating Mesh | Computing attributes
Fra:1 Mem:15.48M (Peak 17.03M) | Time:00:00.00 | Mem:0.02M, Peak:0.02M | Scene, ViewLayer | Updating Mesh | Copying Attributes to device
Fra:1 Mem:15.48M (Peak 17.03M) | Time:00:00.00 | Mem:0.10M, Peak:0.10M | Scene, ViewLayer | Updating Scene BVH | Building
Fra:1 Mem:15.48M (Peak 17.03M) | Time:00:00.00 | Mem:0.10M, Peak:0.10M | Scene, ViewLayer | Updating Scene BVH | Building BVH
Fra:1 Mem:15.48M (Peak 17.03M) | Time:00:00.00 | Mem:0.21M, Peak:0.21M | Scene, ViewLayer | Updating Scene BVH | Building BVH 0%
Fra:1 Mem:15.48M (Peak 17.03M) | Time:00:00.00 | Mem:0.34M, Peak:0.46M | Scene, ViewLayer | Updating Scene BVH | Copying BVH to device
Fra:1 Mem:15.48M (Peak 17.03M) | Time:00:00.00 | Mem:0.34M, Peak:0.46M | Scene, ViewLayer | Updating Mesh | Computing normals
Fra:1 Mem:15.76M (Peak 17.03M) | Time:00:00.00 | Mem:0.34M, Peak:0.46M | Scene, ViewLayer | Updating Mesh | Copying Mesh to device
Fra:1 Mem:15.76M (Peak 17.03M) | Time:00:00.00 | Mem:0.62M, Peak:0.62M | Scene, ViewLayer | Updating Objects Flags
Fra:1 Mem:15.76M (Peak 17.03M) | Time:00:00.00 | Mem:0.62M, Peak:0.62M | Scene, ViewLayer | Updating Primitive Offsets
Fra:1 Mem:15.76M (Peak 17.03M) | Time:00:00.00 | Mem:0.62M, Peak:0.62M | Scene, ViewLayer | Updating Images
Fra:1 Mem:15.76M (Peak 17.03M) | Time:00:00.00 | Mem:0.62M, Peak:0.62M | Scene, ViewLayer | Updating Camera Volume
Fra:1 Mem:15.76M (Peak 17.03M) | Time:00:00.00 | Mem:0.62M, Peak:0.62M | Scene, ViewLayer | Updating Lookup Tables
Fra:1 Mem:15.76M (Peak 17.03M) | Time:00:00.00 | Mem:0.70M, Peak:0.70M | Scene, ViewLayer | Updating Lights
Fra:1 Mem:15.76M (Peak 17.03M) | Time:00:00.00 | Mem:0.70M, Peak:0.70M | Scene, ViewLayer | Updating Lights | Computing tree
Fra:1 Mem:15.76M (Peak 17.03M) | Time:00:00.00 | Mem:0.70M, Peak:0.70M | Scene, ViewLayer | Updating Integrator
Fra:1 Mem:15.76M (Peak 17.03M) | Time:00:00.00 | Mem:0.70M, Peak:0.70M | Scene, ViewLayer | Updating Film
Fra:1 Mem:15.76M (Peak 17.03M) | Time:00:00.00 | Mem:0.62M, Peak:0.70M | Scene, ViewLayer | Updating Lookup Tables
Fra:1 Mem:15.76M (Peak 17.03M) | Time:00:00.00 | Mem:0.71M, Peak:0.71M | Scene, ViewLayer | Updating Baking
Fra:1 Mem:15.76M (Peak 17.03M) | Time:00:00.00 | Mem:0.71M, Peak:0.71M | Scene, ViewLayer | Updating Device | Writing constant memory
Fra:1 Mem:15.76M (Peak 17.03M) | Time:00:00.00 | Mem:0.71M, Peak:0.71M | Scene, ViewLayer | Sample 0/24
Fra:1 Mem:31.59M (Peak 31.59M) | Time:00:00.13 | Remaining:00:02.96 | Mem:16.53M, Peak:16.53M | Scene, ViewLayer | Sample 1/24
Fra:1 Mem:38.62M (Peak 52.69M) | Time:00:02.49 | Mem:16.53M, Peak:16.53M | Scene, ViewLayer | Sample 24/24
Fra:1 Mem:38.62M (Peak 52.69M) | Time:00:02.49 | Mem:16.53M, Peak:16.53M | Scene, ViewLayer | Finished
Saved: '/workspace/scratch/7c20b5ba4165/atlas-backlog-oct3/tools/assets/roadster-driver-fit/qa/previews/module-lods-sunny.png'
Time: 00:02.66 (Saving: 00:00.16)

Extensions: writing cache failed ([Errno 30] Read-only file system: '/home/agent/.config/blender').
17:48:05 | INFO: Data are loaded, start creating Blender stuff
17:48:05 | INFO: Blender create Mesh node Cube
17:48:05 | INFO: Blender create Mesh node Cube.001
17:48:05 | INFO: Blender create Mesh node Cube.002
17:48:05 | INFO: Blender create Mesh node Cube.003
17:48:05 | INFO: Blender create Mesh node Torus
17:48:05 | INFO: Blender create Mesh node Cylinder
17:48:05 | INFO: Blender create Mesh node Cylinder.001
17:48:05 | INFO: Blender create Mesh node driver-seat-cushion/039
17:48:05 | INFO: Blender create Mesh node driver-seat-back/040
17:48:05 | INFO: Blender create Mesh node driver-seat-headrest/041
17:48:05 | INFO: Blender create Mesh node driver-seat-bolster/042
17:48:05 | INFO: Blender create Mesh node driver-seat-bolster/043
17:48:05 | INFO: Blender create Mesh node driver-seat-seam/044
17:48:05 | INFO: Blender create Mesh node driver-seat-seam/045
17:48:05 | INFO: Blender create Mesh node driver-seat-seam/046
17:48:05 | INFO: glTF import finished in 0.01s
17:48:05 | INFO: Data are loaded, start creating Blender stuff
17:48:05 | INFO: Blender create Mesh node Cube
17:48:05 | INFO: Blender create Mesh node Cube.001
17:48:05 | INFO: Blender create Mesh node Cube.002
17:48:05 | INFO: Blender create Mesh node Cube.003
17:48:05 | INFO: Blender create Mesh node Torus
17:48:05 | INFO: Blender create Mesh node Cylinder
17:48:05 | INFO: Blender create Mesh node Cylinder.001
17:48:05 | INFO: Blender create Mesh node driver-seat-cushion/039
17:48:05 | INFO: Blender create Mesh node driver-seat-back/040
17:48:05 | INFO: Blender create Mesh node driver-seat-headrest/041
17:48:05 | INFO: Blender create Mesh node driver-seat-bolster/042
17:48:05 | INFO: Blender create Mesh node driver-seat-bolster/043
17:48:05 | INFO: Blender create Mesh node driver-seat-seam/044
17:48:05 | INFO: Blender create Mesh node driver-seat-seam/045
17:48:05 | INFO: Blender create Mesh node driver-seat-seam/046
17:48:05 | INFO: glTF import finished in 0.01s
17:48:05 | INFO: Data are loaded, start creating Blender stuff
17:48:05 | INFO: Blender create Mesh node Cube
17:48:05 | INFO: Blender create Mesh node Cube.001
17:48:05 | INFO: Blender create Mesh node Cube.002
17:48:05 | INFO: Blender create Mesh node Cube.003
17:48:05 | INFO: Blender create Mesh node Torus
17:48:05 | INFO: Blender create Mesh node Cylinder
17:48:05 | INFO: Blender create Mesh node Cylinder.001
17:48:05 | INFO: Blender create Mesh node driver-seat-cushion/039
17:48:05 | INFO: Blender create Mesh node driver-seat-back/040
17:48:05 | INFO: Blender create Mesh node driver-seat-headrest/041
17:48:05 | INFO: Blender create Mesh node driver-seat-bolster/042
17:48:05 | INFO: Blender create Mesh node driver-seat-bolster/043
17:48:05 | INFO: Blender create Mesh node driver-seat-seam/044
17:48:05 | INFO: Blender create Mesh node driver-seat-seam/045
17:48:05 | INFO: Blender create Mesh node driver-seat-seam/046
17:48:05 | INFO: glTF import finished in 0.01s
Fra:1 Mem:16.39M (Peak 16.39M) | Time:00:00.00 | Mem:0.00M, Peak:0.00M | Scene, ViewLayer | Synchronizing object | dashboard-preserved-passenger-and-center
Fra:1 Mem:16.39M (Peak 16.39M) | Time:00:00.00 | Mem:0.00M, Peak:0.00M | Scene, ViewLayer | Synchronizing object | dashboard-driver-clearance-header
Fra:1 Mem:16.39M (Peak 16.39M) | Time:00:00.00 | Mem:0.00M, Peak:0.00M | Scene, ViewLayer | Synchronizing object | dashboard-preserved-outboard
Fra:1 Mem:16.40M (Peak 16.40M) | Time:00:00.00 | Mem:0.00M, Peak:0.00M | Scene, ViewLayer | Synchronizing object | driver-floor-extension
Fra:1 Mem:16.40M (Peak 16.40M) | Time:00:00.00 | Mem:0.00M, Peak:0.00M | Scene, ViewLayer | Synchronizing object | steering-rim
Fra:1 Mem:16.44M (Peak 16.44M) | Time:00:00.00 | Mem:0.00M, Peak:0.00M | Scene, ViewLayer | Synchronizing object | driver-seat-seam-046.002
Fra:1 Mem:16.45M (Peak 16.45M) | Time:00:00.00 | Mem:0.00M, Peak:0.00M | Scene, ViewLayer | Synchronizing object | steering-spoke-horizontal
Fra:1 Mem:16.45M (Peak 16.45M) | Time:00:00.00 | Mem:0.00M, Peak:0.00M | Scene, ViewLayer | Synchronizing object | driver-seat-seam-045.002
Fra:1 Mem:16.45M (Peak 16.45M) | Time:00:00.00 | Mem:0.00M, Peak:0.00M | Scene, ViewLayer | Synchronizing object | steering-spoke-lower
Fra:1 Mem:16.46M (Peak 16.46M) | Time:00:00.00 | Mem:0.00M, Peak:0.00M | Scene, ViewLayer | Synchronizing object | driver-seat-seam-044.002
Fra:1 Mem:16.46M (Peak 16.46M) | Time:00:00.00 | Mem:0.00M, Peak:0.00M | Scene, ViewLayer | Synchronizing object | driver-seat-bolster-043.002
Fra:1 Mem:16.46M (Peak 16.46M) | Time:00:00.00 | Mem:0.00M, Peak:0.00M | Scene, ViewLayer | Synchronizing object | driver-seat-cushion-039
Fra:1 Mem:16.48M (Peak 16.48M) | Time:00:00.00 | Mem:0.00M, Peak:0.00M | Scene, ViewLayer | Synchronizing object | driver-seat-bolster-042.002
Fra:1 Mem:16.51M (Peak 16.51M) | Time:00:00.00 | Mem:0.00M, Peak:0.00M | Scene, ViewLayer | Synchronizing object | driver-seat-headrest-041.002
Fra:1 Mem:16.57M (Peak 16.57M) | Time:00:00.00 | Mem:0.00M, Peak:0.00M | Scene, ViewLayer | Synchronizing object | driver-seat-back-040
Fra:1 Mem:16.58M (Peak 16.58M) | Time:00:00.00 | Mem:0.00M, Peak:0.00M | Scene, ViewLayer | Synchronizing object | driver-seat-back-040.002
Fra:1 Mem:16.65M (Peak 16.65M) | Time:00:00.00 | Mem:0.00M, Peak:0.00M | Scene, ViewLayer | Synchronizing object | driver-seat-headrest-041
Fra:1 Mem:16.65M (Peak 16.65M) | Time:00:00.00 | Mem:0.00M, Peak:0.00M | Scene, ViewLayer | Synchronizing object | driver-seat-cushion-039.002
Fra:1 Mem:16.74M (Peak 16.74M) | Time:00:00.00 | Mem:0.00M, Peak:0.00M | Scene, ViewLayer | Synchronizing object | steering-spoke-lower.002
Fra:1 Mem:16.75M (Peak 16.75M) | Time:00:00.00 | Mem:0.00M, Peak:0.00M | Scene, ViewLayer | Synchronizing object | driver-seat-bolster-042
Fra:1 Mem:16.75M (Peak 16.75M) | Time:00:00.00 | Mem:0.00M, Peak:0.00M | Scene, ViewLayer | Synchronizing object | steering-spoke-horizontal.002
Fra:1 Mem:16.75M (Peak 16.75M) | Time:00:00.00 | Mem:0.00M, Peak:0.00M | Scene, ViewLayer | Synchronizing object | driver-seat-bolster-043
Fra:1 Mem:16.75M (Peak 16.75M) | Time:00:00.00 | Mem:0.00M, Peak:0.00M | Scene, ViewLayer | Synchronizing object | steering-rim.002
Fra:1 Mem:16.77M (Peak 16.77M) | Time:00:00.00 | Mem:0.00M, Peak:0.00M | Scene, ViewLayer | Synchronizing object | driver-seat-seam-044
Fra:1 Mem:16.77M (Peak 16.77M) | Time:00:00.00 | Mem:0.00M, Peak:0.00M | Scene, ViewLayer | Synchronizing object | driver-floor-extension.002
Fra:1 Mem:16.78M (Peak 16.78M) | Time:00:00.00 | Mem:0.00M, Peak:0.00M | Scene, ViewLayer | Synchronizing object | driver-seat-seam-045
Fra:1 Mem:16.78M (Peak 16.78M) | Time:00:00.00 | Mem:0.00M, Peak:0.00M | Scene, ViewLayer | Synchronizing object | dashboard-preserved-outboard.002
Fra:1 Mem:16.78M (Peak 16.78M) | Time:00:00.00 | Mem:0.00M, Peak:0.00M | Scene, ViewLayer | Synchronizing object | driver-seat-seam-046
Fra:1 Mem:16.78M (Peak 16.78M) | Time:00:00.00 | Mem:0.00M, Peak:0.00M | Scene, ViewLayer | Synchronizing object | dashboard-driver-clearance-header.002
Fra:1 Mem:16.78M (Peak 16.78M) | Time:00:00.00 | Mem:0.00M, Peak:0.00M | Scene, ViewLayer | Synchronizing object | dashboard-preserved-passenger-and-center.001
Fra:1 Mem:16.79M (Peak 16.79M) | Time:00:00.00 | Mem:0.00M, Peak:0.00M | Scene, ViewLayer | Synchronizing object | dashboard-preserved-passenger-and-center.002
Fra:1 Mem:16.79M (Peak 16.79M) | Time:00:00.00 | Mem:0.00M, Peak:0.00M | Scene, ViewLayer | Synchronizing object | dashboard-driver-clearance-header.001
Fra:1 Mem:16.79M (Peak 16.79M) | Time:00:00.00 | Mem:0.00M, Peak:0.00M | Scene, ViewLayer | Synchronizing object | driver-seat-seam-046.001
Fra:1 Mem:16.79M (Peak 16.79M) | Time:00:00.00 | Mem:0.00M, Peak:0.00M | Scene, ViewLayer | Synchronizing object | dashboard-preserved-outboard.001
Fra:1 Mem:16.80M (Peak 16.80M) | Time:00:00.00 | Mem:0.00M, Peak:0.00M | Scene, ViewLayer | Synchronizing object | driver-seat-seam-045.001
Fra:1 Mem:16.79M (Peak 16.80M) | Time:00:00.00 | Mem:0.00M, Peak:0.00M | Scene, ViewLayer | Synchronizing object | driver-floor-extension.001
Fra:1 Mem:16.80M (Peak 16.80M) | Time:00:00.00 | Mem:0.00M, Peak:0.00M | Scene, ViewLayer | Synchronizing object | driver-seat-seam-044.001
Fra:1 Mem:16.80M (Peak 16.80M) | Time:00:00.00 | Mem:0.00M, Peak:0.00M | Scene, ViewLayer | Synchronizing object | steering-rim.001
Fra:1 Mem:16.80M (Peak 16.80M) | Time:00:00.00 | Mem:0.00M, Peak:0.00M | Scene, ViewLayer | Synchronizing object | driver-seat-bolster-043.001
Fra:1 Mem:16.83M (Peak 16.83M) | Time:00:00.00 | Mem:0.00M, Peak:0.00M | Scene, ViewLayer | Synchronizing object | driver-seat-bolster-042.001
Fra:1 Mem:16.83M (Peak 16.83M) | Time:00:00.00 | Mem:0.00M, Peak:0.00M | Scene, ViewLayer | Synchronizing object | driver-seat-headrest-041.001
Fra:1 Mem:16.85M (Peak 16.85M) | Time:00:00.00 | Mem:0.00M, Peak:0.00M | Scene, ViewLayer | Synchronizing object | steering-spoke-horizontal.001
Fra:1 Mem:16.90M (Peak 16.90M) | Time:00:00.00 | Mem:0.00M, Peak:0.00M | Scene, ViewLayer | Synchronizing object | steering-spoke-lower.001
Fra:1 Mem:16.90M (Peak 16.90M) | Time:00:00.00 | Mem:0.00M, Peak:0.00M | Scene, ViewLayer | Synchronizing object | driver-seat-cushion-039.001
Fra:1 Mem:16.95M (Peak 16.95M) | Time:00:00.00 | Mem:0.00M, Peak:0.00M | Scene, ViewLayer | Synchronizing object | driver-seat-back-040.001
Fra:1 Mem:16.98M (Peak 16.98M) | Time:00:00.00 | Mem:0.00M, Peak:0.00M | Scene, ViewLayer | Initializing
Fra:1 Mem:15.22M (Peak 16.98M) | Time:00:00.00 | Mem:0.00M, Peak:0.00M | Scene, ViewLayer | Waiting for render to start
Fra:1 Mem:15.22M (Peak 16.98M) | Time:00:00.00 | Mem:0.00M, Peak:0.00M | Scene, ViewLayer | Loading render kernels (may take a few minutes the first time)
Fra:1 Mem:15.22M (Peak 16.98M) | Time:00:00.00 | Mem:0.00M, Peak:0.00M | Scene, ViewLayer | Updating Scene
Fra:1 Mem:15.22M (Peak 16.98M) | Time:00:00.00 | Mem:0.00M, Peak:0.00M | Scene, ViewLayer | Updating Shaders
Fra:1 Mem:15.31M (Peak 16.98M) | Time:00:00.00 | Mem:0.00M, Peak:0.00M | Scene, ViewLayer | Updating Procedurals
Fra:1 Mem:15.31M (Peak 16.98M) | Time:00:00.00 | Mem:0.00M, Peak:0.00M | Scene, ViewLayer | Updating Background
Fra:1 Mem:15.31M (Peak 16.98M) | Time:00:00.00 | Mem:0.00M, Peak:0.00M | Scene, ViewLayer | Updating Camera
Fra:1 Mem:15.31M (Peak 16.98M) | Time:00:00.00 | Mem:0.00M, Peak:0.00M | Scene, ViewLayer | Updating Meshes Flags
Fra:1 Mem:15.31M (Peak 16.98M) | Time:00:00.00 | Mem:0.00M, Peak:0.00M | Scene, ViewLayer | Updating Objects
Fra:1 Mem:15.31M (Peak 16.98M) | Time:00:00.00 | Mem:0.00M, Peak:0.00M | Scene, ViewLayer | Updating Objects | Copying Transformations to device
Fra:1 Mem:15.32M (Peak 16.98M) | Time:00:00.00 | Mem:0.02M, Peak:0.02M | Scene, ViewLayer | Updating Objects | Applying Static Transformations
Fra:1 Mem:15.32M (Peak 16.98M) | Time:00:00.00 | Mem:0.02M, Peak:0.02M | Scene, ViewLayer | Updating Particle Systems
Fra:1 Mem:15.32M (Peak 16.98M) | Time:00:00.00 | Mem:0.02M, Peak:0.02M | Scene, ViewLayer | Updating Particle Systems | Copying Particles to device
Fra:1 Mem:15.32M (Peak 16.98M) | Time:00:00.00 | Mem:0.02M, Peak:0.02M | Scene, ViewLayer | Updating Meshes
Fra:1 Mem:15.38M (Peak 16.98M) | Time:00:00.00 | Mem:0.02M, Peak:0.02M | Scene, ViewLayer | Updating Mesh | Computing attributes
Fra:1 Mem:15.47M (Peak 16.98M) | Time:00:00.00 | Mem:0.02M, Peak:0.02M | Scene, ViewLayer | Updating Mesh | Copying Attributes to device
Fra:1 Mem:15.46M (Peak 16.98M) | Time:00:00.00 | Mem:0.10M, Peak:0.10M | Scene, ViewLayer | Updating Scene BVH | Building
Fra:1 Mem:15.46M (Peak 16.98M) | Time:00:00.00 | Mem:0.10M, Peak:0.10M | Scene, ViewLayer | Updating Scene BVH | Building BVH
Fra:1 Mem:15.46M (Peak 16.98M) | Time:00:00.00 | Mem:0.21M, Peak:0.21M | Scene, ViewLayer | Updating Scene BVH | Building BVH 0%
Fra:1 Mem:15.46M (Peak 16.98M) | Time:00:00.00 | Mem:0.34M, Peak:0.46M | Scene, ViewLayer | Updating Scene BVH | Copying BVH to device
Fra:1 Mem:15.46M (Peak 16.98M) | Time:00:00.00 | Mem:0.34M, Peak:0.46M | Scene, ViewLayer | Updating Mesh | Computing normals
Fra:1 Mem:15.74M (Peak 16.98M) | Time:00:00.00 | Mem:0.34M, Peak:0.46M | Scene, ViewLayer | Updating Mesh | Copying Mesh to device
Fra:1 Mem:15.74M (Peak 16.98M) | Time:00:00.00 | Mem:0.62M, Peak:0.62M | Scene, ViewLayer | Updating Objects Flags
Fra:1 Mem:15.74M (Peak 16.98M) | Time:00:00.00 | Mem:0.62M, Peak:0.62M | Scene, ViewLayer | Updating Primitive Offsets
Fra:1 Mem:15.74M (Peak 16.98M) | Time:00:00.00 | Mem:0.62M, Peak:0.62M | Scene, ViewLayer | Updating Images
Fra:1 Mem:15.74M (Peak 16.98M) | Time:00:00.00 | Mem:0.62M, Peak:0.62M | Scene, ViewLayer | Updating Camera Volume
Fra:1 Mem:15.74M (Peak 16.98M) | Time:00:00.00 | Mem:0.62M, Peak:0.62M | Scene, ViewLayer | Updating Lookup Tables
Fra:1 Mem:15.74M (Peak 16.98M) | Time:00:00.00 | Mem:0.70M, Peak:0.70M | Scene, ViewLayer | Updating Lights
Fra:1 Mem:15.74M (Peak 16.98M) | Time:00:00.00 | Mem:0.70M, Peak:0.70M | Scene, ViewLayer | Updating Lights | Computing tree
Fra:1 Mem:15.74M (Peak 16.98M) | Time:00:00.00 | Mem:0.70M, Peak:0.70M | Scene, ViewLayer | Updating Integrator
Fra:1 Mem:15.74M (Peak 16.98M) | Time:00:00.00 | Mem:0.70M, Peak:0.70M | Scene, ViewLayer | Updating Film
Fra:1 Mem:15.74M (Peak 16.98M) | Time:00:00.00 | Mem:0.62M, Peak:0.70M | Scene, ViewLayer | Updating Lookup Tables
Fra:1 Mem:15.74M (Peak 16.98M) | Time:00:00.00 | Mem:0.71M, Peak:0.71M | Scene, ViewLayer | Updating Baking
Fra:1 Mem:15.74M (Peak 16.98M) | Time:00:00.00 | Mem:0.71M, Peak:0.71M | Scene, ViewLayer | Updating Device | Writing constant memory
Fra:1 Mem:15.74M (Peak 16.98M) | Time:00:00.00 | Mem:0.71M, Peak:0.71M | Scene, ViewLayer | Sample 0/24
Fra:1 Mem:31.57M (Peak 31.57M) | Time:00:00.13 | Remaining:00:02.98 | Mem:16.53M, Peak:16.53M | Scene, ViewLayer | Sample 1/24
Fra:1 Mem:38.60M (Peak 52.67M) | Time:00:02.39 | Mem:16.53M, Peak:16.53M | Scene, ViewLayer | Sample 24/24
Fra:1 Mem:38.60M (Peak 52.67M) | Time:00:02.39 | Mem:16.53M, Peak:16.53M | Scene, ViewLayer | Finished
Saved: '/workspace/scratch/7c20b5ba4165/atlas-backlog-oct3/tools/assets/roadster-driver-fit/qa/previews/module-lods-overcast.png'
Time: 00:02.44 (Saving: 00:00.05)

Extensions: writing cache failed ([Errno 30] Read-only file system: '/home/agent/.config/blender').
17:48:08 | INFO: Data are loaded, start creating Blender stuff
17:48:08 | INFO: Blender create Mesh node Cube
17:48:08 | INFO: Blender create Mesh node Cube.001
17:48:08 | INFO: Blender create Mesh node Cube.002
17:48:08 | INFO: Blender create Mesh node Cube.003
17:48:08 | INFO: Blender create Mesh node Torus
17:48:08 | INFO: Blender create Mesh node Cylinder
17:48:08 | INFO: Blender create Mesh node Cylinder.001
17:48:08 | INFO: Blender create Mesh node driver-seat-cushion/039
17:48:08 | INFO: Blender create Mesh node driver-seat-back/040
17:48:08 | INFO: Blender create Mesh node driver-seat-headrest/041
17:48:08 | INFO: Blender create Mesh node driver-seat-bolster/042
17:48:08 | INFO: Blender create Mesh node driver-seat-bolster/043
17:48:08 | INFO: Blender create Mesh node driver-seat-seam/044
17:48:08 | INFO: Blender create Mesh node driver-seat-seam/045
17:48:08 | INFO: Blender create Mesh node driver-seat-seam/046
17:48:08 | INFO: glTF import finished in 0.01s
17:48:08 | INFO: Data are loaded, start creating Blender stuff
17:48:08 | INFO: Blender create Mesh node Cube
17:48:08 | INFO: Blender create Mesh node Cube.001
17:48:08 | INFO: Blender create Mesh node Cube.002
17:48:08 | INFO: Blender create Mesh node Cube.003
17:48:08 | INFO: Blender create Mesh node Torus
17:48:08 | INFO: Blender create Mesh node Cylinder
17:48:08 | INFO: Blender create Mesh node Cylinder.001
17:48:08 | INFO: Blender create Mesh node driver-seat-cushion/039
17:48:08 | INFO: Blender create Mesh node driver-seat-back/040
17:48:08 | INFO: Blender create Mesh node driver-seat-headrest/041
17:48:08 | INFO: Blender create Mesh node driver-seat-bolster/042
17:48:08 | INFO: Blender create Mesh node driver-seat-bolster/043
17:48:08 | INFO: Blender create Mesh node driver-seat-seam/044
17:48:08 | INFO: Blender create Mesh node driver-seat-seam/045
17:48:08 | INFO: Blender create Mesh node driver-seat-seam/046
17:48:08 | INFO: glTF import finished in 0.01s
17:48:08 | INFO: Data are loaded, start creating Blender stuff
17:48:08 | INFO: Blender create Mesh node Cube
17:48:08 | INFO: Blender create Mesh node Cube.001
17:48:08 | INFO: Blender create Mesh node Cube.002
17:48:08 | INFO: Blender create Mesh node Cube.003
17:48:08 | INFO: Blender create Mesh node Torus
17:48:08 | INFO: Blender create Mesh node Cylinder
17:48:08 | INFO: Blender create Mesh node Cylinder.001
17:48:08 | INFO: Blender create Mesh node driver-seat-cushion/039
17:48:08 | INFO: Blender create Mesh node driver-seat-back/040
17:48:08 | INFO: Blender create Mesh node driver-seat-headrest/041
17:48:08 | INFO: Blender create Mesh node driver-seat-bolster/042
17:48:08 | INFO: Blender create Mesh node driver-seat-bolster/043
17:48:08 | INFO: Blender create Mesh node driver-seat-seam/044
17:48:08 | INFO: Blender create Mesh node driver-seat-seam/045
17:48:08 | INFO: Blender create Mesh node driver-seat-seam/046
17:48:08 | INFO: glTF import finished in 0.01s
Fra:1 Mem:16.43M (Peak 16.43M) | Time:00:00.00 | Mem:0.00M, Peak:0.00M | Scene, ViewLayer | Synchronizing object | dashboard-preserved-passenger-and-center
Fra:1 Mem:16.44M (Peak 16.44M) | Time:00:00.00 | Mem:0.00M, Peak:0.00M | Scene, ViewLayer | Synchronizing object | dashboard-driver-clearance-header
Fra:1 Mem:16.44M (Peak 16.44M) | Time:00:00.00 | Mem:0.00M, Peak:0.00M | Scene, ViewLayer | Synchronizing object | dashboard-preserved-outboard
Fra:1 Mem:16.45M (Peak 16.45M) | Time:00:00.00 | Mem:0.00M, Peak:0.00M | Scene, ViewLayer | Synchronizing object | driver-floor-extension
Fra:1 Mem:16.45M (Peak 16.45M) | Time:00:00.00 | Mem:0.00M, Peak:0.00M | Scene, ViewLayer | Synchronizing object | steering-rim
Fra:1 Mem:16.48M (Peak 16.48M) | Time:00:00.00 | Mem:0.00M, Peak:0.00M | Scene, ViewLayer | Synchronizing object | driver-seat-seam-046.002
Fra:1 Mem:16.49M (Peak 16.49M) | Time:00:00.00 | Mem:0.00M, Peak:0.00M | Scene, ViewLayer | Synchronizing object | steering-spoke-horizontal
Fra:1 Mem:16.50M (Peak 16.50M) | Time:00:00.00 | Mem:0.00M, Peak:0.00M | Scene, ViewLayer | Synchronizing object | driver-seat-seam-045.002
Fra:1 Mem:16.50M (Peak 16.50M) | Time:00:00.00 | Mem:0.00M, Peak:0.00M | Scene, ViewLayer | Synchronizing object | steering-spoke-lower
Fra:1 Mem:16.49M (Peak 16.50M) | Time:00:00.00 | Mem:0.00M, Peak:0.00M | Scene, ViewLayer | Synchronizing object | driver-seat-seam-044.002
Fra:1 Mem:16.51M (Peak 16.51M) | Time:00:00.00 | Mem:0.00M, Peak:0.00M | Scene, ViewLayer | Synchronizing object | driver-seat-bolster-043.002
Fra:1 Mem:16.51M (Peak 16.51M) | Time:00:00.00 | Mem:0.00M, Peak:0.00M | Scene, ViewLayer | Synchronizing object | driver-seat-cushion-039
Fra:1 Mem:16.52M (Peak 16.52M) | Time:00:00.00 | Mem:0.00M, Peak:0.00M | Scene, ViewLayer | Synchronizing object | driver-seat-bolster-042.002
Fra:1 Mem:16.56M (Peak 16.56M) | Time:00:00.00 | Mem:0.00M, Peak:0.00M | Scene, ViewLayer | Synchronizing object | driver-seat-headrest-041.002
Fra:1 Mem:16.61M (Peak 16.61M) | Time:00:00.00 | Mem:0.00M, Peak:0.00M | Scene, ViewLayer | Synchronizing object | driver-seat-back-040
Fra:1 Mem:16.66M (Peak 16.66M) | Time:00:00.00 | Mem:0.00M, Peak:0.00M | Scene, ViewLayer | Synchronizing object | driver-seat-back-040.002
Fra:1 Mem:16.69M (Peak 16.69M) | Time:00:00.00 | Mem:0.00M, Peak:0.00M | Scene, ViewLayer | Synchronizing object | driver-seat-headrest-041
Fra:1 Mem:16.72M (Peak 16.72M) | Time:00:00.00 | Mem:0.00M, Peak:0.00M | Scene, ViewLayer | Synchronizing object | driver-seat-cushion-039.002
Fra:1 Mem:16.80M (Peak 16.80M) | Time:00:00.00 | Mem:0.00M, Peak:0.00M | Scene, ViewLayer | Synchronizing object | driver-seat-bolster-042
Fra:1 Mem:16.79M (Peak 16.80M) | Time:00:00.00 | Mem:0.00M, Peak:0.00M | Scene, ViewLayer | Synchronizing object | steering-spoke-lower.002
Fra:1 Mem:16.79M (Peak 16.80M) | Time:00:00.00 | Mem:0.00M, Peak:0.00M | Scene, ViewLayer | Synchronizing object | steering-spoke-horizontal.002
Fra:1 Mem:16.80M (Peak 16.80M) | Time:00:00.00 | Mem:0.00M, Peak:0.00M | Scene, ViewLayer | Synchronizing object | steering-rim.002
Fra:1 Mem:16.82M (Peak 16.82M) | Time:00:00.00 | Mem:0.00M, Peak:0.00M | Scene, ViewLayer | Synchronizing object | driver-floor-extension.002
Fra:1 Mem:16.82M (Peak 16.82M) | Time:00:00.00 | Mem:0.00M, Peak:0.00M | Scene, ViewLayer | Synchronizing object | driver-seat-bolster-043
Fra:1 Mem:16.82M (Peak 16.82M) | Time:00:00.00 | Mem:0.00M, Peak:0.00M | Scene, ViewLayer | Synchronizing object | dashboard-preserved-outboard.002
Fra:1 Mem:16.82M (Peak 16.82M) | Time:00:00.00 | Mem:0.00M, Peak:0.00M | Scene, ViewLayer | Synchronizing object | driver-seat-seam-044
Fra:1 Mem:16.83M (Peak 16.83M) | Time:00:00.00 | Mem:0.00M, Peak:0.00M | Scene, ViewLayer | Synchronizing object | dashboard-driver-clearance-header.002
Fra:1 Mem:16.83M (Peak 16.83M) | Time:00:00.00 | Mem:0.00M, Peak:0.00M | Scene, ViewLayer | Synchronizing object | driver-seat-seam-045
Fra:1 Mem:16.83M (Peak 16.83M) | Time:00:00.00 | Mem:0.00M, Peak:0.00M | Scene, ViewLayer | Synchronizing object | dashboard-preserved-passenger-and-center.002
Fra:1 Mem:16.83M (Peak 16.83M) | Time:00:00.00 | Mem:0.00M, Peak:0.00M | Scene, ViewLayer | Synchronizing object | driver-seat-seam-046
Fra:1 Mem:16.84M (Peak 16.84M) | Time:00:00.00 | Mem:0.00M, Peak:0.00M | Scene, ViewLayer | Synchronizing object | driver-seat-seam-046.001
Fra:1 Mem:16.84M (Peak 16.84M) | Time:00:00.00 | Mem:0.00M, Peak:0.00M | Scene, ViewLayer | Synchronizing object | dashboard-preserved-passenger-and-center.001
Fra:1 Mem:16.84M (Peak 16.84M) | Time:00:00.00 | Mem:0.00M, Peak:0.00M | Scene, ViewLayer | Synchronizing object | driver-seat-seam-045.001
Fra:1 Mem:16.84M (Peak 16.84M) | Time:00:00.00 | Mem:0.00M, Peak:0.00M | Scene, ViewLayer | Synchronizing object | dashboard-driver-clearance-header.001
Fra:1 Mem:16.84M (Peak 16.84M) | Time:00:00.00 | Mem:0.00M, Peak:0.00M | Scene, ViewLayer | Synchronizing object | driver-seat-seam-044.001
Fra:1 Mem:16.85M (Peak 16.85M) | Time:00:00.00 | Mem:0.00M, Peak:0.00M | Scene, ViewLayer | Synchronizing object | dashboard-preserved-outboard.001
Fra:1 Mem:16.84M (Peak 16.85M) | Time:00:00.00 | Mem:0.00M, Peak:0.00M | Scene, ViewLayer | Synchronizing object | driver-seat-bolster-043.001
Fra:1 Mem:16.85M (Peak 16.85M) | Time:00:00.00 | Mem:0.00M, Peak:0.00M | Scene, ViewLayer | Synchronizing object | driver-floor-extension.001
Fra:1 Mem:16.86M (Peak 16.86M) | Time:00:00.00 | Mem:0.00M, Peak:0.00M | Scene, ViewLayer | Synchronizing object | driver-seat-bolster-042.001
Fra:1 Mem:16.85M (Peak 16.86M) | Time:00:00.00 | Mem:0.00M, Peak:0.00M | Scene, ViewLayer | Synchronizing object | steering-rim.001
Fra:1 Mem:16.86M (Peak 16.86M) | Time:00:00.00 | Mem:0.00M, Peak:0.00M | Scene, ViewLayer | Synchronizing object | driver-seat-headrest-041.001
Fra:1 Mem:16.94M (Peak 16.94M) | Time:00:00.00 | Mem:0.00M, Peak:0.00M | Scene, ViewLayer | Synchronizing object | steering-spoke-horizontal.001
Fra:1 Mem:16.94M (Peak 16.94M) | Time:00:00.00 | Mem:0.00M, Peak:0.00M | Scene, ViewLayer | Synchronizing object | steering-spoke-lower.001
Fra:1 Mem:16.93M (Peak 16.94M) | Time:00:00.00 | Mem:0.00M, Peak:0.00M | Scene, ViewLayer | Synchronizing object | driver-seat-back-040.001
Fra:1 Mem:16.96M (Peak 16.96M) | Time:00:00.00 | Mem:0.00M, Peak:0.00M | Scene, ViewLayer | Synchronizing object | driver-seat-cushion-039.001
Fra:1 Mem:17.03M (Peak 17.03M) | Time:00:00.00 | Mem:0.00M, Peak:0.00M | Scene, ViewLayer | Initializing
Fra:1 Mem:15.24M (Peak 17.03M) | Time:00:00.00 | Mem:0.00M, Peak:0.00M | Scene, ViewLayer | Waiting for render to start
Fra:1 Mem:15.24M (Peak 17.03M) | Time:00:00.00 | Mem:0.00M, Peak:0.00M | Scene, ViewLayer | Loading render kernels (may take a few minutes the first time)
Fra:1 Mem:15.24M (Peak 17.03M) | Time:00:00.00 | Mem:0.00M, Peak:0.00M | Scene, ViewLayer | Updating Scene
Fra:1 Mem:15.24M (Peak 17.03M) | Time:00:00.00 | Mem:0.00M, Peak:0.00M | Scene, ViewLayer | Updating Shaders
Fra:1 Mem:15.33M (Peak 17.03M) | Time:00:00.00 | Mem:0.00M, Peak:0.00M | Scene, ViewLayer | Updating Procedurals
Fra:1 Mem:15.33M (Peak 17.03M) | Time:00:00.00 | Mem:0.00M, Peak:0.00M | Scene, ViewLayer | Updating Background
Fra:1 Mem:15.33M (Peak 17.03M) | Time:00:00.00 | Mem:0.00M, Peak:0.00M | Scene, ViewLayer | Updating Camera
Fra:1 Mem:15.33M (Peak 17.03M) | Time:00:00.00 | Mem:0.00M, Peak:0.00M | Scene, ViewLayer | Updating Meshes Flags
Fra:1 Mem:15.33M (Peak 17.03M) | Time:00:00.00 | Mem:0.00M, Peak:0.00M | Scene, ViewLayer | Updating Objects
Fra:1 Mem:15.33M (Peak 17.03M) | Time:00:00.00 | Mem:0.00M, Peak:0.00M | Scene, ViewLayer | Updating Objects | Copying Transformations to device
Fra:1 Mem:15.34M (Peak 17.03M) | Time:00:00.00 | Mem:0.02M, Peak:0.02M | Scene, ViewLayer | Updating Objects | Applying Static Transformations
Fra:1 Mem:15.34M (Peak 17.03M) | Time:00:00.00 | Mem:0.02M, Peak:0.02M | Scene, ViewLayer | Updating Particle Systems
Fra:1 Mem:15.34M (Peak 17.03M) | Time:00:00.00 | Mem:0.02M, Peak:0.02M | Scene, ViewLayer | Updating Particle Systems | Copying Particles to device
Fra:1 Mem:15.34M (Peak 17.03M) | Time:00:00.00 | Mem:0.02M, Peak:0.02M | Scene, ViewLayer | Updating Meshes
Fra:1 Mem:15.40M (Peak 17.03M) | Time:00:00.00 | Mem:0.02M, Peak:0.02M | Scene, ViewLayer | Updating Mesh | Computing attributes
Fra:1 Mem:15.48M (Peak 17.03M) | Time:00:00.00 | Mem:0.02M, Peak:0.02M | Scene, ViewLayer | Updating Mesh | Copying Attributes to device
Fra:1 Mem:15.48M (Peak 17.03M) | Time:00:00.00 | Mem:0.10M, Peak:0.10M | Scene, ViewLayer | Updating Scene BVH | Building
Fra:1 Mem:15.48M (Peak 17.03M) | Time:00:00.00 | Mem:0.10M, Peak:0.10M | Scene, ViewLayer | Updating Scene BVH | Building BVH
Fra:1 Mem:15.48M (Peak 17.03M) | Time:00:00.00 | Mem:0.21M, Peak:0.21M | Scene, ViewLayer | Updating Scene BVH | Building BVH 0%
Fra:1 Mem:15.48M (Peak 17.03M) | Time:00:00.00 | Mem:0.34M, Peak:0.46M | Scene, ViewLayer | Updating Scene BVH | Copying BVH to device
Fra:1 Mem:15.48M (Peak 17.03M) | Time:00:00.00 | Mem:0.34M, Peak:0.46M | Scene, ViewLayer | Updating Mesh | Computing normals
Fra:1 Mem:15.76M (Peak 17.03M) | Time:00:00.00 | Mem:0.34M, Peak:0.46M | Scene, ViewLayer | Updating Mesh | Copying Mesh to device
Fra:1 Mem:15.76M (Peak 17.03M) | Time:00:00.00 | Mem:0.62M, Peak:0.62M | Scene, ViewLayer | Updating Objects Flags
Fra:1 Mem:15.76M (Peak 17.03M) | Time:00:00.00 | Mem:0.62M, Peak:0.62M | Scene, ViewLayer | Updating Primitive Offsets
Fra:1 Mem:15.76M (Peak 17.03M) | Time:00:00.00 | Mem:0.62M, Peak:0.62M | Scene, ViewLayer | Updating Images
Fra:1 Mem:15.76M (Peak 17.03M) | Time:00:00.00 | Mem:0.62M, Peak:0.62M | Scene, ViewLayer | Updating Camera Volume
Fra:1 Mem:15.76M (Peak 17.03M) | Time:00:00.00 | Mem:0.62M, Peak:0.62M | Scene, ViewLayer | Updating Lookup Tables
Fra:1 Mem:15.76M (Peak 17.03M) | Time:00:00.00 | Mem:0.70M, Peak:0.70M | Scene, ViewLayer | Updating Lights
Fra:1 Mem:15.76M (Peak 17.03M) | Time:00:00.00 | Mem:0.70M, Peak:0.70M | Scene, ViewLayer | Updating Lights | Computing tree
Fra:1 Mem:15.76M (Peak 17.03M) | Time:00:00.00 | Mem:0.70M, Peak:0.70M | Scene, ViewLayer | Updating Integrator
Fra:1 Mem:15.76M (Peak 17.03M) | Time:00:00.00 | Mem:0.70M, Peak:0.70M | Scene, ViewLayer | Updating Film
Fra:1 Mem:15.76M (Peak 17.03M) | Time:00:00.00 | Mem:0.62M, Peak:0.70M | Scene, ViewLayer | Updating Lookup Tables
Fra:1 Mem:15.76M (Peak 17.03M) | Time:00:00.00 | Mem:0.71M, Peak:0.71M | Scene, ViewLayer | Updating Baking
Fra:1 Mem:15.76M (Peak 17.03M) | Time:00:00.00 | Mem:0.71M, Peak:0.71M | Scene, ViewLayer | Updating Device | Writing constant memory
Fra:1 Mem:15.76M (Peak 17.03M) | Time:00:00.00 | Mem:0.71M, Peak:0.71M | Scene, ViewLayer | Sample 0/24
Fra:1 Mem:31.59M (Peak 31.59M) | Time:00:00.13 | Remaining:00:03.01 | Mem:16.53M, Peak:16.53M | Scene, ViewLayer | Sample 1/24
Fra:1 Mem:38.62M (Peak 52.69M) | Time:00:02.56 | Mem:16.53M, Peak:16.53M | Scene, ViewLayer | Sample 24/24
Fra:1 Mem:38.62M (Peak 52.69M) | Time:00:02.56 | Mem:16.53M, Peak:16.53M | Scene, ViewLayer | Finished
Saved: '/workspace/scratch/7c20b5ba4165/atlas-backlog-oct3/tools/assets/roadster-driver-fit/qa/previews/module-lods-dusk.png'
Time: 00:02.64 (Saving: 00:00.07)

Extensions: writing cache failed ([Errno 30] Read-only file system: '/home/agent/.config/blender').
17:48:11 | INFO: Data are loaded, start creating Blender stuff
17:48:11 | INFO: Blender create Mesh node Cube
17:48:11 | INFO: Blender create Mesh node Cube.001
17:48:11 | INFO: Blender create Mesh node Cube.002
17:48:11 | INFO: Blender create Mesh node Cube.003
17:48:11 | INFO: Blender create Mesh node Torus
17:48:11 | INFO: Blender create Mesh node Cylinder
17:48:11 | INFO: Blender create Mesh node Cylinder.001
17:48:11 | INFO: Blender create Mesh node driver-seat-cushion/039
17:48:11 | INFO: Blender create Mesh node driver-seat-back/040
17:48:11 | INFO: Blender create Mesh node driver-seat-headrest/041
17:48:11 | INFO: Blender create Mesh node driver-seat-bolster/042
17:48:11 | INFO: Blender create Mesh node driver-seat-bolster/043
17:48:11 | INFO: Blender create Mesh node driver-seat-seam/044
17:48:11 | INFO: Blender create Mesh node driver-seat-seam/045
17:48:11 | INFO: Blender create Mesh node driver-seat-seam/046
17:48:11 | INFO: glTF import finished in 0.01s
17:48:11 | INFO: Data are loaded, start creating Blender stuff
17:48:11 | INFO: Blender create Mesh node Cube
17:48:11 | INFO: Blender create Mesh node Cube.001
17:48:11 | INFO: Blender create Mesh node Cube.002
17:48:11 | INFO: Blender create Mesh node Cube.003
17:48:11 | INFO: Blender create Mesh node Torus
17:48:11 | INFO: Blender create Mesh node Cylinder
17:48:11 | INFO: Blender create Mesh node Cylinder.001
17:48:11 | INFO: Blender create Mesh node driver-seat-cushion/039
17:48:11 | INFO: Blender create Mesh node driver-seat-back/040
17:48:11 | INFO: Blender create Mesh node driver-seat-headrest/041
17:48:11 | INFO: Blender create Mesh node driver-seat-bolster/042
17:48:11 | INFO: Blender create Mesh node driver-seat-bolster/043
17:48:11 | INFO: Blender create Mesh node driver-seat-seam/044
17:48:11 | INFO: Blender create Mesh node driver-seat-seam/045
17:48:11 | INFO: Blender create Mesh node driver-seat-seam/046
17:48:11 | INFO: glTF import finished in 0.01s
17:48:11 | INFO: Data are loaded, start creating Blender stuff
17:48:11 | INFO: Blender create Mesh node Cube
17:48:11 | INFO: Blender create Mesh node Cube.001
17:48:11 | INFO: Blender create Mesh node Cube.002
17:48:11 | INFO: Blender create Mesh node Cube.003
17:48:11 | INFO: Blender create Mesh node Torus
17:48:11 | INFO: Blender create Mesh node Cylinder
17:48:11 | INFO: Blender create Mesh node Cylinder.001
17:48:11 | INFO: Blender create Mesh node driver-seat-cushion/039
17:48:11 | INFO: Blender create Mesh node driver-seat-back/040
17:48:11 | INFO: Blender create Mesh node driver-seat-headrest/041
17:48:11 | INFO: Blender create Mesh node driver-seat-bolster/042
17:48:11 | INFO: Blender create Mesh node driver-seat-bolster/043
17:48:11 | INFO: Blender create Mesh node driver-seat-seam/044
17:48:11 | INFO: Blender create Mesh node driver-seat-seam/045
17:48:11 | INFO: Blender create Mesh node driver-seat-seam/046
17:48:11 | INFO: glTF import finished in 0.01s
Fra:1 Mem:16.43M (Peak 16.43M) | Time:00:00.00 | Mem:0.00M, Peak:0.00M | Scene, ViewLayer | Synchronizing object | dashboard-preserved-passenger-and-center
Fra:1 Mem:16.44M (Peak 16.44M) | Time:00:00.00 | Mem:0.00M, Peak:0.00M | Scene, ViewLayer | Synchronizing object | dashboard-driver-clearance-header
Fra:1 Mem:16.44M (Peak 16.44M) | Time:00:00.00 | Mem:0.00M, Peak:0.00M | Scene, ViewLayer | Synchronizing object | dashboard-preserved-outboard
Fra:1 Mem:16.45M (Peak 16.45M) | Time:00:00.00 | Mem:0.00M, Peak:0.00M | Scene, ViewLayer | Synchronizing object | driver-floor-extension
Fra:1 Mem:16.45M (Peak 16.45M) | Time:00:00.00 | Mem:0.00M, Peak:0.00M | Scene, ViewLayer | Synchronizing object | steering-rim
Fra:1 Mem:16.48M (Peak 16.48M) | Time:00:00.00 | Mem:0.00M, Peak:0.00M | Scene, ViewLayer | Synchronizing object | steering-spoke-horizontal
Fra:1 Mem:16.50M (Peak 16.50M) | Time:00:00.00 | Mem:0.00M, Peak:0.00M | Scene, ViewLayer | Synchronizing object | driver-seat-seam-046.002
Fra:1 Mem:16.49M (Peak 16.50M) | Time:00:00.00 | Mem:0.00M, Peak:0.00M | Scene, ViewLayer | Synchronizing object | steering-spoke-lower
Fra:1 Mem:16.50M (Peak 16.50M) | Time:00:00.00 | Mem:0.00M, Peak:0.00M | Scene, ViewLayer | Synchronizing object | driver-seat-cushion-039
Fra:1 Mem:16.55M (Peak 16.55M) | Time:00:00.00 | Mem:0.00M, Peak:0.00M | Scene, ViewLayer | Synchronizing object | driver-seat-seam-045.002
Fra:1 Mem:16.56M (Peak 16.56M) | Time:00:00.00 | Mem:0.00M, Peak:0.00M | Scene, ViewLayer | Synchronizing object | driver-seat-seam-044.002
Fra:1 Mem:16.56M (Peak 16.56M) | Time:00:00.00 | Mem:0.00M, Peak:0.00M | Scene, ViewLayer | Synchronizing object | driver-seat-bolster-043.002
Fra:1 Mem:16.55M (Peak 16.56M) | Time:00:00.00 | Mem:0.00M, Peak:0.00M | Scene, ViewLayer | Synchronizing object | driver-seat-bolster-042.002
Fra:1 Mem:16.55M (Peak 16.56M) | Time:00:00.00 | Mem:0.00M, Peak:0.00M | Scene, ViewLayer | Synchronizing object | driver-seat-back-040
Fra:1 Mem:16.61M (Peak 16.61M) | Time:00:00.00 | Mem:0.00M, Peak:0.00M | Scene, ViewLayer | Synchronizing object | driver-seat-headrest-041.002
Fra:1 Mem:16.66M (Peak 16.66M) | Time:00:00.00 | Mem:0.00M, Peak:0.00M | Scene, ViewLayer | Synchronizing object | driver-seat-headrest-041
Fra:1 Mem:16.71M (Peak 16.71M) | Time:00:00.00 | Mem:0.00M, Peak:0.00M | Scene, ViewLayer | Synchronizing object | driver-seat-back-040.002
Fra:1 Mem:16.76M (Peak 16.76M) | Time:00:00.00 | Mem:0.00M, Peak:0.00M | Scene, ViewLayer | Synchronizing object | driver-seat-bolster-042
Fra:1 Mem:16.75M (Peak 16.76M) | Time:00:00.00 | Mem:0.00M, Peak:0.00M | Scene, ViewLayer | Synchronizing object | driver-seat-cushion-039.002
Fra:1 Mem:16.77M (Peak 16.77M) | Time:00:00.00 | Mem:0.00M, Peak:0.00M | Scene, ViewLayer | Synchronizing object | driver-seat-bolster-043
Fra:1 Mem:16.80M (Peak 16.80M) | Time:00:00.00 | Mem:0.00M, Peak:0.00M | Scene, ViewLayer | Synchronizing object | driver-seat-seam-044
Fra:1 Mem:16.81M (Peak 16.81M) | Time:00:00.00 | Mem:0.00M, Peak:0.00M | Scene, ViewLayer | Synchronizing object | driver-seat-seam-045
Fra:1 Mem:16.80M (Peak 16.81M) | Time:00:00.00 | Mem:0.00M, Peak:0.00M | Scene, ViewLayer | Synchronizing object | driver-seat-seam-046
Fra:1 Mem:16.80M (Peak 16.81M) | Time:00:00.00 | Mem:0.00M, Peak:0.00M | Scene, ViewLayer | Synchronizing object | steering-spoke-lower.002
Fra:1 Mem:16.81M (Peak 16.81M) | Time:00:00.00 | Mem:0.00M, Peak:0.00M | Scene, ViewLayer | Synchronizing object | dashboard-preserved-passenger-and-center.001
Fra:1 Mem:16.81M (Peak 16.81M) | Time:00:00.00 | Mem:0.00M, Peak:0.00M | Scene, ViewLayer | Synchronizing object | steering-spoke-horizontal.002
Fra:1 Mem:16.82M (Peak 16.82M) | Time:00:00.00 | Mem:0.00M, Peak:0.00M | Scene, ViewLayer | Synchronizing object | dashboard-driver-clearance-header.001
Fra:1 Mem:16.82M (Peak 16.82M) | Time:00:00.00 | Mem:0.00M, Peak:0.00M | Scene, ViewLayer | Synchronizing object | steering-rim.002
Fra:1 Mem:16.82M (Peak 16.82M) | Time:00:00.00 | Mem:0.00M, Peak:0.00M | Scene, ViewLayer | Synchronizing object | dashboard-preserved-outboard.001
Fra:1 Mem:16.83M (Peak 16.83M) | Time:00:00.00 | Mem:0.00M, Peak:0.00M | Scene, ViewLayer | Synchronizing object | driver-floor-extension.001
Fra:1 Mem:16.84M (Peak 16.84M) | Time:00:00.00 | Mem:0.00M, Peak:0.00M | Scene, ViewLayer | Synchronizing object | driver-floor-extension.002
Fra:1 Mem:16.84M (Peak 16.84M) | Time:00:00.00 | Mem:0.00M, Peak:0.00M | Scene, ViewLayer | Synchronizing object | steering-rim.001
Fra:1 Mem:16.84M (Peak 16.84M) | Time:00:00.00 | Mem:0.00M, Peak:0.00M | Scene, ViewLayer | Synchronizing object | dashboard-preserved-outboard.002
Fra:1 Mem:16.87M (Peak 16.87M) | Time:00:00.00 | Mem:0.00M, Peak:0.00M | Scene, ViewLayer | Synchronizing object | dashboard-driver-clearance-header.002
Fra:1 Mem:16.87M (Peak 16.87M) | Time:00:00.00 | Mem:0.00M, Peak:0.00M | Scene, ViewLayer | Synchronizing object | dashboard-preserved-passenger-and-center.002
Fra:1 Mem:16.87M (Peak 16.87M) | Time:00:00.00 | Mem:0.00M, Peak:0.00M | Scene, ViewLayer | Synchronizing object | steering-spoke-horizontal.001
Fra:1 Mem:16.87M (Peak 16.87M) | Time:00:00.00 | Mem:0.00M, Peak:0.00M | Scene, ViewLayer | Synchronizing object | driver-seat-seam-046.001
Fra:1 Mem:16.88M (Peak 16.88M) | Time:00:00.00 | Mem:0.00M, Peak:0.00M | Scene, ViewLayer | Synchronizing object | driver-seat-seam-045.001
Fra:1 Mem:16.88M (Peak 16.88M) | Time:00:00.00 | Mem:0.00M, Peak:0.00M | Scene, ViewLayer | Synchronizing object | steering-spoke-lower.001
Fra:1 Mem:16.88M (Peak 16.88M) | Time:00:00.00 | Mem:0.00M, Peak:0.00M | Scene, ViewLayer | Synchronizing object | driver-seat-seam-044.001
Fra:1 Mem:16.89M (Peak 16.89M) | Time:00:00.00 | Mem:0.00M, Peak:0.00M | Scene, ViewLayer | Synchronizing object | driver-seat-bolster-043.001
Fra:1 Mem:16.89M (Peak 16.89M) | Time:00:00.00 | Mem:0.00M, Peak:0.00M | Scene, ViewLayer | Synchronizing object | driver-seat-cushion-039.001
Fra:1 Mem:16.91M (Peak 16.91M) | Time:00:00.00 | Mem:0.00M, Peak:0.00M | Scene, ViewLayer | Synchronizing object | driver-seat-bolster-042.001
Fra:1 Mem:16.94M (Peak 16.94M) | Time:00:00.00 | Mem:0.00M, Peak:0.00M | Scene, ViewLayer | Synchronizing object | driver-seat-headrest-041.001
Fra:1 Mem:17.00M (Peak 17.00M) | Time:00:00.00 | Mem:0.00M, Peak:0.00M | Scene, ViewLayer | Synchronizing object | driver-seat-back-040.001
Fra:1 Mem:17.03M (Peak 17.03M) | Time:00:00.00 | Mem:0.00M, Peak:0.00M | Scene, ViewLayer | Initializing
Fra:1 Mem:15.24M (Peak 17.03M) | Time:00:00.00 | Mem:0.00M, Peak:0.00M | Scene, ViewLayer | Waiting for render to start
Fra:1 Mem:15.24M (Peak 17.03M) | Time:00:00.00 | Mem:0.00M, Peak:0.00M | Scene, ViewLayer | Loading render kernels (may take a few minutes the first time)
Fra:1 Mem:15.24M (Peak 17.03M) | Time:00:00.00 | Mem:0.00M, Peak:0.00M | Scene, ViewLayer | Updating Scene
Fra:1 Mem:15.24M (Peak 17.03M) | Time:00:00.00 | Mem:0.00M, Peak:0.00M | Scene, ViewLayer | Updating Shaders
Fra:1 Mem:15.33M (Peak 17.03M) | Time:00:00.00 | Mem:0.00M, Peak:0.00M | Scene, ViewLayer | Updating Procedurals
Fra:1 Mem:15.33M (Peak 17.03M) | Time:00:00.00 | Mem:0.00M, Peak:0.00M | Scene, ViewLayer | Updating Background
Fra:1 Mem:15.33M (Peak 17.03M) | Time:00:00.00 | Mem:0.00M, Peak:0.00M | Scene, ViewLayer | Updating Camera
Fra:1 Mem:15.33M (Peak 17.03M) | Time:00:00.00 | Mem:0.00M, Peak:0.00M | Scene, ViewLayer | Updating Meshes Flags
Fra:1 Mem:15.33M (Peak 17.03M) | Time:00:00.00 | Mem:0.00M, Peak:0.00M | Scene, ViewLayer | Updating Objects
Fra:1 Mem:15.33M (Peak 17.03M) | Time:00:00.00 | Mem:0.00M, Peak:0.00M | Scene, ViewLayer | Updating Objects | Copying Transformations to device
Fra:1 Mem:15.34M (Peak 17.03M) | Time:00:00.00 | Mem:0.02M, Peak:0.02M | Scene, ViewLayer | Updating Objects | Applying Static Transformations
Fra:1 Mem:15.34M (Peak 17.03M) | Time:00:00.00 | Mem:0.02M, Peak:0.02M | Scene, ViewLayer | Updating Particle Systems
Fra:1 Mem:15.34M (Peak 17.03M) | Time:00:00.00 | Mem:0.02M, Peak:0.02M | Scene, ViewLayer | Updating Particle Systems | Copying Particles to device
Fra:1 Mem:15.34M (Peak 17.03M) | Time:00:00.00 | Mem:0.02M, Peak:0.02M | Scene, ViewLayer | Updating Meshes
Fra:1 Mem:15.40M (Peak 17.03M) | Time:00:00.00 | Mem:0.02M, Peak:0.02M | Scene, ViewLayer | Updating Mesh | Computing attributes
Fra:1 Mem:15.48M (Peak 17.03M) | Time:00:00.00 | Mem:0.02M, Peak:0.02M | Scene, ViewLayer | Updating Mesh | Copying Attributes to device
Fra:1 Mem:15.48M (Peak 17.03M) | Time:00:00.00 | Mem:0.10M, Peak:0.10M | Scene, ViewLayer | Updating Scene BVH | Building
Fra:1 Mem:15.48M (Peak 17.03M) | Time:00:00.00 | Mem:0.10M, Peak:0.10M | Scene, ViewLayer | Updating Scene BVH | Building BVH
Fra:1 Mem:15.48M (Peak 17.03M) | Time:00:00.00 | Mem:0.21M, Peak:0.21M | Scene, ViewLayer | Updating Scene BVH | Building BVH 0%
Fra:1 Mem:15.48M (Peak 17.03M) | Time:00:00.00 | Mem:0.34M, Peak:0.46M | Scene, ViewLayer | Updating Scene BVH | Copying BVH to device
Fra:1 Mem:15.48M (Peak 17.03M) | Time:00:00.00 | Mem:0.34M, Peak:0.46M | Scene, ViewLayer | Updating Mesh | Computing normals
Fra:1 Mem:15.76M (Peak 17.03M) | Time:00:00.00 | Mem:0.34M, Peak:0.46M | Scene, ViewLayer | Updating Mesh | Copying Mesh to device
Fra:1 Mem:15.76M (Peak 17.03M) | Time:00:00.00 | Mem:0.62M, Peak:0.62M | Scene, ViewLayer | Updating Objects Flags
Fra:1 Mem:15.76M (Peak 17.03M) | Time:00:00.00 | Mem:0.62M, Peak:0.62M | Scene, ViewLayer | Updating Primitive Offsets
Fra:1 Mem:15.76M (Peak 17.03M) | Time:00:00.00 | Mem:0.62M, Peak:0.62M | Scene, ViewLayer | Updating Images
Fra:1 Mem:15.76M (Peak 17.03M) | Time:00:00.00 | Mem:0.62M, Peak:0.62M | Scene, ViewLayer | Updating Camera Volume
Fra:1 Mem:15.76M (Peak 17.03M) | Time:00:00.00 | Mem:0.62M, Peak:0.62M | Scene, ViewLayer | Updating Lookup Tables
Fra:1 Mem:15.76M (Peak 17.03M) | Time:00:00.00 | Mem:0.70M, Peak:0.70M | Scene, ViewLayer | Updating Lights
Fra:1 Mem:15.76M (Peak 17.03M) | Time:00:00.00 | Mem:0.70M, Peak:0.70M | Scene, ViewLayer | Updating Lights | Computing tree
Fra:1 Mem:15.76M (Peak 17.03M) | Time:00:00.00 | Mem:0.70M, Peak:0.70M | Scene, ViewLayer | Updating Integrator
Fra:1 Mem:15.76M (Peak 17.03M) | Time:00:00.00 | Mem:0.70M, Peak:0.70M | Scene, ViewLayer | Updating Film
Fra:1 Mem:15.76M (Peak 17.03M) | Time:00:00.00 | Mem:0.62M, Peak:0.70M | Scene, ViewLayer | Updating Lookup Tables
Fra:1 Mem:15.76M (Peak 17.03M) | Time:00:00.00 | Mem:0.71M, Peak:0.71M | Scene, ViewLayer | Updating Baking
Fra:1 Mem:15.76M (Peak 17.03M) | Time:00:00.00 | Mem:0.71M, Peak:0.71M | Scene, ViewLayer | Updating Device | Writing constant memory
Fra:1 Mem:15.76M (Peak 17.03M) | Time:00:00.00 | Mem:0.71M, Peak:0.71M | Scene, ViewLayer | Sample 0/24
Fra:1 Mem:31.59M (Peak 31.59M) | Time:00:00.13 | Remaining:00:02.90 | Mem:16.53M, Peak:16.53M | Scene, ViewLayer | Sample 1/24
Fra:1 Mem:38.62M (Peak 52.69M) | Time:00:02.48 | Mem:16.53M, Peak:16.53M | Scene, ViewLayer | Sample 24/24
Fra:1 Mem:38.62M (Peak 52.69M) | Time:00:02.48 | Mem:16.53M, Peak:16.53M | Scene, ViewLayer | Finished
Saved: '/workspace/scratch/7c20b5ba4165/atlas-backlog-oct3/tools/assets/roadster-driver-fit/qa/previews/module-lods-night.png'
Time: 00:02.53 (Saving: 00:00.04)

RENDERED_COCKPIT_9_VIEWS

Blender quit
