Extensions: writing cache failed ([Errno 30] Read-only file system: '/home/agent/.config/blender').
18:09:50 | INFO: Data are loaded, start creating Blender stuff
18:09:50 | INFO: Blender create Mesh node 0
18:09:50 | INFO: Blender create Mesh node 1
18:09:50 | INFO: Blender create Mesh node 2
18:09:50 | INFO: Blender create Mesh node 3
18:09:50 | INFO: Blender create Mesh node 4
18:09:50 | INFO: Blender create Mesh node 5
18:09:50 | INFO: Blender create Mesh node 6
18:09:50 | INFO: Blender create Mesh node 7
18:09:50 | INFO: Blender create Mesh node 8
18:09:50 | INFO: Blender create Mesh node 9
18:09:50 | INFO: Blender create Mesh node 10
18:09:50 | INFO: Blender create Mesh node 11
18:09:50 | INFO: Blender create Mesh node 12
18:09:50 | INFO: Blender create Mesh node 13
18:09:50 | INFO: Blender create Mesh node 14
18:09:50 | INFO: Blender create Mesh node 15
18:09:50 | INFO: Blender create Mesh node 16
18:09:50 | INFO: Blender create Mesh node 17
18:09:50 | INFO: Blender create Mesh node 18
18:09:50 | INFO: Blender create Mesh node 19
18:09:50 | INFO: Blender create Mesh node 20
18:09:50 | INFO: Blender create Mesh node 21
18:09:50 | INFO: Blender create Mesh node 22
18:09:50 | INFO: Blender create Mesh node 23
18:09:50 | INFO: Blender create Mesh node 24
18:09:50 | INFO: Blender create Mesh node 25
18:09:50 | INFO: Blender create Mesh node 26
18:09:50 | INFO: Blender create Mesh node 27
18:09:50 | INFO: Blender create Mesh node 28
18:09:50 | INFO: Blender create Mesh node 29
18:09:50 | INFO: Blender create Mesh node 30
18:09:50 | INFO: Blender create Mesh node 31
18:09:50 | INFO: Blender create Mesh node 32
18:09:50 | INFO: Blender create Mesh node 33
18:09:50 | INFO: Blender create Mesh node 34
18:09:50 | INFO: Blender create Mesh node 35
18:09:50 | INFO: Blender create Mesh node 36
18:09:50 | INFO: Blender create Mesh node 37
18:09:50 | INFO: Blender create Mesh node 38
18:09:50 | INFO: Blender create Mesh node 39
18:09:50 | INFO: Blender create Mesh node 40
18:09:50 | INFO: Blender create Mesh node 41
18:09:50 | INFO: Blender create Mesh node 42
18:09:50 | INFO: Blender create Mesh node 43
18:09:50 | INFO: Blender create Mesh node 44
18:09:50 | INFO: Blender create Mesh node 45
18:09:50 | INFO: Blender create Mesh node 46
18:09:50 | INFO: Blender create Mesh node 47
18:09:50 | INFO: Blender create Mesh node 48
18:09:50 | INFO: Blender create Mesh node 49
18:09:50 | INFO: Blender create Mesh node 50
18:09:50 | INFO: Blender create Mesh node 51
18:09:50 | INFO: Blender create Mesh node 52
18:09:50 | INFO: Blender create Mesh node 53
18:09:50 | INFO: Blender create Mesh node 54
18:09:50 | INFO: Blender create Mesh node 55
18:09:50 | INFO: Blender create Mesh node 56
18:09:50 | INFO: Blender create Mesh node 57
18:09:50 | INFO: Blender create Mesh node 58
18:09:50 | INFO: Blender create Mesh node 59
18:09:50 | INFO: Blender create Mesh node 60
18:09:50 | INFO: Blender create Mesh node 61
18:09:50 | INFO: Blender create Mesh node 62
18:09:50 | INFO: Blender create Mesh node 63
18:09:50 | INFO: Blender create Mesh node 64
18:09:50 | INFO: Blender create Mesh node 65
18:09:50 | INFO: Blender create Mesh node 66
18:09:50 | INFO: Blender create Mesh node 67
18:09:50 | INFO: Blender create Mesh node 68
18:09:50 | INFO: Blender create Mesh node 69
18:09:50 | INFO: Blender create Mesh node 70
18:09:50 | INFO: Blender create Mesh node 71
18:09:50 | INFO: Blender create Mesh node 72
18:09:50 | INFO: Blender create Mesh node 73
18:09:50 | INFO: Blender create Mesh node 74
18:09:50 | INFO: Blender create Mesh node 75
18:09:50 | INFO: Blender create Mesh node 76
18:09:50 | INFO: Blender create Mesh node 77
18:09:50 | INFO: Blender create Mesh node 78
18:09:50 | INFO: Blender create Mesh node 79
18:09:50 | INFO: Blender create Mesh node 80
18:09:50 | INFO: Blender create Mesh node 81
18:09:50 | INFO: Blender create Mesh node 82
18:09:50 | INFO: Blender create Mesh node 83
18:09:50 | INFO: Blender create Mesh node 84
18:09:50 | INFO: Blender create Mesh node 85
18:09:50 | INFO: Blender create Mesh node 86
18:09:50 | INFO: Blender create Mesh node 87
18:09:50 | INFO: Blender create Mesh node 88
18:09:50 | INFO: Blender create Mesh node 89
18:09:50 | INFO: Blender create Mesh node 90
18:09:50 | INFO: Blender create Mesh node 91
18:09:50 | INFO: Blender create Mesh node 92
18:09:50 | INFO: Blender create Mesh node 93
18:09:50 | INFO: Blender create Mesh node 94
18:09:50 | INFO: Blender create Mesh node 95
18:09:50 | INFO: Blender create Mesh node 96
18:09:50 | INFO: Blender create Mesh node 97
18:09:50 | INFO: glTF import finished in 0.07s
18:09:50 | INFO: Data are loaded, start creating Blender stuff
18:09:50 | INFO: Blender create Mesh node Tailored torso
18:09:50 | INFO: Blender create Mesh node Tailored torso.001
18:09:51 | INFO: glTF import finished in 0.14s
Blender 4.3.2
Fra:15 Mem:30.09M (Peak 30.39M) | Time:00:00.00 | Mem:0.00M, Peak:0.00M | Scene, ViewLayer | Synchronizing object | preserved-source-part/000
Fra:15 Mem:32.12M (Peak 32.12M) | Time:00:00.00 | Mem:0.00M, Peak:0.00M | Scene, ViewLayer | Synchronizing object | Tailored torso.001
Fra:15 Mem:32.57M (Peak 32.57M) | Time:00:00.00 | Mem:0.00M, Peak:0.00M | Scene, ViewLayer | Synchronizing object | preserved-source-part/001
Fra:15 Mem:32.86M (Peak 32.86M) | Time:00:00.01 | Mem:0.00M, Peak:0.00M | Scene, ViewLayer | Synchronizing object | preserved-source-part/002
Fra:15 Mem:32.88M (Peak 32.88M) | Time:00:00.01 | Mem:0.00M, Peak:0.00M | Scene, ViewLayer | Synchronizing object | preserved-source-part/003
Fra:15 Mem:33.19M (Peak 33.19M) | Time:00:00.01 | Mem:0.00M, Peak:0.00M | Scene, ViewLayer | Synchronizing object | preserved-source-part/004
Fra:15 Mem:33.23M (Peak 33.23M) | Time:00:00.01 | Mem:0.00M, Peak:0.00M | Scene, ViewLayer | Synchronizing object | preserved-source-part/005
Fra:15 Mem:33.23M (Peak 33.23M) | Time:00:00.01 | Mem:0.00M, Peak:0.00M | Scene, ViewLayer | Synchronizing object | preserved-source-part/006
Fra:15 Mem:33.24M (Peak 33.24M) | Time:00:00.01 | Mem:0.00M, Peak:0.00M | Scene, ViewLayer | Synchronizing object | preserved-source-part/007
Fra:15 Mem:33.27M (Peak 33.27M) | Time:00:00.01 | Mem:0.00M, Peak:0.00M | Scene, ViewLayer | Synchronizing object | preserved-source-part/008
Fra:15 Mem:33.27M (Peak 33.27M) | Time:00:00.01 | Mem:0.00M, Peak:0.00M | Scene, ViewLayer | Synchronizing object | preserved-source-part/009
Fra:15 Mem:33.28M (Peak 33.28M) | Time:00:00.01 | Mem:0.00M, Peak:0.00M | Scene, ViewLayer | Synchronizing object | preserved-source-part/010
Fra:15 Mem:33.30M (Peak 33.30M) | Time:00:00.01 | Mem:0.00M, Peak:0.00M | Scene, ViewLayer | Synchronizing object | preserved-source-part/011
Fra:15 Mem:33.42M (Peak 33.42M) | Time:00:00.01 | Mem:0.00M, Peak:0.00M | Scene, ViewLayer | Synchronizing object | preserved-source-part/012
Fra:15 Mem:33.42M (Peak 33.42M) | Time:00:00.01 | Mem:0.00M, Peak:0.00M | Scene, ViewLayer | Synchronizing object | preserved-source-part/013
Fra:15 Mem:33.43M (Peak 33.43M) | Time:00:00.01 | Mem:0.00M, Peak:0.00M | Scene, ViewLayer | Synchronizing object | preserved-source-part/014
Fra:15 Mem:33.43M (Peak 33.43M) | Time:00:00.01 | Mem:0.00M, Peak:0.00M | Scene, ViewLayer | Synchronizing object | preserved-source-part/015
Fra:15 Mem:33.46M (Peak 33.46M) | Time:00:00.01 | Mem:0.00M, Peak:0.00M | Scene, ViewLayer | Synchronizing object | preserved-source-part/016
Fra:15 Mem:33.46M (Peak 33.46M) | Time:00:00.01 | Mem:0.00M, Peak:0.00M | Scene, ViewLayer | Synchronizing object | preserved-source-part/017
Fra:15 Mem:33.47M (Peak 33.47M) | Time:00:00.01 | Mem:0.00M, Peak:0.00M | Scene, ViewLayer | Synchronizing object | preserved-source-part/018
Fra:15 Mem:33.48M (Peak 33.48M) | Time:00:00.01 | Mem:0.00M, Peak:0.00M | Scene, ViewLayer | Synchronizing object | preserved-source-part/019
Fra:15 Mem:33.49M (Peak 33.49M) | Time:00:00.01 | Mem:0.00M, Peak:0.00M | Scene, ViewLayer | Synchronizing object | underbody/020
Fra:15 Mem:33.49M (Peak 33.49M) | Time:00:00.01 | Mem:0.00M, Peak:0.00M | Scene, ViewLayer | Synchronizing object | cabin-floor/021
Fra:15 Mem:33.49M (Peak 33.49M) | Time:00:00.01 | Mem:0.00M, Peak:0.00M | Scene, ViewLayer | Synchronizing object | preserved-source-part/022
Fra:15 Mem:33.54M (Peak 33.54M) | Time:00:00.01 | Mem:0.00M, Peak:0.00M | Scene, ViewLayer | Synchronizing object | preserved-source-part/023
Fra:15 Mem:33.65M (Peak 33.65M) | Time:00:00.01 | Mem:0.00M, Peak:0.00M | Scene, ViewLayer | Synchronizing object | preserved-source-part/024
Fra:15 Mem:33.59M (Peak 33.65M) | Time:00:00.01 | Mem:0.00M, Peak:0.00M | Scene, ViewLayer | Synchronizing object | driver-roadster-fit-body
Fra:15 Mem:33.59M (Peak 33.65M) | Time:00:00.01 | Mem:0.00M, Peak:0.00M | Scene, ViewLayer | Synchronizing object | preserved-source-part/025
Fra:15 Mem:33.99M (Peak 33.99M) | Time:00:00.01 | Mem:0.00M, Peak:0.00M | Scene, ViewLayer | Synchronizing object | preserved-source-part/026
Fra:15 Mem:34.01M (Peak 34.01M) | Time:00:00.01 | Mem:0.00M, Peak:0.00M | Scene, ViewLayer | Synchronizing object | preserved-source-part/027
Fra:15 Mem:35.55M (Peak 35.55M) | Time:00:00.01 | Mem:0.00M, Peak:0.00M | Scene, ViewLayer | Synchronizing object | passenger-seat-cushion/028
Fra:15 Mem:35.58M (Peak 35.58M) | Time:00:00.01 | Mem:0.00M, Peak:0.00M | Scene, ViewLayer | Synchronizing object | passenger-seat-back/029
Fra:15 Mem:35.61M (Peak 35.61M) | Time:00:00.01 | Mem:0.00M, Peak:0.00M | Scene, ViewLayer | Synchronizing object | passenger-seat-headrest/030
Fra:15 Mem:35.64M (Peak 35.64M) | Time:00:00.01 | Mem:0.00M, Peak:0.00M | Scene, ViewLayer | Synchronizing object | passenger-seat-bolster/031
Fra:15 Mem:35.64M (Peak 35.64M) | Time:00:00.01 | Mem:0.00M, Peak:0.00M | Scene, ViewLayer | Synchronizing object | passenger-seat-bolster/032
Fra:15 Mem:35.64M (Peak 35.64M) | Time:00:00.01 | Mem:0.00M, Peak:0.00M | Scene, ViewLayer | Synchronizing object | passenger-seat-seam/033
Fra:15 Mem:35.64M (Peak 35.64M) | Time:00:00.01 | Mem:0.00M, Peak:0.00M | Scene, ViewLayer | Synchronizing object | passenger-seat-seam/034
Fra:15 Mem:35.65M (Peak 35.65M) | Time:00:00.01 | Mem:0.00M, Peak:0.00M | Scene, ViewLayer | Synchronizing object | passenger-seat-seam/035
Fra:15 Mem:35.65M (Peak 35.65M) | Time:00:00.01 | Mem:0.00M, Peak:0.00M | Scene, ViewLayer | Synchronizing object | preserved-source-part/036
Fra:15 Mem:35.68M (Peak 35.68M) | Time:00:00.01 | Mem:0.00M, Peak:0.00M | Scene, ViewLayer | Synchronizing object | preserved-source-part/037
Fra:15 Mem:35.97M (Peak 35.97M) | Time:00:00.01 | Mem:0.00M, Peak:0.00M | Scene, ViewLayer | Synchronizing object | preserved-source-part/038
Fra:15 Mem:35.97M (Peak 35.97M) | Time:00:00.01 | Mem:0.00M, Peak:0.00M | Scene, ViewLayer | Synchronizing object | preserved-source-part/047
Fra:15 Mem:36.00M (Peak 36.00M) | Time:00:00.01 | Mem:0.00M, Peak:0.00M | Scene, ViewLayer | Synchronizing object | preserved-source-part/048
Fra:15 Mem:36.00M (Peak 36.00M) | Time:00:00.01 | Mem:0.00M, Peak:0.00M | Scene, ViewLayer | Synchronizing object | preserved-source-part/049
Fra:15 Mem:36.01M (Peak 36.01M) | Time:00:00.01 | Mem:0.00M, Peak:0.00M | Scene, ViewLayer | Synchronizing object | center-console/050
Fra:15 Mem:36.01M (Peak 36.01M) | Time:00:00.01 | Mem:0.00M, Peak:0.00M | Scene, ViewLayer | Synchronizing object | preserved-source-part/051
Fra:15 Mem:36.01M (Peak 36.01M) | Time:00:00.01 | Mem:0.00M, Peak:0.00M | Scene, ViewLayer | Synchronizing object | preserved-source-part/052
Fra:15 Mem:36.02M (Peak 36.02M) | Time:00:00.01 | Mem:0.00M, Peak:0.00M | Scene, ViewLayer | Synchronizing object | preserved-source-part/054
Fra:15 Mem:36.02M (Peak 36.02M) | Time:00:00.01 | Mem:0.00M, Peak:0.00M | Scene, ViewLayer | Synchronizing object | preserved-source-part/055
Fra:15 Mem:36.03M (Peak 36.03M) | Time:00:00.01 | Mem:0.00M, Peak:0.00M | Scene, ViewLayer | Synchronizing object | preserved-source-part/056
Fra:15 Mem:36.03M (Peak 36.03M) | Time:00:00.01 | Mem:0.00M, Peak:0.00M | Scene, ViewLayer | Synchronizing object | preserved-source-part/057
Fra:15 Mem:36.04M (Peak 36.04M) | Time:00:00.01 | Mem:0.00M, Peak:0.00M | Scene, ViewLayer | Synchronizing object | preserved-source-part/058
Fra:15 Mem:36.04M (Peak 36.04M) | Time:00:00.01 | Mem:0.00M, Peak:0.00M | Scene, ViewLayer | Synchronizing object | preserved-source-part/062
Fra:15 Mem:36.04M (Peak 36.04M) | Time:00:00.01 | Mem:0.00M, Peak:0.00M | Scene, ViewLayer | Synchronizing object | preserved-source-part/063
Fra:15 Mem:36.04M (Peak 36.04M) | Time:00:00.01 | Mem:0.00M, Peak:0.00M | Scene, ViewLayer | Synchronizing object | preserved-source-part/064
Fra:15 Mem:36.05M (Peak 36.05M) | Time:00:00.01 | Mem:0.00M, Peak:0.00M | Scene, ViewLayer | Synchronizing object | preserved-source-part/065
Fra:15 Mem:36.07M (Peak 36.07M) | Time:00:00.01 | Mem:0.00M, Peak:0.00M | Scene, ViewLayer | Synchronizing object | preserved-source-part/066
Fra:15 Mem:36.07M (Peak 36.07M) | Time:00:00.01 | Mem:0.00M, Peak:0.00M | Scene, ViewLayer | Synchronizing object | preserved-source-part/067
Fra:15 Mem:36.07M (Peak 36.07M) | Time:00:00.01 | Mem:0.00M, Peak:0.00M | Scene, ViewLayer | Synchronizing object | preserved-source-part/068
Fra:15 Mem:36.08M (Peak 36.08M) | Time:00:00.01 | Mem:0.00M, Peak:0.00M | Scene, ViewLayer | Synchronizing object | preserved-source-part/069
Fra:15 Mem:36.08M (Peak 36.08M) | Time:00:00.01 | Mem:0.00M, Peak:0.00M | Scene, ViewLayer | Synchronizing object | preserved-source-part/070
Fra:15 Mem:36.09M (Peak 36.09M) | Time:00:00.01 | Mem:0.00M, Peak:0.00M | Scene, ViewLayer | Synchronizing object | preserved-source-part/071
Fra:15 Mem:36.11M (Peak 36.11M) | Time:00:00.01 | Mem:0.00M, Peak:0.00M | Scene, ViewLayer | Synchronizing object | preserved-source-part/072
Fra:15 Mem:36.11M (Peak 36.11M) | Time:00:00.01 | Mem:0.00M, Peak:0.00M | Scene, ViewLayer | Synchronizing object | preserved-source-part/073
Fra:15 Mem:36.11M (Peak 36.11M) | Time:00:00.01 | Mem:0.00M, Peak:0.00M | Scene, ViewLayer | Synchronizing object | preserved-source-part/074
Fra:15 Mem:36.12M (Peak 36.12M) | Time:00:00.01 | Mem:0.00M, Peak:0.00M | Scene, ViewLayer | Synchronizing object | preserved-source-part/075
Fra:15 Mem:36.12M (Peak 36.12M) | Time:00:00.01 | Mem:0.00M, Peak:0.00M | Scene, ViewLayer | Synchronizing object | preserved-source-part/076
Fra:15 Mem:36.12M (Peak 36.12M) | Time:00:00.01 | Mem:0.00M, Peak:0.00M | Scene, ViewLayer | Synchronizing object | preserved-source-part/077
Fra:15 Mem:36.13M (Peak 36.13M) | Time:00:00.01 | Mem:0.00M, Peak:0.00M | Scene, ViewLayer | Synchronizing object | preserved-source-part/078
Fra:15 Mem:36.13M (Peak 36.13M) | Time:00:00.01 | Mem:0.00M, Peak:0.00M | Scene, ViewLayer | Synchronizing object | preserved-source-part/079
Fra:15 Mem:36.13M (Peak 36.13M) | Time:00:00.01 | Mem:0.00M, Peak:0.00M | Scene, ViewLayer | Synchronizing object | preserved-source-part/080
Fra:15 Mem:36.13M (Peak 36.13M) | Time:00:00.01 | Mem:0.00M, Peak:0.00M | Scene, ViewLayer | Synchronizing object | preserved-source-part/081
Fra:15 Mem:36.13M (Peak 36.13M) | Time:00:00.01 | Mem:0.00M, Peak:0.00M | Scene, ViewLayer | Synchronizing object | preserved-source-part/082
Fra:15 Mem:36.16M (Peak 36.16M) | Time:00:00.01 | Mem:0.00M, Peak:0.00M | Scene, ViewLayer | Synchronizing object | Mesh_71
Fra:15 Mem:36.17M (Peak 36.17M) | Time:00:00.01 | Mem:0.00M, Peak:0.00M | Scene, ViewLayer | Synchronizing object | Mesh_72
Fra:15 Mem:36.18M (Peak 36.18M) | Time:00:00.01 | Mem:0.00M, Peak:0.00M | Scene, ViewLayer | Synchronizing object | Mesh_73
Fra:15 Mem:36.22M (Peak 36.22M) | Time:00:00.01 | Mem:0.00M, Peak:0.00M | Scene, ViewLayer | Synchronizing object | Mesh_74
Fra:15 Mem:36.23M (Peak 36.23M) | Time:00:00.01 | Mem:0.00M, Peak:0.00M | Scene, ViewLayer | Synchronizing object | Mesh_75
Fra:15 Mem:36.24M (Peak 36.24M) | Time:00:00.01 | Mem:0.00M, Peak:0.00M | Scene, ViewLayer | Synchronizing object | Mesh_76
Fra:15 Mem:36.27M (Peak 36.27M) | Time:00:00.01 | Mem:0.00M, Peak:0.00M | Scene, ViewLayer | Synchronizing object | Mesh_77
Fra:15 Mem:36.67M (Peak 36.67M) | Time:00:00.01 | Mem:0.00M, Peak:0.00M | Scene, ViewLayer | Synchronizing object | Mesh_78
Fra:15 Mem:37.11M (Peak 37.11M) | Time:00:00.01 | Mem:0.00M, Peak:0.00M | Scene, ViewLayer | Synchronizing object | Mesh_79
Fra:15 Mem:37.15M (Peak 37.15M) | Time:00:00.01 | Mem:0.00M, Peak:0.00M | Scene, ViewLayer | Synchronizing object | Mesh_80
Fra:15 Mem:37.16M (Peak 37.16M) | Time:00:00.01 | Mem:0.00M, Peak:0.00M | Scene, ViewLayer | Synchronizing object | Mesh_81
Fra:15 Mem:37.17M (Peak 37.17M) | Time:00:00.01 | Mem:0.00M, Peak:0.00M | Scene, ViewLayer | Synchronizing object | Mesh_82
Fra:15 Mem:37.21M (Peak 37.21M) | Time:00:00.01 | Mem:0.00M, Peak:0.00M | Scene, ViewLayer | Synchronizing object | dashboard-preserved-passenger-and-center
Fra:15 Mem:37.21M (Peak 37.21M) | Time:00:00.01 | Mem:0.00M, Peak:0.00M | Scene, ViewLayer | Synchronizing object | dashboard-driver-clearance-header
Fra:15 Mem:37.22M (Peak 37.22M) | Time:00:00.01 | Mem:0.00M, Peak:0.00M | Scene, ViewLayer | Synchronizing object | dashboard-preserved-outboard
Fra:15 Mem:37.23M (Peak 37.23M) | Time:00:00.01 | Mem:0.00M, Peak:0.00M | Scene, ViewLayer | Synchronizing object | driver-floor-extension
Fra:15 Mem:37.23M (Peak 37.23M) | Time:00:00.01 | Mem:0.00M, Peak:0.00M | Scene, ViewLayer | Synchronizing object | steering-rim
Fra:15 Mem:37.27M (Peak 37.27M) | Time:00:00.01 | Mem:0.00M, Peak:0.00M | Scene, ViewLayer | Synchronizing object | steering-spoke-horizontal
Fra:15 Mem:37.28M (Peak 37.28M) | Time:00:00.01 | Mem:0.00M, Peak:0.00M | Scene, ViewLayer | Synchronizing object | steering-spoke-lower
Fra:15 Mem:37.29M (Peak 37.29M) | Time:00:00.01 | Mem:0.00M, Peak:0.00M | Scene, ViewLayer | Synchronizing object | driver-seat-cushion-039
Fra:15 Mem:37.35M (Peak 37.35M) | Time:00:00.01 | Mem:0.00M, Peak:0.00M | Scene, ViewLayer | Synchronizing object | driver-seat-back-040
Fra:15 Mem:37.40M (Peak 37.40M) | Time:00:00.01 | Mem:0.00M, Peak:0.00M | Scene, ViewLayer | Synchronizing object | driver-seat-headrest-041
Fra:15 Mem:37.45M (Peak 37.45M) | Time:00:00.01 | Mem:0.00M, Peak:0.00M | Scene, ViewLayer | Synchronizing object | driver-seat-bolster-042
Fra:15 Mem:37.48M (Peak 37.48M) | Time:00:00.01 | Mem:0.00M, Peak:0.00M | Scene, ViewLayer | Synchronizing object | driver-seat-bolster-043
Fra:15 Mem:37.48M (Peak 37.48M) | Time:00:00.01 | Mem:0.00M, Peak:0.00M | Scene, ViewLayer | Synchronizing object | driver-seat-seam-044
Fra:15 Mem:37.49M (Peak 37.49M) | Time:00:00.01 | Mem:0.00M, Peak:0.00M | Scene, ViewLayer | Synchronizing object | driver-seat-seam-045
Fra:15 Mem:37.49M (Peak 37.49M) | Time:00:00.01 | Mem:0.00M, Peak:0.00M | Scene, ViewLayer | Synchronizing object | driver-seat-seam-046
Fra:15 Mem:41.45M (Peak 42.21M) | Time:00:00.04 | Mem:0.00M, Peak:0.00M | Scene, ViewLayer | Initializing
Fra:15 Mem:37.69M (Peak 42.21M) | Time:00:00.04 | Mem:0.00M, Peak:0.00M | Scene, ViewLayer | Updating Images | Loading Citizen_Normal-1024
Fra:15 Mem:37.69M (Peak 42.21M) | Time:00:00.04 | Mem:0.00M, Peak:0.00M | Scene, ViewLayer | Updating Images | Loading Citizen_BaseColor-1024
Fra:15 Mem:53.71M (Peak 61.71M) | Time:00:00.06 | Mem:4.00M, Peak:4.00M | Scene, ViewLayer | Updating Images | Loading Citizen_Roughness-1024
Fra:15 Mem:45.97M (Peak 61.71M) | Time:00:00.07 | Mem:12.00M, Peak:12.00M | Scene, ViewLayer | Waiting for render to start
Fra:15 Mem:45.98M (Peak 61.71M) | Time:00:00.07 | Mem:12.00M, Peak:12.00M | Scene, ViewLayer | Loading render kernels (may take a few minutes the first time)
Fra:15 Mem:45.98M (Peak 61.71M) | Time:00:00.07 | Mem:12.00M, Peak:12.00M | Scene, ViewLayer | Updating Scene
Fra:15 Mem:45.98M (Peak 61.71M) | Time:00:00.07 | Mem:12.00M, Peak:12.00M | Scene, ViewLayer | Updating Shaders
Fra:15 Mem:46.06M (Peak 61.71M) | Time:00:00.07 | Mem:12.01M, Peak:12.01M | Scene, ViewLayer | Updating Procedurals
Fra:15 Mem:46.06M (Peak 61.71M) | Time:00:00.07 | Mem:12.01M, Peak:12.01M | Scene, ViewLayer | Updating Background
Fra:15 Mem:46.06M (Peak 61.71M) | Time:00:00.07 | Mem:12.01M, Peak:12.01M | Scene, ViewLayer | Updating Camera
Fra:15 Mem:46.06M (Peak 61.71M) | Time:00:00.07 | Mem:12.01M, Peak:12.01M | Scene, ViewLayer | Updating Meshes Flags
Fra:15 Mem:46.06M (Peak 61.71M) | Time:00:00.07 | Mem:12.01M, Peak:12.01M | Scene, ViewLayer | Updating Objects
Fra:15 Mem:46.06M (Peak 61.71M) | Time:00:00.07 | Mem:12.01M, Peak:12.01M | Scene, ViewLayer | Updating Objects | Copying Transformations to device
Fra:15 Mem:46.09M (Peak 61.71M) | Time:00:00.07 | Mem:12.03M, Peak:12.03M | Scene, ViewLayer | Updating Objects | Applying Static Transformations
Fra:15 Mem:46.09M (Peak 61.71M) | Time:00:00.07 | Mem:12.03M, Peak:12.03M | Scene, ViewLayer | Updating Particle Systems
Fra:15 Mem:46.09M (Peak 61.71M) | Time:00:00.07 | Mem:12.03M, Peak:12.03M | Scene, ViewLayer | Updating Particle Systems | Copying Particles to device
Fra:15 Mem:46.09M (Peak 61.71M) | Time:00:00.07 | Mem:12.03M, Peak:12.03M | Scene, ViewLayer | Updating Meshes
Fra:15 Mem:46.86M (Peak 61.71M) | Time:00:00.08 | Mem:12.03M, Peak:12.03M | Scene, ViewLayer | Updating Mesh | Computing attributes
Fra:15 Mem:49.86M (Peak 61.71M) | Time:00:00.08 | Mem:12.04M, Peak:12.04M | Scene, ViewLayer | Updating Mesh | Copying Attributes to device
Fra:15 Mem:49.84M (Peak 61.71M) | Time:00:00.08 | Mem:15.01M, Peak:15.01M | Scene, ViewLayer | Updating Scene BVH | Building
Fra:15 Mem:49.84M (Peak 61.71M) | Time:00:00.08 | Mem:15.01M, Peak:15.01M | Scene, ViewLayer | Updating Scene BVH | Building BVH
Fra:15 Mem:49.84M (Peak 61.71M) | Time:00:00.08 | Mem:16.56M, Peak:16.56M | Scene, ViewLayer | Updating Scene BVH | Building BVH 0%
Fra:15 Mem:49.84M (Peak 61.71M) | Time:00:00.09 | Mem:18.25M, Peak:19.80M | Scene, ViewLayer | Updating Scene BVH | Copying BVH to device
Fra:15 Mem:49.84M (Peak 61.71M) | Time:00:00.09 | Mem:18.25M, Peak:19.80M | Scene, ViewLayer | Updating Mesh | Computing normals
Fra:15 Mem:52.08M (Peak 61.71M) | Time:00:00.09 | Mem:18.25M, Peak:19.80M | Scene, ViewLayer | Updating Mesh | Copying Mesh to device
Fra:15 Mem:52.08M (Peak 61.71M) | Time:00:00.09 | Mem:20.48M, Peak:20.48M | Scene, ViewLayer | Updating Objects Flags
Fra:15 Mem:52.08M (Peak 61.71M) | Time:00:00.09 | Mem:20.48M, Peak:20.48M | Scene, ViewLayer | Updating Primitive Offsets
Fra:15 Mem:52.08M (Peak 61.71M) | Time:00:00.09 | Mem:20.48M, Peak:20.48M | Scene, ViewLayer | Updating Images
Fra:15 Mem:52.08M (Peak 61.71M) | Time:00:00.09 | Mem:20.48M, Peak:20.48M | Scene, ViewLayer | Updating Camera Volume
Fra:15 Mem:52.08M (Peak 61.71M) | Time:00:00.09 | Mem:20.48M, Peak:20.48M | Scene, ViewLayer | Updating Lookup Tables
Fra:15 Mem:52.08M (Peak 61.71M) | Time:00:00.09 | Mem:20.57M, Peak:20.57M | Scene, ViewLayer | Updating Lights
Fra:15 Mem:52.08M (Peak 61.71M) | Time:00:00.09 | Mem:20.57M, Peak:20.57M | Scene, ViewLayer | Updating Lights | Computing tree
Fra:15 Mem:52.09M (Peak 61.71M) | Time:00:00.09 | Mem:20.58M, Peak:20.58M | Scene, ViewLayer | Updating Integrator
Fra:15 Mem:52.09M (Peak 61.71M) | Time:00:00.09 | Mem:20.58M, Peak:20.58M | Scene, ViewLayer | Updating Film
Fra:15 Mem:52.09M (Peak 61.71M) | Time:00:00.09 | Mem:20.49M, Peak:20.58M | Scene, ViewLayer | Updating Lookup Tables
Fra:15 Mem:52.09M (Peak 61.71M) | Time:00:00.09 | Mem:20.58M, Peak:20.58M | Scene, ViewLayer | Updating Baking
Fra:15 Mem:52.09M (Peak 61.71M) | Time:00:00.09 | Mem:20.58M, Peak:20.58M | Scene, ViewLayer | Updating Device | Writing constant memory
Fra:15 Mem:52.09M (Peak 61.71M) | Time:00:00.09 | Mem:20.58M, Peak:20.58M | Scene, ViewLayer | Sample 0/24
Fra:15 Mem:67.48M (Peak 67.48M) | Time:00:00.30 | Remaining:00:04.85 | Mem:35.97M, Peak:35.97M | Scene, ViewLayer | Sample 1/24
Fra:15 Mem:74.32M (Peak 87.99M) | Time:00:04.40 | Mem:35.97M, Peak:35.97M | Scene, ViewLayer | Sample 24/24
Fra:15 Mem:74.32M (Peak 87.99M) | Time:00:04.40 | Mem:35.97M, Peak:35.97M | Scene, ViewLayer | Finished
Saved: '/workspace/scratch/7c20b5ba4165/atlas-backlog-oct3/tools/assets/roadster-driver-fit/qa/previews/driver-full.png'
Time: 00:04.57 (Saving: 00:00.17)

Extensions: writing cache failed ([Errno 30] Read-only file system: '/home/agent/.config/blender').
18:09:55 | INFO: Data are loaded, start creating Blender stuff
18:09:55 | INFO: Blender create Mesh node 0
18:09:55 | INFO: Blender create Mesh node 1
18:09:55 | INFO: Blender create Mesh node 2
18:09:55 | INFO: Blender create Mesh node 3
18:09:55 | INFO: Blender create Mesh node 4
18:09:55 | INFO: Blender create Mesh node 5
18:09:55 | INFO: Blender create Mesh node 6
18:09:55 | INFO: Blender create Mesh node 7
18:09:55 | INFO: Blender create Mesh node 8
18:09:55 | INFO: Blender create Mesh node 9
18:09:55 | INFO: Blender create Mesh node 10
18:09:55 | INFO: Blender create Mesh node 11
18:09:55 | INFO: Blender create Mesh node 12
18:09:55 | INFO: Blender create Mesh node 13
18:09:55 | INFO: Blender create Mesh node 14
18:09:55 | INFO: Blender create Mesh node 15
18:09:55 | INFO: Blender create Mesh node 16
18:09:55 | INFO: Blender create Mesh node 17
18:09:55 | INFO: Blender create Mesh node 18
18:09:55 | INFO: Blender create Mesh node 19
18:09:55 | INFO: Blender create Mesh node 20
18:09:55 | INFO: Blender create Mesh node 21
18:09:55 | INFO: Blender create Mesh node 22
18:09:55 | INFO: Blender create Mesh node 23
18:09:55 | INFO: Blender create Mesh node 24
18:09:55 | INFO: Blender create Mesh node 25
18:09:55 | INFO: Blender create Mesh node 26
18:09:55 | INFO: Blender create Mesh node 27
18:09:55 | INFO: Blender create Mesh node 28
18:09:55 | INFO: Blender create Mesh node 29
18:09:55 | INFO: Blender create Mesh node 30
18:09:55 | INFO: Blender create Mesh node 31
18:09:55 | INFO: Blender create Mesh node 32
18:09:55 | INFO: Blender create Mesh node 33
18:09:55 | INFO: Blender create Mesh node 34
18:09:55 | INFO: Blender create Mesh node 35
18:09:55 | INFO: Blender create Mesh node 36
18:09:55 | INFO: Blender create Mesh node 37
18:09:55 | INFO: Blender create Mesh node 38
18:09:55 | INFO: Blender create Mesh node 39
18:09:55 | INFO: Blender create Mesh node 40
18:09:55 | INFO: Blender create Mesh node 41
18:09:55 | INFO: Blender create Mesh node 42
18:09:55 | INFO: Blender create Mesh node 43
18:09:55 | INFO: Blender create Mesh node 44
18:09:55 | INFO: Blender create Mesh node 45
18:09:55 | INFO: Blender create Mesh node 46
18:09:55 | INFO: Blender create Mesh node 47
18:09:55 | INFO: Blender create Mesh node 48
18:09:55 | INFO: Blender create Mesh node 49
18:09:55 | INFO: Blender create Mesh node 50
18:09:55 | INFO: Blender create Mesh node 51
18:09:55 | INFO: Blender create Mesh node 52
18:09:55 | INFO: Blender create Mesh node 53
18:09:55 | INFO: Blender create Mesh node 54
18:09:55 | INFO: Blender create Mesh node 55
18:09:55 | INFO: Blender create Mesh node 56
18:09:55 | INFO: Blender create Mesh node 57
18:09:55 | INFO: Blender create Mesh node 58
18:09:55 | INFO: Blender create Mesh node 59
18:09:55 | INFO: Blender create Mesh node 60
18:09:55 | INFO: Blender create Mesh node 61
18:09:55 | INFO: Blender create Mesh node 62
18:09:55 | INFO: Blender create Mesh node 63
18:09:55 | INFO: Blender create Mesh node 64
18:09:55 | INFO: Blender create Mesh node 65
18:09:55 | INFO: Blender create Mesh node 66
18:09:55 | INFO: Blender create Mesh node 67
18:09:55 | INFO: Blender create Mesh node 68
18:09:55 | INFO: Blender create Mesh node 69
18:09:55 | INFO: Blender create Mesh node 70
18:09:55 | INFO: Blender create Mesh node 71
18:09:55 | INFO: Blender create Mesh node 72
18:09:55 | INFO: Blender create Mesh node 73
18:09:55 | INFO: Blender create Mesh node 74
18:09:55 | INFO: Blender create Mesh node 75
18:09:55 | INFO: Blender create Mesh node 76
18:09:55 | INFO: Blender create Mesh node 77
18:09:55 | INFO: Blender create Mesh node 78
18:09:55 | INFO: Blender create Mesh node 79
18:09:55 | INFO: Blender create Mesh node 80
18:09:55 | INFO: Blender create Mesh node 81
18:09:55 | INFO: Blender create Mesh node 82
18:09:55 | INFO: Blender create Mesh node 83
18:09:55 | INFO: Blender create Mesh node 84
18:09:55 | INFO: Blender create Mesh node 85
18:09:55 | INFO: Blender create Mesh node 86
18:09:55 | INFO: Blender create Mesh node 87
18:09:55 | INFO: Blender create Mesh node 88
18:09:55 | INFO: Blender create Mesh node 89
18:09:55 | INFO: Blender create Mesh node 90
18:09:55 | INFO: Blender create Mesh node 91
18:09:55 | INFO: Blender create Mesh node 92
18:09:55 | INFO: Blender create Mesh node 93
18:09:55 | INFO: Blender create Mesh node 94
18:09:55 | INFO: Blender create Mesh node 95
18:09:55 | INFO: Blender create Mesh node 96
18:09:55 | INFO: Blender create Mesh node 97
18:09:55 | INFO: glTF import finished in 0.07s
18:09:55 | INFO: Data are loaded, start creating Blender stuff
18:09:55 | INFO: Blender create Mesh node Tailored torso
18:09:55 | INFO: Blender create Mesh node Tailored torso.001
18:09:55 | INFO: glTF import finished in 0.14s
Fra:15 Mem:29.31M (Peak 29.31M) | Time:00:00.00 | Mem:0.00M, Peak:0.00M | Scene, ViewLayer | Synchronizing object | cabin-floor/021
Fra:15 Mem:29.33M (Peak 29.33M) | Time:00:00.00 | Mem:0.00M, Peak:0.00M | Scene, ViewLayer | Synchronizing object | Tailored torso.001
Fra:15 Mem:29.33M (Peak 29.33M) | Time:00:00.00 | Mem:0.00M, Peak:0.00M | Scene, ViewLayer | Synchronizing object | center-console/050
Fra:15 Mem:29.51M (Peak 29.51M) | Time:00:00.00 | Mem:0.00M, Peak:0.00M | Scene, ViewLayer | Synchronizing object | dashboard-preserved-passenger-and-center
Fra:15 Mem:29.51M (Peak 29.51M) | Time:00:00.00 | Mem:0.00M, Peak:0.00M | Scene, ViewLayer | Synchronizing object | dashboard-driver-clearance-header
Fra:15 Mem:29.54M (Peak 29.54M) | Time:00:00.00 | Mem:0.00M, Peak:0.00M | Scene, ViewLayer | Synchronizing object | dashboard-preserved-outboard
Fra:15 Mem:29.54M (Peak 29.54M) | Time:00:00.00 | Mem:0.00M, Peak:0.00M | Scene, ViewLayer | Synchronizing object | driver-floor-extension
Fra:15 Mem:29.54M (Peak 29.54M) | Time:00:00.00 | Mem:0.00M, Peak:0.00M | Scene, ViewLayer | Synchronizing object | steering-rim
Fra:15 Mem:29.58M (Peak 29.58M) | Time:00:00.00 | Mem:0.00M, Peak:0.00M | Scene, ViewLayer | Synchronizing object | steering-spoke-horizontal
Fra:15 Mem:29.58M (Peak 29.58M) | Time:00:00.00 | Mem:0.00M, Peak:0.00M | Scene, ViewLayer | Synchronizing object | steering-spoke-lower
Fra:15 Mem:29.66M (Peak 29.66M) | Time:00:00.00 | Mem:0.00M, Peak:0.00M | Scene, ViewLayer | Synchronizing object | driver-seat-cushion-039
Fra:15 Mem:29.72M (Peak 29.72M) | Time:00:00.00 | Mem:0.00M, Peak:0.00M | Scene, ViewLayer | Synchronizing object | driver-seat-back-040
Fra:15 Mem:29.92M (Peak 29.92M) | Time:00:00.00 | Mem:0.00M, Peak:0.00M | Scene, ViewLayer | Synchronizing object | driver-seat-headrest-041
Fra:15 Mem:29.97M (Peak 29.97M) | Time:00:00.00 | Mem:0.00M, Peak:0.00M | Scene, ViewLayer | Synchronizing object | driver-seat-bolster-042
Fra:15 Mem:29.97M (Peak 29.97M) | Time:00:00.00 | Mem:0.00M, Peak:0.00M | Scene, ViewLayer | Synchronizing object | driver-seat-bolster-043
Fra:15 Mem:29.97M (Peak 29.97M) | Time:00:00.00 | Mem:0.00M, Peak:0.00M | Scene, ViewLayer | Synchronizing object | driver-seat-seam-044
Fra:15 Mem:29.97M (Peak 29.97M) | Time:00:00.00 | Mem:0.00M, Peak:0.00M | Scene, ViewLayer | Synchronizing object | driver-seat-seam-045
Fra:15 Mem:29.97M (Peak 29.97M) | Time:00:00.00 | Mem:0.00M, Peak:0.00M | Scene, ViewLayer | Synchronizing object | driver-seat-seam-046
Fra:15 Mem:29.98M (Peak 29.98M) | Time:00:00.00 | Mem:0.00M, Peak:0.00M | Scene, ViewLayer | Synchronizing object | driver-roadster-fit-body
Fra:15 Mem:37.25M (Peak 38.02M) | Time:00:00.02 | Mem:0.00M, Peak:0.00M | Scene, ViewLayer | Initializing
Fra:15 Mem:33.81M (Peak 38.02M) | Time:00:00.02 | Mem:0.00M, Peak:0.00M | Scene, ViewLayer | Updating Images | Loading Citizen_Normal-1024
Fra:15 Mem:41.83M (Peak 49.82M) | Time:00:00.04 | Mem:4.00M, Peak:4.00M | Scene, ViewLayer | Updating Images | Loading Citizen_Roughness-1024
Fra:15 Mem:44.57M (Peak 53.84M) | Time:00:00.05 | Mem:12.00M, Peak:12.00M | Scene, ViewLayer | Waiting for render to start
Fra:15 Mem:44.57M (Peak 53.84M) | Time:00:00.05 | Mem:12.00M, Peak:12.00M | Scene, ViewLayer | Loading render kernels (may take a few minutes the first time)
Fra:15 Mem:44.57M (Peak 53.84M) | Time:00:00.05 | Mem:12.00M, Peak:12.00M | Scene, ViewLayer | Updating Scene
Fra:15 Mem:44.57M (Peak 53.84M) | Time:00:00.05 | Mem:12.00M, Peak:12.00M | Scene, ViewLayer | Updating Shaders
Fra:15 Mem:44.65M (Peak 53.84M) | Time:00:00.05 | Mem:12.00M, Peak:12.00M | Scene, ViewLayer | Updating Procedurals
Fra:15 Mem:44.65M (Peak 53.84M) | Time:00:00.05 | Mem:12.00M, Peak:12.00M | Scene, ViewLayer | Updating Background
Fra:15 Mem:44.65M (Peak 53.84M) | Time:00:00.05 | Mem:12.00M, Peak:12.00M | Scene, ViewLayer | Updating Camera
Fra:15 Mem:44.65M (Peak 53.84M) | Time:00:00.05 | Mem:12.00M, Peak:12.00M | Scene, ViewLayer | Updating Meshes Flags
Fra:15 Mem:44.65M (Peak 53.84M) | Time:00:00.05 | Mem:12.00M, Peak:12.00M | Scene, ViewLayer | Updating Objects
Fra:15 Mem:44.65M (Peak 53.84M) | Time:00:00.05 | Mem:12.00M, Peak:12.00M | Scene, ViewLayer | Updating Objects | Copying Transformations to device
Fra:15 Mem:44.66M (Peak 53.84M) | Time:00:00.05 | Mem:12.01M, Peak:12.01M | Scene, ViewLayer | Updating Objects | Applying Static Transformations
Fra:15 Mem:44.66M (Peak 53.84M) | Time:00:00.05 | Mem:12.01M, Peak:12.01M | Scene, ViewLayer | Updating Particle Systems
Fra:15 Mem:44.66M (Peak 53.84M) | Time:00:00.05 | Mem:12.01M, Peak:12.01M | Scene, ViewLayer | Updating Particle Systems | Copying Particles to device
Fra:15 Mem:44.66M (Peak 53.84M) | Time:00:00.05 | Mem:12.01M, Peak:12.01M | Scene, ViewLayer | Updating Meshes
Fra:15 Mem:45.24M (Peak 53.84M) | Time:00:00.05 | Mem:12.01M, Peak:12.01M | Scene, ViewLayer | Updating Mesh | Computing attributes
Fra:15 Mem:48.08M (Peak 53.84M) | Time:00:00.05 | Mem:12.01M, Peak:12.01M | Scene, ViewLayer | Updating Mesh | Copying Attributes to device
Fra:15 Mem:48.08M (Peak 53.84M) | Time:00:00.05 | Mem:14.85M, Peak:14.85M | Scene, ViewLayer | Updating Scene BVH | Building
Fra:15 Mem:48.08M (Peak 53.84M) | Time:00:00.05 | Mem:14.85M, Peak:14.85M | Scene, ViewLayer | Updating Scene BVH | Building BVH
Fra:15 Mem:48.08M (Peak 53.84M) | Time:00:00.05 | Mem:16.01M, Peak:16.01M | Scene, ViewLayer | Updating Scene BVH | Building BVH 0%
Fra:15 Mem:48.08M (Peak 53.84M) | Time:00:00.05 | Mem:17.27M, Peak:18.42M | Scene, ViewLayer | Updating Scene BVH | Copying BVH to device
Fra:15 Mem:48.08M (Peak 53.84M) | Time:00:00.05 | Mem:17.27M, Peak:18.42M | Scene, ViewLayer | Updating Mesh | Computing normals
Fra:15 Mem:49.72M (Peak 53.84M) | Time:00:00.05 | Mem:17.27M, Peak:18.42M | Scene, ViewLayer | Updating Mesh | Copying Mesh to device
Fra:15 Mem:49.72M (Peak 53.84M) | Time:00:00.05 | Mem:18.90M, Peak:18.90M | Scene, ViewLayer | Updating Objects Flags
Fra:15 Mem:49.72M (Peak 53.84M) | Time:00:00.05 | Mem:18.90M, Peak:18.90M | Scene, ViewLayer | Updating Primitive Offsets
Fra:15 Mem:49.72M (Peak 53.84M) | Time:00:00.05 | Mem:18.90M, Peak:18.90M | Scene, ViewLayer | Updating Images
Fra:15 Mem:49.72M (Peak 53.84M) | Time:00:00.05 | Mem:18.90M, Peak:18.90M | Scene, ViewLayer | Updating Camera Volume
Fra:15 Mem:49.72M (Peak 53.84M) | Time:00:00.05 | Mem:18.90M, Peak:18.90M | Scene, ViewLayer | Updating Lookup Tables
Fra:15 Mem:49.72M (Peak 53.84M) | Time:00:00.05 | Mem:18.98M, Peak:18.98M | Scene, ViewLayer | Updating Lights
Fra:15 Mem:49.72M (Peak 53.84M) | Time:00:00.05 | Mem:18.98M, Peak:18.98M | Scene, ViewLayer | Updating Lights | Computing tree
Fra:15 Mem:49.72M (Peak 53.84M) | Time:00:00.05 | Mem:18.99M, Peak:18.99M | Scene, ViewLayer | Updating Integrator
Fra:15 Mem:49.72M (Peak 53.84M) | Time:00:00.05 | Mem:18.99M, Peak:18.99M | Scene, ViewLayer | Updating Film
Fra:15 Mem:49.72M (Peak 53.84M) | Time:00:00.05 | Mem:18.90M, Peak:18.99M | Scene, ViewLayer | Updating Lookup Tables
Fra:15 Mem:49.72M (Peak 53.84M) | Time:00:00.05 | Mem:18.99M, Peak:18.99M | Scene, ViewLayer | Updating Baking
Fra:15 Mem:49.72M (Peak 53.84M) | Time:00:00.05 | Mem:18.99M, Peak:18.99M | Scene, ViewLayer | Updating Device | Writing constant memory
Fra:15 Mem:49.72M (Peak 53.84M) | Time:00:00.05 | Mem:18.99M, Peak:18.99M | Scene, ViewLayer | Sample 0/24
Fra:15 Mem:65.11M (Peak 65.11M) | Time:00:00.35 | Remaining:00:06.84 | Mem:34.38M, Peak:34.38M | Scene, ViewLayer | Sample 1/24
Fra:15 Mem:71.95M (Peak 85.62M) | Time:00:06.38 | Mem:34.38M, Peak:34.38M | Scene, ViewLayer | Sample 24/24
Fra:15 Mem:71.95M (Peak 85.62M) | Time:00:06.38 | Mem:34.38M, Peak:34.38M | Scene, ViewLayer | Finished
Saved: '/workspace/scratch/7c20b5ba4165/atlas-backlog-oct3/tools/assets/roadster-driver-fit/qa/previews/driver-side.png'
Time: 00:06.44 (Saving: 00:00.05)

Extensions: writing cache failed ([Errno 30] Read-only file system: '/home/agent/.config/blender').
18:10:02 | INFO: Data are loaded, start creating Blender stuff
18:10:02 | INFO: Blender create Mesh node 0
18:10:02 | INFO: Blender create Mesh node 1
18:10:02 | INFO: Blender create Mesh node 2
18:10:02 | INFO: Blender create Mesh node 3
18:10:02 | INFO: Blender create Mesh node 4
18:10:02 | INFO: Blender create Mesh node 5
18:10:02 | INFO: Blender create Mesh node 6
18:10:02 | INFO: Blender create Mesh node 7
18:10:02 | INFO: Blender create Mesh node 8
18:10:02 | INFO: Blender create Mesh node 9
18:10:02 | INFO: Blender create Mesh node 10
18:10:02 | INFO: Blender create Mesh node 11
18:10:02 | INFO: Blender create Mesh node 12
18:10:02 | INFO: Blender create Mesh node 13
18:10:02 | INFO: Blender create Mesh node 14
18:10:02 | INFO: Blender create Mesh node 15
18:10:02 | INFO: Blender create Mesh node 16
18:10:02 | INFO: Blender create Mesh node 17
18:10:02 | INFO: Blender create Mesh node 18
18:10:02 | INFO: Blender create Mesh node 19
18:10:02 | INFO: Blender create Mesh node 20
18:10:02 | INFO: Blender create Mesh node 21
18:10:02 | INFO: Blender create Mesh node 22
18:10:02 | INFO: Blender create Mesh node 23
18:10:02 | INFO: Blender create Mesh node 24
18:10:02 | INFO: Blender create Mesh node 25
18:10:02 | INFO: Blender create Mesh node 26
18:10:02 | INFO: Blender create Mesh node 27
18:10:02 | INFO: Blender create Mesh node 28
18:10:02 | INFO: Blender create Mesh node 29
18:10:02 | INFO: Blender create Mesh node 30
18:10:02 | INFO: Blender create Mesh node 31
18:10:02 | INFO: Blender create Mesh node 32
18:10:02 | INFO: Blender create Mesh node 33
18:10:02 | INFO: Blender create Mesh node 34
18:10:02 | INFO: Blender create Mesh node 35
18:10:02 | INFO: Blender create Mesh node 36
18:10:02 | INFO: Blender create Mesh node 37
18:10:02 | INFO: Blender create Mesh node 38
18:10:02 | INFO: Blender create Mesh node 39
18:10:02 | INFO: Blender create Mesh node 40
18:10:02 | INFO: Blender create Mesh node 41
18:10:02 | INFO: Blender create Mesh node 42
18:10:02 | INFO: Blender create Mesh node 43
18:10:02 | INFO: Blender create Mesh node 44
18:10:02 | INFO: Blender create Mesh node 45
18:10:02 | INFO: Blender create Mesh node 46
18:10:02 | INFO: Blender create Mesh node 47
18:10:02 | INFO: Blender create Mesh node 48
18:10:02 | INFO: Blender create Mesh node 49
18:10:02 | INFO: Blender create Mesh node 50
18:10:02 | INFO: Blender create Mesh node 51
18:10:02 | INFO: Blender create Mesh node 52
18:10:02 | INFO: Blender create Mesh node 53
18:10:02 | INFO: Blender create Mesh node 54
18:10:02 | INFO: Blender create Mesh node 55
18:10:02 | INFO: Blender create Mesh node 56
18:10:02 | INFO: Blender create Mesh node 57
18:10:02 | INFO: Blender create Mesh node 58
18:10:02 | INFO: Blender create Mesh node 59
18:10:02 | INFO: Blender create Mesh node 60
18:10:02 | INFO: Blender create Mesh node 61
18:10:02 | INFO: Blender create Mesh node 62
18:10:02 | INFO: Blender create Mesh node 63
18:10:02 | INFO: Blender create Mesh node 64
18:10:02 | INFO: Blender create Mesh node 65
18:10:02 | INFO: Blender create Mesh node 66
18:10:02 | INFO: Blender create Mesh node 67
18:10:02 | INFO: Blender create Mesh node 68
18:10:02 | INFO: Blender create Mesh node 69
18:10:02 | INFO: Blender create Mesh node 70
18:10:02 | INFO: Blender create Mesh node 71
18:10:02 | INFO: Blender create Mesh node 72
18:10:02 | INFO: Blender create Mesh node 73
18:10:02 | INFO: Blender create Mesh node 74
18:10:02 | INFO: Blender create Mesh node 75
18:10:02 | INFO: Blender create Mesh node 76
18:10:02 | INFO: Blender create Mesh node 77
18:10:02 | INFO: Blender create Mesh node 78
18:10:02 | INFO: Blender create Mesh node 79
18:10:02 | INFO: Blender create Mesh node 80
18:10:02 | INFO: Blender create Mesh node 81
18:10:02 | INFO: Blender create Mesh node 82
18:10:02 | INFO: Blender create Mesh node 83
18:10:02 | INFO: Blender create Mesh node 84
18:10:02 | INFO: Blender create Mesh node 85
18:10:02 | INFO: Blender create Mesh node 86
18:10:02 | INFO: Blender create Mesh node 87
18:10:02 | INFO: Blender create Mesh node 88
18:10:02 | INFO: Blender create Mesh node 89
18:10:02 | INFO: Blender create Mesh node 90
18:10:02 | INFO: Blender create Mesh node 91
18:10:02 | INFO: Blender create Mesh node 92
18:10:02 | INFO: Blender create Mesh node 93
18:10:02 | INFO: Blender create Mesh node 94
18:10:02 | INFO: Blender create Mesh node 95
18:10:02 | INFO: Blender create Mesh node 96
18:10:02 | INFO: Blender create Mesh node 97
18:10:02 | INFO: glTF import finished in 0.06s
18:10:02 | INFO: Data are loaded, start creating Blender stuff
18:10:02 | INFO: Blender create Mesh node Tailored torso
18:10:02 | INFO: Blender create Mesh node Tailored torso.001
18:10:02 | INFO: glTF import finished in 0.13s
Fra:15 Mem:29.08M (Peak 29.08M) | Time:00:00.00 | Mem:0.00M, Peak:0.00M | Scene, ViewLayer | Synchronizing object | cabin-floor/021
Fra:15 Mem:29.09M (Peak 29.09M) | Time:00:00.00 | Mem:0.00M, Peak:0.00M | Scene, ViewLayer | Synchronizing object | Tailored torso.001
Fra:15 Mem:29.27M (Peak 29.27M) | Time:00:00.00 | Mem:0.00M, Peak:0.00M | Scene, ViewLayer | Synchronizing object | center-console/050
Fra:15 Mem:29.30M (Peak 29.30M) | Time:00:00.00 | Mem:0.00M, Peak:0.00M | Scene, ViewLayer | Synchronizing object | driver-floor-extension
Fra:15 Mem:29.30M (Peak 29.30M) | Time:00:00.00 | Mem:0.00M, Peak:0.00M | Scene, ViewLayer | Synchronizing object | driver-seat-cushion-039
Fra:15 Mem:29.34M (Peak 29.34M) | Time:00:00.00 | Mem:0.00M, Peak:0.00M | Scene, ViewLayer | Synchronizing object | driver-seat-back-040
Fra:15 Mem:29.47M (Peak 29.47M) | Time:00:00.00 | Mem:0.00M, Peak:0.00M | Scene, ViewLayer | Synchronizing object | driver-seat-headrest-041
Fra:15 Mem:29.68M (Peak 29.68M) | Time:00:00.00 | Mem:0.00M, Peak:0.00M | Scene, ViewLayer | Synchronizing object | driver-seat-bolster-042
Fra:15 Mem:29.68M (Peak 29.68M) | Time:00:00.00 | Mem:0.00M, Peak:0.00M | Scene, ViewLayer | Synchronizing object | driver-seat-bolster-043
Fra:15 Mem:29.68M (Peak 29.68M) | Time:00:00.00 | Mem:0.00M, Peak:0.00M | Scene, ViewLayer | Synchronizing object | driver-seat-seam-044
Fra:15 Mem:29.68M (Peak 29.68M) | Time:00:00.00 | Mem:0.00M, Peak:0.00M | Scene, ViewLayer | Synchronizing object | driver-seat-seam-045
Fra:15 Mem:29.69M (Peak 29.69M) | Time:00:00.00 | Mem:0.00M, Peak:0.00M | Scene, ViewLayer | Synchronizing object | driver-seat-seam-046
Fra:15 Mem:29.69M (Peak 29.69M) | Time:00:00.00 | Mem:0.00M, Peak:0.00M | Scene, ViewLayer | Synchronizing object | driver-roadster-fit-body
Fra:15 Mem:36.97M (Peak 37.73M) | Time:00:00.03 | Mem:0.00M, Peak:0.00M | Scene, ViewLayer | Initializing
Fra:15 Mem:33.55M (Peak 37.73M) | Time:00:00.03 | Mem:0.00M, Peak:0.00M | Scene, ViewLayer | Updating Images | Loading Citizen_Normal-1024
Fra:15 Mem:33.55M (Peak 37.73M) | Time:00:00.03 | Mem:0.00M, Peak:0.00M | Scene, ViewLayer | Updating Images | Loading Citizen_BaseColor-1024
Fra:15 Mem:49.57M (Peak 57.57M) | Time:00:00.04 | Mem:4.00M, Peak:4.00M | Scene, ViewLayer | Updating Images | Loading Citizen_Roughness-1024
Fra:15 Mem:44.52M (Peak 57.57M) | Time:00:00.05 | Mem:12.00M, Peak:12.00M | Scene, ViewLayer | Waiting for render to start
Fra:15 Mem:44.52M (Peak 57.57M) | Time:00:00.05 | Mem:12.00M, Peak:12.00M | Scene, ViewLayer | Loading render kernels (may take a few minutes the first time)
Fra:15 Mem:44.52M (Peak 57.57M) | Time:00:00.05 | Mem:12.00M, Peak:12.00M | Scene, ViewLayer | Updating Scene
Fra:15 Mem:44.52M (Peak 57.57M) | Time:00:00.05 | Mem:12.00M, Peak:12.00M | Scene, ViewLayer | Updating Shaders
Fra:15 Mem:44.60M (Peak 57.57M) | Time:00:00.05 | Mem:12.00M, Peak:12.00M | Scene, ViewLayer | Updating Procedurals
Fra:15 Mem:44.60M (Peak 57.57M) | Time:00:00.05 | Mem:12.00M, Peak:12.00M | Scene, ViewLayer | Updating Background
Fra:15 Mem:44.60M (Peak 57.57M) | Time:00:00.05 | Mem:12.00M, Peak:12.00M | Scene, ViewLayer | Updating Camera
Fra:15 Mem:44.60M (Peak 57.57M) | Time:00:00.05 | Mem:12.00M, Peak:12.00M | Scene, ViewLayer | Updating Meshes Flags
Fra:15 Mem:44.60M (Peak 57.57M) | Time:00:00.05 | Mem:12.00M, Peak:12.00M | Scene, ViewLayer | Updating Objects
Fra:15 Mem:44.60M (Peak 57.57M) | Time:00:00.05 | Mem:12.00M, Peak:12.00M | Scene, ViewLayer | Updating Objects | Copying Transformations to device
Fra:15 Mem:44.61M (Peak 57.57M) | Time:00:00.05 | Mem:12.01M, Peak:12.01M | Scene, ViewLayer | Updating Objects | Applying Static Transformations
Fra:15 Mem:44.61M (Peak 57.57M) | Time:00:00.05 | Mem:12.01M, Peak:12.01M | Scene, ViewLayer | Updating Particle Systems
Fra:15 Mem:44.61M (Peak 57.57M) | Time:00:00.05 | Mem:12.01M, Peak:12.01M | Scene, ViewLayer | Updating Particle Systems | Copying Particles to device
Fra:15 Mem:44.61M (Peak 57.57M) | Time:00:00.05 | Mem:12.01M, Peak:12.01M | Scene, ViewLayer | Updating Meshes
Fra:15 Mem:45.18M (Peak 57.57M) | Time:00:00.06 | Mem:12.01M, Peak:12.01M | Scene, ViewLayer | Updating Mesh | Computing attributes
Fra:15 Mem:48.02M (Peak 57.57M) | Time:00:00.06 | Mem:12.01M, Peak:12.01M | Scene, ViewLayer | Updating Mesh | Copying Attributes to device
Fra:15 Mem:48.02M (Peak 57.57M) | Time:00:00.06 | Mem:14.85M, Peak:14.85M | Scene, ViewLayer | Updating Scene BVH | Building
Fra:15 Mem:48.02M (Peak 57.57M) | Time:00:00.06 | Mem:14.85M, Peak:14.85M | Scene, ViewLayer | Updating Scene BVH | Building BVH
Fra:15 Mem:48.02M (Peak 57.57M) | Time:00:00.06 | Mem:15.99M, Peak:15.99M | Scene, ViewLayer | Updating Scene BVH | Building BVH 0%
Fra:15 Mem:48.02M (Peak 57.57M) | Time:00:00.06 | Mem:17.23M, Peak:18.37M | Scene, ViewLayer | Updating Scene BVH | Copying BVH to device
Fra:15 Mem:48.02M (Peak 57.57M) | Time:00:00.06 | Mem:17.23M, Peak:18.37M | Scene, ViewLayer | Updating Mesh | Computing normals
Fra:15 Mem:49.63M (Peak 57.57M) | Time:00:00.06 | Mem:17.23M, Peak:18.37M | Scene, ViewLayer | Updating Mesh | Copying Mesh to device
Fra:15 Mem:49.63M (Peak 57.57M) | Time:00:00.06 | Mem:18.85M, Peak:18.85M | Scene, ViewLayer | Updating Objects Flags
Fra:15 Mem:49.63M (Peak 57.57M) | Time:00:00.06 | Mem:18.85M, Peak:18.85M | Scene, ViewLayer | Updating Primitive Offsets
Fra:15 Mem:49.63M (Peak 57.57M) | Time:00:00.06 | Mem:18.85M, Peak:18.85M | Scene, ViewLayer | Updating Images
Fra:15 Mem:49.63M (Peak 57.57M) | Time:00:00.06 | Mem:18.85M, Peak:18.85M | Scene, ViewLayer | Updating Camera Volume
Fra:15 Mem:49.63M (Peak 57.57M) | Time:00:00.06 | Mem:18.85M, Peak:18.85M | Scene, ViewLayer | Updating Lookup Tables
Fra:15 Mem:49.63M (Peak 57.57M) | Time:00:00.06 | Mem:18.93M, Peak:18.93M | Scene, ViewLayer | Updating Lights
Fra:15 Mem:49.63M (Peak 57.57M) | Time:00:00.06 | Mem:18.93M, Peak:18.93M | Scene, ViewLayer | Updating Lights | Computing tree
Fra:15 Mem:49.63M (Peak 57.57M) | Time:00:00.06 | Mem:18.93M, Peak:18.93M | Scene, ViewLayer | Updating Integrator
Fra:15 Mem:49.63M (Peak 57.57M) | Time:00:00.06 | Mem:18.93M, Peak:18.93M | Scene, ViewLayer | Updating Film
Fra:15 Mem:49.64M (Peak 57.57M) | Time:00:00.06 | Mem:18.85M, Peak:18.93M | Scene, ViewLayer | Updating Lookup Tables
Fra:15 Mem:49.64M (Peak 57.57M) | Time:00:00.06 | Mem:18.93M, Peak:18.93M | Scene, ViewLayer | Updating Baking
Fra:15 Mem:49.64M (Peak 57.57M) | Time:00:00.06 | Mem:18.93M, Peak:18.93M | Scene, ViewLayer | Updating Device | Writing constant memory
Fra:15 Mem:49.64M (Peak 57.57M) | Time:00:00.06 | Mem:18.93M, Peak:18.93M | Scene, ViewLayer | Sample 0/24
Fra:15 Mem:65.03M (Peak 65.03M) | Time:00:00.39 | Remaining:00:07.57 | Mem:34.33M, Peak:34.33M | Scene, ViewLayer | Sample 1/24
Fra:15 Mem:71.86M (Peak 85.54M) | Time:00:07.29 | Mem:34.33M, Peak:34.33M | Scene, ViewLayer | Sample 24/24
Fra:15 Mem:71.86M (Peak 85.54M) | Time:00:07.29 | Mem:34.33M, Peak:34.33M | Scene, ViewLayer | Finished
Saved: '/workspace/scratch/7c20b5ba4165/atlas-backlog-oct3/tools/assets/roadster-driver-fit/qa/previews/driver-support.png'
Time: 00:07.36 (Saving: 00:00.07)

Extensions: writing cache failed ([Errno 30] Read-only file system: '/home/agent/.config/blender').
18:10:10 | INFO: Data are loaded, start creating Blender stuff
18:10:10 | INFO: Blender create Mesh node 0
18:10:10 | INFO: Blender create Mesh node 1
18:10:10 | INFO: Blender create Mesh node 2
18:10:10 | INFO: Blender create Mesh node 3
18:10:10 | INFO: Blender create Mesh node 4
18:10:10 | INFO: Blender create Mesh node 5
18:10:10 | INFO: Blender create Mesh node 6
18:10:10 | INFO: Blender create Mesh node 7
18:10:10 | INFO: Blender create Mesh node 8
18:10:10 | INFO: Blender create Mesh node 9
18:10:10 | INFO: Blender create Mesh node 10
18:10:10 | INFO: Blender create Mesh node 11
18:10:10 | INFO: Blender create Mesh node 12
18:10:10 | INFO: Blender create Mesh node 13
18:10:10 | INFO: Blender create Mesh node 14
18:10:10 | INFO: Blender create Mesh node 15
18:10:10 | INFO: Blender create Mesh node 16
18:10:10 | INFO: Blender create Mesh node 17
18:10:10 | INFO: Blender create Mesh node 18
18:10:10 | INFO: Blender create Mesh node 19
18:10:10 | INFO: Blender create Mesh node 20
18:10:10 | INFO: Blender create Mesh node 21
18:10:10 | INFO: Blender create Mesh node 22
18:10:10 | INFO: Blender create Mesh node 23
18:10:10 | INFO: Blender create Mesh node 24
18:10:10 | INFO: Blender create Mesh node 25
18:10:10 | INFO: Blender create Mesh node 26
18:10:10 | INFO: Blender create Mesh node 27
18:10:10 | INFO: Blender create Mesh node 28
18:10:10 | INFO: Blender create Mesh node 29
18:10:10 | INFO: Blender create Mesh node 30
18:10:10 | INFO: Blender create Mesh node 31
18:10:10 | INFO: Blender create Mesh node 32
18:10:10 | INFO: Blender create Mesh node 33
18:10:10 | INFO: Blender create Mesh node 34
18:10:10 | INFO: Blender create Mesh node 35
18:10:10 | INFO: Blender create Mesh node 36
18:10:10 | INFO: Blender create Mesh node 37
18:10:10 | INFO: Blender create Mesh node 38
18:10:10 | INFO: Blender create Mesh node 39
18:10:10 | INFO: Blender create Mesh node 40
18:10:10 | INFO: Blender create Mesh node 41
18:10:10 | INFO: Blender create Mesh node 42
18:10:10 | INFO: Blender create Mesh node 43
18:10:10 | INFO: Blender create Mesh node 44
18:10:10 | INFO: Blender create Mesh node 45
18:10:10 | INFO: Blender create Mesh node 46
18:10:10 | INFO: Blender create Mesh node 47
18:10:10 | INFO: Blender create Mesh node 48
18:10:10 | INFO: Blender create Mesh node 49
18:10:10 | INFO: Blender create Mesh node 50
18:10:10 | INFO: Blender create Mesh node 51
18:10:10 | INFO: Blender create Mesh node 52
18:10:10 | INFO: Blender create Mesh node 53
18:10:10 | INFO: Blender create Mesh node 54
18:10:10 | INFO: Blender create Mesh node 55
18:10:10 | INFO: Blender create Mesh node 56
18:10:10 | INFO: Blender create Mesh node 57
18:10:10 | INFO: Blender create Mesh node 58
18:10:10 | INFO: Blender create Mesh node 59
18:10:10 | INFO: Blender create Mesh node 60
18:10:10 | INFO: Blender create Mesh node 61
18:10:10 | INFO: Blender create Mesh node 62
18:10:10 | INFO: Blender create Mesh node 63
18:10:10 | INFO: Blender create Mesh node 64
18:10:10 | INFO: Blender create Mesh node 65
18:10:10 | INFO: Blender create Mesh node 66
18:10:10 | INFO: Blender create Mesh node 67
18:10:10 | INFO: Blender create Mesh node 68
18:10:10 | INFO: Blender create Mesh node 69
18:10:10 | INFO: Blender create Mesh node 70
18:10:10 | INFO: Blender create Mesh node 71
18:10:10 | INFO: Blender create Mesh node 72
18:10:10 | INFO: Blender create Mesh node 73
18:10:10 | INFO: Blender create Mesh node 74
18:10:10 | INFO: Blender create Mesh node 75
18:10:10 | INFO: Blender create Mesh node 76
18:10:10 | INFO: Blender create Mesh node 77
18:10:10 | INFO: Blender create Mesh node 78
18:10:10 | INFO: Blender create Mesh node 79
18:10:10 | INFO: Blender create Mesh node 80
18:10:10 | INFO: Blender create Mesh node 81
18:10:10 | INFO: Blender create Mesh node 82
18:10:10 | INFO: Blender create Mesh node 83
18:10:10 | INFO: Blender create Mesh node 84
18:10:10 | INFO: Blender create Mesh node 85
18:10:10 | INFO: Blender create Mesh node 86
18:10:10 | INFO: Blender create Mesh node 87
18:10:10 | INFO: Blender create Mesh node 88
18:10:10 | INFO: Blender create Mesh node 89
18:10:10 | INFO: Blender create Mesh node 90
18:10:10 | INFO: Blender create Mesh node 91
18:10:10 | INFO: Blender create Mesh node 92
18:10:10 | INFO: Blender create Mesh node 93
18:10:10 | INFO: Blender create Mesh node 94
18:10:10 | INFO: Blender create Mesh node 95
18:10:10 | INFO: Blender create Mesh node 96
18:10:10 | INFO: Blender create Mesh node 97
18:10:10 | INFO: glTF import finished in 0.07s
18:10:10 | INFO: Data are loaded, start creating Blender stuff
18:10:10 | INFO: Blender create Mesh node Tailored torso
18:10:10 | INFO: Blender create Mesh node Tailored torso.001
18:10:10 | INFO: glTF import finished in 0.17s
Fra:15 Mem:29.31M (Peak 29.31M) | Time:00:00.00 | Mem:0.00M, Peak:0.00M | Scene, ViewLayer | Synchronizing object | cabin-floor/021
Fra:15 Mem:29.32M (Peak 29.32M) | Time:00:00.00 | Mem:0.00M, Peak:0.00M | Scene, ViewLayer | Synchronizing object | Tailored torso.001
Fra:15 Mem:29.33M (Peak 29.33M) | Time:00:00.00 | Mem:0.00M, Peak:0.00M | Scene, ViewLayer | Synchronizing object | center-console/050
Fra:15 Mem:29.51M (Peak 29.51M) | Time:00:00.00 | Mem:0.00M, Peak:0.00M | Scene, ViewLayer | Synchronizing object | dashboard-preserved-passenger-and-center
Fra:15 Mem:29.51M (Peak 29.51M) | Time:00:00.00 | Mem:0.00M, Peak:0.00M | Scene, ViewLayer | Synchronizing object | dashboard-driver-clearance-header
Fra:15 Mem:29.54M (Peak 29.54M) | Time:00:00.00 | Mem:0.00M, Peak:0.00M | Scene, ViewLayer | Synchronizing object | dashboard-preserved-outboard
Fra:15 Mem:29.54M (Peak 29.54M) | Time:00:00.00 | Mem:0.00M, Peak:0.00M | Scene, ViewLayer | Synchronizing object | driver-floor-extension
Fra:15 Mem:29.54M (Peak 29.54M) | Time:00:00.00 | Mem:0.00M, Peak:0.00M | Scene, ViewLayer | Synchronizing object | steering-rim
Fra:15 Mem:29.58M (Peak 29.58M) | Time:00:00.00 | Mem:0.00M, Peak:0.00M | Scene, ViewLayer | Synchronizing object | steering-spoke-horizontal
Fra:15 Mem:29.66M (Peak 29.66M) | Time:00:00.00 | Mem:0.00M, Peak:0.00M | Scene, ViewLayer | Synchronizing object | steering-spoke-lower
Fra:15 Mem:29.67M (Peak 29.67M) | Time:00:00.00 | Mem:0.00M, Peak:0.00M | Scene, ViewLayer | Synchronizing object | driver-seat-cushion-039
Fra:15 Mem:29.87M (Peak 29.87M) | Time:00:00.00 | Mem:0.00M, Peak:0.00M | Scene, ViewLayer | Synchronizing object | driver-seat-back-040
Fra:15 Mem:29.92M (Peak 29.92M) | Time:00:00.00 | Mem:0.00M, Peak:0.00M | Scene, ViewLayer | Synchronizing object | driver-seat-headrest-041
Fra:15 Mem:29.97M (Peak 29.97M) | Time:00:00.00 | Mem:0.00M, Peak:0.00M | Scene, ViewLayer | Synchronizing object | driver-seat-bolster-042
Fra:15 Mem:29.97M (Peak 29.97M) | Time:00:00.00 | Mem:0.00M, Peak:0.00M | Scene, ViewLayer | Synchronizing object | driver-seat-bolster-043
Fra:15 Mem:29.97M (Peak 29.97M) | Time:00:00.00 | Mem:0.00M, Peak:0.00M | Scene, ViewLayer | Synchronizing object | driver-seat-seam-044
Fra:15 Mem:29.97M (Peak 29.97M) | Time:00:00.00 | Mem:0.00M, Peak:0.00M | Scene, ViewLayer | Synchronizing object | driver-seat-seam-045
Fra:15 Mem:29.97M (Peak 29.97M) | Time:00:00.00 | Mem:0.00M, Peak:0.00M | Scene, ViewLayer | Synchronizing object | driver-seat-seam-046
Fra:15 Mem:29.98M (Peak 29.98M) | Time:00:00.00 | Mem:0.00M, Peak:0.00M | Scene, ViewLayer | Synchronizing object | driver-roadster-fit-body
Fra:15 Mem:37.25M (Peak 38.02M) | Time:00:00.03 | Mem:0.00M, Peak:0.00M | Scene, ViewLayer | Initializing
Fra:15 Mem:33.81M (Peak 38.02M) | Time:00:00.03 | Mem:0.00M, Peak:0.00M | Scene, ViewLayer | Updating Images | Loading Citizen_Normal-1024
Fra:15 Mem:33.81M (Peak 38.02M) | Time:00:00.03 | Mem:0.00M, Peak:0.00M | Scene, ViewLayer | Updating Images | Loading Citizen_BaseColor-1024
Fra:15 Mem:41.83M (Peak 49.82M) | Time:00:00.05 | Mem:4.00M, Peak:4.00M | Scene, ViewLayer | Updating Images | Loading Citizen_Roughness-1024
Fra:15 Mem:44.57M (Peak 53.84M) | Time:00:00.06 | Mem:12.00M, Peak:12.00M | Scene, ViewLayer | Waiting for render to start
Fra:15 Mem:44.57M (Peak 53.84M) | Time:00:00.06 | Mem:12.00M, Peak:12.00M | Scene, ViewLayer | Loading render kernels (may take a few minutes the first time)
Fra:15 Mem:44.57M (Peak 53.84M) | Time:00:00.06 | Mem:12.00M, Peak:12.00M | Scene, ViewLayer | Updating Scene
Fra:15 Mem:44.57M (Peak 53.84M) | Time:00:00.06 | Mem:12.00M, Peak:12.00M | Scene, ViewLayer | Updating Shaders
Fra:15 Mem:44.65M (Peak 53.84M) | Time:00:00.06 | Mem:12.00M, Peak:12.00M | Scene, ViewLayer | Updating Procedurals
Fra:15 Mem:44.65M (Peak 53.84M) | Time:00:00.06 | Mem:12.00M, Peak:12.00M | Scene, ViewLayer | Updating Background
Fra:15 Mem:44.65M (Peak 53.84M) | Time:00:00.06 | Mem:12.00M, Peak:12.00M | Scene, ViewLayer | Updating Camera
Fra:15 Mem:44.65M (Peak 53.84M) | Time:00:00.06 | Mem:12.00M, Peak:12.00M | Scene, ViewLayer | Updating Meshes Flags
Fra:15 Mem:44.65M (Peak 53.84M) | Time:00:00.06 | Mem:12.00M, Peak:12.00M | Scene, ViewLayer | Updating Objects
Fra:15 Mem:44.65M (Peak 53.84M) | Time:00:00.06 | Mem:12.00M, Peak:12.00M | Scene, ViewLayer | Updating Objects | Copying Transformations to device
Fra:15 Mem:44.66M (Peak 53.84M) | Time:00:00.06 | Mem:12.01M, Peak:12.01M | Scene, ViewLayer | Updating Objects | Applying Static Transformations
Fra:15 Mem:44.66M (Peak 53.84M) | Time:00:00.06 | Mem:12.01M, Peak:12.01M | Scene, ViewLayer | Updating Particle Systems
Fra:15 Mem:44.66M (Peak 53.84M) | Time:00:00.06 | Mem:12.01M, Peak:12.01M | Scene, ViewLayer | Updating Particle Systems | Copying Particles to device
Fra:15 Mem:44.66M (Peak 53.84M) | Time:00:00.06 | Mem:12.01M, Peak:12.01M | Scene, ViewLayer | Updating Meshes
Fra:15 Mem:45.24M (Peak 53.84M) | Time:00:00.06 | Mem:12.01M, Peak:12.01M | Scene, ViewLayer | Updating Mesh | Computing attributes
Fra:15 Mem:48.08M (Peak 53.84M) | Time:00:00.06 | Mem:12.01M, Peak:12.01M | Scene, ViewLayer | Updating Mesh | Copying Attributes to device
Fra:15 Mem:48.08M (Peak 53.84M) | Time:00:00.06 | Mem:14.85M, Peak:14.85M | Scene, ViewLayer | Updating Scene BVH | Building
Fra:15 Mem:48.08M (Peak 53.84M) | Time:00:00.06 | Mem:14.85M, Peak:14.85M | Scene, ViewLayer | Updating Scene BVH | Building BVH
Fra:15 Mem:48.08M (Peak 53.84M) | Time:00:00.06 | Mem:16.01M, Peak:16.01M | Scene, ViewLayer | Updating Scene BVH | Building BVH 0%
Fra:15 Mem:48.08M (Peak 53.84M) | Time:00:00.07 | Mem:17.27M, Peak:18.42M | Scene, ViewLayer | Updating Scene BVH | Copying BVH to device
Fra:15 Mem:48.08M (Peak 53.84M) | Time:00:00.07 | Mem:17.27M, Peak:18.42M | Scene, ViewLayer | Updating Mesh | Computing normals
Fra:15 Mem:49.72M (Peak 53.84M) | Time:00:00.07 | Mem:17.27M, Peak:18.42M | Scene, ViewLayer | Updating Mesh | Copying Mesh to device
Fra:15 Mem:49.72M (Peak 53.84M) | Time:00:00.07 | Mem:18.90M, Peak:18.90M | Scene, ViewLayer | Updating Objects Flags
Fra:15 Mem:49.72M (Peak 53.84M) | Time:00:00.07 | Mem:18.90M, Peak:18.90M | Scene, ViewLayer | Updating Primitive Offsets
Fra:15 Mem:49.72M (Peak 53.84M) | Time:00:00.07 | Mem:18.90M, Peak:18.90M | Scene, ViewLayer | Updating Images
Fra:15 Mem:49.72M (Peak 53.84M) | Time:00:00.07 | Mem:18.90M, Peak:18.90M | Scene, ViewLayer | Updating Camera Volume
Fra:15 Mem:49.72M (Peak 53.84M) | Time:00:00.07 | Mem:18.90M, Peak:18.90M | Scene, ViewLayer | Updating Lookup Tables
Fra:15 Mem:49.72M (Peak 53.84M) | Time:00:00.07 | Mem:18.98M, Peak:18.98M | Scene, ViewLayer | Updating Lights
Fra:15 Mem:49.72M (Peak 53.84M) | Time:00:00.07 | Mem:18.98M, Peak:18.98M | Scene, ViewLayer | Updating Lights | Computing tree
Fra:15 Mem:49.72M (Peak 53.84M) | Time:00:00.07 | Mem:18.99M, Peak:18.99M | Scene, ViewLayer | Updating Integrator
Fra:15 Mem:49.72M (Peak 53.84M) | Time:00:00.07 | Mem:18.99M, Peak:18.99M | Scene, ViewLayer | Updating Film
Fra:15 Mem:49.72M (Peak 53.84M) | Time:00:00.07 | Mem:18.90M, Peak:18.99M | Scene, ViewLayer | Updating Lookup Tables
Fra:15 Mem:49.72M (Peak 53.84M) | Time:00:00.07 | Mem:18.99M, Peak:18.99M | Scene, ViewLayer | Updating Baking
Fra:15 Mem:49.72M (Peak 53.84M) | Time:00:00.07 | Mem:18.99M, Peak:18.99M | Scene, ViewLayer | Updating Device | Writing constant memory
Fra:15 Mem:49.72M (Peak 53.84M) | Time:00:00.07 | Mem:18.99M, Peak:18.99M | Scene, ViewLayer | Sample 0/24
Fra:15 Mem:65.11M (Peak 65.11M) | Time:00:00.65 | Remaining:00:13.31 | Mem:34.38M, Peak:34.38M | Scene, ViewLayer | Sample 1/24
Fra:15 Mem:71.95M (Peak 85.62M) | Time:00:11.76 | Mem:34.38M, Peak:34.38M | Scene, ViewLayer | Sample 24/24
Fra:15 Mem:71.95M (Peak 85.62M) | Time:00:11.76 | Mem:34.38M, Peak:34.38M | Scene, ViewLayer | Finished
Saved: '/workspace/scratch/7c20b5ba4165/atlas-backlog-oct3/tools/assets/roadster-driver-fit/qa/previews/driver-hands.png'
Time: 00:11.81 (Saving: 00:00.05)

Extensions: writing cache failed ([Errno 30] Read-only file system: '/home/agent/.config/blender').
18:10:22 | INFO: Data are loaded, start creating Blender stuff
18:10:22 | INFO: Blender create Mesh node 0
18:10:22 | INFO: Blender create Mesh node 1
18:10:22 | INFO: Blender create Mesh node 2
18:10:22 | INFO: Blender create Mesh node 3
18:10:22 | INFO: Blender create Mesh node 4
18:10:22 | INFO: Blender create Mesh node 5
18:10:22 | INFO: Blender create Mesh node 6
18:10:22 | INFO: Blender create Mesh node 7
18:10:22 | INFO: Blender create Mesh node 8
18:10:22 | INFO: Blender create Mesh node 9
18:10:22 | INFO: Blender create Mesh node 10
18:10:22 | INFO: Blender create Mesh node 11
18:10:22 | INFO: Blender create Mesh node 12
18:10:22 | INFO: Blender create Mesh node 13
18:10:22 | INFO: Blender create Mesh node 14
18:10:22 | INFO: Blender create Mesh node 15
18:10:22 | INFO: Blender create Mesh node 16
18:10:22 | INFO: Blender create Mesh node 17
18:10:22 | INFO: Blender create Mesh node 18
18:10:22 | INFO: Blender create Mesh node 19
18:10:22 | INFO: Blender create Mesh node 20
18:10:22 | INFO: Blender create Mesh node 21
18:10:22 | INFO: Blender create Mesh node 22
18:10:22 | INFO: Blender create Mesh node 23
18:10:22 | INFO: Blender create Mesh node 24
18:10:22 | INFO: Blender create Mesh node 25
18:10:22 | INFO: Blender create Mesh node 26
18:10:22 | INFO: Blender create Mesh node 27
18:10:22 | INFO: Blender create Mesh node 28
18:10:22 | INFO: Blender create Mesh node 29
18:10:22 | INFO: Blender create Mesh node 30
18:10:22 | INFO: Blender create Mesh node 31
18:10:22 | INFO: Blender create Mesh node 32
18:10:22 | INFO: Blender create Mesh node 33
18:10:22 | INFO: Blender create Mesh node 34
18:10:22 | INFO: Blender create Mesh node 35
18:10:22 | INFO: Blender create Mesh node 36
18:10:22 | INFO: Blender create Mesh node 37
18:10:22 | INFO: Blender create Mesh node 38
18:10:22 | INFO: Blender create Mesh node 39
18:10:22 | INFO: Blender create Mesh node 40
18:10:22 | INFO: Blender create Mesh node 41
18:10:22 | INFO: Blender create Mesh node 42
18:10:22 | INFO: Blender create Mesh node 43
18:10:22 | INFO: Blender create Mesh node 44
18:10:22 | INFO: Blender create Mesh node 45
18:10:22 | INFO: Blender create Mesh node 46
18:10:22 | INFO: Blender create Mesh node 47
18:10:22 | INFO: Blender create Mesh node 48
18:10:22 | INFO: Blender create Mesh node 49
18:10:22 | INFO: Blender create Mesh node 50
18:10:22 | INFO: Blender create Mesh node 51
18:10:22 | INFO: Blender create Mesh node 52
18:10:22 | INFO: Blender create Mesh node 53
18:10:22 | INFO: Blender create Mesh node 54
18:10:22 | INFO: Blender create Mesh node 55
18:10:22 | INFO: Blender create Mesh node 56
18:10:22 | INFO: Blender create Mesh node 57
18:10:22 | INFO: Blender create Mesh node 58
18:10:22 | INFO: Blender create Mesh node 59
18:10:22 | INFO: Blender create Mesh node 60
18:10:22 | INFO: Blender create Mesh node 61
18:10:22 | INFO: Blender create Mesh node 62
18:10:22 | INFO: Blender create Mesh node 63
18:10:22 | INFO: Blender create Mesh node 64
18:10:22 | INFO: Blender create Mesh node 65
18:10:22 | INFO: Blender create Mesh node 66
18:10:22 | INFO: Blender create Mesh node 67
18:10:22 | INFO: Blender create Mesh node 68
18:10:22 | INFO: Blender create Mesh node 69
18:10:22 | INFO: Blender create Mesh node 70
18:10:22 | INFO: Blender create Mesh node 71
18:10:22 | INFO: Blender create Mesh node 72
18:10:22 | INFO: Blender create Mesh node 73
18:10:22 | INFO: Blender create Mesh node 74
18:10:22 | INFO: Blender create Mesh node 75
18:10:22 | INFO: Blender create Mesh node 76
18:10:22 | INFO: Blender create Mesh node 77
18:10:22 | INFO: Blender create Mesh node 78
18:10:22 | INFO: Blender create Mesh node 79
18:10:22 | INFO: Blender create Mesh node 80
18:10:22 | INFO: Blender create Mesh node 81
18:10:22 | INFO: Blender create Mesh node 82
18:10:22 | INFO: Blender create Mesh node 83
18:10:22 | INFO: Blender create Mesh node 84
18:10:22 | INFO: Blender create Mesh node 85
18:10:22 | INFO: Blender create Mesh node 86
18:10:22 | INFO: Blender create Mesh node 87
18:10:22 | INFO: Blender create Mesh node 88
18:10:22 | INFO: Blender create Mesh node 89
18:10:22 | INFO: Blender create Mesh node 90
18:10:22 | INFO: Blender create Mesh node 91
18:10:22 | INFO: Blender create Mesh node 92
18:10:22 | INFO: Blender create Mesh node 93
18:10:22 | INFO: Blender create Mesh node 94
18:10:22 | INFO: Blender create Mesh node 95
18:10:22 | INFO: Blender create Mesh node 96
18:10:22 | INFO: Blender create Mesh node 97
18:10:22 | INFO: glTF import finished in 0.06s
18:10:22 | INFO: Data are loaded, start creating Blender stuff
18:10:22 | INFO: Blender create Mesh node Tailored torso
18:10:22 | INFO: Blender create Mesh node Tailored torso.001
18:10:22 | INFO: glTF import finished in 0.17s
Fra:15 Mem:29.31M (Peak 29.31M) | Time:00:00.00 | Mem:0.00M, Peak:0.00M | Scene, ViewLayer | Synchronizing object | cabin-floor/021
Fra:15 Mem:29.32M (Peak 29.32M) | Time:00:00.00 | Mem:0.00M, Peak:0.00M | Scene, ViewLayer | Synchronizing object | Tailored torso.001
Fra:15 Mem:29.47M (Peak 29.47M) | Time:00:00.00 | Mem:0.00M, Peak:0.00M | Scene, ViewLayer | Synchronizing object | center-console/050
Fra:15 Mem:29.54M (Peak 29.54M) | Time:00:00.00 | Mem:0.00M, Peak:0.00M | Scene, ViewLayer | Synchronizing object | dashboard-preserved-passenger-and-center
Fra:15 Mem:29.54M (Peak 29.54M) | Time:00:00.00 | Mem:0.00M, Peak:0.00M | Scene, ViewLayer | Synchronizing object | dashboard-driver-clearance-header
Fra:15 Mem:29.54M (Peak 29.54M) | Time:00:00.00 | Mem:0.00M, Peak:0.00M | Scene, ViewLayer | Synchronizing object | dashboard-preserved-outboard
Fra:15 Mem:29.54M (Peak 29.54M) | Time:00:00.00 | Mem:0.00M, Peak:0.00M | Scene, ViewLayer | Synchronizing object | driver-floor-extension
Fra:15 Mem:29.54M (Peak 29.54M) | Time:00:00.00 | Mem:0.00M, Peak:0.00M | Scene, ViewLayer | Synchronizing object | steering-rim
Fra:15 Mem:29.66M (Peak 29.66M) | Time:00:00.00 | Mem:0.00M, Peak:0.00M | Scene, ViewLayer | Synchronizing object | steering-spoke-horizontal
Fra:15 Mem:29.67M (Peak 29.67M) | Time:00:00.00 | Mem:0.00M, Peak:0.00M | Scene, ViewLayer | Synchronizing object | steering-spoke-lower
Fra:15 Mem:29.82M (Peak 29.82M) | Time:00:00.00 | Mem:0.00M, Peak:0.00M | Scene, ViewLayer | Synchronizing object | driver-seat-cushion-039
Fra:15 Mem:29.87M (Peak 29.87M) | Time:00:00.00 | Mem:0.00M, Peak:0.00M | Scene, ViewLayer | Synchronizing object | driver-seat-back-040
Fra:15 Mem:29.92M (Peak 29.92M) | Time:00:00.00 | Mem:0.00M, Peak:0.00M | Scene, ViewLayer | Synchronizing object | driver-seat-headrest-041
Fra:15 Mem:29.97M (Peak 29.97M) | Time:00:00.00 | Mem:0.00M, Peak:0.00M | Scene, ViewLayer | Synchronizing object | driver-seat-bolster-042
Fra:15 Mem:29.97M (Peak 29.97M) | Time:00:00.00 | Mem:0.00M, Peak:0.00M | Scene, ViewLayer | Synchronizing object | driver-seat-bolster-043
Fra:15 Mem:29.90M (Peak 29.97M) | Time:00:00.00 | Mem:0.00M, Peak:0.00M | Scene, ViewLayer | Synchronizing object | driver-seat-seam-044
Fra:15 Mem:29.95M (Peak 29.97M) | Time:00:00.00 | Mem:0.00M, Peak:0.00M | Scene, ViewLayer | Synchronizing object | driver-seat-seam-045
Fra:15 Mem:30.02M (Peak 30.02M) | Time:00:00.00 | Mem:0.00M, Peak:0.00M | Scene, ViewLayer | Synchronizing object | driver-seat-seam-046
Fra:15 Mem:30.17M (Peak 30.17M) | Time:00:00.00 | Mem:0.00M, Peak:0.00M | Scene, ViewLayer | Synchronizing object | driver-roadster-fit-body
Fra:15 Mem:37.25M (Peak 38.02M) | Time:00:00.03 | Mem:0.00M, Peak:0.00M | Scene, ViewLayer | Initializing
Fra:15 Mem:33.81M (Peak 38.02M) | Time:00:00.03 | Mem:0.00M, Peak:0.00M | Scene, ViewLayer | Updating Images | Loading Citizen_Normal-1024
Fra:15 Mem:33.81M (Peak 38.02M) | Time:00:00.03 | Mem:0.00M, Peak:0.00M | Scene, ViewLayer | Updating Images | Loading Citizen_BaseColor-1024
Fra:15 Mem:41.83M (Peak 49.82M) | Time:00:00.05 | Mem:4.00M, Peak:4.00M | Scene, ViewLayer | Updating Images | Loading Citizen_Roughness-1024
Fra:15 Mem:44.57M (Peak 53.84M) | Time:00:00.07 | Mem:12.00M, Peak:12.00M | Scene, ViewLayer | Waiting for render to start
Fra:15 Mem:44.57M (Peak 53.84M) | Time:00:00.07 | Mem:12.00M, Peak:12.00M | Scene, ViewLayer | Loading render kernels (may take a few minutes the first time)
Fra:15 Mem:44.57M (Peak 53.84M) | Time:00:00.07 | Mem:12.00M, Peak:12.00M | Scene, ViewLayer | Updating Scene
Fra:15 Mem:44.57M (Peak 53.84M) | Time:00:00.07 | Mem:12.00M, Peak:12.00M | Scene, ViewLayer | Updating Shaders
Fra:15 Mem:44.65M (Peak 53.84M) | Time:00:00.07 | Mem:12.00M, Peak:12.00M | Scene, ViewLayer | Updating Procedurals
Fra:15 Mem:44.65M (Peak 53.84M) | Time:00:00.07 | Mem:12.00M, Peak:12.00M | Scene, ViewLayer | Updating Background
Fra:15 Mem:44.65M (Peak 53.84M) | Time:00:00.07 | Mem:12.00M, Peak:12.00M | Scene, ViewLayer | Updating Camera
Fra:15 Mem:44.65M (Peak 53.84M) | Time:00:00.07 | Mem:12.00M, Peak:12.00M | Scene, ViewLayer | Updating Meshes Flags
Fra:15 Mem:44.65M (Peak 53.84M) | Time:00:00.07 | Mem:12.00M, Peak:12.00M | Scene, ViewLayer | Updating Objects
Fra:15 Mem:44.65M (Peak 53.84M) | Time:00:00.07 | Mem:12.00M, Peak:12.00M | Scene, ViewLayer | Updating Objects | Copying Transformations to device
Fra:15 Mem:44.66M (Peak 53.84M) | Time:00:00.07 | Mem:12.01M, Peak:12.01M | Scene, ViewLayer | Updating Objects | Applying Static Transformations
Fra:15 Mem:44.66M (Peak 53.84M) | Time:00:00.07 | Mem:12.01M, Peak:12.01M | Scene, ViewLayer | Updating Particle Systems
Fra:15 Mem:44.66M (Peak 53.84M) | Time:00:00.07 | Mem:12.01M, Peak:12.01M | Scene, ViewLayer | Updating Particle Systems | Copying Particles to device
Fra:15 Mem:44.66M (Peak 53.84M) | Time:00:00.07 | Mem:12.01M, Peak:12.01M | Scene, ViewLayer | Updating Meshes
Fra:15 Mem:45.24M (Peak 53.84M) | Time:00:00.07 | Mem:12.01M, Peak:12.01M | Scene, ViewLayer | Updating Mesh | Computing attributes
Fra:15 Mem:48.08M (Peak 53.84M) | Time:00:00.07 | Mem:12.01M, Peak:12.01M | Scene, ViewLayer | Updating Mesh | Copying Attributes to device
Fra:15 Mem:48.08M (Peak 53.84M) | Time:00:00.07 | Mem:14.85M, Peak:14.85M | Scene, ViewLayer | Updating Scene BVH | Building
Fra:15 Mem:48.08M (Peak 53.84M) | Time:00:00.07 | Mem:14.85M, Peak:14.85M | Scene, ViewLayer | Updating Scene BVH | Building BVH
Fra:15 Mem:48.08M (Peak 53.84M) | Time:00:00.07 | Mem:16.01M, Peak:16.01M | Scene, ViewLayer | Updating Scene BVH | Building BVH 0%
Fra:15 Mem:48.08M (Peak 53.84M) | Time:00:00.08 | Mem:17.27M, Peak:18.42M | Scene, ViewLayer | Updating Scene BVH | Copying BVH to device
Fra:15 Mem:48.08M (Peak 53.84M) | Time:00:00.08 | Mem:17.27M, Peak:18.42M | Scene, ViewLayer | Updating Mesh | Computing normals
Fra:15 Mem:49.72M (Peak 53.84M) | Time:00:00.08 | Mem:17.27M, Peak:18.42M | Scene, ViewLayer | Updating Mesh | Copying Mesh to device
Fra:15 Mem:49.72M (Peak 53.84M) | Time:00:00.08 | Mem:18.90M, Peak:18.90M | Scene, ViewLayer | Updating Objects Flags
Fra:15 Mem:49.72M (Peak 53.84M) | Time:00:00.08 | Mem:18.90M, Peak:18.90M | Scene, ViewLayer | Updating Primitive Offsets
Fra:15 Mem:49.72M (Peak 53.84M) | Time:00:00.08 | Mem:18.90M, Peak:18.90M | Scene, ViewLayer | Updating Images
Fra:15 Mem:49.72M (Peak 53.84M) | Time:00:00.08 | Mem:18.90M, Peak:18.90M | Scene, ViewLayer | Updating Camera Volume
Fra:15 Mem:49.72M (Peak 53.84M) | Time:00:00.08 | Mem:18.90M, Peak:18.90M | Scene, ViewLayer | Updating Lookup Tables
Fra:15 Mem:49.72M (Peak 53.84M) | Time:00:00.08 | Mem:18.98M, Peak:18.98M | Scene, ViewLayer | Updating Lights
Fra:15 Mem:49.72M (Peak 53.84M) | Time:00:00.08 | Mem:18.98M, Peak:18.98M | Scene, ViewLayer | Updating Lights | Computing tree
Fra:15 Mem:49.72M (Peak 53.84M) | Time:00:00.08 | Mem:18.99M, Peak:18.99M | Scene, ViewLayer | Updating Integrator
Fra:15 Mem:49.72M (Peak 53.84M) | Time:00:00.08 | Mem:18.99M, Peak:18.99M | Scene, ViewLayer | Updating Film
Fra:15 Mem:49.72M (Peak 53.84M) | Time:00:00.08 | Mem:18.90M, Peak:18.99M | Scene, ViewLayer | Updating Lookup Tables
Fra:15 Mem:49.72M (Peak 53.84M) | Time:00:00.08 | Mem:18.99M, Peak:18.99M | Scene, ViewLayer | Updating Baking
Fra:15 Mem:49.72M (Peak 53.84M) | Time:00:00.08 | Mem:18.99M, Peak:18.99M | Scene, ViewLayer | Updating Device | Writing constant memory
Fra:15 Mem:49.72M (Peak 53.84M) | Time:00:00.08 | Mem:18.99M, Peak:18.99M | Scene, ViewLayer | Sample 0/24
Fra:15 Mem:65.11M (Peak 65.11M) | Time:00:00.57 | Remaining:00:11.42 | Mem:34.38M, Peak:34.38M | Scene, ViewLayer | Sample 1/24
Fra:15 Mem:71.95M (Peak 85.62M) | Time:00:10.53 | Mem:34.38M, Peak:34.38M | Scene, ViewLayer | Sample 24/24
Fra:15 Mem:71.95M (Peak 85.62M) | Time:00:10.53 | Mem:34.38M, Peak:34.38M | Scene, ViewLayer | Finished
Saved: '/workspace/scratch/7c20b5ba4165/atlas-backlog-oct3/tools/assets/roadster-driver-fit/qa/previews/driver-footwell.png'
Time: 00:10.59 (Saving: 00:00.05)

RENDERED_COCKPIT_9_VIEWS

Blender quit
