0.16 6 [
  [ 'driver-seat-cushion/039', 0, 0.004131015598680961 ],
  [ 'driver-seat-back/040', 0, 0.12358593810698991 ],
  [ 'driver-seat-headrest/041', 0, 0.13980388992616039 ],
  [ 'driver-seat-bolster/042', 0, 0.07817592106789749 ],
  [ 'driver-seat-bolster/043', 0, 0.0779087656856119 ],
  [ 'driver-seat-seam/044', 0, 0.08900899840320893 ],
  [ 'driver-seat-seam/045', 6, 0 ],
  [ 'driver-seat-seam/046', 0, 0.04063091629709058 ]
]
0.18 14 [
  [ 'driver-seat-cushion/039', 0, 0.0032903757357424135 ],
  [ 'driver-seat-back/040', 0, 0.10423333147909913 ],
  [ 'driver-seat-headrest/041', 0, 0.12019507988032657 ],
  [ 'driver-seat-bolster/042', 0, 0.06392325650965823 ],
  [ 'driver-seat-bolster/043', 0, 0.06283938493923483 ],
  [ 'driver-seat-seam/044', 0, 0.07434459162096832 ],
  [ 'driver-seat-seam/045', 14, 0 ],
  [ 'driver-seat-seam/046', 0, 0.046860181494577914 ]
]
0.2 0 [
  [ 'driver-seat-cushion/039', 0, 0.002449735872803867 ],
  [ 'driver-seat-back/040', 0, 0.0842405274774207 ],
  [ 'driver-seat-headrest/041', 0, 0.1006122282290346 ],
  [ 'driver-seat-bolster/042', 0, 0.0490089576352361 ],
  [ 'driver-seat-bolster/043', 0, 0.04815692815248575 ],
  [ 'driver-seat-seam/044', 0, 0.061241294317176564 ],
  [ 'driver-seat-seam/045', 0, 0.002165519733118673 ],
  [ 'driver-seat-seam/046', 0, 0.053090667848817 ]
]
0.22 0 [
  [ 'driver-seat-cushion/039', 0, 0.0030630428441584577 ],
  [ 'driver-seat-back/040', 0, 0.06425220267132009 ],
  [ 'driver-seat-headrest/041', 0, 0.08102937657774273 ],
  [ 'driver-seat-bolster/042', 0, 0.03451531454735109 ],
  [ 'driver-seat-bolster/043', 0, 0.034092388585668786 ],
  [ 'driver-seat-seam/044', 0, 0.05048498822399966 ],
  [ 'driver-seat-seam/045', 0, 0.015434936292036558 ],
  [ 'driver-seat-seam/046', 0, 0.059377961407848616 ]
]
0.24 0 [
  [ 'driver-seat-cushion/039', 0, 0.0039036827071757133 ],
  [ 'driver-seat-back/040', 0, 0.04427442406806335 ],
  [ 'driver-seat-headrest/041', 0, 0.06144652492645077 ],
  [ 'driver-seat-bolster/042', 0, 0.02118504589682801 ],
  [ 'driver-seat-bolster/043', 0, 0.02081424619943981 ],
  [ 'driver-seat-seam/044', 0, 0.03924260583501075 ],
  [ 'driver-seat-seam/045', 0, 0.01974274622678589 ],
  [ 'driver-seat-seam/046', 0, 0.06566525496688023 ]
]
0.25 0 [
  [ 'driver-seat-cushion/039', 0, 0.004324002638684341 ],
  [ 'driver-seat-back/040', 0, 0.03429524990111408 ],
  [ 'driver-seat-headrest/041', 0, 0.05165509910080478 ],
  [ 'driver-seat-bolster/042', 0, 0.014690405711310429 ],
  [ 'driver-seat-bolster/043', 0, 0.014387501078272415 ],
  [ 'driver-seat-seam/044', 0, 0.03402171241086081 ],
  [ 'driver-seat-seam/045', 0, 0.021930924516137207 ],
  [ 'driver-seat-seam/046', 0, 0.06880890174639605 ]
]
0.26 0 [
  [ 'driver-seat-cushion/039', 0, 0.004744322570193081 ],
  [ 'driver-seat-back/040', 0, 0.024332875230465786 ],
  [ 'driver-seat-headrest/041', 0, 0.04186367327515881 ],
  [ 'driver-seat-bolster/042', 0, 0.008249742429186652 ],
  [ 'driver-seat-bolster/043', 0, 0.008013557734340863 ],
  [ 'driver-seat-seam/044', 0, 0.026543666117419068 ],
  [ 'driver-seat-seam/045', 0, 0.023833417600143784 ],
  [ 'driver-seat-seam/046', 0, 0.07195763308771003 ]
]
0.27 0 [
  [ 'driver-seat-cushion/039', 0, 0.0051646425017015975 ],
  [ 'driver-seat-back/040', 0, 0.01438206945419156 ],
  [ 'driver-seat-headrest/041', 0, 0.032072247449512856 ],
  [ 'driver-seat-bolster/042', 0, 0.002247213557745735 ],
  [ 'driver-seat-bolster/043', 0, 0.00162861369210296 ],
  [ 'driver-seat-seam/044', 0, 0.019065619823977403 ],
  [ 'driver-seat-seam/045', 0, 0.025917077303013875 ],
  [ 'driver-seat-seam/046', 0, 0.07510745697911851 ]
]
0.28 16 [
  [ 'driver-seat-cushion/039', 0, 0.005584962433210336 ],
  [ 'driver-seat-back/040', 0, 0.0044315118153718065 ],
  [ 'driver-seat-headrest/041', 0, 0.022280821623866905 ],
  [ 'driver-seat-bolster/042', 6, 0 ],
  [ 'driver-seat-bolster/043', 10, 0 ],
  [ 'driver-seat-seam/044', 0, 0.011587573530535652 ],
  [ 'driver-seat-seam/045', 0, 0.028125042861014745 ],
  [ 'driver-seat-seam/046', 0, 0.0782572808705271 ]
]
0.3 162 [
  [ 'driver-seat-cushion/039', 0, 0.006425602296227703 ],
  [ 'driver-seat-back/040', 109, 0 ],
  [ 'driver-seat-headrest/041', 0, 0.0026979699725749513 ],
  [ 'driver-seat-bolster/042', 21, 0 ],
  [ 'driver-seat-bolster/043', 32, 0 ],
  [ 'driver-seat-seam/044', 0, 0.0037226485580689164 ],
  [ 'driver-seat-seam/045', 0, 0.03276510798244496 ],
  [ 'driver-seat-seam/046', 0, 0.08455692865334416 ]
]
