Warning: No mesh data to join
ERROR Draco mesh compression is not available because library could not be found at /usr/bin/4.3/python/lib/python3.13/site-packages/libextern_draco.so
15:02:51 | INFO: Starting glTF 2.0 export
15:02:51 | INFO: Extracting primitive: column-shaft.001
15:02:51 | INFO: Primitives created: 1
15:02:51 | INFO: Finished glTF 2.0 export in 0.00606536865234375 s

Extensions: writing cache failed ([Errno 30] Read-only file system: '/home/agent/.config/blender').
15:02:52 | INFO: Data are loaded, start creating Blender stuff
15:02:52 | INFO: Blender create Mesh node column-shaft.001
15:02:52 | INFO: glTF import finished in 0.00s
Warning: No mesh data to join
15:02:52 | INFO: Starting glTF 2.0 export
15:02:52 | INFO: Extracting primitive: column-shaft.001
15:02:52 | INFO: Primitives created: 1
15:02:52 | INFO: Finished glTF 2.0 export in 0.00399470329284668 s

Extensions: writing cache failed ([Errno 30] Read-only file system: '/home/agent/.config/blender').
15:02:52 | INFO: Data are loaded, start creating Blender stuff
15:02:52 | INFO: Blender create Mesh node column-shaft.001
15:02:52 | INFO: glTF import finished in 0.00s
Warning: No mesh data to join
15:02:52 | INFO: Starting glTF 2.0 export
15:02:52 | INFO: Extracting primitive: column-shaft.001
15:02:52 | INFO: Primitives created: 1
15:02:52 | INFO: Finished glTF 2.0 export in 0.0033791065216064453 s

Extensions: writing cache failed ([Errno 30] Read-only file system: '/home/agent/.config/blender').
15:02:52 | INFO: Data are loaded, start creating Blender stuff
15:02:52 | INFO: Blender create Mesh node column-shaft.001
15:02:52 | INFO: glTF import finished in 0.00s
15:02:52 | INFO: Starting glTF 2.0 export
15:02:52 | INFO: Extracting primitive: capital-necking.001
15:02:52 | INFO: Primitives created: 1
15:02:52 | INFO: Finished glTF 2.0 export in 0.005933046340942383 s

Extensions: writing cache failed ([Errno 30] Read-only file system: '/home/agent/.config/blender').
15:02:52 | INFO: Data are loaded, start creating Blender stuff
15:02:52 | INFO: Blender create Mesh node capital-necking.001
15:02:52 | INFO: glTF import finished in 0.00s
15:02:52 | INFO: Starting glTF 2.0 export
15:02:52 | INFO: Extracting primitive: capital-necking.001
15:02:52 | INFO: Primitives created: 1
15:02:52 | INFO: Finished glTF 2.0 export in 0.004250526428222656 s

Extensions: writing cache failed ([Errno 30] Read-only file system: '/home/agent/.config/blender').
15:02:52 | INFO: Data are loaded, start creating Blender stuff
15:02:52 | INFO: Blender create Mesh node capital-necking.001
15:02:52 | INFO: glTF import finished in 0.00s
Warning: No mesh data to join
15:02:52 | INFO: Starting glTF 2.0 export
15:02:52 | INFO: Extracting primitive: capital-abacus.001
15:02:52 | INFO: Primitives created: 1
15:02:52 | INFO: Finished glTF 2.0 export in 0.003866434097290039 s

Extensions: writing cache failed ([Errno 30] Read-only file system: '/home/agent/.config/blender').
15:02:52 | INFO: Data are loaded, start creating Blender stuff
15:02:52 | INFO: Blender create Mesh node capital-abacus.001
15:02:52 | INFO: glTF import finished in 0.00s
15:02:52 | INFO: Starting glTF 2.0 export
15:02:52 | INFO: Extracting primitive: pediment-main-moulding.001
15:02:52 | INFO: Primitives created: 1
15:02:52 | INFO: Finished glTF 2.0 export in 0.0046002864837646484 s

Extensions: writing cache failed ([Errno 30] Read-only file system: '/home/agent/.config/blender').
15:02:52 | INFO: Data are loaded, start creating Blender stuff
15:02:52 | INFO: Blender create Mesh node pediment-main-moulding.001
15:02:52 | INFO: glTF import finished in 0.00s
15:02:52 | INFO: Starting glTF 2.0 export
15:02:52 | INFO: Extracting primitive: pediment-main-moulding.001
15:02:52 | INFO: Primitives created: 1
15:02:52 | INFO: Finished glTF 2.0 export in 0.0040318965911865234 s

Extensions: writing cache failed ([Errno 30] Read-only file system: '/home/agent/.config/blender').
15:02:52 | INFO: Data are loaded, start creating Blender stuff
15:02:52 | INFO: Blender create Mesh node pediment-main-moulding.001
15:02:52 | INFO: glTF import finished in 0.00s
Warning: No mesh data to join
15:02:52 | INFO: Starting glTF 2.0 export
15:02:52 | INFO: Extracting primitive: pediment-main-moulding.001
15:02:52 | INFO: Primitives created: 1
15:02:52 | INFO: Finished glTF 2.0 export in 0.003438234329223633 s

Extensions: writing cache failed ([Errno 30] Read-only file system: '/home/agent/.config/blender').
15:02:52 | INFO: Data are loaded, start creating Blender stuff
15:02:52 | INFO: Blender create Mesh node pediment-main-moulding.001
15:02:52 | INFO: glTF import finished in 0.00s
15:02:52 | INFO: Starting glTF 2.0 export
15:02:52 | INFO: Extracting primitive: window-reveal.001
15:02:52 | INFO: Primitives created: 1
15:02:52 | INFO: Finished glTF 2.0 export in 0.0041544437408447266 s

Extensions: writing cache failed ([Errno 30] Read-only file system: '/home/agent/.config/blender').
15:02:52 | INFO: Data are loaded, start creating Blender stuff
15:02:52 | INFO: Blender create Mesh node window-reveal.001
15:02:52 | INFO: glTF import finished in 0.00s
15:02:52 | INFO: Starting glTF 2.0 export
15:02:52 | INFO: Extracting primitive: window-reveal.001
15:02:52 | INFO: Primitives created: 1
15:02:52 | INFO: Finished glTF 2.0 export in 0.004116058349609375 s

Extensions: writing cache failed ([Errno 30] Read-only file system: '/home/agent/.config/blender').
15:02:52 | INFO: Data are loaded, start creating Blender stuff
15:02:52 | INFO: Blender create Mesh node window-reveal.001
15:02:52 | INFO: glTF import finished in 0.00s
Warning: No mesh data to join
15:02:52 | INFO: Starting glTF 2.0 export
15:02:52 | INFO: Extracting primitive: window-reveal.001
15:02:52 | INFO: Primitives created: 1
15:02:52 | INFO: Finished glTF 2.0 export in 0.004327058792114258 s

Extensions: writing cache failed ([Errno 30] Read-only file system: '/home/agent/.config/blender').
15:02:52 | INFO: Data are loaded, start creating Blender stuff
15:02:52 | INFO: Blender create Mesh node window-reveal.001
15:02:52 | INFO: glTF import finished in 0.00s
15:02:52 | INFO: Starting glTF 2.0 export
15:02:52 | INFO: Extracting primitive: archivolt-0.001
15:02:52 | INFO: Primitives created: 1
15:02:52 | INFO: Finished glTF 2.0 export in 0.0069255828857421875 s

Extensions: writing cache failed ([Errno 30] Read-only file system: '/home/agent/.config/blender').
15:02:52 | INFO: Data are loaded, start creating Blender stuff
15:02:52 | INFO: Blender create Mesh node archivolt-0.001
15:02:52 | INFO: glTF import finished in 0.00s
15:02:52 | INFO: Starting glTF 2.0 export
15:02:52 | INFO: Extracting primitive: archivolt-0.001
15:02:52 | INFO: Primitives created: 1
15:02:52 | INFO: Finished glTF 2.0 export in 0.0052525997161865234 s

Extensions: writing cache failed ([Errno 30] Read-only file system: '/home/agent/.config/blender').
15:02:52 | INFO: Data are loaded, start creating Blender stuff
15:02:52 | INFO: Blender create Mesh node archivolt-0.001
15:02:52 | INFO: glTF import finished in 0.00s
Blender 4.3.2
Read blend: "/workspace/scratch/7c20b5ba4165/atlas-backlog-oct3/tools/assets/landmark-entrance-details/source/waterfront-column.lod0.blend"
Read blend: "/workspace/scratch/7c20b5ba4165/atlas-backlog-oct3/tools/assets/landmark-entrance-details/source/waterfront-column.lod0.blend"
Read blend: "/workspace/scratch/7c20b5ba4165/atlas-backlog-oct3/tools/assets/landmark-entrance-details/source/waterfront-column.lod1.blend"
Read blend: "/workspace/scratch/7c20b5ba4165/atlas-backlog-oct3/tools/assets/landmark-entrance-details/source/waterfront-column.lod1.blend"
Read blend: "/workspace/scratch/7c20b5ba4165/atlas-backlog-oct3/tools/assets/landmark-entrance-details/source/waterfront-column.lod2.blend"
Read blend: "/workspace/scratch/7c20b5ba4165/atlas-backlog-oct3/tools/assets/landmark-entrance-details/source/waterfront-column.lod2.blend"
Read blend: "/workspace/scratch/7c20b5ba4165/atlas-backlog-oct3/tools/assets/landmark-entrance-details/source/waterfront-capital.lod0.blend"
Read blend: "/workspace/scratch/7c20b5ba4165/atlas-backlog-oct3/tools/assets/landmark-entrance-details/source/waterfront-capital.lod0.blend"
Read blend: "/workspace/scratch/7c20b5ba4165/atlas-backlog-oct3/tools/assets/landmark-entrance-details/source/waterfront-capital.lod1.blend"
Read blend: "/workspace/scratch/7c20b5ba4165/atlas-backlog-oct3/tools/assets/landmark-entrance-details/source/waterfront-capital.lod1.blend"
Read blend: "/workspace/scratch/7c20b5ba4165/atlas-backlog-oct3/tools/assets/landmark-entrance-details/source/waterfront-capital.lod2.blend"
Read blend: "/workspace/scratch/7c20b5ba4165/atlas-backlog-oct3/tools/assets/landmark-entrance-details/source/waterfront-capital.lod2.blend"
Read blend: "/workspace/scratch/7c20b5ba4165/atlas-backlog-oct3/tools/assets/landmark-entrance-details/source/waterfront-pediment-moulding.lod0.blend"
Read blend: "/workspace/scratch/7c20b5ba4165/atlas-backlog-oct3/tools/assets/landmark-entrance-details/source/waterfront-pediment-moulding.lod0.blend"
Read blend: "/workspace/scratch/7c20b5ba4165/atlas-backlog-oct3/tools/assets/landmark-entrance-details/source/waterfront-pediment-moulding.lod1.blend"
Read blend: "/workspace/scratch/7c20b5ba4165/atlas-backlog-oct3/tools/assets/landmark-entrance-details/source/waterfront-pediment-moulding.lod1.blend"
Read blend: "/workspace/scratch/7c20b5ba4165/atlas-backlog-oct3/tools/assets/landmark-entrance-details/source/waterfront-pediment-moulding.lod2.blend"
Read blend: "/workspace/scratch/7c20b5ba4165/atlas-backlog-oct3/tools/assets/landmark-entrance-details/source/waterfront-pediment-moulding.lod2.blend"
Read blend: "/workspace/scratch/7c20b5ba4165/atlas-backlog-oct3/tools/assets/landmark-entrance-details/source/waterfront-window-recess.lod0.blend"
Read blend: "/workspace/scratch/7c20b5ba4165/atlas-backlog-oct3/tools/assets/landmark-entrance-details/source/waterfront-window-recess.lod0.blend"
Read blend: "/workspace/scratch/7c20b5ba4165/atlas-backlog-oct3/tools/assets/landmark-entrance-details/source/waterfront-window-recess.lod1.blend"
Read blend: "/workspace/scratch/7c20b5ba4165/atlas-backlog-oct3/tools/assets/landmark-entrance-details/source/waterfront-window-recess.lod1.blend"
Read blend: "/workspace/scratch/7c20b5ba4165/atlas-backlog-oct3/tools/assets/landmark-entrance-details/source/waterfront-window-recess.lod2.blend"
Read blend: "/workspace/scratch/7c20b5ba4165/atlas-backlog-oct3/tools/assets/landmark-entrance-details/source/waterfront-window-recess.lod2.blend"
Read blend: "/workspace/scratch/7c20b5ba4165/atlas-backlog-oct3/tools/assets/landmark-entrance-details/source/marine-archivolt-relief.lod0.blend"
Read blend: "/workspace/scratch/7c20b5ba4165/atlas-backlog-oct3/tools/assets/landmark-entrance-details/source/marine-archivolt-relief.lod0.blend"
Read blend: "/workspace/scratch/7c20b5ba4165/atlas-backlog-oct3/tools/assets/landmark-entrance-details/source/marine-archivolt-relief.lod1.blend"
Read blend: "/workspace/scratch/7c20b5ba4165/atlas-backlog-oct3/tools/assets/landmark-entrance-details/source/marine-archivolt-relief.lod1.blend"
Read blend: "/workspace/15:02:52 | INFO: Starting glTF 2.0 export
15:02:52 | INFO: Extracting primitive: archivolt-0.001
15:02:52 | INFO: Primitives created: 1
15:02:52 | INFO: Finished glTF 2.0 export in 0.0037152767181396484 s

Extensions: writing cache failed ([Errno 30] Read-only file system: '/home/agent/.config/blender').
15:02:52 | INFO: Data are loaded, start creating Blender stuff
15:02:52 | INFO: Blender create Mesh node archivolt-0.001
15:02:52 | INFO: glTF import finished in 0.00s
15:02:52 | INFO: Starting glTF 2.0 export
15:02:52 | INFO: Extracting primitive: grille-arch-frame.001
15:02:52 | INFO: Primitives created: 1
15:02:52 | INFO: Finished glTF 2.0 export in 0.004775285720825195 s

Extensions: writing cache failed ([Errno 30] Read-only file system: '/home/agent/.config/blender').
15:02:52 | INFO: Data are loaded, start creating Blender stuff
15:02:52 | INFO: Blender create Mesh node grille-arch-frame.001
15:02:52 | INFO: glTF import finished in 0.00s
15:02:52 | INFO: Starting glTF 2.0 export
15:02:52 | INFO: Extracting primitive: grille-arch-frame.001
15:02:52 | INFO: Primitives created: 1
15:02:52 | INFO: Finished glTF 2.0 export in 0.004481077194213867 s

Extensions: writing cache failed ([Errno 30] Read-only file system: '/home/agent/.config/blender').
15:02:52 | INFO: Data are loaded, start creating Blender stuff
15:02:52 | INFO: Blender create Mesh node grille-arch-frame.001
15:02:52 | INFO: glTF import finished in 0.00s
15:02:53 | INFO: Starting glTF 2.0 export
15:02:53 | INFO: Extracting primitive: grille-arch-frame.001
15:02:53 | INFO: Primitives created: 1
15:02:53 | INFO: Finished glTF 2.0 export in 0.004091739654541016 s

Extensions: writing cache failed ([Errno 30] Read-only file system: '/home/agent/.config/blender').
15:02:53 | INFO: Data are loaded, start creating Blender stuff
15:02:53 | INFO: Blender create Mesh node grille-arch-frame.001
15:02:53 | INFO: glTF import finished in 0.00s
Info: Saved "artist-edit.blend"
15:02:53 | INFO: Starting glTF 2.0 export
15:02:53 | INFO: Extracting primitive: capital-necking.001
15:02:53 | INFO: Primitives created: 1
15:02:53 | INFO: Finished glTF 2.0 export in 0.0043604373931884766 s

B04_BLENDER_REOPEN_REIMPORT_AND_EDIT_TEST_PASSED
scratch/7c20b5ba4165/atlas-backlog-oct3/tools/assets/landmark-entrance-details/source/marine-archivolt-relief.lod2.blend"
Read blend: "/workspace/scratch/7c20b5ba4165/atlas-backlog-oct3/tools/assets/landmark-entrance-details/source/marine-archivolt-relief.lod2.blend"
Read blend: "/workspace/scratch/7c20b5ba4165/atlas-backlog-oct3/tools/assets/landmark-entrance-details/source/marine-copper-grille.lod0.blend"
Read blend: "/workspace/scratch/7c20b5ba4165/atlas-backlog-oct3/tools/assets/landmark-entrance-details/source/marine-copper-grille.lod0.blend"
Read blend: "/workspace/scratch/7c20b5ba4165/atlas-backlog-oct3/tools/assets/landmark-entrance-details/source/marine-copper-grille.lod1.blend"
Read blend: "/workspace/scratch/7c20b5ba4165/atlas-backlog-oct3/tools/assets/landmark-entrance-details/source/marine-copper-grille.lod1.blend"
Read blend: "/workspace/scratch/7c20b5ba4165/atlas-backlog-oct3/tools/assets/landmark-entrance-details/source/marine-copper-grille.lod2.blend"
Read blend: "/workspace/scratch/7c20b5ba4165/atlas-backlog-oct3/tools/assets/landmark-entrance-details/source/marine-copper-grille.lod2.blend"
Read blend: "/workspace/scratch/7c20b5ba4165/atlas-backlog-oct3/tools/assets/landmark-entrance-details/source/waterfront-capital.lod0.blend"
Read blend: "/tmp/b04-edit-7rrz2197/artist-edit.blend"

Blender quit
