Warning: No mesh data to join
ERROR Draco mesh compression is not available because library could not be found at /usr/bin/4.3/python/lib/python3.13/site-packages/libextern_draco.so
15:02:49 | INFO: Starting glTF 2.0 export
15:02:49 | INFO: Extracting primitive: column-shaft.001
15:02:49 | INFO: Primitives created: 1
15:02:49 | INFO: Finished glTF 2.0 export in 0.005715608596801758 s

Warning: No mesh data to join
15:02:49 | INFO: Starting glTF 2.0 export
15:02:49 | INFO: Extracting primitive: column-shaft.001
15:02:49 | INFO: Primitives created: 1
15:02:49 | INFO: Finished glTF 2.0 export in 0.0039441585540771484 s

Warning: No mesh data to join
15:02:49 | INFO: Starting glTF 2.0 export
15:02:49 | INFO: Extracting primitive: column-shaft.001
15:02:49 | INFO: Primitives created: 1
15:02:49 | INFO: Finished glTF 2.0 export in 0.0040705204010009766 s

15:02:49 | INFO: Starting glTF 2.0 export
15:02:49 | INFO: Extracting primitive: capital-necking.001
15:02:49 | INFO: Primitives created: 1
15:02:49 | INFO: Finished glTF 2.0 export in 0.004216670989990234 s

15:02:49 | INFO: Starting glTF 2.0 export
15:02:49 | INFO: Extracting primitive: capital-necking.001
15:02:49 | INFO: Primitives created: 1
15:02:49 | INFO: Finished glTF 2.0 export in 0.003457307815551758 s

Warning: No mesh data to join
15:02:49 | INFO: Starting glTF 2.0 export
15:02:49 | INFO: Extracting primitive: capital-abacus.001
15:02:49 | INFO: Primitives created: 1
15:02:49 | INFO: Finished glTF 2.0 export in 0.0033104419708251953 s

15:02:49 | INFO: Starting glTF 2.0 export
15:02:49 | INFO: Extracting primitive: pediment-main-moulding.001
15:02:49 | INFO: Primitives created: 1
15:02:49 | INFO: Finished glTF 2.0 export in 0.0042917728424072266 s

15:02:49 | INFO: Starting glTF 2.0 export
15:02:49 | INFO: Extracting primitive: pediment-main-moulding.001
15:02:49 | INFO: Primitives created: 1
15:02:49 | INFO: Finished glTF 2.0 export in 0.0033905506134033203 s

Warning: No mesh data to join
15:02:49 | INFO: Starting glTF 2.0 export
15:02:49 | INFO: Extracting primitive: pediment-main-moulding.001
15:02:49 | INFO: Primitives created: 1
15:02:49 | INFO: Finished glTF 2.0 export in 0.003082752227783203 s

15:02:49 | INFO: Starting glTF 2.0 export
15:02:49 | INFO: Extracting primitive: window-reveal.001
15:02:49 | INFO: Primitives created: 1
15:02:49 | INFO: Finished glTF 2.0 export in 0.004784584045410156 s

15:02:49 | INFO: Starting glTF 2.0 export
15:02:49 | INFO: Extracting primitive: window-reveal.001
15:02:49 | INFO: Primitives created: 1
15:02:49 | INFO: Finished glTF 2.0 export in 0.0035386085510253906 s

Warning: No mesh data to join
15:02:49 | INFO: Starting glTF 2.0 export
15:02:49 | INFO: Extracting primitive: window-reveal.001
15:02:49 | INFO: Primitives created: 1
15:02:49 | INFO: Finished glTF 2.0 export in 0.003531217575073242 s

15:02:49 | INFO: Starting glTF 2.0 export
15:02:49 | INFO: Extracting primitive: archivolt-0.001
15:02:49 | INFO: Primitives created: 1
15:02:49 | INFO: Finished glTF 2.0 export in 0.00750422477722168 s

15:02:49 | INFO: Starting glTF 2.0 export
15:02:49 | INFO: Extracting primitive: archivolt-0.001
15:02:49 | INFO: Primitives created: 1
15:02:49 | INFO: Finished glTF 2.0 export in 0.004821062088012695 s

15:02:49 | INFO: Starting glTF 2.0 export
15:02:49 | INFO: Extracting primitive: archivolt-0.001
15:02:49 | INFO: Primitives created: 1
15:02:49 | INFO: Finished glTF 2.0 export in 0.003632783889770508 s

15:02:49 | INFO: Starting glTF 2.0 export
15:02:49 | INFO: Extracting primitive: grille-arch-frame.001
15:02:49 | INFO: Primitives created: 1
15:02:49 | INFO: Finished glTF 2.0 export in 0.006893634796142578 s

15:02:49 | INFO: Starting glTF 2.0 export
15:02:49 | INFO: Extracting primitive: grille-arch-frame.001
15:02:49 | INFO: Primitives created: 1
15:02:49 | INFO: Finished glTF 2.0 export in 0.003957271575927734 s

15:02:49 | INFO: Starting glTF 2.0 export
15:02:49 | INFO: Extracting primitive: grille-arch-frame.001
15:02:49 | INFO: Primitives created: 1
15:02:49 | INFO: Finished glTF 2.0 export in 0.003801107406616211 s

B04_SOURCE_PRESERVING_EXPORT_PASSED
Blender 4.3.2
Read blend: "/workspace/scratch/7c20b5ba4165/atlas-backlog-oct3/tools/assets/landmark-entrance-details/source/waterfront-column.lod0.blend"
Read blend: "/workspace/scratch/7c20b5ba4165/atlas-backlog-oct3/tools/assets/landmark-entrance-details/source/waterfront-column.lod1.blend"
Read blend: "/workspace/scratch/7c20b5ba4165/atlas-backlog-oct3/tools/assets/landmark-entrance-details/source/waterfront-column.lod2.blend"
Read blend: "/workspace/scratch/7c20b5ba4165/atlas-backlog-oct3/tools/assets/landmark-entrance-details/source/waterfront-capital.lod0.blend"
Read blend: "/workspace/scratch/7c20b5ba4165/atlas-backlog-oct3/tools/assets/landmark-entrance-details/source/waterfront-capital.lod1.blend"
Read blend: "/workspace/scratch/7c20b5ba4165/atlas-backlog-oct3/tools/assets/landmark-entrance-details/source/waterfront-capital.lod2.blend"
Read blend: "/workspace/scratch/7c20b5ba4165/atlas-backlog-oct3/tools/assets/landmark-entrance-details/source/waterfront-pediment-moulding.lod0.blend"
Read blend: "/workspace/scratch/7c20b5ba4165/atlas-backlog-oct3/tools/assets/landmark-entrance-details/source/waterfront-pediment-moulding.lod1.blend"
Read blend: "/workspace/scratch/7c20b5ba4165/atlas-backlog-oct3/tools/assets/landmark-entrance-details/source/waterfront-pediment-moulding.lod2.blend"
Read blend: "/workspace/scratch/7c20b5ba4165/atlas-backlog-oct3/tools/assets/landmark-entrance-details/source/waterfront-window-recess.lod0.blend"
Read blend: "/workspace/scratch/7c20b5ba4165/atlas-backlog-oct3/tools/assets/landmark-entrance-details/source/waterfront-window-recess.lod1.blend"
Read blend: "/workspace/scratch/7c20b5ba4165/atlas-backlog-oct3/tools/assets/landmark-entrance-details/source/waterfront-window-recess.lod2.blend"
Read blend: "/workspace/scratch/7c20b5ba4165/atlas-backlog-oct3/tools/assets/landmark-entrance-details/source/marine-archivolt-relief.lod0.blend"
Read blend: "/workspace/scratch/7c20b5ba4165/atlas-backlog-oct3/tools/assets/landmark-entrance-details/source/marine-archivolt-relief.lod1.blend"
Read blend: "/workspace/scratch/7c20b5ba4165/atlas-backlog-oct3/tools/assets/landmark-entrance-details/source/marine-archivolt-relief.lod2.blend"
Read blend: "/workspace/scratch/7c20b5ba4165/atlas-backlog-oct3/tools/assets/landmark-entrance-details/source/marine-copper-grille.lod0.blend"
Read blend: "/workspace/scratch/7c20b5ba4165/atlas-backlog-oct3/tools/assets/landmark-entrance-details/source/marine-copper-grille.lod1.blend"
Read blend: "/workspace/scratch/7c20b5ba4165/atlas-backlog-oct3/tools/assets/landmark-entrance-details/source/marine-copper-grille.lod2.blend"

Blender quit
