Extensions: writing cache failed ([Errno 30] Read-only file system: '/home/agent/.config/blender').
Info: Saved "canada-line-endcar-exterior.lod0.blend"
ERROR Draco mesh compression is not available because library could not be found at /usr/bin/4.3/python/lib/python3.13/site-packages/libextern_draco.so
08:11:38 | INFO: Starting glTF 2.0 export
08:11:38 | INFO: Extracting primitive: Cube.030
08:11:38 | INFO: Primitives created: 1
08:11:38 | INFO: Extracting primitive: Cube
08:11:38 | INFO: Primitives created: 1
08:11:38 | INFO: Extracting primitive: Cube.142
08:11:38 | INFO: Primitives created: 1
08:11:38 | INFO: Extracting primitive: Cube.141
08:11:38 | INFO: Primitives created: 1
08:11:38 | INFO: Extracting primitive: Cube.143
08:11:38 | INFO: Primitives created: 1
08:11:38 | INFO: Extracting primitive: Cube.144
08:11:38 | INFO: Primitives created: 1
08:11:38 | INFO: Extracting primitive: Cube.140
08:11:38 | INFO: Primitives created: 1
08:11:38 | INFO: Extracting primitive: Cube.075
08:11:38 | INFO: Primitives created: 2
08:11:38 | INFO: Extracting primitive: Cube.080
08:11:38 | INFO: Primitives created: 2
08:11:38 | INFO: Extracting primitive: Cube.085
08:11:38 | INFO: Primitives created: 2
08:11:38 | INFO: Extracting primitive: Cube.090
08:11:38 | INFO: Primitives created: 2
08:11:38 | INFO: Extracting primitive: Cube.095
08:11:38 | INFO: Primitives created: 2
08:11:38 | INFO: Extracting primitive: Cube.100
08:11:38 | INFO: Primitives created: 2
08:11:38 | INFO: Extracting primitive: Cube.105
08:11:38 | INFO: Primitives created: 2
08:11:38 | INFO: Extracting primitive: Cube.110
08:11:38 | INFO: Primitives created: 2
08:11:38 | INFO: Extracting primitive: Cube.115
08:11:38 | INFO: Primitives created: 2
08:11:38 | INFO: Extracting primitive: Cube.120
08:11:38 | INFO: Primitives created: 2
08:11:38 | INFO: Extracting primitive: Cube.125
08:11:38 | INFO: Primitives created: 2
08:11:38 | INFO: Extracting primitive: Cube.130
08:11:38 | INFO: Primitives created: 2
08:11:38 | INFO: Extracting primitive: Cube.138
08:11:38 | INFO: Primitives created: 1
08:11:38 | INFO: Extracting primitive: Cube.139
08:11:38 | INFO: Primitives created: 1
08:11:38 | INFO: Extracting primitive: Cube.069
08:11:38 | INFO: Primitives created: 1
08:11:38 | INFO: Extracting primitive: Cube.002
08:11:38 | INFO: Primitives created: 1
08:11:38 | INFO: Extracting primitive: Cylinder.007
08:11:38 | INFO: Primitives created: 1
08:11:38 | INFO: Extracting primitive: Cylinder.006
08:11:38 | INFO: Primitives created: 1
08:11:38 | INFO: Extracting primitive: Cylinder.005
08:11:38 | INFO: Primitives created: 1
08:11:38 | INFO: Extracting primitive: Cylinder.004
08:11:38 | INFO: Primitives created: 1
08:11:38 | INFO: Extracting primitive: Cylinder.003
08:11:38 | INFO: Primitives created: 1
08:11:38 | INFO: Extracting primitive: Cylinder.002
08:11:38 | INFO: Primitives created: 1
08:11:38 | INFO: Extracting primitive: Cylinder.001
08:11:38 | INFO: Primitives created: 1
08:11:38 | INFO: Extracting primitive: Cylinder
08:11:38 | INFO: Primitives created: 1
08:11:38 | INFO: Finished glTF 2.0 export in 0.1412968635559082 s

Extensions: writing cache failed ([Errno 30] Read-only file system: '/home/agent/.config/blender').
Info: Saved "canada-line-endcar-exterior.lod1.blend"
08:11:40 | INFO: Starting glTF 2.0 export
08:11:40 | INFO: Extracting primitive: Cube.030
08:11:40 | INFO: Primitives created: 1
08:11:40 | INFO: Extracting primitive: Cube
08:11:40 | INFO: Primitives created: 1
08:11:40 | INFO: Extracting primitive: Cube.142
08:11:40 | INFO: Primitives created: 1
08:11:40 | INFO: Extracting primitive: Cube.141
08:11:40 | INFO: Primitives created: 1
08:11:40 | INFO: Extracting primitive: Cube.143
08:11:40 | INFO: Primitives created: 1
08:11:40 | INFO: Extracting primitive: Cube.144
08:11:40 | INFO: Primitives created: 1
08:11:40 | INFO: Extracting primitive: Cube.140
08:11:40 | INFO: Primitives created: 1
08:11:40 | INFO: Extracting primitive: Cube.075
08:11:40 | INFO: Primitives created: 2
08:11:40 | INFO: Extracting primitive: Cube.080
08:11:40 | INFO: Primitives created: 2
08:11:40 | INFO: Extracting primitive: Cube.085
08:11:40 | INFO: Primitives created: 2
08:11:40 | INFO: Extracting primitive: Cube.090
08:11:40 | INFO: Primitives created: 2
08:11:40 | INFO: Extracting primitive: Cube.095
08:11:40 | INFO: Primitives created: 2
08:11:40 | INFO: Extracting primitive: Cube.100
08:11:40 | INFO: Primitives created: 2
08:11:40 | INFO: Extracting primitive: Cube.105
08:11:40 | INFO: Primitives created: 2
08:11:40 | INFO: Extracting primitive: Cube.110
08:11:40 | INFO: Primitives created: 2
08:11:40 | INFO: Extracting primitive: Cube.115
08:11:40 | INFO: Primitives created: 2
08:11:40 | INFO: Extracting primitive: Cube.120
08:11:40 | INFO: Primitives created: 2
08:11:40 | INFO: Extracting primitive: Cube.125
08:11:40 | INFO: Primitives created: 2
08:11:40 | INFO: Extracting primitive: Cube.130
08:11:40 | INFO: Primitives created: 2
08:11:40 | INFO: Extracting primitive: Cube.138
08:11:40 | INFO: Primitives created: 1
08:11:40 | INFO: Extracting primitive: Cube.139
08:11:40 | INFO: Primitives created: 1
08:11:40 | INFO: Extracting primitive: Cube.069
08:11:40 | INFO: Primitives created: 1
08:11:40 | INFO: Extracting primitive: Cube.002
08:11:40 | INFO: Primitives created: 1
08:11:40 | INFO: Extracting primitive: Cylinder.007
08:11:40 | INFO: Primitives created: 1
08:11:40 | INFO: Extracting primitive: Cylinder.006
08:11:40 | INFO: Primitives created: 1
08:11:40 | INFO: Extracting primitive: Cylinder.005
08:11:40 | INFO: Primitives created: 1
08:11:40 | INFO: Extracting primitive: Cylinder.004
08:11:40 | INFO: Primitives created: 1
08:11:40 | INFO: Extracting primitive: Cylinder.003
08:11:40 | INFO: Primitives created: 1
08:11:40 | INFO: Extracting primitive: Cylinder.002
08:11:40 | INFO: Primitives created: 1
08:11:40 | INFO: Extracting primitive: Cylinder.001
08:11:40 | INFO: Primitives created: 1
08:11:40 | INFO: Extracting primitive: Cylinder
08:11:40 | INFO: Primitives created: 1
08:11:40 | INFO: Finished glTF 2.0 export in 0.24713563919067383 s

Extensions: writing cache failed ([Errno 30] Read-only file system: '/home/agent/.config/blender').
Info: Saved "canada-line-endcar-exterior.lod2.blend"
08:11:40 | INFO: Starting glTF 2.0 export
08:11:40 | INFO: Extracting primitive: Cube.003
08:11:40 | INFO: Primitives created: 1
08:11:40 | INFO: Extracting primitive: Cube
08:11:40 | INFO: Primitives created: 1
08:11:40 | INFO: Extracting primitive: Cube.014
08:11:40 | INFO: Primitives created: 1
08:11:40 | INFO: Extracting primitive: Cube.013
08:11:40 | INFO: Primitives created: 1
08:11:40 | INFO: Extracting primitive: Cube.015
08:11:40 | INFO: Primitives created: 1
08:11:40 | INFO: Extracting primitive: Cube.016
08:11:40 | INFO: Primitives created: 1
08:11:40 | INFO: Extracting primitive: Cube.001
08:11:40 | INFO: Primitives created: 1
08:11:40 | INFO: Extracting primitive: Cylinder.007
08:11:40 | INFO: Primitives created: 1
08:11:40 | INFO: Extracting primitive: Cylinder.006
08:11:40 | INFO: Primitives created: 1
08:11:40 | INFO: Extracting primitive: Cylinder.005
08:11:40 | INFO: Primitives created: 1
08:11:40 | INFO: Extracting primitive: Cylinder.004
08:11:40 | INFO: Primitives created: 1
08:11:40 | INFO: Extracting primitive: Cylinder.003
08:11:40 | INFO: Primitives created: 1
08:11:40 | INFO: Extracting primitive: Cylinder.002
08:11:40 | INFO: Primitives created: 1
08:11:40 | INFO: Extracting primitive: Cylinder.001
08:11:40 | INFO: Primitives created: 1
08:11:40 | INFO: Extracting primitive: Cylinder
08:11:40 | INFO: Primitives created: 1
08:11:40 | INFO: Finished glTF 2.0 export in 0.08963799476623535 s

Extensions: writing cache failed ([Errno 30] Read-only file system: '/home/agent/.config/blender').
Info: Saved "canada-line-shared-interior.lod0.blend"
08:11:41 | INFO: Starting glTF 2.0 export
08:11:41 | INFO: Extracting primitive: Cube.001
08:11:41 | INFO: Primitives created: 1
08:11:41 | INFO: Extracting primitive: Cube
08:11:41 | INFO: Primitives created: 1
08:11:41 | INFO: Extracting primitive: Cylinder
08:11:41 | INFO: Primitives created: 1
08:11:41 | INFO: Extracting primitive: Cube.002
08:11:41 | INFO: Primitives created: 1
08:11:41 | INFO: Extracting primitive: Cube.078
08:11:42 | INFO: Primitives created: 1
08:11:42 | INFO: Extracting primitive: Cube.079
08:11:42 | INFO: Primitives created: 1
08:11:42 | INFO: Extracting primitive: Cube.080
08:11:42 | INFO: Primitives created: 1
08:11:42 | INFO: Extracting primitive: Cube.081
08:11:42 | INFO: Primitives created: 1
08:11:42 | INFO: Extracting primitive: Cube.018
08:11:42 | INFO: Primitives created: 2
08:11:42 | INFO: Extracting primitive: Cube.021
08:11:42 | INFO: Primitives created: 2
08:11:42 | INFO: Extracting primitive: Cube.024
08:11:42 | INFO: Primitives created: 2
08:11:42 | INFO: Extracting primitive: Cube.027
08:11:42 | INFO: Primitives created: 2
08:11:42 | INFO: Extracting primitive: Cube.030
08:11:42 | INFO: Primitives created: 2
08:11:42 | INFO: Extracting primitive: Cube.033
08:11:42 | INFO: Primitives created: 2
08:11:42 | INFO: Extracting primitive: Cube.036
08:11:42 | INFO: Primitives created: 2
08:11:42 | INFO: Extracting primitive: Cube.039
08:11:42 | INFO: Primitives created: 2
08:11:42 | INFO: Extracting primitive: Cube.042
08:11:42 | INFO: Primitives created: 2
08:11:42 | INFO: Extracting primitive: Cube.045
08:11:42 | INFO: Primitives created: 2
08:11:42 | INFO: Extracting primitive: Cube.048
08:11:42 | INFO: Primitives created: 2
08:11:42 | INFO: Extracting primitive: Cube.051
08:11:42 | INFO: Primitives created: 2
08:11:42 | INFO: Extracting primitive: Cube.054
08:11:42 | INFO: Primitives created: 2
08:11:42 | INFO: Extracting primitive: Cube.057
08:11:42 | INFO: Primitives created: 2
08:11:42 | INFO: Extracting primitive: Cube.060
08:11:42 | INFO: Primitives created: 2
08:11:42 | INFO: Extracting primitive: Cube.063
08:11:42 | INFO: Primitives created: 2
08:11:42 | INFO: Extracting primitive: Cube.066
08:11:42 | INFO: Primitives created: 2
08:11:42 | INFO: Extracting primitive: Cube.069
08:11:42 | INFO: Primitives created: 2
08:11:42 | INFO: Extracting primitive: Cube.072
08:11:42 | INFO: Primitives created: 2
08:11:42 | INFO: Extracting primitive: Cube.075
08:11:42 | INFO: Primitives created: 2
08:11:42 | INFO: Finished glTF 2.0 export in 0.17467594146728516 s

Extensions: writing cache failed ([Errno 30] Read-only file system: '/home/agent/.config/blender').
Info: Saved "canada-line-shared-interior.lod1.blend"
08:11:42 | INFO: Starting glTF 2.0 export
08:11:42 | INFO: Extracting primitive: Cube.001
08:11:42 | INFO: Primitives created: 1
08:11:42 | INFO: Extracting primitive: Cube
08:11:42 | INFO: Primitives created: 1
08:11:42 | INFO: Extracting primitive: Cylinder
08:11:42 | INFO: Primitives created: 1
08:11:42 | INFO: Extracting primitive: Cube.002
08:11:42 | INFO: Primitives created: 1
08:11:42 | INFO: Extracting primitive: Cube.058
08:11:42 | INFO: Primitives created: 1
08:11:42 | INFO: Extracting primitive: Cube.059
08:11:42 | INFO: Primitives created: 1
08:11:42 | INFO: Extracting primitive: Cube.060
08:11:42 | INFO: Primitives created: 1
08:11:42 | INFO: Extracting primitive: Cube.061
08:11:42 | INFO: Primitives created: 1
08:11:42 | INFO: Extracting primitive: Cube.018
08:11:42 | INFO: Primitives created: 1
08:11:42 | INFO: Extracting primitive: Cube.020
08:11:42 | INFO: Primitives created: 1
08:11:42 | INFO: Extracting primitive: Cube.022
08:11:42 | INFO: Primitives created: 1
08:11:42 | INFO: Extracting primitive: Cube.024
08:11:42 | INFO: Primitives created: 1
08:11:42 | INFO: Extracting primitive: Cube.026
08:11:42 | INFO: Primitives created: 1
08:11:42 | INFO: Extracting primitive: Cube.028
08:11:42 | INFO: Primitives created: 1
08:11:42 | INFO: Extracting primitive: Cube.030
08:11:42 | INFO: Primitives created: 1
08:11:42 | INFO: Extracting primitive: Cube.032
08:11:42 | INFO: Primitives created: 1
08:11:42 | INFO: Extracting primitive: Cube.034
08:11:42 | INFO: Primitives created: 1
08:11:42 | INFO: Extracting primitive: Cube.036
08:11:42 | INFO: Primitives created: 1
08:11:42 | INFO: Extracting primitive: Cube.038
08:11:42 | INFO: Primitives created: 1
08:11:42 | INFO: Extracting primitive: Cube.040
08:11:42 | INFO: Primitives created: 1
08:11:42 | INFO: Extracting primitive: Cube.042
08:11:42 | INFO: Primitives created: 1
08:11:42 | INFO: Extracting primitive: Cube.044
08:11:42 | INFO: Primitives created: 1
08:11:42 | INFO: Extracting primitive: Cube.046
08:11:42 | INFO: Primitives created: 1
08:11:42 | INFO: Extracting primitive: Cube.048
08:11:42 | INFO: Primitives created: 1
08:11:42 | INFO: Extracting primitive: Cube.050
08:11:42 | INFO: Primitives created: 1
08:11:42 | INFO: Extracting primitive: Cube.052
08:11:42 | INFO: Primitives created: 1
08:11:42 | INFO: Extracting primitive: Cube.054
08:11:42 | INFO: Primitives created: 1
08:11:42 | INFO: Extracting primitive: Cube.056
08:11:42 | INFO: Primitives created: 1
08:11:42 | INFO: Finished glTF 2.0 export in 0.14428305625915527 s

Blender 4.3.2

Blender quit
