Extensions: writing cache failed ([Errno 30] Read-only file system: '/home/agent/.config/blender').
08:22:57 | INFO: Data are loaded, start creating Blender stuff
08:22:57 | INFO: Blender create Mesh node Cube.030
08:22:57 | INFO: Blender create Mesh node Cube
08:22:57 | INFO: Blender create Mesh node Cube.142
08:22:57 | INFO: Blender create Mesh node Cube.141
08:22:57 | INFO: Blender create Mesh node Cube.143
08:22:57 | INFO: Blender create Mesh node Cube.144
08:22:57 | INFO: Blender create Mesh node Cube.140
08:22:57 | INFO: Blender create Mesh node Cube.075
08:22:57 | INFO: Blender create Mesh node Cube.080
08:22:57 | INFO: Blender create Mesh node Cube.085
08:22:57 | INFO: Blender create Mesh node Cube.090
08:22:57 | INFO: Blender create Mesh node Cube.095
08:22:57 | INFO: Blender create Mesh node Cube.100
08:22:57 | INFO: Blender create Mesh node Cube.105
08:22:57 | INFO: Blender create Mesh node Cube.110
08:22:57 | INFO: Blender create Mesh node Cube.115
08:22:57 | INFO: Blender create Mesh node Cube.120
08:22:57 | INFO: Blender create Mesh node Cube.125
08:22:57 | INFO: Blender create Mesh node Cube.130
08:22:57 | INFO: Blender create Mesh node Cube.138
08:22:57 | INFO: Blender create Mesh node Cube.139
08:22:57 | INFO: Blender create Mesh node Cube.069
08:22:57 | INFO: Blender create Mesh node Cube.002
08:22:57 | INFO: Blender create Mesh node Cylinder.007
08:22:57 | INFO: Blender create Mesh node Cylinder.006
08:22:57 | INFO: Blender create Mesh node Cylinder.005
08:22:57 | INFO: Blender create Mesh node Cylinder.004
08:22:57 | INFO: Blender create Mesh node Cylinder.003
08:22:57 | INFO: Blender create Mesh node Cylinder.002
08:22:57 | INFO: Blender create Mesh node Cylinder.001
08:22:57 | INFO: Blender create Mesh node Cylinder
08:22:57 | INFO: glTF import finished in 0.07s
08:22:57 | INFO: Data are loaded, start creating Blender stuff
08:22:57 | INFO: Blender create Mesh node interior-batch-canada-wall
08:22:57 | INFO: Blender create Mesh node interior-batch-canada-floor
08:22:57 | INFO: Blender create Mesh node interior-batch-canada-rail
08:22:57 | INFO: Blender create Mesh node interior-batch-canada-sign
08:22:57 | INFO: Blender create Mesh node interior-batch-canada-seat
08:22:57 | INFO: Blender create Mesh node interior-batch-canada-priority
08:22:57 | INFO: glTF import finished in 0.03s
08:22:57 | INFO: Data are loaded, start creating Blender stuff
08:22:57 | INFO: Blender create Mesh node Cube.030
08:22:57 | INFO: Blender create Mesh node Cube
08:22:57 | INFO: Blender create Mesh node Cube.142
08:22:57 | INFO: Blender create Mesh node Cube.141
08:22:57 | INFO: Blender create Mesh node Cube.143
08:22:57 | INFO: Blender create Mesh node Cube.144
08:22:57 | INFO: Blender create Mesh node Cube.140
08:22:57 | INFO: Blender create Mesh node Cube.075
08:22:57 | INFO: Blender create Mesh node Cube.080
08:22:57 | INFO: Blender create Mesh node Cube.085
08:22:57 | INFO: Blender create Mesh node Cube.090
08:22:57 | INFO: Blender create Mesh node Cube.095
08:22:57 | INFO: Blender create Mesh node Cube.100
08:22:57 | INFO: Blender create Mesh node Cube.105
08:22:57 | INFO: Blender create Mesh node Cube.110
08:22:57 | INFO: Blender create Mesh node Cube.115
08:22:57 | INFO: Blender create Mesh node Cube.120
08:22:57 | INFO: Blender create Mesh node Cube.125
08:22:57 | INFO: Blender create Mesh node Cube.130
08:22:57 | INFO: Blender create Mesh node Cube.138
08:22:57 | INFO: Blender create Mesh node Cube.139
08:22:57 | INFO: Blender create Mesh node Cube.069
08:22:57 | INFO: Blender create Mesh node Cube.002
08:22:57 | INFO: Blender create Mesh node Cylinder.007
08:22:57 | INFO: Blender create Mesh node Cylinder.006
08:22:57 | INFO: Blender create Mesh node Cylinder.005
08:22:57 | INFO: Blender create Mesh node Cylinder.004
08:22:57 | INFO: Blender create Mesh node Cylinder.003
08:22:57 | INFO: Blender create Mesh node Cylinder.002
08:22:57 | INFO: Blender create Mesh node Cylinder.001
08:22:57 | INFO: Blender create Mesh node Cylinder
08:22:57 | INFO: glTF import finished in 0.07s
08:22:57 | INFO: Data are loaded, start creating Blender stuff
08:22:57 | INFO: Blender create Mesh node interior-batch-canada-wall
08:22:57 | INFO: Blender create Mesh node interior-batch-canada-floor
08:22:57 | INFO: Blender create Mesh node interior-batch-canada-rail
08:22:57 | INFO: Blender create Mesh node interior-batch-canada-sign
08:22:57 | INFO: Blender create Mesh node interior-batch-canada-seat
08:22:57 | INFO: Blender create Mesh node interior-batch-canada-priority
08:22:57 | INFO: glTF import finished in 0.04s
Blender 4.3.2
Fra:1 Mem:23.83M (Peak 23.83M) | Time:00:00.04 | Mem:0.00M, Peak:0.00M | Scene, ViewLayer | Synchronizing object | blue-fascia
Fra:1 Mem:25.85M (Peak 25.85M) | Time:00:00.04 | Mem:0.00M, Peak:0.00M | Scene, ViewLayer | Synchronizing object | QA-ground
Fra:1 Mem:25.86M (Peak 25.86M) | Time:00:00.04 | Mem:0.00M, Peak:0.00M | Scene, ViewLayer | Synchronizing object | interior-batch-canada-priority.001
Fra:1 Mem:25.91M (Peak 25.91M) | Time:00:00.04 | Mem:0.00M, Peak:0.00M | Scene, ViewLayer | Synchronizing object | body-shell
Fra:1 Mem:26.21M (Peak 26.21M) | Time:00:00.04 | Mem:0.00M, Peak:0.00M | Scene, ViewLayer | Synchronizing object | interior-batch-canada-seat.001
Fra:1 Mem:26.09M (Peak 26.21M) | Time:00:00.04 | Mem:0.00M, Peak:0.00M | Scene, ViewLayer | Synchronizing object | bogie-front-frame
Fra:1 Mem:26.12M (Peak 26.21M) | Time:00:00.04 | Mem:0.00M, Peak:0.00M | Scene, ViewLayer | Synchronizing object | bogie-rear-frame
Fra:1 Mem:26.13M (Peak 26.21M) | Time:00:00.04 | Mem:0.00M, Peak:0.00M | Scene, ViewLayer | Synchronizing object | coupler-mesh
Fra:1 Mem:26.16M (Peak 26.21M) | Time:00:00.04 | Mem:0.00M, Peak:0.00M | Scene, ViewLayer | Synchronizing object | coupler-mesh.001
Fra:1 Mem:26.09M (Peak 26.21M) | Time:00:00.04 | Mem:0.00M, Peak:0.00M | Scene, ViewLayer | Synchronizing object | destination-panel
Fra:1 Mem:26.08M (Peak 26.21M) | Time:00:00.04 | Mem:0.00M, Peak:0.00M | Scene, ViewLayer | Synchronizing object | interior-batch-canada-sign.001
Fra:1 Mem:26.09M (Peak 26.21M) | Time:00:00.04 | Mem:0.00M, Peak:0.00M | Scene, ViewLayer | Synchronizing object | door-left-1-a
Fra:1 Mem:26.11M (Peak 26.21M) | Time:00:00.04 | Mem:0.00M, Peak:0.00M | Scene, ViewLayer | Synchronizing object | door-left-1-b
Fra:1 Mem:26.13M (Peak 26.21M) | Time:00:00.04 | Mem:0.00M, Peak:0.00M | Scene, ViewLayer | Synchronizing object | interior-batch-canada-rail.001
Fra:1 Mem:26.13M (Peak 26.21M) | Time:00:00.04 | Mem:0.00M, Peak:0.00M | Scene, ViewLayer | Synchronizing object | door-left-2-a
Fra:1 Mem:26.34M (Peak 26.34M) | Time:00:00.04 | Mem:0.00M, Peak:0.00M | Scene, ViewLayer | Synchronizing object | door-left-2-b
Fra:1 Mem:26.40M (Peak 26.40M) | Time:00:00.04 | Mem:0.00M, Peak:0.00M | Scene, ViewLayer | Synchronizing object | door-left-3-a
Fra:1 Mem:26.41M (Peak 26.41M) | Time:00:00.04 | Mem:0.00M, Peak:0.00M | Scene, ViewLayer | Synchronizing object | door-left-3-b
Fra:1 Mem:26.29M (Peak 26.41M) | Time:00:00.04 | Mem:0.00M, Peak:0.00M | Scene, ViewLayer | Synchronizing object | door-right-1-a
Fra:1 Mem:26.31M (Peak 26.41M) | Time:00:00.04 | Mem:0.00M, Peak:0.00M | Scene, ViewLayer | Synchronizing object | door-right-1-b
Fra:1 Mem:26.41M (Peak 26.41M) | Time:00:00.04 | Mem:0.00M, Peak:0.00M | Scene, ViewLayer | Synchronizing object | door-right-2-a
Fra:1 Mem:26.42M (Peak 26.42M) | Time:00:00.04 | Mem:0.00M, Peak:0.00M | Scene, ViewLayer | Synchronizing object | door-right-2-b
Fra:1 Mem:26.43M (Peak 26.43M) | Time:00:00.04 | Mem:0.00M, Peak:0.00M | Scene, ViewLayer | Synchronizing object | door-right-3-a
Fra:1 Mem:26.44M (Peak 26.44M) | Time:00:00.04 | Mem:0.00M, Peak:0.00M | Scene, ViewLayer | Synchronizing object | door-right-3-b
Fra:1 Mem:26.44M (Peak 26.44M) | Time:00:00.04 | Mem:0.00M, Peak:0.00M | Scene, ViewLayer | Synchronizing object | front-lamp--1
Fra:1 Mem:26.44M (Peak 26.44M) | Time:00:00.04 | Mem:0.00M, Peak:0.00M | Scene, ViewLayer | Synchronizing object | front-lamp-1
Fra:1 Mem:26.35M (Peak 26.44M) | Time:00:00.04 | Mem:0.00M, Peak:0.00M | Scene, ViewLayer | Synchronizing object | gangway-rubber
Fra:1 Mem:26.33M (Peak 26.44M) | Time:00:00.04 | Mem:0.00M, Peak:0.00M | Scene, ViewLayer | Synchronizing object | glass
Fra:1 Mem:26.34M (Peak 26.44M) | Time:00:00.04 | Mem:0.00M, Peak:0.00M | Scene, ViewLayer | Synchronizing object | interior-batch-canada-floor.001
Fra:1 Mem:26.36M (Peak 26.44M) | Time:00:00.04 | Mem:0.00M, Peak:0.00M | Scene, ViewLayer | Synchronizing object | wheel-front-front-left
Fra:1 Mem:26.37M (Peak 26.44M) | Time:00:00.04 | Mem:0.00M, Peak:0.00M | Scene, ViewLayer | Synchronizing object | interior-batch-canada-wall.001
Fra:1 Mem:26.46M (Peak 26.46M) | Time:00:00.04 | Mem:0.00M, Peak:0.00M | Scene, ViewLayer | Synchronizing object | wheel-front-front-right
Fra:1 Mem:26.43M (Peak 26.46M) | Time:00:00.04 | Mem:0.00M, Peak:0.00M | Scene, ViewLayer | Synchronizing object | wheel-front-rear-left
Fra:1 Mem:26.48M (Peak 26.48M) | Time:00:00.04 | Mem:0.00M, Peak:0.00M | Scene, ViewLayer | Synchronizing object | wheel-front-rear-right
Fra:1 Mem:26.49M (Peak 26.49M) | Time:00:00.04 | Mem:0.00M, Peak:0.00M | Scene, ViewLayer | Synchronizing object | wheel-rear-front-left
Fra:1 Mem:26.50M (Peak 26.50M) | Time:00:00.04 | Mem:0.00M, Peak:0.00M | Scene, ViewLayer | Synchronizing object | wheel-rear-front-right
Fra:1 Mem:26.49M (Peak 26.50M) | Time:00:00.04 | Mem:0.00M, Peak:0.00M | Scene, ViewLayer | Synchronizing object | wheel-rear-rear-right.001
Fra:1 Mem:26.47M (Peak 26.50M) | Time:00:00.04 | Mem:0.00M, Peak:0.00M | Scene, ViewLayer | Synchronizing object | wheel-rear-rear-left
Fra:1 Mem:26.49M (Peak 26.50M) | Time:00:00.04 | Mem:0.00M, Peak:0.00M | Scene, ViewLayer | Synchronizing object | wheel-rear-rear-right
Fra:1 Mem:26.51M (Peak 26.51M) | Time:00:00.04 | Mem:0.00M, Peak:0.00M | Scene, ViewLayer | Synchronizing object | wheel-rear-rear-left.001
Fra:1 Mem:26.50M (Peak 26.51M) | Time:00:00.04 | Mem:0.00M, Peak:0.00M | Scene, ViewLayer | Synchronizing object | interior-batch-canada-wall
Fra:1 Mem:26.55M (Peak 26.55M) | Time:00:00.04 | Mem:0.00M, Peak:0.00M | Scene, ViewLayer | Synchronizing object | interior-batch-canada-floor
Fra:1 Mem:26.55M (Peak 26.55M) | Time:00:00.04 | Mem:0.00M, Peak:0.00M | Scene, ViewLayer | Synchronizing object | interior-batch-canada-rail
Fra:1 Mem:26.77M (Peak 26.77M) | Time:00:00.04 | Mem:0.00M, Peak:0.00M | Scene, ViewLayer | Synchronizing object | wheel-rear-front-right.001
Fra:1 Mem:26.68M (Peak 26.77M) | Time:00:00.04 | Mem:0.00M, Peak:0.00M | Scene, ViewLayer | Synchronizing object | wheel-rear-front-left.001
Fra:1 Mem:26.80M (Peak 26.80M) | Time:00:00.04 | Mem:0.00M, Peak:0.00M | Scene, ViewLayer | Synchronizing object | wheel-front-rear-right.001
Fra:1 Mem:26.71M (Peak 26.80M) | Time:00:00.04 | Mem:0.00M, Peak:0.00M | Scene, ViewLayer | Synchronizing object | wheel-front-rear-left.001
Fra:1 Mem:26.69M (Peak 26.80M) | Time:00:00.04 | Mem:0.00M, Peak:0.00M | Scene, ViewLayer | Synchronizing object | interior-batch-canada-sign
Fra:1 Mem:26.72M (Peak 26.80M) | Time:00:00.04 | Mem:0.00M, Peak:0.00M | Scene, ViewLayer | Synchronizing object | interior-batch-canada-seat
Fra:1 Mem:26.71M (Peak 26.80M) | Time:00:00.04 | Mem:0.00M, Peak:0.00M | Scene, ViewLayer | Synchronizing object | wheel-front-front-right.001
Fra:1 Mem:26.89M (Peak 26.89M) | Time:00:00.04 | Mem:0.00M, Peak:0.00M | Scene, ViewLayer | Synchronizing object | wheel-front-front-left.001
Fra:1 Mem:26.81M (Peak 26.89M) | Time:00:00.04 | Mem:0.00M, Peak:0.00M | Scene, ViewLayer | Synchronizing object | glass.001
Fra:1 Mem:26.80M (Peak 26.89M) | Time:00:00.04 | Mem:0.00M, Peak:0.00M | Scene, ViewLayer | Synchronizing object | interior-batch-canada-priority
Fra:1 Mem:26.84M (Peak 26.89M) | Time:00:00.04 | Mem:0.00M, Peak:0.00M | Scene, ViewLayer | Synchronizing object | blue-fascia.001
Fra:1 Mem:26.86M (Peak 26.89M) | Time:00:00.04 | Mem:0.00M, Peak:0.00M | Scene, ViewLayer | Synchronizing object | gangway-rubber.001
Fra:1 Mem:26.86M (Peak 26.89M) | Time:00:00.04 | Mem:0.00M, Peak:0.00M | Scene, ViewLayer | Synchronizing object | front-lamp-1.001
Fra:1 Mem:26.88M (Peak 26.89M) | Time:00:00.04 | Mem:0.00M, Peak:0.00M | Scene, ViewLayer | Synchronizing object | front-lamp--1.001
Fra:1 Mem:26.87M (Peak 26.89M) | Time:00:00.04 | Mem:0.00M, Peak:0.00M | Scene, ViewLayer | Synchronizing object | body-shell.001
Fra:1 Mem:26.87M (Peak 26.89M) | Time:00:00.04 | Mem:0.00M, Peak:0.00M | Scene, ViewLayer | Synchronizing object | door-right-3-b.001
Fra:1 Mem:27.20M (Peak 27.20M) | Time:00:00.04 | Mem:0.00M, Peak:0.00M | Scene, ViewLayer | Synchronizing object | door-right-3-a.001
Fra:1 Mem:27.15M (Peak 27.20M) | Time:00:00.04 | Mem:0.00M, Peak:0.00M | Scene, ViewLayer | Synchronizing object | door-right-2-b.001
Fra:1 Mem:27.05M (Peak 27.20M) | Time:00:00.04 | Mem:0.00M, Peak:0.00M | Scene, ViewLayer | Synchronizing object | door-right-2-a.001
Fra:1 Mem:27.02M (Peak 27.20M) | Time:00:00.04 | Mem:0.00M, Peak:0.00M | Scene, ViewLayer | Synchronizing object | bogie-front-frame.001
Fra:1 Mem:27.04M (Peak 27.20M) | Time:00:00.04 | Mem:0.00M, Peak:0.00M | Scene, ViewLayer | Synchronizing object | bogie-rear-frame.001
Fra:1 Mem:27.03M (Peak 27.20M) | Time:00:00.04 | Mem:0.00M, Peak:0.00M | Scene, ViewLayer | Synchronizing object | door-right-1-b.001
Fra:1 Mem:27.06M (Peak 27.20M) | Time:00:00.04 | Mem:0.00M, Peak:0.00M | Scene, ViewLayer | Synchronizing object | coupler-mesh.002
Fra:1 Mem:27.06M (Peak 27.20M) | Time:00:00.04 | Mem:0.00M, Peak:0.00M | Scene, ViewLayer | Synchronizing object | coupler-mesh.003
Fra:1 Mem:27.07M (Peak 27.20M) | Time:00:00.04 | Mem:0.00M, Peak:0.00M | Scene, ViewLayer | Synchronizing object | destination-panel.001
Fra:1 Mem:27.07M (Peak 27.20M) | Time:00:00.04 | Mem:0.00M, Peak:0.00M | Scene, ViewLayer | Synchronizing object | door-left-1-a.001
Fra:1 Mem:27.08M (Peak 27.20M) | Time:00:00.04 | Mem:0.00M, Peak:0.00M | Scene, ViewLayer | Synchronizing object | door-right-1-a.001
Fra:1 Mem:27.07M (Peak 27.20M) | Time:00:00.04 | Mem:0.00M, Peak:0.00M | Scene, ViewLayer | Synchronizing object | door-left-1-b.001
Fra:1 Mem:27.08M (Peak 27.20M) | Time:00:00.04 | Mem:0.00M, Peak:0.00M | Scene, ViewLayer | Synchronizing object | door-left-3-b.001
Fra:1 Mem:27.12M (Peak 27.20M) | Time:00:00.04 | Mem:0.00M, Peak:0.00M | Scene, ViewLayer | Synchronizing object | door-left-2-a.001
Fra:1 Mem:27.11M (Peak 27.20M) | Time:00:00.04 | Mem:0.00M, Peak:0.00M | Scene, ViewLayer | Synchronizing object | door-left-3-a.001
Fra:1 Mem:27.13M (Peak 27.20M) | Time:00:00.04 | Mem:0.00M, Peak:0.00M | Scene, ViewLayer | Synchronizing object | door-left-2-b.001
Fra:1 Mem:27.12M (Peak 27.20M) | Time:00:00.04 | Mem:0.00M, Peak:0.00M | Scene, ViewLayer | Initializing
Fra:1 Mem:21.67M (Peak 27.20M) | Time:00:00.05 | Mem:0.00M, Peak:0.00M | Scene, ViewLayer | Waiting for render to start
Fra:1 Mem:21.67M (Peak 27.20M) | Time:00:00.05 | Mem:0.00M, Peak:0.00M | Scene, ViewLayer | Loading render kernels (may take a few minutes the first time)
Fra:1 Mem:21.67M (Peak 27.20M) | Time:00:00.05 | Mem:0.00M, Peak:0.00M | Scene, ViewLayer | Updating Scene
Fra:1 Mem:21.67M (Peak 27.20M) | Time:00:00.05 | Mem:0.00M, Peak:0.00M | Scene, ViewLayer | Updating Shaders
Fra:1 Mem:21.77M (Peak 27.20M) | Time:00:00.05 | Mem:0.02M, Peak:0.02M | Scene, ViewLayer | Updating Procedurals
Fra:1 Mem:21.77M (Peak 27.20M) | Time:00:00.05 | Mem:0.02M, Peak:0.02M | Scene, ViewLayer | Updating Background
Fra:1 Mem:21.77M (Peak 27.20M) | Time:00:00.05 | Mem:0.02M, Peak:0.02M | Scene, ViewLayer | Updating Camera
Fra:1 Mem:21.77M (Peak 27.20M) | Time:00:00.05 | Mem:0.02M, Peak:0.02M | Scene, ViewLayer | Updating Meshes Flags
Fra:1 Mem:21.77M (Peak 27.20M) | Time:00:00.05 | Mem:0.02M, Peak:0.02M | Scene, ViewLayer | Updating Objects
Fra:1 Mem:21.77M (Peak 27.20M) | Time:00:00.05 | Mem:0.02M, Peak:0.02M | Scene, ViewLayer | Updating Objects | Copying Transformations to device
Fra:1 Mem:21.78M (Peak 27.20M) | Time:00:00.05 | Mem:0.04M, Peak:0.04M | Scene, ViewLayer | Updating Objects | Applying Static Transformations
Fra:1 Mem:21.78M (Peak 27.20M) | Time:00:00.05 | Mem:0.04M, Peak:0.04M | Scene, ViewLayer | Updating Particle Systems
Fra:1 Mem:21.78M (Peak 27.20M) | Time:00:00.05 | Mem:0.04M, Peak:0.04M | Scene, ViewLayer | Updating Particle Systems | Copying Particles to device
Fra:1 Mem:21.78M (Peak 27.20M) | Time:00:00.05 | Mem:0.04M, Peak:0.04M | Scene, ViewLayer | Updating Meshes
Fra:1 Mem:21.89M (Peak 27.20M) | Time:00:00.05 | Mem:0.04M, Peak:0.04M | Scene, ViewLayer | Updating Mesh | Computing attributes
Fra:1 Mem:22.15M (Peak 27.20M) | Time:00:00.05 | Mem:0.04M, Peak:0.04M | Scene, ViewLayer | Updating Mesh | Copying Attributes to device
Fra:1 Mem:22.14M (Peak 27.20M) | Time:00:00.05 | Mem:0.28M, Peak:0.28M | Scene, ViewLayer | Updating Scene BVH | Building
Fra:1 Mem:22.14M (Peak 27.20M) | Time:00:00.05 | Mem:0.28M, Peak:0.28M | Scene, ViewLayer | Updating Scene BVH | Building BVH
Fra:1 Mem:22.14M (Peak 27.20M) | Time:00:00.05 | Mem:0.50M, Peak:0.50M | Scene, ViewLayer | Updating Scene BVH | Building BVH 0%
Fra:1 Mem:22.14M (Peak 27.20M) | Time:00:00.05 | Mem:0.76M, Peak:0.98M | Scene, ViewLayer | Updating Scene BVH | Copying BVH to device
Fra:1 Mem:22.14M (Peak 27.20M) | Time:00:00.05 | Mem:0.76M, Peak:0.98M | Scene, ViewLayer | Updating Mesh | Computing normals
Fra:1 Mem:22.92M (Peak 27.20M) | Time:00:00.06 | Mem:0.76M, Peak:0.98M | Scene, ViewLayer | Updating Mesh | Copying Mesh to device
Fra:1 Mem:22.92M (Peak 27.20M) | Time:00:00.06 | Mem:1.54M, Peak:1.54M | Scene, ViewLayer | Updating Objects Flags
Fra:1 Mem:22.92M (Peak 27.20M) | Time:00:00.06 | Mem:1.54M, Peak:1.54M | Scene, ViewLayer | Updating Primitive Offsets
Fra:1 Mem:22.92M (Peak 27.20M) | Time:00:00.06 | Mem:1.54M, Peak:1.54M | Scene, ViewLayer | Updating Images
Fra:1 Mem:22.92M (Peak 27.20M) | Time:00:00.06 | Mem:1.54M, Peak:1.54M | Scene, ViewLayer | Updating Camera Volume
Fra:1 Mem:22.92M (Peak 27.20M) | Time:00:00.06 | Mem:1.54M, Peak:1.54M | Scene, ViewLayer | Updating Lookup Tables
Fra:1 Mem:22.92M (Peak 27.20M) | Time:00:00.06 | Mem:1.63M, Peak:1.63M | Scene, ViewLayer | Updating Lights
Fra:1 Mem:22.93M (Peak 27.20M) | Time:00:00.06 | Mem:1.63M, Peak:1.63M | Scene, ViewLayer | Updating Lights | Computing tree
Fra:1 Mem:22.93M (Peak 27.20M) | Time:00:00.06 | Mem:1.63M, Peak:1.63M | Scene, ViewLayer | Updating Integrator
Fra:1 Mem:22.93M (Peak 27.20M) | Time:00:00.06 | Mem:1.63M, Peak:1.63M | Scene, ViewLayer | Updating Film
Fra:1 Mem:22.93M (Peak 27.20M) | Time:00:00.06 | Mem:1.55M, Peak:1.63M | Scene, ViewLayer | Updating Lookup Tables
Fra:1 Mem:22.93M (Peak 27.20M) | Time:00:00.06 | Mem:1.63M, Peak:1.63M | Scene, ViewLayer | Updating Baking
Fra:1 Mem:22.93M (Peak 27.20M) | Time:00:00.06 | Mem:1.63M, Peak:1.63M | Scene, ViewLayer | Updating Device | Writing constant memory
Fra:1 Mem:22.93M (Peak 27.20M) | Time:00:00.06 | Mem:1.63M, Peak:1.63M | Scene, ViewLayer | Sample 0/32
Fra:1 Mem:36.12M (Peak 36.12M) | Time:00:00.48 | Remaining:00:13.01 | Mem:14.82M, Peak:14.82M | Scene, ViewLayer | Sample 1/32
Fra:1 Mem:41.98M (Peak 53.70M) | Time:00:12.85 | Mem:14.82M, Peak:14.82M | Scene, ViewLayer | Sample 32/32
Fra:1 Mem:41.98M (Peak 53.70M) | Time:00:12.85 | Mem:14.82M, Peak:14.82M | Scene, ViewLayer | Finished
Saved: '/workspace/scratch/7c20b5ba4165/atlas-stage2-recovery/tools/assets/canada-line-stage2/qa/previews/two-car-consist.png'
Time: 00:13.33 (Saving: 00:00.48)

