npm warn Unknown env config "http-proxy". This will stop working in the next major version of npm.

> vancouver-living-atlas@0.1.0 build:firebase
> VANCOUVER_STATIC_EXPORT=1 vinext build && node tools/verify-firebase-build.mjs


  vinext build  (Vite 8.2.2)

[33m▲ [43;33m[[43;30mWARNING[43;33m][0m [1mProxy environment variables detected. We'll use your proxy for fetch requests.[0m


[1/5] analyze client references...
transforming...
✓ 239 modules transformed.
rendering chunks...
✓ built in 1m 14s
[33m[PLUGIN_TIMINGS] [0mPlugin hooks ran for 73.4s of this 73.6s build (100%).
The slowest hooks, timed inside each callback (the wait before a callback starts is excluded, the time it awaits is included):
  - vinext:google-fonts transform (90%, 66.1s, 2 calls)
  - vite:css transform (9%, 6.6s, 1 call)
Additional hook time came from the hooks below and from hooks under 1s.
6 hooks are listed without a time. Their calls overlapped, so the time inside one call includes work from other calls. To find their cost, profile the build with `node --cpu-prof`:
  - rsc:virtual-client-package resolveId (792 calls)
  - vinext:og-inline-fetch-assets resolveId (824 calls)
  - alias resolveId (892 calls)
  … and 3 more
See https://rolldown.rs/reference/InputOptions.checks#plugintimings for more details.

[2/5] analyze server references...
transforming...
✓ 671 modules transformed.
rendering chunks...
✓ built in 11.92s
[3/5] build rsc environment...
transforming...
✓ 230 modules transformed.
rendering chunks...
computing gzip size...
✓ built in 8.45s
[4/5] build client environment...
transforming...
✓ 2404 modules transformed.
rendering chunks...
computing gzip size...
[plugin builtin:vite-reporter] 
(!) Some chunks are larger than 500 kB after minification. Consider:
- Using dynamic import() to code-split the application
- Use build.rolldownOptions.output.codeSplitting to improve chunking: https://rolldown.rs/reference/OutputOptions.codeSplitting
- Adjust chunk size limit for this warning via build.chunkSizeWarningLimit.
✓ built in 10.80s
[5/5] build ssr environment...
transforming...
✓ 636 modules transformed.
rendering chunks...
computing gzip size...
✓ built in 4.31s
[33m[PLUGIN_TIMINGS] [0mPlugin hooks ran for 2.8s of this 4.3s build (67%).
2 hooks are listed without a time. Their calls overlapped, so the time inside one call includes work from other calls. To find their cost, profile the build with `node --cpu-prof`:
  - vinext:og-inline-fetch-assets resolveId (1941 calls)
  - alias resolveId (2291 calls)
See https://rolldown.rs/reference/InputOptions.checks#plugintimings for more details.

[0m  Pre-rendering all routes (output: 'export')...
[vinext] Production server for prerendering running at http://127.0.0.1:45199
  Prerendered 2 routes (0 skipped).
  Discovered 1 CDN warmup path(s).
[0m
  Route (app)
  ─ ○ /

  ○ Static

  ○ Routes marked static were confirmed by speculative prerender (attempted render
    succeeded without dynamic API usage).

  Build complete. Run `vinext start` to start the production server.

Emitted landmark worker verified: initializes without Window/DOM and handles protocol messages.
Firebase static build verified: English HTML, ten-language UI and geographic assets.
Blender delivery isolation verified: { adoptedFiles: 19, protectedCandidateHashes: 176 }
City-life runtime adoption verified: {
  status: 'pass',
  adoptedFiles: 8,
  protectedSourceHashes: 41,
  emittedFiles: 101,
  browserNetwork: 'separate WebGL acceptance required'
}
npm notice
npm notice New major version of npm available! 11.9.0 -> 12.2.0
npm notice Changelog: https://github.com/npm/cli/releases/tag/v12.2.0
npm notice To update run: npm install -g npm@12.2.0
npm notice
