npm warn Unknown env config "http-proxy". This will stop working in the next major version of npm.

> vancouver-living-atlas@0.1.0 lint
> oxlint

tools/assets/ground-planting-details/source_selection.mjs:37:8: error eslint(no-unused-vars): Variable 'residentialOverlap' is declared but never used. Unused variables should start with a '_'. help: Consider removing this declaration.
tools/assets/ground-planting-details/source_selection.mjs:30:78: error eslint(prefer-const): `p` is never reassigned. help: Use `const` instead.
tools/causeway-cpu.mjs:31:9: error next(no-assign-module-variable): Do not assign to the variable `module`. help: See https://nextjs.org/docs/messages/no-assign-module-variable
tools/causeway-cpu.mjs:99:5: error next(no-assign-module-variable): Do not assign to the variable `module`. help: See https://nextjs.org/docs/messages/no-assign-module-variable
lib/city/ground-harmonization-scopes.ts:21:50: error eslint(no-loss-of-precision): This number literal will lose precision at runtime. help: Use a number literal representable by a 64-bit floating-point number, or use a `BigInt` literal (for example, `9007199254740993n`) for exact large integers.
lib/city/ground-harmonization-scopes.ts:25:50: error eslint(no-loss-of-precision): This number literal will lose precision at runtime. help: Use a number literal representable by a 64-bit floating-point number, or use a `BigInt` literal (for example, `9007199254740993n`) for exact large integers.
tests/architecture-expansion-candidate.test.mjs:15:31: error eslint(no-unused-vars): Variable 'ARCHITECTURE_BUDGET' is declared but never used. Unused variables should start with a '_'. help: Consider removing this declaration.
tests/architecture-expansion-candidate.test.mjs:21:3: error eslint(no-unused-vars): Variable 'extractArchitectureCandidate' is declared but never used. Unused variables should start with a '_'. help: Consider removing this declaration.
lib/city/types.ts:6:42: error typescript(no-explicit-any): Unexpected `any`. Specify a different type. help: Use `unknown` instead, this will force you to explicitly, and safely, assert the type is correct.
lib/city/types.ts:7:30: error typescript(no-explicit-any): Unexpected `any`. Specify a different type. help: Use `unknown` instead, this will force you to explicitly, and safely, assert the type is correct.
lib/city/types.ts:13:18: error typescript(no-explicit-any): Unexpected `any`. Specify a different type. help: Use `unknown` instead, this will force you to explicitly, and safely, assert the type is correct.
lib/city/orbit-lifecycle.ts:44:26: error eslint(no-self-assign): this expression is assigned to itself help: Remove the self-assignment or assign to a different variable.
lib/city/gpu-landmark-warmup.ts:209:24: error unicorn(no-useless-spread): Using a spread operator here creates a new array unnecessarily. help: `for…of` can iterate over iterable, it's unnecessary to convert to an array.
lib/city/engine.ts:78:37: error eslint(no-unused-vars): Identifier 'lines' is imported but never used. help: Consider removing this import.
lib/city/engine.ts:82:8: error eslint(no-unused-vars): Type 'FeatureCollection' is imported but never used. help: Consider removing this import.
lib/city/engine.ts:186:24: error typescript(no-explicit-any): Unexpected `any`. Specify a different type. help: Use `unknown` instead, this will force you to explicitly, and safely, assert the type is correct.
lib/city/landmarks.ts:19:19: error eslint(no-unused-vars): Identifier 'hash' is imported but never used. help: Consider removing this import.
lib/city/landmarks.ts:312:15: error eslint(prefer-const): `y` is never reassigned. help: Use `const` instead.
lib/city/bridges.ts:2:10: error eslint(no-unused-vars): Identifier 'mergeGeometries' is imported but never used. help: Consider removing this import.
lib/city/context.ts:46:60: error typescript(no-explicit-any): Unexpected `any`. Specify a different type. help: Use `unknown` instead, this will force you to explicitly, and safely, assert the type is correct.
lib/city/environment.ts:44:11: error typescript(no-explicit-any): Unexpected `any`. Specify a different type. help: Use `unknown` instead, this will force you to explicitly, and safely, assert the type is correct.
lib/city/streetfronts.ts:118:11: error eslint(prefer-const): `area` is never reassigned. help: Use `const` instead.
lib/city/streetfronts.ts:635:31: error typescript(no-explicit-any): Unexpected `any`. Specify a different type. help: Use `unknown` instead, this will force you to explicitly, and safely, assert the type is correct.
lib/city/beach-amenities.ts:284:11: error typescript(no-explicit-any): Unexpected `any`. Specify a different type. help: Use `unknown` instead, this will force you to explicitly, and safely, assert the type is correct.
lib/city/ssao-resources.ts:22:28: error unicorn(no-useless-spread): Using a spread operator here creates a new array unnecessarily. help: `for…of` can iterate over iterable, it's unnecessary to convert to an array.
lib/city/road-surfaces.ts:1:13: error eslint(no-unused-vars): Identifier 'THREE' is imported but never used. help: Consider removing this import.
lib/city/placement.ts:3:10: error eslint(no-unused-vars): Identifier 'lines' is imported but never used. help: Consider removing this import.
lib/city/placement.ts:3:17: error eslint(no-unused-vars): Identifier 'project' is imported but never used. help: Consider removing this import.
lib/city/placement.ts:52:16: error typescript(no-explicit-any): Unexpected `any`. Specify a different type. help: Use `unknown` instead, this will force you to explicitly, and safely, assert the type is correct.
lib/city/placement.ts:57:19: error typescript(no-explicit-any): Unexpected `any`. Specify a different type. help: Use `unknown` instead, this will force you to explicitly, and safely, assert the type is correct.
lib/city/placement.ts:64:46: error typescript(no-explicit-any): Unexpected `any`. Specify a different type. help: Use `unknown` instead, this will force you to explicitly, and safely, assert the type is correct.
lib/city/navigation.ts:790:56: error typescript(no-explicit-any): Unexpected `any`. Specify a different type. help: Use `unknown` instead, this will force you to explicitly, and safely, assert the type is correct.
lib/city/causeway-geometry.ts:309:9: error unicorn(prefer-string-starts-ends-with): Prefer String#endsWith over a regex with a dollar sign. help: Replace `/south-park-access$/.test(routeId)` with `routeId.endsWith('south-park-access')`.
lib/city/causeway-geometry.ts:409:13: error eslint(prefer-const): `p` is never reassigned. help: Use `const` instead.
lib/city/assets/convention-entry.ts:70:26: error unicorn(no-useless-spread): Using a spread operator here creates a new array unnecessarily. help: `for…of` can iterate over iterable, it's unnecessary to convert to an array.
lib/city/causeway.ts:35:51: error typescript(no-explicit-any): Unexpected `any`. Specify a different type. help: Use `unknown` instead, this will force you to explicitly, and safely, assert the type is correct.
lib/city/assets/facade-surface.ts:24:7: error eslint(no-unused-vars): Variable 'len' is declared but never used. Unused variables should start with a '_'. help: Consider removing this declaration.
lib/city/assets/secondary-landmarks.ts:1016:13: error eslint(no-unused-vars): Variable 'middle' is declared but never used. Unused variables should start with a '_'. help: Consider removing this declaration.
lib/city/interiors.ts:266:19: error typescript(no-explicit-any): Unexpected `any`. Specify a different type. help: Use `unknown` instead, this will force you to explicitly, and safely, assert the type is correct.
tests/surface-reachability.test.mjs:4:25: error eslint(no-unused-vars): Identifier 'pathToFileURL' is imported but never used. help: Consider removing this import.
tools/audit-ground-harmonization.mjs:29:7: error eslint(no-unused-vars): Variable 'pathBefore' is declared but never used. Unused variables should start with a '_'. help: Consider removing this declaration.
tools/audit-ground-harmonization.mjs:25:54: error eslint(no-loss-of-precision): This number literal will lose precision at runtime. help: Use a number literal representable by a 64-bit floating-point number, or use a `BigInt` literal (for example, `9007199254740993n`) for exact large integers.
tools/audit-ground-harmonization.mjs:62:208: error eslint(prefer-const): `points` is never reassigned. help: Use `const` instead.
lib/city/release-qa-observer.ts:177:5: error eslint(prefer-const): `lastPosition` is never reassigned. help: Use `const` instead.
tests/beach-integration.test.mjs:28:5: error eslint(prefer-const): `metrics` is never reassigned. help: Use `const` instead.
lib/city/modern-bay-qa.ts:69:59: error typescript(no-explicit-any): Unexpected `any`. Specify a different type. help: Use `unknown` instead, this will force you to explicitly, and safely, assert the type is correct.
tests/causeway-profile.test.mjs:121:7: error eslint(no-unused-vars): Variable 'b' is declared but never used. Unused variables should start with a '_'. help: Consider removing this declaration.
components/ui/input-group.tsx:15:7: error jsx-a11y(prefer-tag-over-role): Prefer `address, details, fieldset, hgroup, optgroup` over `role` attribute `group`. help: Replace HTML elements with `role` attribute `group` to corresponding semantic HTML tag `address, details, fieldset, hgroup, optgroup`.
components/ui/input-group.tsx:52:5: error jsx-a11y(click-events-have-key-events): Enforce a clickable non-interactive element has at least one keyboard event listener. help: Visible, non-interactive elements with click handlers must have one of `keyup`, `keydown`, or `keypress` listener.
components/ui/input-group.tsx:52:6: error jsx-a11y(no-noninteractive-element-interactions): Non-interactive elements should not be assigned mouse or keyboard event listeners. help: Move the handler to an interactive element, or use an appropriate interactive role.
components/ui/input-group.tsx:53:7: error jsx-a11y(prefer-tag-over-role): Prefer `address, details, fieldset, hgroup, optgroup` over `role` attribute `group`. help: Replace HTML elements with `role` attribute `group` to corresponding semantic HTML tag `address, details, fieldset, hgroup, optgroup`.
tests/surface-meshing.test.mjs:70:24: error eslint(no-unused-vars): Parameter 'y' is declared but never used. Unused parameters should start with a '_'. help: Consider removing this parameter.
tools/beaches/export-base.mjs:2:9: error eslint(no-unused-vars): Identifier 'pathToFileURL' is imported but never used. help: Consider removing this import.
components/travel-joystick.tsx:36:28: error react-hooks(exhaustive-deps): React Hook useEffect has a missing dependency: 'reset' help: Either include it or remove the dependency array.
components/travel-joystick.tsx:57:8: error jsx-a11y(no-noninteractive-element-interactions): Non-interactive elements should not be assigned mouse or keyboard event listeners. help: Move the handler to an interactive element, or use an appropriate interactive role.
components/travel-joystick.tsx:61:9: error jsx-a11y(no-noninteractive-tabindex): `tabIndex` should only be declared on interactive elements. help: The `tabIndex` attribute should be removed.
components/travel-joystick.tsx:60:9: error jsx-a11y(prefer-tag-over-role): Prefer `address, details, fieldset, hgroup, optgroup` over `role` attribute `group`. help: Replace HTML elements with `role` attribute `group` to corresponding semantic HTML tag `address, details, fieldset, hgroup, optgroup`.
components/ui/button-group.tsx:32:7: error jsx-a11y(prefer-tag-over-role): Prefer `address, details, fieldset, hgroup, optgroup` over `role` attribute `group`. help: Replace HTML elements with `role` attribute `group` to corresponding semantic HTML tag `address, details, fieldset, hgroup, optgroup`.
components/ui/pagination.tsx:58:9: error jsx-a11y(anchor-has-content): Missing accessible content when using `a` elements. help: Provide screen reader accessible content when using `a` elements.
tests/ssao-quality.test.mjs:80:14: error eslint(no-unused-vars): Variable 'blur' is declared but never used. Unused variables should start with a '_'. help: Consider removing this declaration.
components/ui/breadcrumb.tsx:66:7: error jsx-a11y(prefer-tag-over-role): Prefer `a, area` over `role` attribute `link`. help: Replace HTML elements with `role` attribute `link` to corresponding semantic HTML tag `a, area`.
tools/audit-park-paths.mjs:4:13: error eslint(no-unused-vars): Variable 'THREE' is declared but never used. Unused variables should start with a '_'. help: Consider removing this declaration.
tests/road-lowering.test.mjs:3:13: error eslint(no-unused-vars): Identifier 'THREE' is imported but never used. help: Consider removing this import.
tests/road-lowering.test.mjs:10:60: error eslint(no-unused-vars): Variable 'G' is declared but never used. Unused variables should start with a '_'. help: Consider removing this declaration.
components/ui/input-otp.tsx:78:7: error jsx-a11y(prefer-tag-over-role): Prefer `hr` over `role` attribute `separator`. help: Replace HTML elements with `role` attribute `separator` to corresponding semantic HTML tag `hr`.
components/ui/carousel.tsx:98:5: error react(react-compiler): EffectSetState: Calling setState synchronously within an effect can trigger cascading renders help: Effects are intended to synchronize state between React and external systems such as manually updating the DOM, state management libraries, or other platform APIs. In general, the body of an effect should do one or both of the following: * Update external systems with the latest state from React. * Subscribe for updates from some external system, calling setState in a callback function when external state changes. Calling setState synchronously within an effect body causes cascading renders that can hurt performance, and is not recommended. (https://react.dev/learn/you-might-not-need-an-effect)
components/ui/carousel.tsx:124:9: error jsx-a11y(prefer-tag-over-role): Prefer `section` over `role` attribute `region`. help: Replace HTML elements with `role` attribute `region` to corresponding semantic HTML tag `section`.
components/ui/carousel.tsx:161:7: error jsx-a11y(prefer-tag-over-role): Prefer `address, details, fieldset, hgroup, optgroup` over `role` attribute `group`. help: Replace HTML elements with `role` attribute `group` to corresponding semantic HTML tag `address, details, fieldset, hgroup, optgroup`.
components/light-lab-panel.tsx:23:3: error eslint(no-unused-vars): Identifier 'LIGHT_LAB_PATH' is imported but never used. help: Consider removing this import.
components/light-lab-panel.tsx:96:7: error react(react-compiler): EffectSetState: Calling setState synchronously within an effect can trigger cascading renders help: Effects are intended to synchronize state between React and external systems such as manually updating the DOM, state management libraries, or other platform APIs. In general, the body of an effect should do one or both of the following: * Update external systems with the latest state from React. * Subscribe for updates from some external system, calling setState in a callback function when external state changes. Calling setState synchronously within an effect body causes cascading renders that can hurt performance, and is not recommended. (https://react.dev/learn/you-might-not-need-an-effect)
components/light-lab-panel.tsx:113:5: error react(react-compiler): EffectSetState: Calling setState synchronously within an effect can trigger cascading renders help: Effects are intended to synchronize state between React and external systems such as manually updating the DOM, state management libraries, or other platform APIs. In general, the body of an effect should do one or both of the following: * Update external systems with the latest state from React. * Subscribe for updates from some external system, calling setState in a callback function when external state changes. Calling setState synchronously within an effect body causes cascading renders that can hurt performance, and is not recommended. (https://react.dev/learn/you-might-not-need-an-effect)
components/light-lab-panel.tsx:151:7: error react(react-compiler): EffectSetState: Calling setState synchronously within an effect can trigger cascading renders help: Effects are intended to synchronize state between React and external systems such as manually updating the DOM, state management libraries, or other platform APIs. In general, the body of an effect should do one or both of the following: * Update external systems with the latest state from React. * Subscribe for updates from some external system, calling setState in a callback function when external state changes. Calling setState synchronously within an effect body causes cascading renders that can hurt performance, and is not recommended. (https://react.dev/learn/you-might-not-need-an-effect)
components/light-lab-panel.tsx:263:5: error react(react-compiler): Immutability: This value cannot be modified help: Modifying component props or hook arguments is not allowed. Consider using a local variable instead
components/light-lab-panel.tsx:357:55: error react(react-compiler): Immutability: Cannot modify local variables after render completes help: This argument is a function which may reassign or mutate `city` after render, which can cause inconsistent behavior on subsequent renders. Consider using state instead
components/light-lab-panel.tsx:460:48: error jsx-a11y(prefer-tag-over-role): Prefer `output` over `role` attribute `status`. help: Replace HTML elements with `role` attribute `status` to corresponding semantic HTML tag `output`.
components/light-lab-panel.tsx:528:61: error jsx-a11y(prefer-tag-over-role): Prefer `output` over `role` attribute `status`. help: Replace HTML elements with `role` attribute `status` to corresponding semantic HTML tag `output`.
hooks/use-mobile.ts:16:5: error react(react-compiler): EffectSetState: Calling setState synchronously within an effect can trigger cascading renders help: Effects are intended to synchronize state between React and external systems such as manually updating the DOM, state management libraries, or other platform APIs. In general, the body of an effect should do one or both of the following: * Update external systems with the latest state from React. * Subscribe for updates from some external system, calling setState in a callback function when external state changes. Calling setState synchronously within an effect body causes cascading renders that can hurt performance, and is not recommended. (https://react.dev/learn/you-might-not-need-an-effect)
components/ui/spinner.tsx:8:7: error jsx-a11y(prefer-tag-over-role): Prefer `output` over `role` attribute `status`. help: Replace HTML elements with `role` attribute `status` to corresponding semantic HTML tag `output`.
tests/interiors.test.mjs:191:5: error unicorn(no-useless-spread): Using a spread operator here creates a new array unnecessarily. help: Pass arguments directly instead of spreading an array.
tests/discovery.test.mjs:108:7: error eslint(prefer-const): `status` is never reassigned. help: Use `const` instead.
components/ui/label.tsx:9:5: error jsx-a11y(label-has-associated-control): A form label must be associated with a control. help: Either give the label a `htmlFor` attribute with the id of the associated control, or wrap the label around the control.
tests/placement.test.mjs:40:18: error eslint(no-unused-vars): Parameter 'z' is declared but never used. Unused parameters should start with a '_'. help: Consider removing this parameter.
tests/placement.test.mjs:91:26: error eslint(no-unused-vars): Parameter 'z' is declared but never used. Unused parameters should start with a '_'. help: Consider removing this parameter.
components/ui/field.tsx:79:7: error jsx-a11y(prefer-tag-over-role): Prefer `address, details, fieldset, hgroup, optgroup` over `role` attribute `group`. help: Replace HTML elements with `role` attribute `group` to corresponding semantic HTML tag `address, details, fieldset, hgroup, optgroup`.
components/discovery-panel.tsx:282:7: error react(react-compiler): EffectSetState: Calling setState synchronously within an effect can trigger cascading renders help: Effects are intended to synchronize state between React and external systems such as manually updating the DOM, state management libraries, or other platform APIs. In general, the body of an effect should do one or both of the following: * Update external systems with the latest state from React. * Subscribe for updates from some external system, calling setState in a callback function when external state changes. Calling setState synchronously within an effect body causes cascading renders that can hurt performance, and is not recommended. (https://react.dev/learn/you-might-not-need-an-effect)
components/discovery-panel.tsx:333:7: error react(react-compiler): EffectSetState: Calling setState synchronously within an effect can trigger cascading renders help: Effects are intended to synchronize state between React and external systems such as manually updating the DOM, state management libraries, or other platform APIs. In general, the body of an effect should do one or both of the following: * Update external systems with the latest state from React. * Subscribe for updates from some external system, calling setState in a callback function when external state changes. Calling setState synchronously within an effect body causes cascading renders that can hurt performance, and is not recommended. (https://react.dev/learn/you-might-not-need-an-effect)
components/discovery-panel.tsx:623:33: error jsx-a11y(prefer-tag-over-role): Prefer `output` over `role` attribute `status`. help: Replace HTML elements with `role` attribute `status` to corresponding semantic HTML tag `output`.
next.config.ts:4:3: error unicorn(no-useless-spread): Using a spread operator here creates a new object unnecessarily. help: This expression returns a new object. Spreading it into an object expression to create a new object is redundant.
lib/city/causeway-qa.ts:102:11: error typescript(no-explicit-any): Unexpected `any`. Specify a different type. help: Use `unknown` instead, this will force you to explicitly, and safely, assert the type is correct.
lib/city/visual-qa.ts:384:13: error typescript(no-explicit-any): Unexpected `any`. Specify a different type. help: Use `unknown` instead, this will force you to explicitly, and safely, assert the type is correct.
tests/harbour.test.mjs:16:9: error eslint(no-unused-vars): Variable 'HarbourPath' is declared but never used. Unused variables should start with a '_'. help: Consider removing this declaration.
tests/i18n.test.mjs:37:7: error next(no-assign-module-variable): Do not assign to the variable `module`. help: See https://nextjs.org/docs/messages/no-assign-module-variable
components/ui/item.tsx:12:7: error jsx-a11y(prefer-tag-over-role): Prefer `menu, ol, ul` over `role` attribute `list`. help: Replace HTML elements with `role` attribute `list` to corresponding semantic HTML tag `menu, ol, ul`.
app/page.tsx:179:7: error react(react-compiler): EffectSetState: Calling setState synchronously within an effect can trigger cascading renders help: Effects are intended to synchronize state between React and external systems such as manually updating the DOM, state management libraries, or other platform APIs. In general, the body of an effect should do one or both of the following: * Update external systems with the latest state from React. * Subscribe for updates from some external system, calling setState in a callback function when external state changes. Calling setState synchronously within an effect body causes cascading renders that can hurt performance, and is not recommended. (https://react.dev/learn/you-might-not-need-an-effect)
app/page.tsx:200:5: error react(react-compiler): EffectSetState: Calling setState synchronously within an effect can trigger cascading renders help: Effects are intended to synchronize state between React and external systems such as manually updating the DOM, state management libraries, or other platform APIs. In general, the body of an effect should do one or both of the following: * Update external systems with the latest state from React. * Subscribe for updates from some external system, calling setState in a callback function when external state changes. Calling setState synchronously within an effect body causes cascading renders that can hurt performance, and is not recommended. (https://react.dev/learn/you-might-not-need-an-effect)
app/page.tsx:243:5: error react(react-compiler): EffectSetState: Calling setState synchronously within an effect can trigger cascading renders help: Effects are intended to synchronize state between React and external systems such as manually updating the DOM, state management libraries, or other platform APIs. In general, the body of an effect should do one or both of the following: * Update external systems with the latest state from React. * Subscribe for updates from some external system, calling setState in a callback function when external state changes. Calling setState synchronously within an effect body causes cascading renders that can hurt performance, and is not recommended. (https://react.dev/learn/you-might-not-need-an-effect)
app/page.tsx:380:5: error react(react-compiler): EffectSetState: Calling setState synchronously within an effect can trigger cascading renders help: Effects are intended to synchronize state between React and external systems such as manually updating the DOM, state management libraries, or other platform APIs. In general, the body of an effect should do one or both of the following: * Update external systems with the latest state from React. * Subscribe for updates from some external system, calling setState in a callback function when external state changes. Calling setState synchronously within an effect body causes cascading renders that can hurt performance, and is not recommended. (https://react.dev/learn/you-might-not-need-an-effect)
app/page.tsx:353:5: error react(react-compiler): Immutability: This value cannot be modified help: Modifying a value previously passed as an argument to a hook is not allowed. Consider moving the modification before calling the hook
app/page.tsx:160:3: error react(react-compiler): Refs: Cannot access refs during render help: React refs are values that are not needed for rendering. Refs should only be accessed outside of render, such as in event handlers or effects. Accessing a ref value (the `current` property) during render can cause your component not to update as expected (https://react.dev/reference/react/useRef)
app/page.tsx:234:3: error react(react-compiler): Refs: Cannot access refs during render help: React refs are values that are not needed for rendering. Refs should only be accessed outside of render, such as in event handlers or effects. Accessing a ref value (the `current` property) during render can cause your component not to update as expected (https://react.dev/reference/react/useRef)
app/page.tsx:680:15: error react(react-compiler): Refs: Cannot access refs during render help: React refs are values that are not needed for rendering. Refs should only be accessed outside of render, such as in event handlers or effects. Accessing a ref value (the `current` property) during render can cause your component not to update as expected (https://react.dev/reference/react/useRef)
app/page.tsx:698:21: error react(react-compiler): Refs: Cannot access refs during render help: React refs are values that are not needed for rendering. Refs should only be accessed outside of render, such as in event handlers or effects. Accessing a ref value (the `current` property) during render can cause your component not to update as expected (https://react.dev/reference/react/useRef)
app/page.tsx:698:21: error react(react-compiler): Refs: Cannot access refs during render help: React refs are values that are not needed for rendering. Refs should only be accessed outside of render, such as in event handlers or effects. Accessing a ref value (the `current` property) during render can cause your component not to update as expected (https://react.dev/reference/react/useRef)
app/page.tsx:698:21: error react(react-compiler): Refs: Cannot access refs during render help: React refs are values that are not needed for rendering. Refs should only be accessed outside of render, such as in event handlers or effects. Accessing a ref value (the `current` property) during render can cause your component not to update as expected (https://react.dev/reference/react/useRef)
app/page.tsx:1302:20: error react(react-compiler): Refs: Cannot access refs during render help: React refs are values that are not needed for rendering. Refs should only be accessed outside of render, such as in event handlers or effects. Accessing a ref value (the `current` property) during render can cause your component not to update as expected (https://react.dev/reference/react/useRef)
app/page.tsx:1737:12: error react(react-compiler): Refs: Cannot access refs during render help: React refs are values that are not needed for rendering. Refs should only be accessed outside of render, such as in event handlers or effects. Accessing a ref value (the `current` property) during render can cause your component not to update as expected (https://react.dev/reference/react/useRef)
app/page.tsx:1737:12: error react(react-compiler): Refs: Cannot access refs during render help: React refs are values that are not needed for rendering. Refs should only be accessed outside of render, such as in event handlers or effects. Accessing a ref value (the `current` property) during render can cause your component not to update as expected (https://react.dev/reference/react/useRef)
app/page.tsx:1737:12: error react(react-compiler): Refs: Cannot access refs during render help: React refs are values that are not needed for rendering. Refs should only be accessed outside of render, such as in event handlers or effects. Accessing a ref value (the `current` property) during render can cause your component not to update as expected (https://react.dev/reference/react/useRef)
app/page.tsx:623:7: error react(react-compiler): Refs: Cannot access refs during render help: React refs are values that are not needed for rendering. Refs should only be accessed outside of render, such as in event handlers or effects. Accessing a ref value (the `current` property) during render can cause your component not to update as expected (https://react.dev/reference/react/useRef)
app/page.tsx:623:7: error react(react-compiler): Refs: Cannot access refs during render help: React refs are values that are not needed for rendering. Refs should only be accessed outside of render, such as in event handlers or effects. Accessing a ref value (the `current` property) during render can cause your component not to update as expected (https://react.dev/reference/react/useRef)
app/page.tsx:623:7: error react(react-compiler): Refs: Cannot access refs during render help: React refs are values that are not needed for rendering. Refs should only be accessed outside of render, such as in event handlers or effects. Accessing a ref value (the `current` property) during render can cause your component not to update as expected (https://react.dev/reference/react/useRef)
app/page.tsx:623:7: error react(react-compiler): Refs: Cannot access refs during render help: React refs are values that are not needed for rendering. Refs should only be accessed outside of render, such as in event handlers or effects. Accessing a ref value (the `current` property) during render can cause your component not to update as expected (https://react.dev/reference/react/useRef)
app/page.tsx:623:7: error react(react-compiler): Refs: Cannot access refs during render help: React refs are values that are not needed for rendering. Refs should only be accessed outside of render, such as in event handlers or effects. Accessing a ref value (the `current` property) during render can cause your component not to update as expected (https://react.dev/reference/react/useRef)
app/page.tsx:428:62: error typescript(no-explicit-any): Unexpected `any`. Specify a different type. help: Use `unknown` instead, this will force you to explicitly, and safely, assert the type is correct.
app/page.tsx:432:29: error typescript(no-explicit-any): Unexpected `any`. Specify a different type. help: Use `unknown` instead, this will force you to explicitly, and safely, assert the type is correct.
app/page.tsx:672:14: error jsx-a11y(prefer-tag-over-role): Prefer `output` over `role` attribute `status`. help: Replace HTML elements with `role` attribute `status` to corresponding semantic HTML tag `output`.
app/page.tsx:846:21: error jsx-a11y(prefer-tag-over-role): Prefer `address, details, fieldset, hgroup, optgroup` over `role` attribute `group`. help: Replace HTML elements with `role` attribute `group` to corresponding semantic HTML tag `address, details, fieldset, hgroup, optgroup`.
app/page.tsx:867:23: error jsx-a11y(prefer-tag-over-role): Prefer `address, details, fieldset, hgroup, optgroup` over `role` attribute `group`. help: Replace HTML elements with `role` attribute `group` to corresponding semantic HTML tag `address, details, fieldset, hgroup, optgroup`.
app/page.tsx:923:15: error jsx-a11y(prefer-tag-over-role): Prefer `address, details, fieldset, hgroup, optgroup` over `role` attribute `group`. help: Replace HTML elements with `role` attribute `group` to corresponding semantic HTML tag `address, details, fieldset, hgroup, optgroup`.
app/page.tsx:944:15: error jsx-a11y(prefer-tag-over-role): Prefer `address, details, fieldset, hgroup, optgroup` over `role` attribute `group`. help: Replace HTML elements with `role` attribute `group` to corresponding semantic HTML tag `address, details, fieldset, hgroup, optgroup`.
app/page.tsx:993:9: error next(no-html-link-for-pages): Do not use `<a>` elements to navigate between Next.js pages. help: Use `<Link />` from `next/link` instead for internal navigation. See https://nextjs.org/docs/messages/no-html-link-for-pages
app/page.tsx:1183:18: error jsx-a11y(prefer-tag-over-role): Prefer `output` over `role` attribute `status`. help: Replace HTML elements with `role` attribute `status` to corresponding semantic HTML tag `output`.
app/page.tsx:2011:38: error jsx-a11y(prefer-tag-over-role): Prefer `output` over `role` attribute `status`. help: Replace HTML elements with `role` attribute `status` to corresponding semantic HTML tag `output`.
app/page.tsx:2086:21: error jsx-a11y(prefer-tag-over-role): Prefer `progress` over `role` attribute `progressbar`. help: Replace HTML elements with `role` attribute `progressbar` to corresponding semantic HTML tag `progress`.
lib/city/building-roof.ts:67:22: error typescript(no-base-to-string): 'sourceRoof ?? ''' will use Object's default stringification format ('[object Object]') when stringified. help: Consider picking a property (e.g. `user.name`), using a formatter (or `JSON.stringify`), or implementing a custom `toString()`/`toLocaleString()` on the type.
lib/city/building-roof.ts:131:26: error typescript(no-base-to-string): 'sourceDataset ?? 'unspecified'' will use Object's default stringification format ('[object Object]') when stringified. help: Consider picking a property (e.g. `user.name`), using a formatter (or `JSON.stringify`), or implementing a custom `toString()`/`toLocaleString()` on the type.
lib/city/ssao-resources.ts:17:32: error typescript(unbound-method): Avoid referencing unbound methods which may cause unintentional scoping of `this`. help: If your function does not access `this`, you can annotate it with `this: void`, or consider using an arrow function instead.
lib/city/material-library.ts:149:12: error typescript(no-misused-spread): Using the spread operator on a string can mishandle special characters, because it produces Unicode code points, which will break complex characters (like emojis) into multiple parts. help: Consider using `Intl.Segmenter` for locale-aware string decomposition. Otherwise, if you don't need to preserve emojis or other non-ASCII characters, disable this lint rule on this line or configure the 'allow' rule option.
lib/city/facade-queue.ts:345:43: error typescript(no-base-to-string): 'error' may use Object's default stringification format ('[object Object]') when stringified. help: Consider picking a property (e.g. `user.name`), using a formatter (or `JSON.stringify`), or implementing a custom `toString()`/`toLocaleString()` on the type.
lib/city/release-qa-observer.ts:113:40: error typescript(unbound-method): Avoid referencing unbound methods which may cause unintentional scoping of `this`. help: If your function does not access `this`, you can annotate it with `this: void`, or consider using an arrow function instead.
lib/city/release-qa-observer.ts:130:26: error typescript(unbound-method): Avoid referencing unbound methods which may cause unintentional scoping of `this`. help: If your function does not access `this`, you can annotate it with `this: void`, or consider using an arrow function instead.
lib/city/release-qa-observer.ts:149:24: error typescript(unbound-method): Avoid referencing unbound methods which may cause unintentional scoping of `this`. help: If your function does not access `this`, you can annotate it with `this: void`, or consider using an arrow function instead.
lib/city/release-qa-observer.ts:184:28: error typescript(unbound-method): Avoid referencing unbound methods which may cause unintentional scoping of `this`. help: If your function does not access `this`, you can annotate it with `this: void`, or consider using an arrow function instead.
lib/city/offline-material-study-qa.ts:255:45: error typescript(restrict-template-expressions): Invalid type used in template literal expression.
lib/city/offline-asset-validation-qa.ts:52:52: error typescript(restrict-template-expressions): Invalid type used in template literal expression.
lib/city/offline-asset-validation-qa.ts:218:62: error typescript(restrict-template-expressions): Invalid type used in template literal expression.
lib/city/offline-asset-validation-qa.ts:484:54: error typescript(restrict-template-expressions): Invalid type used in template literal expression.
lib/city/upgrade-qa.ts:424:53: error typescript(restrict-template-expressions): Invalid type used in template literal expression.
lib/city/upgrade-qa.ts:520:54: error typescript(restrict-template-expressions): Invalid type used in template literal expression.
lib/city/upgrade-qa.ts:595:54: error typescript(restrict-template-expressions): Invalid type used in template literal expression.
lib/city/upgrade-qa.ts:674:54: error typescript(restrict-template-expressions): Invalid type used in template literal expression.
lib/city/upgrade-endurance-qa.ts:288:28: error typescript(unbound-method): Avoid referencing unbound methods which may cause unintentional scoping of `this`. help: If your function does not access `this`, you can annotate it with `this: void`, or consider using an arrow function instead.
lib/city/upgrade-endurance-qa.ts:289:27: error typescript(unbound-method): Avoid referencing unbound methods which may cause unintentional scoping of `this`. help: If your function does not access `this`, you can annotate it with `this: void`, or consider using an arrow function instead.
lib/city/upgrade-endurance-qa.ts:290:29: error typescript(unbound-method): Avoid referencing unbound methods which may cause unintentional scoping of `this`. help: If your function does not access `this`, you can annotate it with `this: void`, or consider using an arrow function instead.
lib/city/upgrade-endurance-qa.ts:291:30: error typescript(unbound-method): Avoid referencing unbound methods which may cause unintentional scoping of `this`. help: If your function does not access `this`, you can annotate it with `this: void`, or consider using an arrow function instead.
lib/city/upgrade-endurance-qa.ts:292:24: error typescript(unbound-method): Avoid referencing unbound methods which may cause unintentional scoping of `this`. help: If your function does not access `this`, you can annotate it with `this: void`, or consider using an arrow function instead.
lib/city/upgrade-endurance-qa.ts:528:31: error typescript(unbound-method): Avoid referencing unbound methods which may cause unintentional scoping of `this`. help: If your function does not access `this`, you can annotate it with `this: void`, or consider using an arrow function instead.
components/light-lab-panel.tsx:64:3: error typescript(unbound-method): Avoid referencing unbound methods which may cause unintentional scoping of `this`. help: If your function does not access `this`, you can annotate it with `this: void`, or consider using an arrow function instead.
components/light-lab-panel.tsx:65:3: error typescript(unbound-method): Avoid referencing unbound methods which may cause unintentional scoping of `this`. help: If your function does not access `this`, you can annotate it with `this: void`, or consider using an arrow function instead.
components/light-lab-panel.tsx:66:3: error typescript(unbound-method): Avoid referencing unbound methods which may cause unintentional scoping of `this`. help: If your function does not access `this`, you can annotate it with `this: void`, or consider using an arrow function instead.
components/discovery-panel.tsx:244:3: error typescript(unbound-method): Avoid referencing unbound methods which may cause unintentional scoping of `this`. help: If your function does not access `this`, you can annotate it with `this: void`, or consider using an arrow function instead.
components/discovery-panel.tsx:245:3: error typescript(unbound-method): Avoid referencing unbound methods which may cause unintentional scoping of `this`. help: If your function does not access `this`, you can annotate it with `this: void`, or consider using an arrow function instead.
components/discovery-panel.tsx:246:3: error typescript(unbound-method): Avoid referencing unbound methods which may cause unintentional scoping of `this`. help: If your function does not access `this`, you can annotate it with `this: void`, or consider using an arrow function instead.
lib/city/blender-delivery-qa.ts:269:70: error typescript(restrict-template-expressions): Invalid type used in template literal expression.
lib/city/blender-delivery-qa.ts:304:72: error typescript(restrict-template-expressions): Invalid type used in template literal expression.
components/ui/chart.tsx:155:20: error typescript(restrict-template-expressions): Invalid type used in template literal expression.
components/ui/chart.tsx:203:28: error typescript(restrict-template-expressions): Invalid type used in template literal expression.
components/ui/chart.tsx:302:26: error typescript(restrict-template-expressions): Invalid type used in template literal expression.
tests/streetscape-placement.test.mjs:81:5: error typescript(no-deprecated): `createElement` is deprecated.
tests/blender-delivery-isolation.test.mjs:15:16: error typescript(no-implied-eval): Implied eval. Do not use the Function constructor to create functions.
tests/blender-delivery-isolation.test.mjs:16:21: error typescript(no-implied-eval): Implied eval. Do not use the Function constructor to create functions.
tests/causeway-integration.test.mjs:86:5: error typescript(require-array-sort-compare): Require 'compare' argument.
tests/causeway-integration.test.mjs:100:5: error typescript(require-array-sort-compare): Require 'compare' argument.
tests/surface-meshing.test.mjs:65:5: error typescript(require-array-sort-compare): Require 'compare' argument.
tests/release-qa-observer.test.mjs:37:26: error typescript(unbound-method): Avoid referencing unbound methods which may cause unintentional scoping of `this`. help: If your function does not access `this`, you can annotate it with `this: void`, or consider using an arrow function instead.
tests/building-roof-integration.test.mjs:74:46: error typescript(unbound-method): Avoid referencing unbound methods which may cause unintentional scoping of `this`. help: If your function does not access `this`, you can annotate it with `this: void`, or consider using an arrow function instead.
tests/release-qa-observer.test.mjs:62:18: error typescript(unbound-method): Avoid referencing unbound methods which may cause unintentional scoping of `this`. help: If your function does not access `this`, you can annotate it with `this: void`, or consider using an arrow function instead.
tests/heritage-frontage.test.mjs:197:27: error typescript(no-deprecated): `createElement` is deprecated.
tests/tree-detail-lifecycle.test.mjs:416:48: error typescript(unbound-method): Avoid referencing unbound methods which may cause unintentional scoping of `this`. help: If your function does not access `this`, you can annotate it with `this: void`, or consider using an arrow function instead.
tests/tree-detail-lifecycle.test.mjs:521:22: error typescript(await-thenable): Unexpected `await` of a non-Promise (non-"Thenable") value. help: Remove `await` if the value is synchronous, or change the expression to return a Promise or Thenable before awaiting it.
tests/tree-detail-lifecycle.test.mjs:570:38: error typescript(await-thenable): Unexpected `await` of a non-Promise (non-"Thenable") value. help: Remove `await` if the value is synchronous, or change the expression to return a Promise or Thenable before awaiting it.
tests/tree-detail-lifecycle.test.mjs:571:24: error typescript(await-thenable): Unexpected `await` of a non-Promise (non-"Thenable") value. help: Remove `await` if the value is synchronous, or change the expression to return a Promise or Thenable before awaiting it.
tests/tree-detail-lifecycle.test.mjs:596:9: error typescript(await-thenable): Unexpected `await` of a non-Promise (non-"Thenable") value. help: Remove `await` if the value is synchronous, or change the expression to return a Promise or Thenable before awaiting it.
tests/streetscape-coverage.test.mjs:94:27: error typescript(no-deprecated): `createElement` is deprecated.
tests/streetscape-coverage.test.mjs:123:27: error typescript(no-deprecated): `createElement` is deprecated.
tools/causeway-cpu.mjs:100:3: error typescript(no-implied-eval): Implied eval. Do not use the Function constructor to create functions.
tools/causeway-cpu.mjs:123:3: error typescript(no-implied-eval): Implied eval. Do not use the Function constructor to create functions.
tools/causeway-cpu.mjs:400:10: error typescript(require-array-sort-compare): Require 'compare' argument.
tests/citizen-runtime.test.mjs:345:51: error typescript(unbound-method): Avoid referencing unbound methods which may cause unintentional scoping of `this`. help: If your function does not access `this`, you can annotate it with `this: void`, or consider using an arrow function instead.
tests/tree-material-candidate.test.mjs:16:48: error typescript(unbound-method): Avoid referencing unbound methods which may cause unintentional scoping of `this`. help: If your function does not access `this`, you can annotate it with `this: void`, or consider using an arrow function instead.
tests/tree-material-candidate.test.mjs:53:22: error typescript(await-thenable): Unexpected `await` of a non-Promise (non-"Thenable") value. help: Remove `await` if the value is synchronous, or change the expression to return a Promise or Thenable before awaiting it.
tests/tree-material-candidate.test.mjs:104:24: error typescript(await-thenable): Unexpected `await` of a non-Promise (non-"Thenable") value. help: Remove `await` if the value is synchronous, or change the expression to return a Promise or Thenable before awaiting it.
tests/material-library.test.mjs:20:45: error typescript(unbound-method): Avoid referencing unbound methods which may cause unintentional scoping of `this`. help: If your function does not access `this`, you can annotate it with `this: void`, or consider using an arrow function instead.
tests/i18n.test.mjs:27:3: error typescript(require-array-sort-compare): Require 'compare' argument.
tests/city-surface-material.test.mjs:172:27: error typescript(no-deprecated): `createElement` is deprecated.
tests/release-qa-async.test.mjs:114:33: error typescript(unbound-method): Avoid referencing unbound methods which may cause unintentional scoping of `this`. help: If your function does not access `this`, you can annotate it with `this: void`, or consider using an arrow function instead.
tests/release-qa-async.test.mjs:115:24: error typescript(unbound-method): Avoid referencing unbound methods which may cause unintentional scoping of `this`. help: If your function does not access `this`, you can annotate it with `this: void`, or consider using an arrow function instead.
tests/release-qa-async.test.mjs:161:23: error typescript(unbound-method): Avoid referencing unbound methods which may cause unintentional scoping of `this`. help: If your function does not access `this`, you can annotate it with `this: void`, or consider using an arrow function instead.
tests/release-qa-async.test.mjs:162:18: error typescript(unbound-method): Avoid referencing unbound methods which may cause unintentional scoping of `this`. help: If your function does not access `this`, you can annotate it with `this: void`, or consider using an arrow function instead.
tests/upgrade-endurance-controls.test.mjs:124:15: error typescript(unbound-method): Avoid referencing unbound methods which may cause unintentional scoping of `this`. help: If your function does not access `this`, you can annotate it with `this: void`, or consider using an arrow function instead.
tests/upgrade-endurance-controls.test.mjs:125:18: error typescript(unbound-method): Avoid referencing unbound methods which may cause unintentional scoping of `this`. help: If your function does not access `this`, you can annotate it with `this: void`, or consider using an arrow function instead.
tests/upgrade-endurance-controls.test.mjs:126:24: error typescript(unbound-method): Avoid referencing unbound methods which may cause unintentional scoping of `this`. help: If your function does not access `this`, you can annotate it with `this: void`, or consider using an arrow function instead.
tests/upgrade-endurance-controls.test.mjs:127:17: error typescript(unbound-method): Avoid referencing unbound methods which may cause unintentional scoping of `this`. help: If your function does not access `this`, you can annotate it with `this: void`, or consider using an arrow function instead.
tests/upgrade-endurance-controls.test.mjs:128:20: error typescript(unbound-method): Avoid referencing unbound methods which may cause unintentional scoping of `this`. help: If your function does not access `this`, you can annotate it with `this: void`, or consider using an arrow function instead.
tests/upgrade-endurance-controls.test.mjs:129:21: error typescript(unbound-method): Avoid referencing unbound methods which may cause unintentional scoping of `this`. help: If your function does not access `this`, you can annotate it with `this: void`, or consider using an arrow function instead.
tests/upgrade-endurance-controls.test.mjs:170:28: error typescript(unbound-method): Avoid referencing unbound methods which may cause unintentional scoping of `this`. help: If your function does not access `this`, you can annotate it with `this: void`, or consider using an arrow function instead.
tests/upgrade-endurance-controls.test.mjs:171:28: error typescript(unbound-method): Avoid referencing unbound methods which may cause unintentional scoping of `this`. help: If your function does not access `this`, you can annotate it with `this: void`, or consider using an arrow function instead.
tests/upgrade-endurance-controls.test.mjs:172:28: error typescript(unbound-method): Avoid referencing unbound methods which may cause unintentional scoping of `this`. help: If your function does not access `this`, you can annotate it with `this: void`, or consider using an arrow function instead.
tests/upgrade-endurance-controls.test.mjs:173:28: error typescript(unbound-method): Avoid referencing unbound methods which may cause unintentional scoping of `this`. help: If your function does not access `this`, you can annotate it with `this: void`, or consider using an arrow function instead.
tests/upgrade-endurance-controls.test.mjs:174:31: error typescript(unbound-method): Avoid referencing unbound methods which may cause unintentional scoping of `this`. help: If your function does not access `this`, you can annotate it with `this: void`, or consider using an arrow function instead.
tests/upgrade-endurance-controls.test.mjs:175:31: error typescript(unbound-method): Avoid referencing unbound methods which may cause unintentional scoping of `this`. help: If your function does not access `this`, you can annotate it with `this: void`, or consider using an arrow function instead.
tests/blender-delivery-qa.test.mjs:26:20: error typescript(require-array-sort-compare): Require 'compare' argument.
tests/harbour.test.mjs:52:17: error typescript(no-implied-eval): Implied eval. Do not use the Function constructor to create functions.
tools/serve-visual-qa.mjs:30:21: error typescript(require-array-sort-compare): Require 'compare' argument.
tests/placement.test.mjs:905:24: error typescript(no-implied-eval): Implied eval. Do not use the Function constructor to create functions.
tests/placement.test.mjs:1176:28: error typescript(unbound-method): Avoid referencing unbound methods which may cause unintentional scoping of `this`. help: If your function does not access `this`, you can annotate it with `this: void`, or consider using an arrow function instead.
tests/placement.test.mjs:1246:28: error typescript(unbound-method): Avoid referencing unbound methods which may cause unintentional scoping of `this`. help: If your function does not access `this`, you can annotate it with `this: void`, or consider using an arrow function instead.
tests/placement.test.mjs:1271:28: error typescript(unbound-method): Avoid referencing unbound methods which may cause unintentional scoping of `this`. help: If your function does not access `this`, you can annotate it with `this: void`, or consider using an arrow function instead.
tests/placement.test.mjs:1375:19: error typescript(unbound-method): Avoid referencing unbound methods which may cause unintentional scoping of `this`. help: If your function does not access `this`, you can annotate it with `this: void`, or consider using an arrow function instead.
tests/placement.test.mjs:1429:26: error typescript(unbound-method): Avoid referencing unbound methods which may cause unintentional scoping of `this`. help: If your function does not access `this`, you can annotate it with `this: void`, or consider using an arrow function instead.
tests/placement.test.mjs:1466:19: error typescript(unbound-method): Avoid referencing unbound methods which may cause unintentional scoping of `this`. help: If your function does not access `this`, you can annotate it with `this: void`, or consider using an arrow function instead.
npm notice
npm notice New major version of npm available! 11.9.0 -> 12.2.0
npm notice Changelog: https://github.com/npm/cli/releases/tag/v12.2.0
npm notice To update run: npm install -g npm@12.2.0
npm notice
