Extensions: writing cache failed ([Errno 30] Read-only file system: '/home/agent/.config/blender').
Info: Saved "expo-metro-lead-exterior.lod0.blend"
ERROR Draco mesh compression is not available because library could not be found at /usr/bin/4.3/python/lib/python3.13/site-packages/libextern_draco.so
16:07:26 | INFO: Starting glTF 2.0 export
16:07:26 | INFO: Extracting primitive: Cube
16:07:26 | WARNING: The active Vertex Color will not be exported, as it is not used in the node tree of the material
16:07:26 | INFO: Primitives created: 3
16:07:26 | INFO: Extracting primitive: Cube.158
16:07:26 | INFO: Primitives created: 1
16:07:26 | INFO: Extracting primitive: Cube.157
16:07:26 | INFO: Primitives created: 1
16:07:26 | INFO: Extracting primitive: Cube.135
16:07:26 | WARNING: The active Vertex Color will not be exported, as it is not used in the node tree of the material
16:07:26 | INFO: Primitives created: 2
16:07:26 | INFO: Extracting primitive: Cube.140
16:07:26 | WARNING: The active Vertex Color will not be exported, as it is not used in the node tree of the material
16:07:26 | INFO: Primitives created: 2
16:07:26 | INFO: Extracting primitive: Cube.145
16:07:26 | WARNING: The active Vertex Color will not be exported, as it is not used in the node tree of the material
16:07:26 | INFO: Primitives created: 2
16:07:26 | INFO: Extracting primitive: Cube.150
16:07:26 | WARNING: The active Vertex Color will not be exported, as it is not used in the node tree of the material
16:07:26 | INFO: Primitives created: 2
16:07:26 | INFO: Extracting primitive: Cube.125
16:07:26 | WARNING: The active Vertex Color will not be exported, as it is not used in the node tree of the material
16:07:26 | INFO: Primitives created: 2
16:07:26 | INFO: Extracting primitive: Cube.130
16:07:26 | WARNING: The active Vertex Color will not be exported, as it is not used in the node tree of the material
16:07:26 | INFO: Primitives created: 2
16:07:26 | INFO: Extracting primitive: Cube.105
16:07:26 | WARNING: The active Vertex Color will not be exported, as it is not used in the node tree of the material
16:07:26 | INFO: Primitives created: 2
16:07:26 | INFO: Extracting primitive: Cube.110
16:07:26 | WARNING: The active Vertex Color will not be exported, as it is not used in the node tree of the material
16:07:26 | INFO: Primitives created: 2
16:07:26 | INFO: Extracting primitive: Cube.115
16:07:26 | WARNING: The active Vertex Color will not be exported, as it is not used in the node tree of the material
16:07:26 | INFO: Primitives created: 2
16:07:26 | INFO: Extracting primitive: Cube.120
16:07:26 | WARNING: The active Vertex Color will not be exported, as it is not used in the node tree of the material
16:07:26 | INFO: Primitives created: 2
16:07:26 | INFO: Extracting primitive: Cube.095
16:07:26 | WARNING: The active Vertex Color will not be exported, as it is not used in the node tree of the material
16:07:26 | INFO: Primitives created: 2
16:07:26 | INFO: Extracting primitive: Cube.100
16:07:26 | WARNING: The active Vertex Color will not be exported, as it is not used in the node tree of the material
16:07:26 | INFO: Primitives created: 2
16:07:26 | INFO: Extracting primitive: Cube.004
16:07:26 | INFO: Primitives created: 1
16:07:26 | INFO: Extracting primitive: Cube.092
16:07:26 | INFO: Primitives created: 1
16:07:26 | INFO: Extracting primitive: Cylinder.007
16:07:26 | INFO: Primitives created: 1
16:07:26 | INFO: Extracting primitive: Cylinder.006
16:07:26 | INFO: Primitives created: 1
16:07:26 | INFO: Extracting primitive: Cylinder.005
16:07:26 | INFO: Primitives created: 1
16:07:26 | INFO: Extracting primitive: Cylinder.004
16:07:26 | INFO: Primitives created: 1
16:07:26 | INFO: Extracting primitive: Cylinder.003
16:07:26 | INFO: Primitives created: 1
16:07:26 | INFO: Extracting primitive: Cylinder.002
16:07:26 | INFO: Primitives created: 1
16:07:26 | INFO: Extracting primitive: Cylinder.001
16:07:26 | INFO: Primitives created: 1
16:07:26 | INFO: Extracting primitive: Cylinder
16:07:26 | INFO: Primitives created: 1
16:07:26 | INFO: Finished glTF 2.0 export in 0.0474085807800293 s

Extensions: writing cache failed ([Errno 30] Read-only file system: '/home/agent/.config/blender').
Info: Saved "expo-metro-lead-exterior.lod1.blend"
16:07:27 | INFO: Starting glTF 2.0 export
16:07:27 | INFO: Extracting primitive: Cube
16:07:27 | WARNING: The active Vertex Color will not be exported, as it is not used in the node tree of the material
16:07:27 | INFO: Primitives created: 3
16:07:27 | INFO: Extracting primitive: Cube.142
16:07:27 | INFO: Primitives created: 1
16:07:27 | INFO: Extracting primitive: Cube.141
16:07:27 | INFO: Primitives created: 1
16:07:27 | INFO: Extracting primitive: Cube.119
16:07:27 | WARNING: The active Vertex Color will not be exported, as it is not used in the node tree of the material
16:07:27 | INFO: Primitives created: 2
16:07:27 | INFO: Extracting primitive: Cube.124
16:07:27 | WARNING: The active Vertex Color will not be exported, as it is not used in the node tree of the material
16:07:27 | INFO: Primitives created: 2
16:07:27 | INFO: Extracting primitive: Cube.129
16:07:27 | WARNING: The active Vertex Color will not be exported, as it is not used in the node tree of the material
16:07:27 | INFO: Primitives created: 2
16:07:27 | INFO: Extracting primitive: Cube.134
16:07:27 | WARNING: The active Vertex Color will not be exported, as it is not used in the node tree of the material
16:07:27 | INFO: Primitives created: 2
16:07:27 | INFO: Extracting primitive: Cube.109
16:07:27 | WARNING: The active Vertex Color will not be exported, as it is not used in the node tree of the material
16:07:27 | INFO: Primitives created: 2
16:07:27 | INFO: Extracting primitive: Cube.114
16:07:27 | WARNING: The active Vertex Color will not be exported, as it is not used in the node tree of the material
16:07:27 | INFO: Primitives created: 2
16:07:27 | INFO: Extracting primitive: Cube.089
16:07:27 | WARNING: The active Vertex Color will not be exported, as it is not used in the node tree of the material
16:07:27 | INFO: Primitives created: 2
16:07:27 | INFO: Extracting primitive: Cube.094
16:07:27 | WARNING: The active Vertex Color will not be exported, as it is not used in the node tree of the material
16:07:27 | INFO: Primitives created: 2
16:07:27 | INFO: Extracting primitive: Cube.099
16:07:27 | WARNING: The active Vertex Color will not be exported, as it is not used in the node tree of the material
16:07:27 | INFO: Primitives created: 2
16:07:27 | INFO: Extracting primitive: Cube.104
16:07:27 | WARNING: The active Vertex Color will not be exported, as it is not used in the node tree of the material
16:07:27 | INFO: Primitives created: 2
16:07:27 | INFO: Extracting primitive: Cube.079
16:07:27 | WARNING: The active Vertex Color will not be exported, as it is not used in the node tree of the material
16:07:27 | INFO: Primitives created: 2
16:07:27 | INFO: Extracting primitive: Cube.084
16:07:27 | WARNING: The active Vertex Color will not be exported, as it is not used in the node tree of the material
16:07:27 | INFO: Primitives created: 2
16:07:27 | INFO: Extracting primitive: Cube.004
16:07:27 | INFO: Primitives created: 1
16:07:27 | INFO: Extracting primitive: Cube.076
16:07:27 | INFO: Primitives created: 1
16:07:27 | INFO: Extracting primitive: Cylinder.007
16:07:27 | INFO: Primitives created: 1
16:07:27 | INFO: Extracting primitive: Cylinder.006
16:07:27 | INFO: Primitives created: 1
16:07:27 | INFO: Extracting primitive: Cylinder.005
16:07:27 | INFO: Primitives created: 1
16:07:27 | INFO: Extracting primitive: Cylinder.004
16:07:27 | INFO: Primitives created: 1
16:07:27 | INFO: Extracting primitive: Cylinder.003
16:07:27 | INFO: Primitives created: 1
16:07:27 | INFO: Extracting primitive: Cylinder.002
16:07:27 | INFO: Primitives created: 1
16:07:27 | INFO: Extracting primitive: Cylinder.001
16:07:27 | INFO: Primitives created: 1
16:07:27 | INFO: Extracting primitive: Cylinder
16:07:27 | INFO: Primitives created: 1
16:07:27 | INFO: Finished glTF 2.0 export in 0.04325413703918457 s

Extensions: writing cache failed ([Errno 30] Read-only file system: '/home/agent/.config/blender').
Info: Saved "expo-metro-lead-exterior.lod2.blend"
16:07:27 | INFO: Starting glTF 2.0 export
16:07:27 | INFO: Extracting primitive: Cube
16:07:27 | WARNING: The active Vertex Color will not be exported, as it is not used in the node tree of the material
16:07:27 | INFO: Primitives created: 2
16:07:27 | INFO: Extracting primitive: Cube.013
16:07:27 | INFO: Primitives created: 1
16:07:27 | INFO: Extracting primitive: Cube.012
16:07:27 | INFO: Primitives created: 1
16:07:27 | INFO: Extracting primitive: Cube.002
16:07:27 | INFO: Primitives created: 1
16:07:27 | INFO: Extracting primitive: Cylinder.007
16:07:27 | INFO: Primitives created: 1
16:07:27 | INFO: Extracting primitive: Cylinder.006
16:07:27 | INFO: Primitives created: 1
16:07:27 | INFO: Extracting primitive: Cylinder.005
16:07:27 | INFO: Primitives created: 1
16:07:27 | INFO: Extracting primitive: Cylinder.004
16:07:27 | INFO: Primitives created: 1
16:07:27 | INFO: Extracting primitive: Cylinder.003
16:07:27 | INFO: Primitives created: 1
16:07:27 | INFO: Extracting primitive: Cylinder.002
16:07:27 | INFO: Primitives created: 1
16:07:27 | INFO: Extracting primitive: Cylinder.001
16:07:27 | INFO: Primitives created: 1
16:07:27 | INFO: Extracting primitive: Cylinder
16:07:27 | INFO: Primitives created: 1
16:07:27 | INFO: Finished glTF 2.0 export in 0.02364182472229004 s

Extensions: writing cache failed ([Errno 30] Read-only file system: '/home/agent/.config/blender').
Info: Saved "expo-metro-middle-exterior.lod0.blend"
16:07:28 | INFO: Starting glTF 2.0 export
16:07:28 | INFO: Extracting primitive: Cube
16:07:28 | WARNING: The active Vertex Color will not be exported, as it is not used in the node tree of the material
16:07:28 | INFO: Primitives created: 3
16:07:28 | INFO: Extracting primitive: Cube.158
16:07:28 | INFO: Primitives created: 1
16:07:28 | INFO: Extracting primitive: Cube.157
16:07:28 | INFO: Primitives created: 1
16:07:28 | INFO: Extracting primitive: Cube.135
16:07:28 | WARNING: The active Vertex Color will not be exported, as it is not used in the node tree of the material
16:07:28 | INFO: Primitives created: 2
16:07:28 | INFO: Extracting primitive: Cube.140
16:07:28 | WARNING: The active Vertex Color will not be exported, as it is not used in the node tree of the material
16:07:28 | INFO: Primitives created: 2
16:07:28 | INFO: Extracting primitive: Cube.145
16:07:28 | WARNING: The active Vertex Color will not be exported, as it is not used in the node tree of the material
16:07:28 | INFO: Primitives created: 2
16:07:28 | INFO: Extracting primitive: Cube.150
16:07:28 | WARNING: The active Vertex Color will not be exported, as it is not used in the node tree of the material
16:07:28 | INFO: Primitives created: 2
16:07:28 | INFO: Extracting primitive: Cube.125
16:07:28 | WARNING: The active Vertex Color will not be exported, as it is not used in the node tree of the material
16:07:28 | INFO: Primitives created: 2
16:07:28 | INFO: Extracting primitive: Cube.130
16:07:28 | WARNING: The active Vertex Color will not be exported, as it is not used in the node tree of the material
16:07:28 | INFO: Primitives created: 2
16:07:28 | INFO: Extracting primitive: Cube.105
16:07:28 | WARNING: The active Vertex Color will not be exported, as it is not used in the node tree of the material
16:07:28 | INFO: Primitives created: 2
16:07:28 | INFO: Extracting primitive: Cube.110
16:07:28 | WARNING: The active Vertex Color will not be exported, as it is not used in the node tree of the material
16:07:28 | INFO: Primitives created: 2
16:07:28 | INFO: Extracting primitive: Cube.115
16:07:28 | WARNING: The active Vertex Color will not be exported, as it is not used in the node tree of the material
16:07:28 | INFO: Primitives created: 2
16:07:28 | INFO: Extracting primitive: Cube.120
16:07:28 | WARNING: The active Vertex Color will not be exported, as it is not used in the node tree of the material
16:07:28 | INFO: Primitives created: 2
16:07:28 | INFO: Extracting primitive: Cube.095
16:07:28 | WARNING: The active Vertex Color will not be exported, as it is not used in the node tree of the material
16:07:28 | INFO: Primitives created: 2
16:07:28 | INFO: Extracting primitive: Cube.100
16:07:28 | WARNING: The active Vertex Color will not be exported, as it is not used in the node tree of the material
16:07:28 | INFO: Primitives created: 2
16:07:28 | INFO: Extracting primitive: Cube.004
16:07:28 | INFO: Primitives created: 1
16:07:28 | INFO: Extracting primitive: Cylinder.007
16:07:28 | INFO: Primitives created: 1
16:07:28 | INFO: Extracting primitive: Cylinder.006
16:07:28 | INFO: Primitives created: 1
16:07:28 | INFO: Extracting primitive: Cylinder.005
16:07:28 | INFO: Primitives created: 1
16:07:28 | INFO: Extracting primitive: Cylinder.004
16:07:28 | INFO: Primitives created: 1
16:07:28 | INFO: Extracting primitive: Cylinder.003
16:07:28 | INFO: Primitives created: 1
16:07:28 | INFO: Extracting primitive: Cylinder.002
16:07:28 | INFO: Primitives created: 1
16:07:28 | INFO: Extracting primitive: Cylinder.001
16:07:28 | INFO: Primitives created: 1
16:07:28 | INFO: Extracting primitive: Cylinder
16:07:28 | INFO: Primitives created: 1
16:07:28 | INFO: Finished glTF 2.0 export in 0.043024301528930664 s

Extensions: writing cache failed ([Errno 30] Read-only file system: '/home/agent/.config/blender').
Info: Saved "expo-metro-middle-exterior.lod1.blend"
16:07:28 | INFO: Starting glTF 2.0 export
16:07:28 | INFO: Extracting primitive: Cube
16:07:28 | WARNING: The active Vertex Color will not be exported, as it is not used in the node tree of the material
16:07:28 | INFO: Primitives created: 3
16:07:28 | INFO: Extracting primitive: Cube.142
16:07:28 | INFO: Primitives created: 1
16:07:28 | INFO: Extracting primitive: Cube.141
16:07:28 | INFO: Primitives created: 1
16:07:28 | INFO: Extracting primitive: Cube.119
16:07:28 | WARNING: The active Vertex Color will not be exported, as it is not used in the node tree of the material
16:07:28 | INFO: Primitives created: 2
16:07:28 | INFO: Extracting primitive: Cube.124
16:07:28 | WARNING: The active Vertex Color will not be exported, as it is not used in the node tree of the material
16:07:28 | INFO: Primitives created: 2
16:07:28 | INFO: Extracting primitive: Cube.129
16:07:28 | WARNING: The active Vertex Color will not be exported, as it is not used in the node tree of the material
16:07:28 | INFO: Primitives created: 2
16:07:28 | INFO: Extracting primitive: Cube.134
16:07:28 | WARNING: The active Vertex Color will not be exported, as it is not used in the node tree of the material
16:07:28 | INFO: Primitives created: 2
16:07:28 | INFO: Extracting primitive: Cube.109
16:07:28 | WARNING: The active Vertex Color will not be exported, as it is not used in the node tree of the material
16:07:28 | INFO: Primitives created: 2
16:07:28 | INFO: Extracting primitive: Cube.114
16:07:28 | WARNING: The active Vertex Color will not be exported, as it is not used in the node tree of the material
16:07:28 | INFO: Primitives created: 2
16:07:28 | INFO: Extracting primitive: Cube.089
16:07:28 | WARNING: The active Vertex Color will not be exported, as it is not used in the node tree of the material
16:07:28 | INFO: Primitives created: 2
16:07:28 | INFO: Extracting primitive: Cube.094
16:07:28 | WARNING: The active Vertex Color will not be exported, as it is not used in the node tree of the material
16:07:28 | INFO: Primitives created: 2
16:07:28 | INFO: Extracting primitive: Cube.099
16:07:28 | WARNING: The active Vertex Color will not be exported, as it is not used in the node tree of the material
16:07:28 | INFO: Primitives created: 2
16:07:28 | INFO: Extracting primitive: Cube.104
16:07:28 | WARNING: The active Vertex Color will not be exported, as it is not used in the node tree of the material
16:07:28 | INFO: Primitives created: 2
16:07:28 | INFO: Extracting primitive: Cube.079
16:07:28 | WARNING: The active Vertex Color will not be exported, as it is not used in the node tree of the material
16:07:28 | INFO: Primitives created: 2
16:07:28 | INFO: Extracting primitive: Cube.084
16:07:28 | WARNING: The active Vertex Color will not be exported, as it is not used in the node tree of the material
16:07:28 | INFO: Primitives created: 2
16:07:28 | INFO: Extracting primitive: Cube.004
16:07:28 | INFO: Primitives created: 1
16:07:28 | INFO: Extracting primitive: Cylinder.007
16:07:28 | INFO: Primitives created: 1
16:07:28 | INFO: Extracting primitive: Cylinder.006
16:07:28 | INFO: Primitives created: 1
16:07:28 | INFO: Extracting primitive: Cylinder.005
16:07:28 | INFO: Primitives created: 1
16:07:28 | INFO: Extracting primitive: Cylinder.004
16:07:28 | INFO: Primitives created: 1
16:07:28 | INFO: Extracting primitive: Cylinder.003
16:07:28 | INFO: Primitives created: 1
16:07:28 | INFO: Extracting primitive: Cylinder.002
16:07:28 | INFO: Primitives created: 1
16:07:28 | INFO: Extracting primitive: Cylinder.001
16:07:28 | INFO: Primitives created: 1
16:07:28 | INFO: Extracting primitive: Cylinder
16:07:28 | INFO: Primitives created: 1
16:07:28 | INFO: Finished glTF 2.0 export in 0.0429379940032959 s

Extensions: writing cache failed ([Errno 30] Read-only file system: '/home/agent/.config/blender').
Info: Saved "expo-metro-middle-exterior.lod2.blend"
16:07:28 | INFO: Starting glTF 2.0 export
16:07:28 | INFO: Extracting primitive: Cube
16:07:28 | WARNING: The active Vertex Color will not be exported, as it is not used in the node tree of the material
16:07:28 | INFO: Primitives created: 2
16:07:28 | INFO: Extracting primitive: Cube.013
16:07:28 | INFO: Primitives created: 1
16:07:28 | INFO: Extracting primitive: Cube.012
16:07:28 | INFO: Primitives created: 1
16:07:28 | INFO: Extracting primitive: Cube.002
16:07:28 | INFO: Primitives created: 1
16:07:28 | INFO: Extracting primitive: Cylinder.007
16:07:28 | INFO: Primitives created: 1
16:07:28 | INFO: Extracting primitive: Cylinder.006
16:07:28 | INFO: Primitives created: 1
16:07:28 | INFO: Extracting primitive: Cylinder.005
16:07:28 | INFO: Primitives created: 1
16:07:28 | INFO: Extracting primitive: Cylinder.004
16:07:28 | INFO: Primitives created: 1
16:07:28 | INFO: Extracting primitive: Cylinder.003
16:07:28 | INFO: Primitives created: 1
16:07:28 | INFO: Extracting primitive: Cylinder.002
16:07:28 | INFO: Primitives created: 1
16:07:28 | INFO: Extracting primitive: Cylinder.001
16:07:28 | INFO: Primitives created: 1
16:07:28 | INFO: Extracting primitive: Cylinder
16:07:28 | INFO: Primitives created: 1
16:07:28 | INFO: Finished glTF 2.0 export in 0.04736042022705078 s

Extensions: writing cache failed ([Errno 30] Read-only file system: '/home/agent/.config/blender').
Info: Saved "expo-metro-tail-exterior.lod0.blend"
16:07:29 | INFO: Starting glTF 2.0 export
16:07:29 | INFO: Extracting primitive: Cube
16:07:29 | WARNING: The active Vertex Color will not be exported, as it is not used in the node tree of the material
16:07:29 | INFO: Primitives created: 3
16:07:29 | INFO: Extracting primitive: Cube.158
16:07:29 | INFO: Primitives created: 1
16:07:29 | INFO: Extracting primitive: Cube.157
16:07:29 | INFO: Primitives created: 1
16:07:29 | INFO: Extracting primitive: Cube.135
16:07:29 | WARNING: The active Vertex Color will not be exported, as it is not used in the node tree of the material
16:07:29 | INFO: Primitives created: 2
16:07:29 | INFO: Extracting primitive: Cube.140
16:07:29 | WARNING: The active Vertex Color will not be exported, as it is not used in the node tree of the material
16:07:29 | INFO: Primitives created: 2
16:07:29 | INFO: Extracting primitive: Cube.145
16:07:29 | WARNING: The active Vertex Color will not be exported, as it is not used in the node tree of the material
16:07:29 | INFO: Primitives created: 2
16:07:29 | INFO: Extracting primitive: Cube.150
16:07:29 | WARNING: The active Vertex Color will not be exported, as it is not used in the node tree of the material
16:07:29 | INFO: Primitives created: 2
16:07:29 | INFO: Extracting primitive: Cube.125
16:07:29 | WARNING: The active Vertex Color will not be exported, as it is not used in the node tree of the material
16:07:29 | INFO: Primitives created: 2
16:07:29 | INFO: Extracting primitive: Cube.130
16:07:29 | WARNING: The active Vertex Color will not be exported, as it is not used in the node tree of the material
16:07:29 | INFO: Primitives created: 2
16:07:29 | INFO: Extracting primitive: Cube.105
16:07:29 | WARNING: The active Vertex Color will not be exported, as it is not used in the node tree of the material
16:07:29 | INFO: Primitives created: 2
16:07:29 | INFO: Extracting primitive: Cube.110
16:07:29 | WARNING: The active Vertex Color will not be exported, as it is not used in the node tree of the material
16:07:29 | INFO: Primitives created: 2
16:07:29 | INFO: Extracting primitive: Cube.115
16:07:29 | WARNING: The active Vertex Color will not be exported, as it is not used in the node tree of the material
16:07:29 | INFO: Primitives created: 2
16:07:29 | INFO: Extracting primitive: Cube.120
16:07:29 | WARNING: The active Vertex Color will not be exported, as it is not used in the node tree of the material
16:07:29 | INFO: Primitives created: 2
16:07:29 | INFO: Extracting primitive: Cube.095
16:07:29 | WARNING: The active Vertex Color will not be exported, as it is not used in the node tree of the material
16:07:29 | INFO: Primitives created: 2
16:07:29 | INFO: Extracting primitive: Cube.100
16:07:29 | WARNING: The active Vertex Color will not be exported, as it is not used in the node tree of the material
16:07:29 | INFO: Primitives created: 2
16:07:29 | INFO: Extracting primitive: Cube.004
16:07:29 | INFO: Primitives created: 1
16:07:29 | INFO: Extracting primitive: Cube.084
16:07:29 | INFO: Primitives created: 1
16:07:29 | INFO: Extracting primitive: Cylinder.007
16:07:29 | INFO: Primitives created: 1
16:07:29 | INFO: Extracting primitive: Cylinder.006
16:07:29 | INFO: Primitives created: 1
16:07:29 | INFO: Extracting primitive: Cylinder.005
16:07:29 | INFO: Primitives created: 1
16:07:29 | INFO: Extracting primitive: Cylinder.004
16:07:29 | INFO: Primitives created: 1
16:07:29 | INFO: Extracting primitive: Cylinder.003
16:07:29 | INFO: Primitives created: 1
16:07:29 | INFO: Extracting primitive: Cylinder.002
16:07:29 | INFO: Primitives created: 1
16:07:29 | INFO: Extracting primitive: Cylinder.001
16:07:29 | INFO: Primitives created: 1
16:07:29 | INFO: Extracting primitive: Cylinder
16:07:29 | INFO: Primitives created: 1
16:07:29 | INFO: Finished glTF 2.0 export in 0.04861569404602051 s

Extensions: writing cache failed ([Errno 30] Read-only file system: '/home/agent/.config/blender').
Info: Saved "expo-metro-tail-exterior.lod1.blend"
16:07:30 | INFO: Starting glTF 2.0 export
16:07:30 | INFO: Extracting primitive: Cube
16:07:30 | WARNING: The active Vertex Color will not be exported, as it is not used in the node tree of the material
16:07:30 | INFO: Primitives created: 3
16:07:30 | INFO: Extracting primitive: Cube.142
16:07:30 | INFO: Primitives created: 1
16:07:30 | INFO: Extracting primitive: Cube.141
16:07:30 | INFO: Primitives created: 1
16:07:30 | INFO: Extracting primitive: Cube.119
16:07:30 | WARNING: The active Vertex Color will not be exported, as it is not used in the node tree of the material
16:07:30 | INFO: Primitives created: 2
16:07:30 | INFO: Extracting primitive: Cube.124
16:07:30 | WARNING: The active Vertex Color will not be exported, as it is not used in the node tree of the material
16:07:30 | INFO: Primitives created: 2
16:07:30 | INFO: Extracting primitive: Cube.129
16:07:30 | WARNING: The active Vertex Color will not be exported, as it is not used in the node tree of the material
16:07:30 | INFO: Primitives created: 2
16:07:30 | INFO: Extracting primitive: Cube.134
16:07:30 | WARNING: The active Vertex Color will not be exported, as it is not used in the node tree of the material
16:07:30 | INFO: Primitives created: 2
16:07:30 | INFO: Extracting primitive: Cube.109
16:07:30 | WARNING: The active Vertex Color will not be exported, as it is not used in the node tree of the material
16:07:30 | INFO: Primitives created: 2
16:07:30 | INFO: Extracting primitive: Cube.114
16:07:30 | WARNING: The active Vertex Color will not be exported, as it is not used in the node tree of the material
16:07:30 | INFO: Primitives created: 2
16:07:30 | INFO: Extracting primitive: Cube.089
16:07:30 | WARNING: The active Vertex Color will not be exported, as it is not used in the node tree of the material
16:07:30 | INFO: Primitives created: 2
16:07:30 | INFO: Extracting primitive: Cube.094
16:07:30 | WARNING: The active Vertex Color will not be exported, as it is not used in the node tree of the material
16:07:30 | INFO: Primitives created: 2
16:07:30 | INFO: Extracting primitive: Cube.099
16:07:30 | WARNING: The active Vertex Color will not be exported, as it is not used in the node tree of the material
16:07:30 | INFO: Primitives created: 2
16:07:30 | INFO: Extracting primitive: Cube.104
16:07:30 | WARNING: The active Vertex Color will not be exported, as it is not used in the node tree of the material
16:07:30 | INFO: Primitives created: 2
16:07:30 | INFO: Extracting primitive: Cube.079
16:07:30 | WARNING: The active Vertex Color will not be exported, as it is not used in the node tree of the material
16:07:30 | INFO: Primitives created: 2
16:07:30 | INFO: Extracting primitive: Cube.084
16:07:30 | WARNING: The active Vertex Color will not be exported, as it is not used in the node tree of the material
16:07:30 | INFO: Primitives created: 2
16:07:30 | INFO: Extracting primitive: Cube.004
16:07:30 | INFO: Primitives created: 1
16:07:30 | INFO: Extracting primitive: Cube.068
16:07:30 | INFO: Primitives created: 1
16:07:30 | INFO: Extracting primitive: Cylinder.007
16:07:30 | INFO: Primitives created: 1
16:07:30 | INFO: Extracting primitive: Cylinder.006
16:07:30 | INFO: Primitives created: 1
16:07:30 | INFO: Extracting primitive: Cylinder.005
16:07:30 | INFO: Primitives created: 1
16:07:30 | INFO: Extracting primitive: Cylinder.004
16:07:30 | INFO: Primitives created: 1
16:07:30 | INFO: Extracting primitive: Cylinder.003
16:07:30 | INFO: Primitives created: 1
16:07:30 | INFO: Extracting primitive: Cylinder.002
16:07:30 | INFO: Primitives created: 1
16:07:30 | INFO: Extracting primitive: Cylinder.001
16:07:30 | INFO: Primitives created: 1
16:07:30 | INFO: Extracting primitive: Cylinder
16:07:30 | INFO: Primitives created: 1
16:07:30 | INFO: Finished glTF 2.0 export in 0.047586917877197266 s

Extensions: writing cache failed ([Errno 30] Read-only file system: '/home/agent/.config/blender').
Info: Saved "expo-metro-tail-exterior.lod2.blend"
16:07:30 | INFO: Starting glTF 2.0 export
16:07:30 | INFO: Extracting primitive: Cube
16:07:30 | WARNING: The active Vertex Color will not be exported, as it is not used in the node tree of the material
16:07:30 | INFO: Primitives created: 2
16:07:30 | INFO: Extracting primitive: Cube.013
16:07:30 | INFO: Primitives created: 1
16:07:30 | INFO: Extracting primitive: Cube.012
16:07:30 | INFO: Primitives created: 1
16:07:30 | INFO: Extracting primitive: Cube.002
16:07:30 | INFO: Primitives created: 1
16:07:30 | INFO: Extracting primitive: Cylinder.007
16:07:30 | INFO: Primitives created: 1
16:07:30 | INFO: Extracting primitive: Cylinder.006
16:07:30 | INFO: Primitives created: 1
16:07:30 | INFO: Extracting primitive: Cylinder.005
16:07:30 | INFO: Primitives created: 1
16:07:30 | INFO: Extracting primitive: Cylinder.004
16:07:30 | INFO: Primitives created: 1
16:07:30 | INFO: Extracting primitive: Cylinder.003
16:07:30 | INFO: Primitives created: 1
16:07:30 | INFO: Extracting primitive: Cylinder.002
16:07:30 | INFO: Primitives created: 1
16:07:30 | INFO: Extracting primitive: Cylinder.001
16:07:30 | INFO: Primitives created: 1
16:07:30 | INFO: Extracting primitive: Cylinder
16:07:30 | INFO: Primitives created: 1
16:07:30 | INFO: Finished glTF 2.0 export in 0.024012088775634766 s

Extensions: writing cache failed ([Errno 30] Read-only file system: '/home/agent/.config/blender').
Info: Saved "expo-metro-shared-interior.lod0.blend"
16:07:31 | INFO: Starting glTF 2.0 export
16:07:31 | INFO: Extracting primitive: Cube.001
16:07:31 | INFO: Primitives created: 1
16:07:31 | INFO: Extracting primitive: Cube
16:07:31 | INFO: Primitives created: 1
16:07:31 | INFO: Extracting primitive: Cylinder
16:07:31 | INFO: Primitives created: 1
16:07:31 | INFO: Extracting primitive: Cube.002
16:07:31 | INFO: Primitives created: 1
16:07:31 | INFO: Extracting primitive: Cube.054
16:07:31 | INFO: Primitives created: 1
16:07:31 | INFO: Extracting primitive: Cube.055
16:07:31 | INFO: Primitives created: 1
16:07:31 | INFO: Extracting primitive: Cube.056
16:07:31 | INFO: Primitives created: 1
16:07:31 | INFO: Extracting primitive: Cube.057
16:07:31 | INFO: Primitives created: 1
16:07:31 | INFO: Extracting primitive: Cube.036
16:07:31 | INFO: Primitives created: 2
16:07:31 | INFO: Extracting primitive: Cube.039
16:07:31 | INFO: Primitives created: 2
16:07:31 | INFO: Extracting primitive: Cube.042
16:07:31 | INFO: Primitives created: 2
16:07:31 | INFO: Extracting primitive: Cube.045
16:07:31 | INFO: Primitives created: 2
16:07:31 | INFO: Extracting primitive: Cube.048
16:07:31 | INFO: Primitives created: 2
16:07:31 | INFO: Extracting primitive: Cube.051
16:07:31 | INFO: Primitives created: 2
16:07:31 | INFO: Extracting primitive: Cube.018
16:07:31 | INFO: Primitives created: 2
16:07:31 | INFO: Extracting primitive: Cube.021
16:07:31 | INFO: Primitives created: 2
16:07:31 | INFO: Extracting primitive: Cube.024
16:07:31 | INFO: Primitives created: 2
16:07:31 | INFO: Extracting primitive: Cube.027
16:07:31 | INFO: Primitives created: 2
16:07:31 | INFO: Extracting primitive: Cube.030
16:07:31 | INFO: Primitives created: 2
16:07:31 | INFO: Extracting primitive: Cube.033
16:07:31 | INFO: Primitives created: 2
16:07:31 | INFO: Finished glTF 2.0 export in 0.04012441635131836 s

Extensions: writing cache failed ([Errno 30] Read-only file system: '/home/agent/.config/blender').
Info: Saved "expo-metro-shared-interior.lod1.blend"
16:07:31 | INFO: Starting glTF 2.0 export
16:07:31 | INFO: Extracting primitive: Cube.001
16:07:31 | INFO: Primitives created: 1
16:07:31 | INFO: Extracting primitive: Cube
16:07:31 | INFO: Primitives created: 1
16:07:31 | INFO: Extracting primitive: Cylinder
16:07:31 | INFO: Primitives created: 1
16:07:31 | INFO: Extracting primitive: Cube.002
16:07:31 | INFO: Primitives created: 1
16:07:31 | INFO: Extracting primitive: Cube.042
16:07:31 | INFO: Primitives created: 1
16:07:31 | INFO: Extracting primitive: Cube.043
16:07:31 | INFO: Primitives created: 1
16:07:31 | INFO: Extracting primitive: Cube.044
16:07:31 | INFO: Primitives created: 1
16:07:31 | INFO: Extracting primitive: Cube.045
16:07:31 | INFO: Primitives created: 1
16:07:31 | INFO: Extracting primitive: Cube.030
16:07:31 | INFO: Primitives created: 1
16:07:31 | INFO: Extracting primitive: Cube.032
16:07:31 | INFO: Primitives created: 1
16:07:31 | INFO: Extracting primitive: Cube.034
16:07:31 | INFO: Primitives created: 1
16:07:31 | INFO: Extracting primitive: Cube.036
16:07:31 | INFO: Primitives created: 1
16:07:31 | INFO: Extracting primitive: Cube.038
16:07:31 | INFO: Primitives created: 1
16:07:31 | INFO: Extracting primitive: Cube.040
16:07:31 | INFO: Primitives created: 1
16:07:31 | INFO: Extracting primitive: Cube.018
16:07:31 | INFO: Primitives created: 1
16:07:31 | INFO: Extracting primitive: Cube.020
16:07:31 | INFO: Primitives created: 1
16:07:31 | INFO: Extracting primitive: Cube.022
16:07:31 | INFO: Primitives created: 1
16:07:31 | INFO: Extracting primitive: Cube.024
16:07:31 | INFO: Primitives created: 1
16:07:31 | INFO: Extracting primitive: Cube.026
16:07:31 | INFO: Primitives created: 1
16:07:31 | INFO: Extracting primitive: Cube.028
16:07:31 | INFO: Primitives created: 1
16:07:31 | INFO: Finished glTF 2.0 export in 0.03152775764465332 s

Blender 4.3.2

Blender quit
