ERROR Draco mesh compression is not available because library could not be found at /usr/bin/4.3/python/lib/python3.13/site-packages/libextern_draco.so
16:21:13 | INFO: Starting glTF 2.0 export
16:21:13 | INFO: Extracting primitive: Cube
16:21:13 | WARNING: The active Vertex Color will not be exported, as it is not used in the node tree of the material
16:21:13 | INFO: Primitives created: 3
16:21:13 | INFO: Extracting primitive: Cube.158
16:21:13 | INFO: Primitives created: 1
16:21:13 | INFO: Extracting primitive: Cube.157
16:21:13 | INFO: Primitives created: 1
16:21:13 | INFO: Extracting primitive: Cube.135
16:21:13 | WARNING: The active Vertex Color will not be exported, as it is not used in the node tree of the material
16:21:13 | INFO: Primitives created: 2
16:21:13 | INFO: Extracting primitive: Cube.140
16:21:13 | WARNING: The active Vertex Color will not be exported, as it is not used in the node tree of the material
16:21:13 | INFO: Primitives created: 2
16:21:13 | INFO: Extracting primitive: Cube.145
16:21:13 | WARNING: The active Vertex Color will not be exported, as it is not used in the node tree of the material
16:21:13 | INFO: Primitives created: 2
16:21:13 | INFO: Extracting primitive: Cube.150
16:21:13 | WARNING: The active Vertex Color will not be exported, as it is not used in the node tree of the material
16:21:13 | INFO: Primitives created: 2
16:21:13 | INFO: Extracting primitive: Cube.125
16:21:13 | WARNING: The active Vertex Color will not be exported, as it is not used in the node tree of the material
16:21:13 | INFO: Primitives created: 2
16:21:13 | INFO: Extracting primitive: Cube.130
16:21:13 | WARNING: The active Vertex Color will not be exported, as it is not used in the node tree of the material
16:21:13 | INFO: Primitives created: 2
16:21:13 | INFO: Extracting primitive: Cube.105
16:21:13 | WARNING: The active Vertex Color will not be exported, as it is not used in the node tree of the material
16:21:13 | INFO: Primitives created: 2
16:21:13 | INFO: Extracting primitive: Cube.110
16:21:13 | WARNING: The active Vertex Color will not be exported, as it is not used in the node tree of the material
16:21:13 | INFO: Primitives created: 2
16:21:13 | INFO: Extracting primitive: Cube.115
16:21:13 | WARNING: The active Vertex Color will not be exported, as it is not used in the node tree of the material
16:21:13 | INFO: Primitives created: 2
16:21:13 | INFO: Extracting primitive: Cube.120
16:21:13 | WARNING: The active Vertex Color will not be exported, as it is not used in the node tree of the material
16:21:13 | INFO: Primitives created: 2
16:21:13 | INFO: Extracting primitive: Cube.095
16:21:13 | WARNING: The active Vertex Color will not be exported, as it is not used in the node tree of the material
16:21:13 | INFO: Primitives created: 2
16:21:13 | INFO: Extracting primitive: Cube.100
16:21:13 | WARNING: The active Vertex Color will not be exported, as it is not used in the node tree of the material
16:21:13 | INFO: Primitives created: 2
16:21:13 | INFO: Extracting primitive: Cube.004
16:21:13 | INFO: Primitives created: 1
16:21:13 | INFO: Extracting primitive: Cube.092
16:21:13 | INFO: Primitives created: 1
16:21:13 | INFO: Extracting primitive: Cylinder.007
16:21:13 | INFO: Primitives created: 1
16:21:13 | INFO: Extracting primitive: Cylinder.006
16:21:13 | INFO: Primitives created: 1
16:21:13 | INFO: Extracting primitive: Cylinder.005
16:21:13 | INFO: Primitives created: 1
16:21:13 | INFO: Extracting primitive: Cylinder.004
16:21:13 | INFO: Primitives created: 1
16:21:13 | INFO: Extracting primitive: Cylinder.003
16:21:13 | INFO: Primitives created: 1
16:21:13 | INFO: Extracting primitive: Cylinder.002
16:21:13 | INFO: Primitives created: 1
16:21:13 | INFO: Extracting primitive: Cylinder.001
16:21:13 | INFO: Primitives created: 1
16:21:13 | INFO: Extracting primitive: Cylinder
16:21:13 | INFO: Primitives created: 1
16:21:13 | INFO: Finished glTF 2.0 export in 0.04596352577209473 s

16:21:13 | INFO: Starting glTF 2.0 export
16:21:13 | INFO: Extracting primitive: Cube
16:21:13 | WARNING: The active Vertex Color will not be exported, as it is not used in the node tree of the material
16:21:13 | INFO: Primitives created: 3
16:21:13 | INFO: Extracting primitive: Cube.142
16:21:13 | INFO: Primitives created: 1
16:21:13 | INFO: Extracting primitive: Cube.141
16:21:13 | INFO: Primitives created: 1
16:21:13 | INFO: Extracting primitive: Cube.119
16:21:13 | WARNING: The active Vertex Color will not be exported, as it is not used in the node tree of the material
16:21:13 | INFO: Primitives created: 2
16:21:13 | INFO: Extracting primitive: Cube.124
16:21:13 | WARNING: The active Vertex Color will not be exported, as it is not used in the node tree of the material
16:21:13 | INFO: Primitives created: 2
16:21:13 | INFO: Extracting primitive: Cube.129
16:21:13 | WARNING: The active Vertex Color will not be exported, as it is not used in the node tree of the material
16:21:13 | INFO: Primitives created: 2
16:21:13 | INFO: Extracting primitive: Cube.134
16:21:13 | WARNING: The active Vertex Color will not be exported, as it is not used in the node tree of the material
16:21:13 | INFO: Primitives created: 2
16:21:13 | INFO: Extracting primitive: Cube.109
16:21:13 | WARNING: The active Vertex Color will not be exported, as it is not used in the node tree of the material
16:21:13 | INFO: Primitives created: 2
16:21:13 | INFO: Extracting primitive: Cube.114
16:21:13 | WARNING: The active Vertex Color will not be exported, as it is not used in the node tree of the material
16:21:13 | INFO: Primitives created: 2
16:21:13 | INFO: Extracting primitive: Cube.089
16:21:13 | WARNING: The active Vertex Color will not be exported, as it is not used in the node tree of the material
16:21:13 | INFO: Primitives created: 2
16:21:13 | INFO: Extracting primitive: Cube.094
16:21:13 | WARNING: The active Vertex Color will not be exported, as it is not used in the node tree of the material
16:21:13 | INFO: Primitives created: 2
16:21:13 | INFO: Extracting primitive: Cube.099
16:21:13 | WARNING: The active Vertex Color will not be exported, as it is not used in the node tree of the material
16:21:13 | INFO: Primitives created: 2
16:21:13 | INFO: Extracting primitive: Cube.104
16:21:13 | WARNING: The active Vertex Color will not be exported, as it is not used in the node tree of the material
16:21:13 | INFO: Primitives created: 2
16:21:13 | INFO: Extracting primitive: Cube.079
16:21:13 | WARNING: The active Vertex Color will not be exported, as it is not used in the node tree of the material
16:21:13 | INFO: Primitives created: 2
16:21:13 | INFO: Extracting primitive: Cube.084
16:21:13 | WARNING: The active Vertex Color will not be exported, as it is not used in the node tree of the material
16:21:13 | INFO: Primitives created: 2
16:21:13 | INFO: Extracting primitive: Cube.004
16:21:13 | INFO: Primitives created: 1
16:21:13 | INFO: Extracting primitive: Cube.076
16:21:13 | INFO: Primitives created: 1
16:21:13 | INFO: Extracting primitive: Cylinder.007
16:21:13 | INFO: Primitives created: 1
16:21:13 | INFO: Extracting primitive: Cylinder.006
16:21:13 | INFO: Primitives created: 1
16:21:13 | INFO: Extracting primitive: Cylinder.005
16:21:13 | INFO: Primitives created: 1
16:21:13 | INFO: Extracting primitive: Cylinder.004
16:21:13 | INFO: Primitives created: 1
16:21:13 | INFO: Extracting primitive: Cylinder.003
16:21:13 | INFO: Primitives created: 1
16:21:13 | INFO: Extracting primitive: Cylinder.002
16:21:13 | INFO: Primitives created: 1
16:21:13 | INFO: Extracting primitive: Cylinder.001
16:21:13 | INFO: Primitives created: 1
16:21:13 | INFO: Extracting primitive: Cylinder
16:21:13 | INFO: Primitives created: 1
16:21:13 | INFO: Finished glTF 2.0 export in 0.043616533279418945 s

16:21:13 | INFO: Starting glTF 2.0 export
16:21:13 | INFO: Extracting primitive: Cube
16:21:13 | WARNING: The active Vertex Color will not be exported, as it is not used in the node tree of the material
16:21:13 | INFO: Primitives created: 2
16:21:13 | INFO: Extracting primitive: Cube.013
16:21:13 | INFO: Primitives created: 1
16:21:13 | INFO: Extracting primitive: Cube.012
16:21:13 | INFO: Primitives created: 1
16:21:13 | INFO: Extracting primitive: Cube.002
16:21:13 | INFO: Primitives created: 1
16:21:13 | INFO: Extracting primitive: Cylinder.007
16:21:13 | INFO: Primitives created: 1
16:21:13 | INFO: Extracting primitive: Cylinder.006
16:21:13 | INFO: Primitives created: 1
16:21:13 | INFO: Extracting primitive: Cylinder.005
16:21:13 | INFO: Primitives created: 1
16:21:13 | INFO: Extracting primitive: Cylinder.004
16:21:13 | INFO: Primitives created: 1
16:21:13 | INFO: Extracting primitive: Cylinder.003
16:21:13 | INFO: Primitives created: 1
16:21:13 | INFO: Extracting primitive: Cylinder.002
16:21:13 | INFO: Primitives created: 1
16:21:13 | INFO: Extracting primitive: Cylinder.001
16:21:13 | INFO: Primitives created: 1
16:21:13 | INFO: Extracting primitive: Cylinder
16:21:13 | INFO: Primitives created: 1
16:21:13 | INFO: Finished glTF 2.0 export in 0.01868748664855957 s

16:21:13 | INFO: Starting glTF 2.0 export
16:21:13 | INFO: Extracting primitive: Cube
16:21:13 | WARNING: The active Vertex Color will not be exported, as it is not used in the node tree of the material
16:21:13 | INFO: Primitives created: 3
16:21:13 | INFO: Extracting primitive: Cube.158
16:21:13 | INFO: Primitives created: 1
16:21:13 | INFO: Extracting primitive: Cube.157
16:21:13 | INFO: Primitives created: 1
16:21:13 | INFO: Extracting primitive: Cube.135
16:21:13 | WARNING: The active Vertex Color will not be exported, as it is not used in the node tree of the material
16:21:13 | INFO: Primitives created: 2
16:21:13 | INFO: Extracting primitive: Cube.140
16:21:13 | WARNING: The active Vertex Color will not be exported, as it is not used in the node tree of the material
16:21:13 | INFO: Primitives created: 2
16:21:13 | INFO: Extracting primitive: Cube.145
16:21:13 | WARNING: The active Vertex Color will not be exported, as it is not used in the node tree of the material
16:21:13 | INFO: Primitives created: 2
16:21:13 | INFO: Extracting primitive: Cube.150
16:21:13 | WARNING: The active Vertex Color will not be exported, as it is not used in the node tree of the material
16:21:13 | INFO: Primitives created: 2
16:21:13 | INFO: Extracting primitive: Cube.125
16:21:13 | WARNING: The active Vertex Color will not be exported, as it is not used in the node tree of the material
16:21:13 | INFO: Primitives created: 2
16:21:13 | INFO: Extracting primitive: Cube.130
16:21:13 | WARNING: The active Vertex Color will not be exported, as it is not used in the node tree of the material
16:21:13 | INFO: Primitives created: 2
16:21:13 | INFO: Extracting primitive: Cube.105
16:21:13 | WARNING: The active Vertex Color will not be exported, as it is not used in the node tree of the material
16:21:13 | INFO: Primitives created: 2
16:21:13 | INFO: Extracting primitive: Cube.110
16:21:13 | WARNING: The active Vertex Color will not be exported, as it is not used in the node tree of the material
16:21:13 | INFO: Primitives created: 2
16:21:13 | INFO: Extracting primitive: Cube.115
16:21:13 | WARNING: The active Vertex Color will not be exported, as it is not used in the node tree of the material
16:21:13 | INFO: Primitives created: 2
16:21:13 | INFO: Extracting primitive: Cube.120
16:21:13 | WARNING: The active Vertex Color will not be exported, as it is not used in the node tree of the material
16:21:13 | INFO: Primitives created: 2
16:21:13 | INFO: Extracting primitive: Cube.095
16:21:13 | WARNING: The active Vertex Color will not be exported, as it is not used in the node tree of the material
16:21:13 | INFO: Primitives created: 2
16:21:13 | INFO: Extracting primitive: Cube.100
16:21:13 | WARNING: The active Vertex Color will not be exported, as it is not used in the node tree of the material
16:21:13 | INFO: Primitives created: 2
16:21:13 | INFO: Extracting primitive: Cube.004
16:21:13 | INFO: Primitives created: 1
16:21:13 | INFO: Extracting primitive: Cylinder.007
16:21:13 | INFO: Primitives created: 1
16:21:13 | INFO: Extracting primitive: Cylinder.006
16:21:13 | INFO: Primitives created: 1
16:21:13 | INFO: Extracting primitive: Cylinder.005
16:21:13 | INFO: Primitives created: 1
16:21:13 | INFO: Extracting primitive: Cylinder.004
16:21:13 | INFO: Primitives created: 1
16:21:13 | INFO: Extracting primitive: Cylinder.003
16:21:13 | INFO: Primitives created: 1
16:21:13 | INFO: Extracting primitive: Cylinder.002
16:21:13 | INFO: Primitives created: 1
16:21:13 | INFO: Extracting primitive: Cylinder.001
16:21:13 | INFO: Primitives created: 1
16:21:13 | INFO: Extracting primitive: Cylinder
16:21:13 | INFO: Primitives created: 1
16:21:13 | INFO: Finished glTF 2.0 export in 0.04399561882019043 s

16:21:13 | INFO: Starting glTF 2.0 export
16:21:13 | INFO: Extracting primitive: Cube
16:21:13 | WARNING: The active Vertex Color will not be exported, as it is not used in the node tree of the material
16:21:13 | INFO: Primitives created: 3
16:21:13 | INFO: Extracting primitive: Cube.142
16:21:13 | INFO: Primitives created: 1
16:21:13 | INFO: Extracting primitive: Cube.141
16:21:13 | INFO: Primitives created: 1
16:21:13 | INFO: Extracting primitive: Cube.119
16:21:13 | WARNING: The active Vertex Color will not be exported, as it is not used in the node tree of the material
16:21:13 | INFO: Primitives created: 2
16:21:13 | INFO: Extracting primitive: Cube.124
16:21:13 | WARNING: The active Vertex Color will not be exported, as it is not used in the node tree of the material
16:21:13 | INFO: Primitives created: 2
16:21:13 | INFO: Extracting primitive: Cube.129
16:21:13 | WARNING: The active Vertex Color will not be exported, as it is not used in the node tree of the material
16:21:13 | INFO: Primitives created: 2
16:21:13 | INFO: Extracting primitive: Cube.134
16:21:13 | WARNING: The active Vertex Color will not be exported, as it is not used in the node tree of the material
16:21:13 | INFO: Primitives created: 2
16:21:13 | INFO: Extracting primitive: Cube.109
16:21:13 | WARNING: The active Vertex Color will not be exported, as it is not used in the node tree of the material
16:21:13 | INFO: Primitives created: 2
16:21:13 | INFO: Extracting primitive: Cube.114
16:21:13 | WARNING: The active Vertex Color will not be exported, as it is not used in the node tree of the material
16:21:13 | INFO: Primitives created: 2
16:21:13 | INFO: Extracting primitive: Cube.089
16:21:13 | WARNING: The active Vertex Color will not be exported, as it is not used in the node tree of the material
16:21:13 | INFO: Primitives created: 2
16:21:13 | INFO: Extracting primitive: Cube.094
16:21:13 | WARNING: The active Vertex Color will not be exported, as it is not used in the node tree of the material
16:21:13 | INFO: Primitives created: 2
16:21:13 | INFO: Extracting primitive: Cube.099
16:21:13 | WARNING: The active Vertex Color will not be exported, as it is not used in the node tree of the material
16:21:13 | INFO: Primitives created: 2
16:21:13 | INFO: Extracting primitive: Cube.104
16:21:13 | WARNING: The active Vertex Color will not be exported, as it is not used in the node tree of the material
16:21:13 | INFO: Primitives created: 2
16:21:13 | INFO: Extracting primitive: Cube.079
16:21:13 | WARNING: The active Vertex Color will not be exported, as it is not used in the node tree of the material
16:21:13 | INFO: Primitives created: 2
16:21:13 | INFO: Extracting primitive: Cube.084
16:21:13 | WARNING: The active Vertex Color will not be exported, as it is not used in the node tree of the material
16:21:13 | INFO: Primitives created: 2
16:21:13 | INFO: Extracting primitive: Cube.004
16:21:13 | INFO: Primitives created: 1
16:21:13 | INFO: Extracting primitive: Cylinder.007
16:21:13 | INFO: Primitives created: 1
16:21:13 | INFO: Extracting primitive: Cylinder.006
16:21:13 | INFO: Primitives created: 1
16:21:13 | INFO: Extracting primitive: Cylinder.005
16:21:13 | INFO: Primitives created: 1
16:21:13 | INFO: Extracting primitive: Cylinder.004
16:21:13 | INFO: Primitives created: 1
16:21:13 | INFO: Extracting primitive: Cylinder.003
16:21:13 | INFO: Primitives created: 1
16:21:13 | INFO: Extracting primitive: Cylinder.002
16:21:13 | INFO: Primitives created: 1
16:21:13 | INFO: Extracting primitive: Cylinder.001
16:21:13 | INFO: Primitives created: 1
16:21:13 | INFO: Extracting primitive: Cylinder
16:21:13 | INFO: Primitives created: 1
16:21:13 | INFO: Finished glTF 2.0 export in 0.04163551330566406 s

16:21:13 | INFO: Starting glTF 2.0 export
16:21:13 | INFO: Extracting primitive: Cube
16:21:13 | WARNING: The active Vertex Color will not be exported, as it is not used in the node tree of the material
16:21:13 | INFO: Primitives created: 2
16:21:13 | INFO: Extracting primitive: Cube.013
16:21:13 | INFO: Primitives created: 1
16:21:13 | INFO: Extracting primitive: Cube.012
16:21:13 | INFO: Primitives created: 1
16:21:13 | INFO: Extracting primitive: Cube.002
16:21:13 | INFO: Primitives created: 1
16:21:13 | INFO: Extracting primitive: Cylinder.007
16:21:13 | INFO: Primitives created: 1
16:21:13 | INFO: Extracting primitive: Cylinder.006
16:21:13 | INFO: Primitives created: 1
16:21:13 | INFO: Extracting primitive: Cylinder.005
16:21:13 | INFO: Primitives created: 1
16:21:13 | INFO: Extracting primitive: Cylinder.004
16:21:13 | INFO: Primitives created: 1
16:21:13 | INFO: Extracting primitive: Cylinder.003
16:21:13 | INFO: Primitives created: 1
16:21:13 | INFO: Extracting primitive: Cylinder.002
16:21:13 | INFO: Primitives created: 1
16:21:13 | INFO: Extracting primitive: Cylinder.001
16:21:13 | INFO: Primitives created: 1
16:21:13 | INFO: Extracting primitive: Cylinder
16:21:13 | INFO: Primitives created: 1
16:21:13 | INFO: Finished glTF 2.0 export in 0.02220892906188965 s

16:21:13 | INFO: Starting glTF 2.0 export
16:21:13 | INFO: Extracting primitive: Cube.001
16:21:13 | INFO: Primitives created: 1
16:21:13 | INFO: Extracting primitive: Cube
16:21:13 | INFO: Primitives created: 1
16:21:13 | INFO: Extracting primitive: Cylinder
16:21:13 | INFO: Primitives created: 1
16:21:13 | INFO: Extracting primitive: Cube.002
16:21:13 | INFO: Primitives created: 1
16:21:13 | INFO: Extracting primitive: Cube.054
16:21:13 | INFO: Primitives created: 1
16:21:13 | INFO: Extracting primitive: Cube.055
16:21:13 | INFO: Primitives created: 1
16:21:13 | INFO: Extracting primitive: Cube.056
16:21:13 | INFO: Primitives created: 1
16:21:13 | INFO: Extracting primitive: Cube.057
16:21:13 | INFO: Primitives created: 1
16:21:13 | INFO: Extracting primitive: Cube.036
16:21:13 | INFO: Primitives created: 2
16:21:13 | INFO: Extracting primitive: Cube.039
16:21:13 | INFO: Primitives created: 2
16:21:13 | INFO: Extracting primitive: Cube.042
16:21:13 | INFO: Primitives created: 2
16:21:13 | INFO: Extracting primitive: Cube.045
16:21:13 | INFO: Primitives created: 2
16:21:13 | INFO: Extracting primitive: Cube.048
16:21:13 | INFO: Primitives created: 2
16:21:13 | INFO: Extracting primitive: Cube.051
16:21:13 | INFO: Primitives created: 2
16:21:13 | INFO: Extracting primitive: Cube.018
16:21:13 | INFO: Primitives created: 2
16:21:13 | INFO: Extracting primitive: Cube.021
16:21:13 | INFO: Primitives created: 2
16:21:13 | INFO: Extracting primitive: Cube.024
16:21:13 | INFO: Primitives created: 2
16:21:13 | INFO: Extracting primitive: Cube.027
16:21:13 | INFO: Primitives created: 2
16:21:13 | INFO: Extracting primitive: Cube.030
16:21:13 | INFO: Primitives created: 2
16:21:13 | INFO: Extracting primitive: Cube.033
16:21:13 | INFO: Primitives created: 2
16:21:13 | INFO: Finished glTF 2.0 export in 0.05377316474914551 s

16:21:13 | INFO: Starting glTF 2.0 export
16:21:13 | INFO: Extracting primitive: Cube.001
16:21:13 | INFO: Primitives created: 1
16:21:13 | INFO: Extracting primitive: Cube
16:21:14 | INFO: Primitives created: 1
16:21:14 | INFO: Extracting primitive: Cylinder
16:21:14 | INFO: Primitives created: 1
16:21:14 | INFO: Extracting primitive: Cube.002
16:21:14 | INFO: Primitives created: 1
16:21:14 | INFO: Extracting primitive: Cube.042
16:21:14 | INFO: Primitives created: 1
16:21:14 | INFO: Extracting primitive: Cube.043
16:21:14 | INFO: Primitives created: 1
16:21:14 | INFO: Extracting primitive: Cube.044
16:21:14 | INFO: Primitives created: 1
16:21:14 | INFO: Extracting primitive: Cube.045
16:21:14 | INFO: Primitives created: 1
16:21:14 | INFO: Extracting primitive: Cube.030
16:21:14 | INFO: Primitives created: 1
16:21:14 | INFO: Extracting primitive: Cube.032
16:21:14 | INFO: Primitives created: 1
16:21:14 | INFO: Extracting primitive: Cube.034
16:21:14 | INFO: Primitives created: 1
16:21:14 | INFO: Extracting primitive: Cube.036
16:21:14 | INFO: Primitives created: 1
16:21:14 | INFO: Extracting primitive: Cube.038
16:21:14 | INFO: Primitives created: 1
16:21:14 | INFO: Extracting primitive: Cube.040
16:21:14 | INFO: Primitives created: 1
16:21:14 | INFO: Extracting primitive: Cube.018
16:21:14 | INFO: Primitives created: 1
16:21:14 | INFO: Extracting primitive: Cube.020
16:21:14 | INFO: Primitives created: 1
16:21:14 | INFO: Extracting primitive: Cube.022
16:21:14 | INFO: Primitives created: 1
16:21:14 | INFO: Extracting primitive: Cube.024
16:21:14 | INFO: Primitives created: 1
16:21:14 | INFO: Extracting primitive: Cube.026
16:21:14 | INFO: Primitives created: 1
16:21:14 | INFO: Extracting primitive: Cube.028
16:21:14 | INFO: Primitives created: 1
16:21:14 | INFO: Finished glTF 2.0 export in 0.0321507453918457 s

16:21:14 | INFO: Starting glTF 2.0 export
16:21:14 | INFO: Extracting primitive: Cube
16:21:14 | WARNING: The active Vertex Color will not be exported, as it is not used in the node tree of the material
16:21:14 | INFO: Primitives created: 3
16:21:14 | INFO: Extracting primitive: Cube.158
16:21:14 | INFO: Primitives created: 1
16:21:14 | INFO: Extracting primitive: Cube.157
16:21:14 | INFO: Primitives created: 1
16:21:14 | INFO: Extracting primitive: Cube.135
16:21:14 | WARNING: The active Vertex Color will not be exported, as it is not used in the node tree of the material
16:21:14 | INFO: Primitives created: 2
16:21:14 | INFO: Extracting primitive: Cube.140
16:21:14 | WARNING: The active Vertex Color will not be exported, as it is not used in the node tree of the material
16:21:14 | INFO: Primitives created: 2
16:21:14 | INFO: Extracting primitive: Cube.145
16:21:14 | WARNING: The active Vertex Color will not be exported, as it is not used in the node tree of the material
16:21:14 | INFO: Primitives created: 2
16:21:14 | INFO: Extracting primitive: Cube.150
16:21:14 | WARNING: The active Vertex Color will not be exported, as it is not used in the node tree of the material
16:21:14 | INFO: Primitives created: 2
16:21:14 | INFO: Extracting primitive: Cube.125
16:21:14 | WARNING: The active Vertex Color will not be exported, as it is not used in the node tree of the material
16:21:14 | INFO: Primitives created: 2
16:21:14 | INFO: Extracting primitive: Cube.130
16:21:14 | WARNING: The active Vertex Color will not be exported, as it is not used in the node tree of the material
16:21:14 | INFO: Primitives created: 2
16:21:14 | INFO: Extracting primitive: Cube.105
16:21:14 | WARNING: The active Vertex Color will not be exported, as it is not used in the node tree of the material
16:21:14 | INFO: Primitives created: 2
16:21:14 | INFO: Extracting primitive: Cube.110
16:21:14 | WARNING: The active Vertex Color will not be exported, as it is not used in the node tree of the material
16:21:14 | INFO: Primitives created: 2
16:21:14 | INFO: Extracting primitive: Cube.115
16:21:14 | WARNING: The active Vertex Color will not be exported, as it is not used in the node tree of the material
16:21:14 | INFO: Primitives created: 2
16:21:14 | INFO: Extracting primitive: Cube.120
16:21:14 | WARNING: The active Vertex Color will not be exported, as it is not used in the node tree of the material
16:21:14 | INFO: Primitives created: 2
16:21:14 | INFO: Extracting primitive: Cube.095
16:21:14 | WARNING: The active Vertex Color will not be exported, as it is not used in the node tree of the material
16:21:14 | INFO: Primitives created: 2
16:21:14 | INFO: Extracting primitive: Cube.100
16:21:14 | WARNING: The active Vertex Color will not be exported, as it is not used in the node tree of the material
16:21:14 | INFO: Primitives created: 2
16:21:14 | INFO: Extracting primitive: Cube.004
16:21:14 | INFO: Primitives created: 1
16:21:14 | INFO: Extracting primitive: Cube.084
16:21:14 | INFO: Primitives created: 1
16:21:14 | INFO: Extracting primitive: Cylinder.007
16:21:14 | INFO: Primitives created: 1
16:21:14 | INFO: Extracting primitive: Cylinder.006
16:21:14 | INFO: Primitives created: 1
16:21:14 | INFO: Extracting primitive: Cylinder.005
16:21:14 | INFO: Primitives created: 1
16:21:14 | INFO: Extracting primitive: Cylinder.004
16:21:14 | INFO: Primitives created: 1
16:21:14 | INFO: Extracting primitive: Cylinder.003
16:21:14 | INFO: Primitives created: 1
16:21:14 | INFO: Extracting primitive: Cylinder.002
16:21:14 | INFO: Primitives created: 1
16:21:14 | INFO: Extracting primitive: Cylinder.001
16:21:14 | INFO: Primitives created: 1
16:21:14 | INFO: Extracting primitive: Cylinder
16:21:14 | INFO: Primitives created: 1
16:21:14 | INFO: Finished glTF 2.0 export in 0.0454554557800293 s

16:21:14 | INFO: Starting glTF 2.0 export
16:21:14 | INFO: Extracting primitive: Cube
16:21:14 | WARNING: The active Vertex Color will not be exported, as it is not used in the node tree of the material
16:21:14 | INFO: Primitives created: 3
16:21:14 | INFO: Extracting primitive: Cube.142
16:21:14 | INFO: Primitives created: 1
16:21:14 | INFO: Extracting primitive: Cube.141
16:21:14 | INFO: Primitives created: 1
16:21:14 | INFO: Extracting primitive: Cube.119
16:21:14 | WARNING: The active Vertex Color will not be exported, as it is not used in the node tree of the material
16:21:14 | INFO: Primitives created: 2
16:21:14 | INFO: Extracting primitive: Cube.124
16:21:14 | WARNING: The active Vertex Color will not be exported, as it is not used in the node tree of the material
16:21:14 | INFO: Primitives created: 2
16:21:14 | INFO: Extracting primitive: Cube.129
16:21:14 | WARNING: The active Vertex Color will not be exported, as it is not used in the node tree of the material
16:21:14 | INFO: Primitives created: 2
16:21:14 | INFO: Extracting primitive: Cube.134
16:21:14 | WARNING: The active Vertex Color will not be exported, as it is not used in the node tree of the material
16:21:14 | INFO: Primitives created: 2
16:21:14 | INFO: Extracting primitive: Cube.109
16:21:14 | WARNING: The active Vertex Color will not be exported, as it is not used in the node tree of the material
16:21:14 | INFO: Primitives created: 2
16:21:14 | INFO: Extracting primitive: Cube.114
16:21:14 | WARNING: The active Vertex Color will not be exported, as it is not used in the node tree of the material
16:21:14 | INFO: Primitives created: 2
16:21:14 | INFO: Extracting primitive: Cube.089
16:21:14 | WARNING: The active Vertex Color will not be exported, as it is not used in the node tree of the material
16:21:14 | INFO: Primitives created: 2
16:21:14 | INFO: Extracting primitive: Cube.094
16:21:14 | WARNING: The active Vertex Color will not be exported, as it is not used in the node tree of the material
16:21:14 | INFO: Primitives created: 2
16:21:14 | INFO: Extracting primitive: Cube.099
16:21:14 | WARNING: The active Vertex Color will not be exported, as it is not used in the node tree of the material
16:21:14 | INFO: Primitives created: 2
16:21:14 | INFO: Extracting primitive: Cube.104
16:21:14 | WARNING: The active Vertex Color will not be exported, as it is not used in the node tree of the material
16:21:14 | INFO: Primitives created: 2
16:21:14 | INFO: Extracting primitive: Cube.079
16:21:14 | WARNING: The active Vertex Color will not be exported, as it is not used in the node tree of the material
16:21:14 | INFO: Primitives created: 2
16:21:14 | INFO: Extracting primitive: Cube.084
16:21:14 | WARNING: The active Vertex Color will not be exported, as it is not used in the node tree of the material
16:21:14 | INFO: Primitives created: 2
16:21:14 | INFO: Extracting primitive: Cube.004
16:21:14 | INFO: Primitives created: 1
16:21:14 | INFO: Extracting primitive: Cube.068
16:21:14 | INFO: Primitives created: 1
16:21:14 | INFO: Extracting primitive: Cylinder.007
16:21:14 | INFO: Primitives created: 1
16:21:14 | INFO: Extracting primitive: Cylinder.006
16:21:14 | INFO: Primitives created: 1
16:21:14 | INFO: Extracting primitive: Cylinder.005
16:21:14 | INFO: Primitives created: 1
16:21:14 | INFO: Extracting primitive: Cylinder.004
16:21:14 | INFO: Primitives created: 1
16:21:14 | INFO: Extracting primitive: Cylinder.003
16:21:14 | INFO: Primitives created: 1
16:21:14 | INFO: Extracting primitive: Cylinder.002
16:21:14 | INFO: Primitives created: 1
16:21:14 | INFO: Extracting primitive: Cylinder.001
16:21:14 | INFO: Primitives created: 1
16:21:14 | INFO: Extracting primitive: Cylinder
16:21:14 | INFO: Primitives created: 1
16:21:14 | INFO: Finished glTF 2.0 export in 0.04345417022705078 s

16:21:14 | INFO: Starting glTF 2.0 export
16:21:14 | INFO: Extracting primitive: Cube
16:21:14 | WARNING: The active Vertex Color will not be exported, as it is not used in the node tree of the material
16:21:14 | INFO: Primitives created: 2
16:21:14 | INFO: Extracting primitive: Cube.013
16:21:14 | INFO: Primitives created: 1
16:21:14 | INFO: Extracting primitive: Cube.012
16:21:14 | INFO: Primitives created: 1
16:21:14 | INFO: Extracting primitive: Cube.002
16:21:14 | INFO: Primitives created: 1
16:21:14 | INFO: Extracting primitive: Cylinder.007
16:21:14 | INFO: Primitives created: 1
16:21:14 | INFO: Extracting primitive: Cylinder.006
16:21:14 | INFO: Primitives created: 1
16:21:14 | INFO: Extracting primitive: Cylinder.005
16:21:14 | INFO: Primitives created: 1
16:21:14 | INFO: Extracting primitive: Cylinder.004
16:21:14 | INFO: Primitives created: 1
16:21:14 | INFO: Extracting primitive: Cylinder.003
16:21:14 | INFO: Primitives created: 1
16:21:14 | INFO: Extracting primitive: Cylinder.002
16:21:14 | INFO: Primitives created: 1
16:21:14 | INFO: Extracting primitive: Cylinder.001
16:21:14 | INFO: Primitives created: 1
16:21:14 | INFO: Extracting primitive: Cylinder
16:21:14 | INFO: Primitives created: 1
16:21:14 | INFO: Finished glTF 2.0 export in 0.018613338470458984 s

Blender 4.3.2
Read blend: "/workspace/scratch/7c20b5ba4165/atlas-backlog-oct3/tools/assets/boardable-metro/source/expo-metro-lead-exterior.lod0.blend"
Read blend: "/workspace/scratch/7c20b5ba4165/atlas-backlog-oct3/tools/assets/boardable-metro/source/expo-metro-lead-exterior.lod1.blend"
Read blend: "/workspace/scratch/7c20b5ba4165/atlas-backlog-oct3/tools/assets/boardable-metro/source/expo-metro-lead-exterior.lod2.blend"
Read blend: "/workspace/scratch/7c20b5ba4165/atlas-backlog-oct3/tools/assets/boardable-metro/source/expo-metro-middle-exterior.lod0.blend"
Read blend: "/workspace/scratch/7c20b5ba4165/atlas-backlog-oct3/tools/assets/boardable-metro/source/expo-metro-middle-exterior.lod1.blend"
Read blend: "/workspace/scratch/7c20b5ba4165/atlas-backlog-oct3/tools/assets/boardable-metro/source/expo-metro-middle-exterior.lod2.blend"
Read blend: "/workspace/scratch/7c20b5ba4165/atlas-backlog-oct3/tools/assets/boardable-metro/source/expo-metro-shared-interior.lod0.blend"
Read blend: "/workspace/scratch/7c20b5ba4165/atlas-backlog-oct3/tools/assets/boardable-metro/source/expo-metro-shared-interior.lod1.blend"
Read blend: "/workspace/scratch/7c20b5ba4165/atlas-backlog-oct3/tools/assets/boardable-metro/source/expo-metro-tail-exterior.lod0.blend"
Read blend: "/workspace/scratch/7c20b5ba4165/atlas-backlog-oct3/tools/assets/boardable-metro/source/expo-metro-tail-exterior.lod1.blend"
Read blend: "/workspace/scratch/7c20b5ba4165/atlas-backlog-oct3/tools/assets/boardable-metro/source/expo-metro-tail-exterior.lod2.blend"

Blender quit
