ERROR Draco mesh compression is not available because library could not be found at /usr/bin/4.3/python/lib/python3.13/site-packages/libextern_draco.so
17:33:22 | INFO: Starting glTF 2.0 export
17:33:22 | INFO: Extracting primitive: Cube
17:33:22 | INFO: Primitives created: 1
17:33:22 | INFO: Extracting primitive: Cube.001
17:33:22 | INFO: Primitives created: 1
17:33:22 | INFO: Extracting primitive: Cube.002
17:33:22 | INFO: Primitives created: 1
17:33:22 | INFO: Extracting primitive: Cube.003
17:33:22 | INFO: Primitives created: 1
17:33:22 | INFO: Extracting primitive: Cube.004
17:33:22 | INFO: Primitives created: 1
17:33:22 | INFO: Extracting primitive: Cube.005
17:33:22 | INFO: Primitives created: 1
17:33:22 | INFO: Extracting primitive: Cube.006
17:33:22 | INFO: Primitives created: 1
17:33:22 | INFO: Extracting primitive: Cube.007
17:33:22 | INFO: Primitives created: 1
17:33:22 | INFO: Extracting primitive: Cube.008
17:33:22 | INFO: Primitives created: 1
17:33:22 | INFO: Extracting primitive: Cube.009
17:33:22 | INFO: Primitives created: 1
17:33:22 | INFO: Finished glTF 2.0 export in 0.02155160903930664 s

Extensions: writing cache failed ([Errno 30] Read-only file system: '/home/agent/.config/blender').
17:33:22 | INFO: Data are loaded, start creating Blender stuff
17:33:22 | INFO: Blender create Mesh node furniture-batch-EXPORT_interior-oak-veneer-0
17:33:22 | INFO: Blender create Mesh node furniture-batch-EXPORT_landmark-brushed-aluminum-1
17:33:22 | INFO: glTF import finished in 0.01s
17:33:22 | INFO: Starting glTF 2.0 export
17:33:22 | INFO: Extracting primitive: Cube
17:33:22 | INFO: Primitives created: 1
17:33:22 | INFO: Extracting primitive: Cube.001
17:33:22 | INFO: Primitives created: 1
17:33:22 | INFO: Extracting primitive: Cube.002
17:33:22 | INFO: Primitives created: 1
17:33:22 | INFO: Extracting primitive: Cube.003
17:33:22 | INFO: Primitives created: 1
17:33:22 | INFO: Extracting primitive: Cube.004
17:33:22 | INFO: Primitives created: 1
17:33:22 | INFO: Extracting primitive: Cube.005
17:33:22 | INFO: Primitives created: 1
17:33:22 | INFO: Extracting primitive: Cube.006
17:33:22 | INFO: Primitives created: 1
17:33:22 | INFO: Extracting primitive: Cube.007
17:33:22 | INFO: Primitives created: 1
17:33:22 | INFO: Finished glTF 2.0 export in 0.012076616287231445 s

Extensions: writing cache failed ([Errno 30] Read-only file system: '/home/agent/.config/blender').
17:33:22 | INFO: Data are loaded, start creating Blender stuff
17:33:22 | INFO: Blender create Mesh node furniture-batch-EXPORT_interior-oak-veneer-0
17:33:22 | INFO: Blender create Mesh node furniture-batch-EXPORT_landmark-brushed-aluminum-1
17:33:22 | INFO: glTF import finished in 0.00s
17:33:22 | INFO: Starting glTF 2.0 export
17:33:22 | INFO: Extracting primitive: Cube
17:33:22 | INFO: Primitives created: 1
17:33:22 | INFO: Extracting primitive: Cube.001
17:33:22 | INFO: Primitives created: 1
17:33:22 | INFO: Extracting primitive: Cube.002
17:33:22 | INFO: Primitives created: 1
17:33:22 | INFO: Extracting primitive: Cube.003
17:33:22 | INFO: Primitives created: 1
17:33:22 | INFO: Extracting primitive: Cube.004
17:33:22 | INFO: Primitives created: 1
17:33:22 | INFO: Extracting primitive: Cube.005
17:33:22 | INFO: Primitives created: 1
17:33:22 | INFO: Extracting primitive: Cube.006
17:33:22 | INFO: Primitives created: 1
17:33:22 | INFO: Finished glTF 2.0 export in 0.013628482818603516 s

Extensions: writing cache failed ([Errno 30] Read-only file system: '/home/agent/.config/blender').
17:33:22 | INFO: Data are loaded, start creating Blender stuff
17:33:22 | INFO: Blender create Mesh node furniture-batch-EXPORT_interior-oak-veneer-0
17:33:22 | INFO: Blender create Mesh node furniture-batch-EXPORT_interior-matte-plaster-1
17:33:22 | INFO: glTF import finished in 0.00s
17:33:22 | INFO: Starting glTF 2.0 export
17:33:22 | INFO: Extracting primitive: Cube
17:33:22 | INFO: Primitives created: 1
17:33:22 | INFO: Extracting primitive: Cube.001
17:33:22 | INFO: Primitives created: 1
17:33:22 | INFO: Extracting primitive: Cube.002
17:33:22 | INFO: Primitives created: 1
17:33:22 | INFO: Extracting primitive: Cube.003
17:33:22 | INFO: Primitives created: 1
17:33:22 | INFO: Extracting primitive: Cube.004
17:33:22 | INFO: Primitives created: 1
17:33:22 | INFO: Finished glTF 2.0 export in 0.009305953979492188 s

Extensions: writing cache failed ([Errno 30] Read-only file system: '/home/agent/.config/blender').
17:33:22 | INFO: Data are loaded, start creating Blender stuff
17:33:22 | INFO: Blender create Mesh node furniture-batch-EXPORT_interior-oak-veneer-0
17:33:22 | INFO: Blender create Mesh node furniture-batch-EXPORT_interior-matte-plaster-1
17:33:22 | INFO: glTF import finished in 0.00s
Info: Saved "edited-chair.blend"
17:33:22 | INFO: Starting glTF 2.0 export
17:33:22 | INFO: Extracting primitive: Cube
17:33:22 | INFO: Primitives created: 1
17:33:22 | INFO: Extracting primitive: Cube.001
17:33:22 | INFO: Primitives created: 1
17:33:22 | INFO: Extracting primitive: Cube.002
17:33:22 | INFO: Primitives created: 1
17:33:22 | INFO: Extracting primitive: Cube.003
17:33:22 | INFO: Primitives created: 1
17:33:22 | INFO: Extracting primitive: Cube.004
17:33:22 | INFO: Primitives created: 1
17:33:22 | INFO: Extracting primitive: Cube.005
17:33:22 | INFO: Primitives created: 1
17:33:22 | INFO: Extracting primitive: Cube.006
17:33:22 | INFO: Primitives created: 1
17:33:22 | INFO: Extracting primitive: Cube.007
17:33:22 | INFO: Primitives created: 1
17:33:22 | INFO: Extracting primitive: Cube.008
17:33:22 | INFO: Primitives created: 1
17:33:22 | INFO: Extracting primitive: Cube.009
17:33:22 | INFO: Primitives created: 1
17:33:22 | INFO: Finished glTF 2.0 export in 0.017825603485107422 s

Extensions: writing cache failed ([Errno 30] Read-only file system: '/home/agent/.config/blender').
17:33:22 | INFO: Data are loaded, start creating Blender stuff
17:33:22 | INFO: Blender create Mesh node furniture-batch-EXPORT_interior-oak-veneer-0
17:33:22 | INFO: Blender create Mesh node furniture-batch-EXPORT_landmark-brushed-aluminum-1
17:33:22 | INFO: glTF import finished in 0.00s
Blender 4.3.2
Read blend: "/workspace/scratch/7c20b5ba4165/atlas-backlog-oct3/tools/assets/material-consumer-candidates/source/lecture-chair-module.lod0.blend"
Read blend: "/workspace/scratch/7c20b5ba4165/atlas-backlog-oct3/tools/assets/material-consumer-candidates/source/lecture-chair-module.lod0.blend"
Read blend: "/workspace/scratch/7c20b5ba4165/atlas-backlog-oct3/tools/assets/material-consumer-candidates/source/lecture-chair-module.lod1.blend"
Read blend: "/workspace/scratch/7c20b5ba4165/atlas-backlog-oct3/tools/assets/material-consumer-candidates/source/lecture-chair-module.lod1.blend"
Read blend: "/workspace/scratch/7c20b5ba4165/atlas-backlog-oct3/tools/assets/material-consumer-candidates/source/admissions-counter-module.lod0.blend"
Read blend: "/workspace/scratch/7c20b5ba4165/atlas-backlog-oct3/tools/assets/material-consumer-candidates/source/admissions-counter-module.lod0.blend"
Read blend: "/workspace/scratch/7c20b5ba4165/atlas-backlog-oct3/tools/assets/material-consumer-candidates/source/admissions-counter-module.lod1.blend"
Read blend: "/workspace/scratch/7c20b5ba4165/atlas-backlog-oct3/tools/assets/material-consumer-candidates/source/admissions-counter-module.lod1.blend"
Read blend: "/workspace/scratch/7c20b5ba4165/atlas-backlog-oct3/tools/assets/material-consumer-candidates/source/lecture-chair-module.lod0.blend"
Read blend: "/workspace/scratch/7c20b5ba4165/atlas-backlog-oct3/tools/assets/material-consumer-candidates/qa/edited-chair.blend"
Fra:1 Mem:14.16M (Peak 14.42M) | Time:00:00.00 | Mem:0.00M, Peak:0.00M | Scene, ViewLayer | Synchronizing object | furniture-batch-EXPORT_interior-oak-veneer-0
Fra:1 Mem:14.16M (Peak 14.42M) | Time:00:00.00 | Mem:0.00M, Peak:0.00M | Scene, ViewLayer | Synchronizing object | Text
Fra:1 Mem:16.27M (Peak 16.27M) | Time:00:00.00 | Mem:0.00M, Peak:0.00M | Scene, ViewLayer | Synchronizing object | Text.001
Fra:1 Mem:17.19M (Peak 17.19M) | Time:00:00.00 | Mem:0.00M, Peak:0.00M | Scene, ViewLayer | Synchronizing object | qa-ground
Fra:1 Mem:17.19M (Peak 17.19M) | Time:00:00.00 | Mem:0.00M, Peak:0.00M | Scene, ViewLayer | Synchronizing object | furniture-batch-EXPORT_landmark-brushed-aluminum-1
Fra:1 Mem:17.19M (Peak 17.19M) | Time:00:00.00 | Mem:0.00M, Peak:0.00M | Scene, ViewLayer | Synchronizing object | Sphere
Fra:1 Mem:17.22M (Peak 17.22M) | Time:00:00.00 | Mem:0.00M, Peak:0.00M | Scene, ViewLayer | Synchronizing object | qa-height-leg.001
Fra:1 Mem:17.32M (Peak 17.32M) | Time:00:00.00 | Mem:0.00M, Peak:0.00M | Scene, ViewLayer | Synchronizing object | qa-height-leg
Fra:1 Mem:17.32M (Peak 17.32M) | Time:00:00.00 | Mem:0.00M, Peak:0.00M | Scene, ViewLayer | Synchronizing object | qa-height-body
Fra:1 Mem:17.28M (Peak 17.32M) | Time:00:00.00 | Mem:0.00M, Peak:0.00M | Scene, ViewLayer | Initializing
Fra:1 Mem:14.94M (Peak 17.32M) | Time:00:00.00 | Mem:0.00M, Peak:0.00M | Scene, ViewLayer | Waiting for render to start
Fra:1 Mem:14.94M (Peak 17.32M) | Time:00:00.00 | Mem:0.00M, Peak:0.00M | Scene, ViewLayer | Loading render kernels (may take a few minutes the first time)
Fra:1 Mem:14.94M (Peak 17.32M) | Time:00:00.00 | Mem:0.00M, Peak:0.00M | Scene, ViewLayer | Updating Scene
Fra:1 Mem:14.94M (Peak 17.32M) | Time:00:00.00 | Mem:0.00M, Peak:0.00M | Scene, ViewLayer | Updating Shaders
Fra:1 Mem:15.02M (Peak 17.32M) | Time:00:00.00 | Mem:0.00M, Peak:0.00M | Scene, ViewLayer | Updating Procedurals
Fra:1 Mem:15.02M (Peak 17.32M) | Time:00:00.00 | Mem:0.00M, Peak:0.00M | Scene, ViewLayer | Updating Background
Fra:1 Mem:15.02M (Peak 17.32M) | Time:00:00.00 | Mem:0.00M, Peak:0.00M | Scene, ViewLayer | Updating Camera
Fra:1 Mem:15.02M (Peak 17.32M) | Time:00:00.00 | Mem:0.00M, Peak:0.00M | Scene, ViewLayer | Updating Meshes Flags
Fra:1 Mem:15.02M (Peak 17.32M) | Time:00:00.00 | Mem:0.00M, Peak:0.00M | Scene, ViewLayer | Updating Objects
Fra:1 Mem:15.02M (Peak 17.32M) | Time:00:00.00 | Mem:0.00M, Peak:0.00M | Scene, ViewLayer | Updating Objects | Copying Transformations to device
Fra:1 Mem:15.02M (Peak 17.32M) | Time:00:00.00 | Mem:0.01M, Peak:0.01M | Scene, ViewLayer | Updating Objects | Applying Static Transformations
Fra:1 Mem:15.02M (Peak 17.32M) | Time:00:00.00 | Mem:0.01M, Peak:0.01M | Scene, ViewLayer | Updating Particle Systems
Fra:1 Mem:15.02M (Peak 17.32M) | Time:00:00.00 | Mem:0.01M, Peak:0.01M | Scene, ViewLayer | Updating Particle Systems | Copying Particles to device
Fra:1 Mem:15.02M (Peak 17.32M) | Time:00:00.00 | Mem:0.01M, Peak:0.01M | Scene, ViewLayer | Updating Meshes
Fra:1 Mem:15.17M (Peak 17.32M) | Time:00:00.00 | Mem:0.01M, Peak:0.01M | Scene, ViewLayer | Updating Mesh | Computing attributes
Fra:1 Mem:15.32M (Peak 17.32M) | Time:00:00.00 | Mem:0.01M, Peak:0.01M | Scene, ViewLayer | Updating Mesh | Copying Attributes to device
Fra:1 Mem:15.32M (Peak 17.32M) | Time:00:00.00 | Mem:0.16M, Peak:0.16M | Scene, ViewLayer | Updating Scene BVH | Building
Fra:1 Mem:15.32M (Peak 17.32M) | Time:00:00.00 | Mem:0.16M, Peak:0.16M | Scene, ViewLayer | Updating Scene BVH | Building BVH
Fra:1 Mem:15.32M (Peak 17.32M) | Time:00:00.00 | Mem:0.45M, Peak:0.45M | Scene, ViewLayer | Updating Scene BVH | Building BVH 0%
Fra:1 Mem:15.32M (Peak 17.32M) | Time:00:00.01 | Mem:0.76M, Peak:1.05M | Scene, ViewLayer | Updating Scene BVH | Copying BVH to device
Fra:1 Mem:15.32M (Peak 17.32M) | Time:00:00.01 | Mem:0.76M, Peak:1.05M | Scene, ViewLayer | Updating Mesh | Computing normals
Fra:1 Mem:15.82M (Peak 17.32M) | Time:00:00.01 | Mem:0.76M, Peak:1.05M | Scene, ViewLayer | Updating Mesh | Copying Mesh to device
Fra:1 Mem:15.82M (Peak 17.32M) | Time:00:00.01 | Mem:1.26M, Peak:1.26M | Scene, ViewLayer | Updating Objects Flags
Fra:1 Mem:15.82M (Peak 17.32M) | Time:00:00.01 | Mem:1.26M, Peak:1.26M | Scene, ViewLayer | Updating Primitive Offsets
Fra:1 Mem:15.82M (Peak 17.32M) | Time:00:00.01 | Mem:1.26M, Peak:1.26M | Scene, ViewLayer | Updating Images
Fra:1 Mem:15.82M (Peak 17.32M) | Time:00:00.01 | Mem:1.26M, Peak:1.26M | Scene, ViewLayer | Updating Images | Loading landmark-brushed-aluminum-normal.png
Fra:1 Mem:16.07M (Peak 17.32M) | Time:00:00.01 | Mem:1.26M, Peak:1.26M | Scene, ViewLayer | Updating Images | Loading landmark-brushed-aluminum-basecolor.png
Fra:1 Mem:16.33M (Peak 17.32M) | Time:00:00.01 | Mem:1.51M, Peak:1.51M | Scene, ViewLayer | Updating Images | Loading interior-oak-veneer-normal.png
Fra:1 Mem:16.58M (Peak 17.32M) | Time:00:00.01 | Mem:1.76M, Peak:1.76M | Scene, ViewLayer | Updating Images | Loading interior-oak-veneer-basecolor.png
Fra:1 Mem:16.83M (Peak 17.32M) | Time:00:00.01 | Mem:2.01M, Peak:2.01M | Scene, ViewLayer | Updating Images | Loading landmark-brushed-aluminum-orm.png
Fra:1 Mem:17.08M (Peak 17.32M) | Time:00:00.01 | Mem:2.26M, Peak:2.26M | Scene, ViewLayer | Updating Images | Loading interior-oak-veneer-orm.png
Fra:1 Mem:17.33M (Peak 17.33M) | Time:00:00.01 | Mem:2.76M, Peak:2.76M | Scene, ViewLayer | Updating Camera Volume
Fra:1 Mem:17.33M (Peak 17.33M) | Time:00:00.01 | Mem:2.76M, Peak:2.76M | Scene, ViewLayer | Updating Lookup Tables
Fra:1 Mem:17.33M (Peak 17.33M) | Time:00:00.01 | Mem:2.84M, Peak:2.84M | Scene, ViewLayer | Updating Lights
Fra:1 Mem:17.33M (Peak 17.33M) | Time:00:00.01 | Mem:2.84M, Peak:2.84M | Scene, ViewLayer | Updating Lights | Computing tree
Fra:1 Mem:17.33M (Peak 17.33M) | Time:00:00.01 | Mem:2.84M, Peak:2.84M | Scene, ViewLayer | Updating Integrator
Fra:1 Mem:17.33M (Peak 17.33M) | Time:00:00.01 | Mem:2.84M, Peak:2.84M | Scene, ViewLayer | Updating Film
Fra:1 Mem:17.33M (Peak 17.33M) | Time:00:00.01 | Mem:2.76M, Peak:2.84M | Scene, ViewLayer | Updating Lookup Tables
Fra:1 Mem:17.33M (Peak 17.33M) | Time:00:00.01 | Mem:2.85M, Peak:2.85M | Scene, ViewLayer | Updating Baking
Fra:1 Mem:17.33M (Peak 17.33M) | Time:00:00.01 | Mem:2.85M, Peak:2.85M | Scene, ViewLayer | Updating Device | Writing constant memory
Fra:1 Mem:17.33M (Peak 17.33M) | Time:00:00.01 | Mem:2.85M, Peak:2.85M | Scene, ViewLayer | Sample 0/20
Fra:1 Mem:37.12M (Peak 37.12M) | Time:00:00.47 | Remaining:00:08.72 | Mem:22.63M, Peak:22.63M | Scene, ViewLayer | Sample 1/20
Fra:1 Mem:45.91M (Peak 63.49M) | Time:00:08.19 | Mem:22.63M, Peak:22.63M | Scene, ViewLayer | Sample 20/20
Fra:1 Mem:45.91M (Peak 63.49M) | Time:00:08.19 | Mem:22.63M, Peak:22.63M | Scene, ViewLayer | Finished
Saved: '/workspace/scratch/7c20b5ba4165/atlas-backlog-oct3/tools/assets/material-consumer-candidates/qa/previews/edited-chair-reimport.png'
Time: 00:08.37 (Saving: 00:00.17)

Extensions: writing cache failed ([Errno 30] Read-only file system: '/home/agent/.config/blender').
17:33:31 | INFO: Data are loaded, start creating Blender stuff
17:33:31 | INFO: Blender create Mesh node furniture-batch-EXPORT_interior-oak-veneer-0
17:33:31 | INFO: Blender create Mesh node furniture-batch-EXPORT_landmark-brushed-aluminum-1
17:33:31 | INFO: glTF import finished in 0.00s
17:33:31 | INFO: Data are loaded, start creating Blender stuff
17:33:31 | INFO: Blender create Mesh node furniture-batch-EXPORT_interior-oak-veneer-0
17:33:31 | INFO: Blender create Mesh node furniture-batch-EXPORT_landmark-brushed-aluminum-1
17:33:31 | INFO: glTF import finished in 0.00s
17:33:31 | INFO: Data are loaded, start creating Blender stuff
17:33:31 | INFO: Blender create Mesh node furniture-batch-EXPORT_interior-oak-veneer-0
17:33:31 | INFO: Blender create Mesh node furniture-batch-EXPORT_interior-matte-plaster-1
17:33:31 | INFO: glTF import finished in 0.00s
17:33:31 | INFO: Data are loaded, start creating Blender stuff
17:33:31 | INFO: Blender create Mesh node furniture-batch-EXPORT_interior-oak-veneer-0
17:33:31 | INFO: Blender create Mesh node furniture-batch-EXPORT_interior-matte-plaster-1
17:33:31 | INFO: glTF import finished in 0.00s
Fra:1 Mem:19.87M (Peak 19.87M) | Time:00:00.00 | Mem:0.00M, Peak:0.00M | Scene, ViewLayer | Synchronizing object | furniture-batch-EXPORT_interior-oak-veneer-0
Fra:1 Mem:19.87M (Peak 19.87M) | Time:00:00.00 | Mem:0.00M, Peak:0.00M | Scene, ViewLayer | Synchronizing object | Text
Fra:1 Mem:20.17M (Peak 20.17M) | Time:00:00.00 | Mem:0.00M, Peak:0.00M | Scene, ViewLayer | Synchronizing object | furniture-batch-EXPORT_landmark-brushed-aluminum-1
Fra:1 Mem:20.27M (Peak 20.27M) | Time:00:00.00 | Mem:0.00M, Peak:0.00M | Scene, ViewLayer | Synchronizing object | Text.001
Fra:1 Mem:20.51M (Peak 20.51M) | Time:00:00.00 | Mem:0.00M, Peak:0.00M | Scene, ViewLayer | Synchronizing object | furniture-batch-EXPORT_interior-oak-veneer-0.001
Fra:1 Mem:20.57M (Peak 20.57M) | Time:00:00.00 | Mem:0.00M, Peak:0.00M | Scene, ViewLayer | Synchronizing object | Text.002
Fra:1 Mem:20.74M (Peak 20.74M) | Time:00:00.00 | Mem:0.00M, Peak:0.00M | Scene, ViewLayer | Synchronizing object | furniture-batch-EXPORT_landmark-brushed-aluminum-1.001
Fra:1 Mem:20.83M (Peak 20.83M) | Time:00:00.00 | Mem:0.00M, Peak:0.00M | Scene, ViewLayer | Synchronizing object | furniture-batch-EXPORT_interior-oak-veneer-0.002
Fra:1 Mem:20.88M (Peak 20.88M) | Time:00:00.00 | Mem:0.00M, Peak:0.00M | Scene, ViewLayer | Synchronizing object | furniture-batch-EXPORT_interior-matte-plaster-1
Fra:1 Mem:21.04M (Peak 21.04M) | Time:00:00.00 | Mem:0.00M, Peak:0.00M | Scene, ViewLayer | Synchronizing object | Text.003
Fra:1 Mem:21.18M (Peak 21.18M) | Time:00:00.00 | Mem:0.00M, Peak:0.00M | Scene, ViewLayer | Synchronizing object | furniture-batch-EXPORT_interior-oak-veneer-0.003
Fra:1 Mem:21.23M (Peak 21.23M) | Time:00:00.00 | Mem:0.00M, Peak:0.00M | Scene, ViewLayer | Synchronizing object | furniture-batch-EXPORT_interior-matte-plaster-1.001
Fra:1 Mem:21.31M (Peak 21.31M) | Time:00:00.00 | Mem:0.00M, Peak:0.00M | Scene, ViewLayer | Synchronizing object | qa-height-body
Fra:1 Mem:21.31M (Peak 21.31M) | Time:00:00.00 | Mem:0.00M, Peak:0.00M | Scene, ViewLayer | Synchronizing object | Text.004
Fra:1 Mem:21.33M (Peak 21.33M) | Time:00:00.00 | Mem:0.00M, Peak:0.00M | Scene, ViewLayer | Synchronizing object | qa-height-leg
Fra:1 Mem:21.37M (Peak 21.37M) | Time:00:00.00 | Mem:0.00M, Peak:0.00M | Scene, ViewLayer | Synchronizing object | qa-height-leg.001
Fra:1 Mem:21.38M (Peak 21.38M) | Time:00:00.00 | Mem:0.00M, Peak:0.00M | Scene, ViewLayer | Synchronizing object | Sphere
Fra:1 Mem:21.44M (Peak 21.44M) | Time:00:00.00 | Mem:0.00M, Peak:0.00M | Scene, ViewLayer | Synchronizing object | qa-height-body.001
Fra:1 Mem:21.44M (Peak 21.44M) | Time:00:00.00 | Mem:0.00M, Peak:0.00M | Scene, ViewLayer | Synchronizing object | qa-height-leg.002
Fra:1 Mem:21.44M (Peak 21.44M) | Time:00:00.00 | Mem:0.00M, Peak:0.00M | Scene, ViewLayer | Synchronizing object | qa-height-leg.003
Fra:1 Mem:21.44M (Peak 21.44M) | Time:00:00.00 | Mem:0.00M, Peak:0.00M | Scene, ViewLayer | Synchronizing object | Sphere.001
Fra:1 Mem:21.44M (Peak 21.44M) | Time:00:00.00 | Mem:0.00M, Peak:0.00M | Scene, ViewLayer | Synchronizing object | Text.005
Fra:1 Mem:21.61M (Peak 21.61M) | Time:00:00.00 | Mem:0.00M, Peak:0.00M | Scene, ViewLayer | Synchronizing object | qa-1m-ruler
Fra:1 Mem:21.61M (Peak 21.61M) | Time:00:00.00 | Mem:0.00M, Peak:0.00M | Scene, ViewLayer | Synchronizing object | Text.006
Fra:1 Mem:21.66M (Peak 21.66M) | Time:00:00.00 | Mem:0.00M, Peak:0.00M | Scene, ViewLayer | Synchronizing object | qa-ground
Fra:1 Mem:21.66M (Peak 21.66M) | Time:00:00.00 | Mem:0.00M, Peak:0.00M | Scene, ViewLayer | Initializing
Fra:1 Mem:17.56M (Peak 21.66M) | Time:00:00.00 | Mem:0.00M, Peak:0.00M | Scene, ViewLayer | Waiting for render to start
Fra:1 Mem:17.56M (Peak 21.66M) | Time:00:00.00 | Mem:0.00M, Peak:0.00M | Scene, ViewLayer | Loading render kernels (may take a few minutes the first time)
Fra:1 Mem:17.56M (Peak 21.66M) | Time:00:00.00 | Mem:0.00M, Peak:0.00M | Scene, ViewLayer | Updating Scene
Fra:1 Mem:17.56M (Peak 21.66M) | Time:00:00.00 | Mem:0.00M, Peak:0.00M | Scene, ViewLayer | Updating Shaders
Fra:1 Mem:17.65M (Peak 21.66M) | Time:00:00.00 | Mem:0.01M, Peak:0.01M | Scene, ViewLayer | Updating Procedurals
Fra:1 Mem:17.65M (Peak 21.66M) | Time:00:00.00 | Mem:0.01M, Peak:0.01M | Scene, ViewLayer | Updating Background
Fra:1 Mem:17.65M (Peak 21.66M) | Time:00:00.00 | Mem:0.01M, Peak:0.01M | Scene, ViewLayer | Updating Camera
Fra:1 Mem:17.65M (Peak 21.66M) | Time:00:00.00 | Mem:0.01M, Peak:0.01M | Scene, ViewLayer | Updating Meshes Flags
Fra:1 Mem:17.65M (Peak 21.66M) | Time:00:00.00 | Mem:0.01M, Peak:0.01M | Scene, ViewLayer | Updating Objects
Fra:1 Mem:17.65M (Peak 21.66M) | Time:00:00.00 | Mem:0.01M, Peak:0.01M | Scene, ViewLayer | Updating Objects | Copying Transformations to device
Fra:1 Mem:17.66M (Peak 21.66M) | Time:00:00.00 | Mem:0.01M, Peak:0.01M | Scene, ViewLayer | Updating Objects | Applying Static Transformations
Fra:1 Mem:17.66M (Peak 21.66M) | Time:00:00.00 | Mem:0.01M, Peak:0.01M | Scene, ViewLayer | Updating Particle Systems
Fra:1 Mem:17.66M (Peak 21.66M) | Time:00:00.00 | Mem:0.01M, Peak:0.01M | Scene, ViewLayer | Updating Particle Systems | Copying Particles to device
Fra:1 Mem:17.66M (Peak 21.66M) | Time:00:00.00 | Mem:0.01M, Peak:0.01M | Scene, ViewLayer | Updating Meshes
Fra:1 Mem:17.88M (Peak 21.66M) | Time:00:00.00 | Mem:0.01M, Peak:0.01M | Scene, ViewLayer | Updating Mesh | Computing attributes
Fra:1 Mem:18.15M (Peak 21.66M) | Time:00:00.00 | Mem:0.01M, Peak:0.01M | Scene, ViewLayer | Updating Mesh | Copying Attributes to device
Fra:1 Mem:18.14M (Peak 21.66M) | Time:00:00.00 | Mem:0.27M, Peak:0.27M | Scene, ViewLayer | Updating Scene BVH | Building
Fra:1 Mem:18.14M (Peak 21.66M) | Time:00:00.00 | Mem:0.27M, Peak:0.27M | Scene, ViewLayer | Updating Scene BVH | Building BVH
Fra:1 Mem:18.14M (Peak 21.66M) | Time:00:00.00 | Mem:0.72M, Peak:0.72M | Scene, ViewLayer | Updating Scene BVH | Building BVH 0%
Fra:1 Mem:18.14M (Peak 21.66M) | Time:00:00.01 | Mem:1.18M, Peak:1.63M | Scene, ViewLayer | Updating Scene BVH | Copying BVH to device
Fra:1 Mem:18.14M (Peak 21.66M) | Time:00:00.01 | Mem:1.18M, Peak:1.63M | Scene, ViewLayer | Updating Mesh | Computing normals
Fra:1 Mem:18.94M (Peak 21.66M) | Time:00:00.01 | Mem:1.18M, Peak:1.63M | Scene, ViewLayer | Updating Mesh | Copying Mesh to device
Fra:1 Mem:18.94M (Peak 21.66M) | Time:00:00.01 | Mem:1.97M, Peak:1.97M | Scene, ViewLayer | Updating Objects Flags
Fra:1 Mem:18.94M (Peak 21.66M) | Time:00:00.01 | Mem:1.97M, Peak:1.97M | Scene, ViewLayer | Updating Primitive Offsets
Fra:1 Mem:18.94M (Peak 21.66M) | Time:00:00.01 | Mem:1.97M, Peak:1.97M | Scene, ViewLayer | Updating Images
Fra:1 Mem:18.94M (Peak 21.66M) | Time:00:00.01 | Mem:1.97M, Peak:1.97M | Scene, ViewLayer | Updating Images | Loading landmark-brushed-aluminum-normal.png
Fra:1 Mem:19.19M (Peak 21.66M) | Time:00:00.01 | Mem:1.97M, Peak:1.97M | Scene, ViewLayer | Updating Images | Loading interior-oak-veneer-basecolor.png
Fra:1 Mem:19.45M (Peak 21.66M) | Time:00:00.01 | Mem:2.22M, Peak:2.22M | Scene, ViewLayer | Updating Images | Loading landmark-brushed-aluminum-orm.png
Fra:1 Mem:19.70M (Peak 21.66M) | Time:00:00.01 | Mem:2.47M, Peak:2.47M | Scene, ViewLayer | Updating Images | Loading interior-matte-plaster-basecolor.png
Fra:1 Mem:19.95M (Peak 21.66M) | Time:00:00.01 | Mem:2.72M, Peak:2.72M | Scene, ViewLayer | Updating Images | Loading landmark-brushed-aluminum-basecolor.png
Fra:1 Mem:20.20M (Peak 21.66M) | Time:00:00.01 | Mem:2.97M, Peak:2.97M | Scene, ViewLayer | Updating Images | Loading interior-oak-veneer-normal.png
Fra:1 Mem:20.45M (Peak 21.66M) | Time:00:00.01 | Mem:3.22M, Peak:3.22M | Scene, ViewLayer | Updating Images | Loading interior-oak-veneer-orm.png
Fra:1 Mem:20.70M (Peak 21.66M) | Time:00:00.01 | Mem:3.47M, Peak:3.47M | Scene, ViewLayer | Updating Images | Loading interior-matte-plaster-normal.png
Fra:1 Mem:20.95M (Peak 21.66M) | Time:00:00.01 | Mem:3.72M, Peak:3.72M | Scene, ViewLayer | Updating Images | Loading interior-matte-plaster-orm.png
Fra:1 Mem:21.20M (Peak 21.66M) | Time:00:00.02 | Mem:4.22M, Peak:4.22M | Scene, ViewLayer | Updating Camera Volume
Fra:1 Mem:21.20M (Peak 21.66M) | Time:00:00.02 | Mem:4.22M, Peak:4.22M | Scene, ViewLayer | Updating Lookup Tables
Fra:1 Mem:21.20M (Peak 21.66M) | Time:00:00.02 | Mem:4.30M, Peak:4.30M | Scene, ViewLayer | Updating Lights
Fra:1 Mem:21.20M (Peak 21.66M) | Time:00:00.02 | Mem:4.30M, Peak:4.30M | Scene, ViewLayer | Updating Lights | Computing tree
Fra:1 Mem:21.20M (Peak 21.66M) | Time:00:00.02 | Mem:4.30M, Peak:4.30M | Scene, ViewLayer | Updating Integrator
Fra:1 Mem:21.20M (Peak 21.66M) | Time:00:00.02 | Mem:4.30M, Peak:4.30M | Scene, ViewLayer | Updating Film
Fra:1 Mem:21.20M (Peak 21.66M) | Time:00:00.02 | Mem:4.22M, Peak:4.30M | Scene, ViewLayer | Updating Lookup Tables
Fra:1 Mem:21.20M (Peak 21.66M) | Time:00:00.02 | Mem:4.31M, Peak:4.31M | Scene, ViewLayer | Updating Baking
Fra:1 Mem:21.20M (Peak 21.66M) | Time:00:00.02 | Mem:4.31M, Peak:4.31M | Scene, ViewLayer | Updating Device | Writing constant memory
Fra:1 Mem:21.20M (Peak 21.66M) | Time:00:00.02 | Mem:4.31M, Peak:4.31M | Scene, ViewLayer | Sample 0/20
Fra:1 Mem:40.99M (Peak 40.99M) | Time:00:00.55 | Remaining:00:10.18 | Mem:24.10M, Peak:24.10M | Scene, ViewLayer | Sample 1/20
Fra:1 Mem:49.78M (Peak 67.36M) | Time:00:08.76 | Mem:24.10M, Peak:24.10M | Scene, ViewLayer | Sample 20/20
Fra:1 Mem:49.78M (Peak 67.36M) | Time:00:08.76 | Mem:24.10M, Peak:24.10M | Scene, ViewLayer | Finished
Saved: '/workspace/scratch/7c20b5ba4165/atlas-backlog-oct3/tools/assets/material-consumer-candidates/qa/previews/furniture-reimport.png'
Time: 00:08.84 (Saving: 00:00.07)


Blender quit
