{
  "status": "pass",
  "checks": 11,
  "roadster": {
    "hash": "5f44a21d9d79368721dfd7c41844eafa39faaf8d31fc317f6caaa6617515760b",
    "triangles": 14662,
    "vertices": 43986,
    "meshes": 21,
    "boundsM": {
      "min": [
        -1.159999966621399,
        -0.05800001323223114,
        -2.2899999618530273
      ],
      "max": [
        1.159999966621399,
        1.3849999904632568,
        2.2925000190734863
      ],
      "size": [
        2.319999933242798,
        1.443000003695488,
        4.582499980926514
      ]
    }
  },
  "interiorQueries": 16422,
  "maxInteriorUVErrorM": 0.000015182675898728348
}
