Extensions: writing cache failed ([Errno 30] Read-only file system: '/home/agent/.config/blender').
Info: Saved "bus-threshold-deck.lod0.blend"
ERROR Draco mesh compression is not available because library could not be found at /usr/bin/4.3/python/lib/python3.13/site-packages/libextern_draco.so
16:07:40 | INFO: Starting glTF 2.0 export
16:07:40 | INFO: Extracting primitive: threshold-deck-editable-mesh
16:07:40 | INFO: Primitives created: 1
16:07:40 | INFO: Extracting primitive: deck-grip-strip-editable-mesh
16:07:40 | INFO: Primitives created: 1
16:07:40 | INFO: Extracting primitive: deck-grip-strip-editable-mesh.001
16:07:40 | INFO: Primitives created: 1
16:07:40 | INFO: Extracting primitive: deck-grip-strip-editable-mesh.002
16:07:40 | INFO: Primitives created: 1
16:07:40 | INFO: Finished glTF 2.0 export in 0.009268522262573242 s

Extensions: writing cache failed ([Errno 30] Read-only file system: '/home/agent/.config/blender').
Info: Saved "bus-threshold-deck.lod1.blend"
16:07:40 | INFO: Starting glTF 2.0 export
16:07:40 | INFO: Extracting primitive: threshold-deck-editable-mesh
16:07:40 | INFO: Primitives created: 1
16:07:40 | INFO: Finished glTF 2.0 export in 0.004221677780151367 s

Extensions: writing cache failed ([Errno 30] Read-only file system: '/home/agent/.config/blender').
Info: Saved "metro-threshold-deck.lod0.blend"
16:07:40 | INFO: Starting glTF 2.0 export
16:07:40 | INFO: Extracting primitive: threshold-deck-editable-mesh
16:07:40 | INFO: Primitives created: 1
16:07:40 | INFO: Extracting primitive: deck-grip-strip-editable-mesh
16:07:40 | INFO: Primitives created: 1
16:07:40 | INFO: Extracting primitive: deck-grip-strip-editable-mesh.001
16:07:40 | INFO: Primitives created: 1
16:07:40 | INFO: Extracting primitive: deck-grip-strip-editable-mesh.002
16:07:40 | INFO: Primitives created: 1
16:07:40 | INFO: Finished glTF 2.0 export in 0.009217500686645508 s

Extensions: writing cache failed ([Errno 30] Read-only file system: '/home/agent/.config/blender').
Info: Saved "metro-threshold-deck.lod1.blend"
16:07:40 | INFO: Starting glTF 2.0 export
16:07:40 | INFO: Extracting primitive: threshold-deck-editable-mesh
16:07:40 | INFO: Primitives created: 1
16:07:40 | INFO: Finished glTF 2.0 export in 0.004860877990722656 s

Blender 4.3.2
Read blend: "/workspace/scratch/7c20b5ba4165/atlas-backlog-oct3/tools/assets/transit-station-spaces/source/bus-threshold-deck.lod0.blend"
Read blend: "/workspace/scratch/7c20b5ba4165/atlas-backlog-oct3/tools/assets/transit-station-spaces/source/bus-threshold-deck.lod1.blend"
Read blend: "/workspace/scratch/7c20b5ba4165/atlas-backlog-oct3/tools/assets/transit-station-spaces/source/metro-threshold-deck.lod0.blend"
Read blend: "/workspace/scratch/7c20b5ba4165/atlas-backlog-oct3/tools/assets/transit-station-spaces/source/metro-threshold-deck.lod1.blend"

Blender quit
