Extensions: writing cache failed ([Errno 30] Read-only file system: '/home/agent/.config/blender').
Info: Saved "bus-stop-pole.lod0.blend"
ERROR Draco mesh compression is not available because library could not be found at /usr/bin/4.3/python/lib/python3.13/site-packages/libextern_draco.so
15:57:34 | INFO: Starting glTF 2.0 export
15:57:34 | INFO: Extracting primitive: ground-foot-editable-mesh
15:57:34 | INFO: Primitives created: 1
15:57:34 | INFO: Extracting primitive: pole-editable-mesh
15:57:34 | INFO: Primitives created: 1
15:57:34 | INFO: Extracting primitive: stop-sign-frame-editable-mesh
15:57:34 | INFO: Primitives created: 1
15:57:34 | INFO: Extracting primitive: stop-sign-face-editable-mesh
15:57:34 | INFO: Primitives created: 1
15:57:34 | INFO: Extracting primitive: bus-pictogram-body-editable-mesh
15:57:34 | INFO: Primitives created: 1
15:57:34 | INFO: Extracting primitive: bus-pictogram-window-editable-mesh
15:57:34 | INFO: Primitives created: 1
15:57:34 | INFO: Extracting primitive: bus-pictogram-wheel--0.1-editable-mesh
15:57:34 | INFO: Primitives created: 1
15:57:34 | INFO: Extracting primitive: bus-pictogram-wheel-0.1-editable-mesh
15:57:34 | INFO: Primitives created: 1
15:57:34 | INFO: Extracting primitive: generic-route-rule-editable-mesh
15:57:34 | INFO: Primitives created: 1
15:57:34 | INFO: Extracting primitive: sign-mount--0.21-editable-mesh
15:57:34 | INFO: Primitives created: 1
15:57:34 | INFO: Extracting primitive: sign-mount-0.21-editable-mesh
15:57:34 | INFO: Primitives created: 1
15:57:34 | INFO: Finished glTF 2.0 export in 0.018753528594970703 s

Extensions: writing cache failed ([Errno 30] Read-only file system: '/home/agent/.config/blender').
Info: Saved "bus-stop-pole.lod1.blend"
15:57:34 | INFO: Starting glTF 2.0 export
15:57:34 | INFO: Extracting primitive: ground-foot-editable-mesh
15:57:34 | INFO: Primitives created: 1
15:57:34 | INFO: Extracting primitive: pole-editable-mesh
15:57:34 | INFO: Primitives created: 1
15:57:34 | INFO: Extracting primitive: stop-sign-frame-editable-mesh
15:57:34 | INFO: Primitives created: 1
15:57:34 | INFO: Extracting primitive: stop-sign-face-editable-mesh
15:57:34 | INFO: Primitives created: 1
15:57:34 | INFO: Extracting primitive: bus-pictogram-body-editable-mesh
15:57:34 | INFO: Primitives created: 1
15:57:34 | INFO: Extracting primitive: bus-pictogram-window-editable-mesh
15:57:34 | INFO: Primitives created: 1
15:57:34 | INFO: Extracting primitive: bus-pictogram-wheel--0.1-editable-mesh
15:57:34 | INFO: Primitives created: 1
15:57:34 | INFO: Extracting primitive: bus-pictogram-wheel-0.1-editable-mesh
15:57:34 | INFO: Primitives created: 1
15:57:34 | INFO: Extracting primitive: generic-route-rule-editable-mesh
15:57:34 | INFO: Primitives created: 1
15:57:34 | INFO: Finished glTF 2.0 export in 0.014094352722167969 s

Extensions: writing cache failed ([Errno 30] Read-only file system: '/home/agent/.config/blender').
Info: Saved "platform-edge-2m.lod0.blend"
15:57:34 | INFO: Starting glTF 2.0 export
15:57:34 | INFO: Extracting primitive: platform-foundation-editable-mesh
15:57:34 | INFO: Primitives created: 1
15:57:34 | INFO: Extracting primitive: platform-deck-editable-mesh
15:57:34 | INFO: Primitives created: 1
15:57:34 | INFO: Extracting primitive: platform-edge-cap-editable-mesh
15:57:34 | INFO: Primitives created: 1
15:57:34 | INFO: Extracting primitive: tactile-band-editable-mesh
15:57:34 | INFO: Primitives created: 1
15:57:34 | INFO: Extracting primitive: tactile-stud-editable-mesh
15:57:34 | INFO: Primitives created: 1
15:57:34 | INFO: Extracting primitive: tactile-stud-editable-mesh.001
15:57:34 | INFO: Primitives created: 1
15:57:34 | INFO: Extracting primitive: tactile-stud-editable-mesh.002
15:57:34 | INFO: Primitives created: 1
15:57:34 | INFO: Extracting primitive: tactile-stud-editable-mesh.003
15:57:34 | INFO: Primitives created: 1
15:57:34 | INFO: Extracting primitive: tactile-stud-editable-mesh.004
15:57:34 | INFO: Primitives created: 1
15:57:34 | INFO: Extracting primitive: tactile-stud-editable-mesh.005
15:57:34 | INFO: Primitives created: 1
15:57:34 | INFO: Extracting primitive: tactile-stud-editable-mesh.006
15:57:34 | INFO: Primitives created: 1
15:57:34 | INFO: Extracting primitive: tactile-stud-editable-mesh.007
15:57:34 | INFO: Primitives created: 1
15:57:34 | INFO: Extracting primitive: tactile-stud-editable-mesh.008
15:57:34 | INFO: Primitives created: 1
15:57:34 | INFO: Extracting primitive: tactile-stud-editable-mesh.009
15:57:34 | INFO: Primitives created: 1
15:57:34 | INFO: Extracting primitive: tactile-stud-editable-mesh.010
15:57:34 | INFO: Primitives created: 1
15:57:34 | INFO: Extracting primitive: tactile-stud-editable-mesh.011
15:57:34 | INFO: Primitives created: 1
15:57:34 | INFO: Extracting primitive: tactile-stud-editable-mesh.012
15:57:34 | INFO: Primitives created: 1
15:57:34 | INFO: Extracting primitive: tactile-stud-editable-mesh.013
15:57:34 | INFO: Primitives created: 1
15:57:34 | INFO: Extracting primitive: tactile-stud-editable-mesh.014
15:57:34 | INFO: Primitives created: 1
15:57:34 | INFO: Extracting primitive: tactile-stud-editable-mesh.015
15:57:34 | INFO: Primitives created: 1
15:57:34 | INFO: Extracting primitive: tactile-stud-editable-mesh.016
15:57:34 | INFO: Primitives created: 1
15:57:34 | INFO: Extracting primitive: tactile-stud-editable-mesh.017
15:57:34 | INFO: Primitives created: 1
15:57:34 | INFO: Extracting primitive: tactile-stud-editable-mesh.018
15:57:34 | INFO: Primitives created: 1
15:57:34 | INFO: Extracting primitive: tactile-stud-editable-mesh.019
15:57:34 | INFO: Primitives created: 1
15:57:34 | INFO: Extracting primitive: tactile-stud-editable-mesh.020
15:57:34 | INFO: Primitives created: 1
15:57:34 | INFO: Extracting primitive: tactile-stud-editable-mesh.021
15:57:34 | INFO: Primitives created: 1
15:57:34 | INFO: Extracting primitive: tactile-stud-editable-mesh.022
15:57:34 | INFO: Primitives created: 1
15:57:34 | INFO: Extracting primitive: tactile-stud-editable-mesh.023
15:57:34 | INFO: Primitives created: 1
15:57:34 | INFO: Extracting primitive: edge-face-drain-editable-mesh
15:57:34 | INFO: Primitives created: 1
15:57:34 | INFO: Extracting primitive: edge-face-drain-editable-mesh.001
15:57:34 | INFO: Primitives created: 1
15:57:34 | INFO: Extracting primitive: edge-face-drain-editable-mesh.002
15:57:34 | INFO: Primitives created: 1
15:57:34 | INFO: Extracting primitive: edge-face-drain-editable-mesh.003
15:57:34 | INFO: Primitives created: 1
15:57:34 | INFO: Finished glTF 2.0 export in 0.03645753860473633 s

Extensions: writing cache failed ([Errno 30] Read-only file system: '/home/agent/.config/blender').
Info: Saved "platform-edge-2m.lod1.blend"
15:57:34 | INFO: Starting glTF 2.0 export
15:57:34 | INFO: Extracting primitive: platform-foundation-editable-mesh
15:57:34 | INFO: Primitives created: 1
15:57:34 | INFO: Extracting primitive: platform-deck-editable-mesh
15:57:34 | INFO: Primitives created: 1
15:57:34 | INFO: Extracting primitive: platform-edge-cap-editable-mesh
15:57:34 | INFO: Primitives created: 1
15:57:34 | INFO: Extracting primitive: tactile-band-editable-mesh
15:57:34 | INFO: Primitives created: 1
15:57:34 | INFO: Finished glTF 2.0 export in 0.009349822998046875 s

Extensions: writing cache failed ([Errno 30] Read-only file system: '/home/agent/.config/blender').
Info: Saved "station-guidance-sign.lod0.blend"
15:57:34 | INFO: Starting glTF 2.0 export
15:57:34 | INFO: Extracting primitive: sign-post--0.85-editable-mesh
15:57:34 | INFO: Primitives created: 1
15:57:34 | INFO: Extracting primitive: sign-foot--0.85-editable-mesh
15:57:34 | INFO: Primitives created: 1
15:57:34 | INFO: Extracting primitive: sign-post-0.85-editable-mesh
15:57:34 | INFO: Primitives created: 1
15:57:34 | INFO: Extracting primitive: sign-foot-0.85-editable-mesh
15:57:34 | INFO: Primitives created: 1
15:57:34 | INFO: Extracting primitive: guidance-panel-editable-mesh
15:57:34 | INFO: Primitives created: 1
15:57:34 | INFO: Extracting primitive: guidance-face-editable-mesh
15:57:34 | INFO: Primitives created: 1
15:57:34 | INFO: Extracting primitive: direction-arrow-editable-mesh
15:57:34 | INFO: Primitives created: 1
15:57:34 | INFO: Extracting primitive: generic-destination-rule-2.67-editable-mesh
15:57:34 | INFO: Primitives created: 1
15:57:34 | INFO: Extracting primitive: generic-destination-rule-2.54-editable-mesh
15:57:34 | INFO: Primitives created: 1
15:57:34 | INFO: Finished glTF 2.0 export in 0.0173337459564209 s

Extensions: writing cache failed ([Errno 30] Read-only file system: '/home/agent/.config/blender').
Info: Saved "station-guidance-sign.lod1.blend"
15:57:34 | INFO: Starting glTF 2.0 export
15:57:34 | INFO: Extracting primitive: sign-post--0.85-editable-mesh
15:57:34 | INFO: Primitives created: 1
15:57:34 | INFO: Extracting primitive: sign-foot--0.85-editable-mesh
15:57:34 | INFO: Primitives created: 1
15:57:34 | INFO: Extracting primitive: sign-post-0.85-editable-mesh
15:57:34 | INFO: Primitives created: 1
15:57:34 | INFO: Extracting primitive: sign-foot-0.85-editable-mesh
15:57:34 | INFO: Primitives created: 1
15:57:34 | INFO: Extracting primitive: guidance-panel-editable-mesh
15:57:34 | INFO: Primitives created: 1
15:57:34 | INFO: Extracting primitive: guidance-face-editable-mesh
15:57:34 | INFO: Primitives created: 1
15:57:34 | INFO: Extracting primitive: direction-arrow-editable-mesh
15:57:34 | INFO: Primitives created: 1
15:57:34 | INFO: Extracting primitive: generic-destination-rule-2.67-editable-mesh
15:57:34 | INFO: Primitives created: 1
15:57:34 | INFO: Extracting primitive: generic-destination-rule-2.54-editable-mesh
15:57:34 | INFO: Primitives created: 1
15:57:34 | INFO: Finished glTF 2.0 export in 0.014886140823364258 s

Blender 4.3.2
Read blend: "/workspace/scratch/7c20b5ba4165/atlas-backlog-oct3/tools/assets/transit-station-spaces/source/bus-stop-pole.lod0.blend"
Read blend: "/workspace/scratch/7c20b5ba4165/atlas-backlog-oct3/tools/assets/transit-station-spaces/source/bus-stop-pole.lod1.blend"
Read blend: "/workspace/scratch/7c20b5ba4165/atlas-backlog-oct3/tools/assets/transit-station-spaces/source/platform-edge-2m.lod0.blend"
Read blend: "/workspace/scratch/7c20b5ba4165/atlas-backlog-oct3/tools/assets/transit-station-spaces/source/platform-edge-2m.lod1.blend"
Read blend: "/workspace/scratch/7c20b5ba4165/atlas-backlog-oct3/tools/assets/transit-station-spaces/source/station-guidance-sign.lod0.blend"
Read blend: "/workspace/scratch/7c20b5ba4165/atlas-backlog-oct3/tools/assets/transit-station-spaces/source/station-guidance-sign.lod1.blend"

Blender quit
