ERROR Draco mesh compression is not available because library could not be found at /usr/bin/4.3/python/lib/python3.13/site-packages/libextern_draco.so
17:06:23 | INFO: Starting glTF 2.0 export
17:06:23 | INFO: Extracting primitive: ground-foot-editable-mesh
17:06:23 | INFO: Primitives created: 1
17:06:23 | INFO: Extracting primitive: pole-editable-mesh
17:06:23 | INFO: Primitives created: 1
17:06:23 | INFO: Extracting primitive: stop-sign-frame-editable-mesh
17:06:23 | INFO: Primitives created: 1
17:06:23 | INFO: Extracting primitive: stop-sign-face-editable-mesh
17:06:23 | INFO: Primitives created: 1
17:06:23 | INFO: Extracting primitive: bus-pictogram-body-editable-mesh
17:06:23 | INFO: Primitives created: 1
17:06:23 | INFO: Extracting primitive: bus-pictogram-window-editable-mesh
17:06:23 | INFO: Primitives created: 1
17:06:23 | INFO: Extracting primitive: bus-pictogram-wheel--0.1-editable-mesh
17:06:23 | INFO: Primitives created: 1
17:06:23 | INFO: Extracting primitive: bus-pictogram-wheel-0.1-editable-mesh
17:06:23 | INFO: Primitives created: 1
17:06:23 | INFO: Extracting primitive: generic-route-rule-editable-mesh
17:06:23 | INFO: Primitives created: 1
17:06:23 | INFO: Extracting primitive: sign-mount--0.21-editable-mesh
17:06:23 | INFO: Primitives created: 1
17:06:23 | INFO: Extracting primitive: sign-mount-0.21-editable-mesh
17:06:23 | INFO: Primitives created: 1
17:06:23 | INFO: Finished glTF 2.0 export in 0.02048659324645996 s

17:06:23 | INFO: Starting glTF 2.0 export
17:06:23 | INFO: Extracting primitive: ground-foot-editable-mesh
17:06:23 | INFO: Primitives created: 1
17:06:23 | INFO: Extracting primitive: pole-editable-mesh
17:06:23 | INFO: Primitives created: 1
17:06:23 | INFO: Extracting primitive: stop-sign-frame-editable-mesh
17:06:23 | INFO: Primitives created: 1
17:06:23 | INFO: Extracting primitive: stop-sign-face-editable-mesh
17:06:23 | INFO: Primitives created: 1
17:06:23 | INFO: Extracting primitive: bus-pictogram-body-editable-mesh
17:06:23 | INFO: Primitives created: 1
17:06:23 | INFO: Extracting primitive: bus-pictogram-window-editable-mesh
17:06:23 | INFO: Primitives created: 1
17:06:23 | INFO: Extracting primitive: bus-pictogram-wheel--0.1-editable-mesh
17:06:23 | INFO: Primitives created: 1
17:06:23 | INFO: Extracting primitive: bus-pictogram-wheel-0.1-editable-mesh
17:06:23 | INFO: Primitives created: 1
17:06:23 | INFO: Extracting primitive: generic-route-rule-editable-mesh
17:06:23 | INFO: Primitives created: 1
17:06:23 | INFO: Finished glTF 2.0 export in 0.014304876327514648 s

17:06:23 | INFO: Starting glTF 2.0 export
17:06:23 | INFO: Extracting primitive: platform-foundation-editable-mesh
17:06:23 | INFO: Primitives created: 1
17:06:23 | INFO: Extracting primitive: platform-deck-editable-mesh
17:06:23 | INFO: Primitives created: 1
17:06:23 | INFO: Extracting primitive: platform-edge-cap-editable-mesh
17:06:23 | INFO: Primitives created: 1
17:06:23 | INFO: Extracting primitive: tactile-band-editable-mesh
17:06:23 | INFO: Primitives created: 1
17:06:23 | INFO: Extracting primitive: tactile-stud-editable-mesh
17:06:23 | INFO: Primitives created: 1
17:06:23 | INFO: Extracting primitive: tactile-stud-editable-mesh.001
17:06:23 | INFO: Primitives created: 1
17:06:23 | INFO: Extracting primitive: tactile-stud-editable-mesh.002
17:06:23 | INFO: Primitives created: 1
17:06:23 | INFO: Extracting primitive: tactile-stud-editable-mesh.003
17:06:23 | INFO: Primitives created: 1
17:06:23 | INFO: Extracting primitive: tactile-stud-editable-mesh.004
17:06:23 | INFO: Primitives created: 1
17:06:23 | INFO: Extracting primitive: tactile-stud-editable-mesh.005
17:06:23 | INFO: Primitives created: 1
17:06:23 | INFO: Extracting primitive: tactile-stud-editable-mesh.006
17:06:23 | INFO: Primitives created: 1
17:06:23 | INFO: Extracting primitive: tactile-stud-editable-mesh.007
17:06:23 | INFO: Primitives created: 1
17:06:23 | INFO: Extracting primitive: tactile-stud-editable-mesh.008
17:06:23 | INFO: Primitives created: 1
17:06:23 | INFO: Extracting primitive: tactile-stud-editable-mesh.009
17:06:23 | INFO: Primitives created: 1
17:06:23 | INFO: Extracting primitive: tactile-stud-editable-mesh.010
17:06:23 | INFO: Primitives created: 1
17:06:23 | INFO: Extracting primitive: tactile-stud-editable-mesh.011
17:06:23 | INFO: Primitives created: 1
17:06:23 | INFO: Extracting primitive: tactile-stud-editable-mesh.012
17:06:23 | INFO: Primitives created: 1
17:06:23 | INFO: Extracting primitive: tactile-stud-editable-mesh.013
17:06:23 | INFO: Primitives created: 1
17:06:23 | INFO: Extracting primitive: tactile-stud-editable-mesh.014
17:06:23 | INFO: Primitives created: 1
17:06:23 | INFO: Extracting primitive: tactile-stud-editable-mesh.015
17:06:23 | INFO: Primitives created: 1
17:06:23 | INFO: Extracting primitive: tactile-stud-editable-mesh.016
17:06:23 | INFO: Primitives created: 1
17:06:23 | INFO: Extracting primitive: tactile-stud-editable-mesh.017
17:06:23 | INFO: Primitives created: 1
17:06:23 | INFO: Extracting primitive: tactile-stud-editable-mesh.018
17:06:23 | INFO: Primitives created: 1
17:06:23 | INFO: Extracting primitive: tactile-stud-editable-mesh.019
17:06:23 | INFO: Primitives created: 1
17:06:23 | INFO: Extracting primitive: tactile-stud-editable-mesh.020
17:06:23 | INFO: Primitives created: 1
17:06:23 | INFO: Extracting primitive: tactile-stud-editable-mesh.021
17:06:23 | INFO: Primitives created: 1
17:06:23 | INFO: Extracting primitive: tactile-stud-editable-mesh.022
17:06:23 | INFO: Primitives created: 1
17:06:23 | INFO: Extracting primitive: tactile-stud-editable-mesh.023
17:06:23 | INFO: Primitives created: 1
17:06:23 | INFO: Extracting primitive: edge-face-drain-editable-mesh
17:06:23 | INFO: Primitives created: 1
17:06:23 | INFO: Extracting primitive: edge-face-drain-editable-mesh.001
17:06:23 | INFO: Primitives created: 1
17:06:23 | INFO: Extracting primitive: edge-face-drain-editable-mesh.002
17:06:23 | INFO: Primitives created: 1
17:06:23 | INFO: Extracting primitive: edge-face-drain-editable-mesh.003
17:06:23 | INFO: Primitives created: 1
17:06:23 | INFO: Finished glTF 2.0 export in 0.03375697135925293 s

17:06:23 | INFO: Starting glTF 2.0 export
17:06:23 | INFO: Extracting primitive: platform-foundation-editable-mesh
17:06:23 | INFO: Primitives created: 1
17:06:23 | INFO: Extracting primitive: platform-deck-editable-mesh
17:06:23 | INFO: Primitives created: 1
17:06:23 | INFO: Extracting primitive: platform-edge-cap-editable-mesh
17:06:23 | INFO: Primitives created: 1
17:06:23 | INFO: Extracting primitive: tactile-band-editable-mesh
17:06:23 | INFO: Primitives created: 1
17:06:23 | INFO: Finished glTF 2.0 export in 0.007688760757446289 s

17:06:23 | INFO: Starting glTF 2.0 export
17:06:23 | INFO: Extracting primitive: sign-post--0.85-editable-mesh
17:06:23 | INFO: Primitives created: 1
17:06:23 | INFO: Extracting primitive: sign-foot--0.85-editable-mesh
17:06:23 | INFO: Primitives created: 1
17:06:23 | INFO: Extracting primitive: sign-post-0.85-editable-mesh
17:06:23 | INFO: Primitives created: 1
17:06:23 | INFO: Extracting primitive: sign-foot-0.85-editable-mesh
17:06:23 | INFO: Primitives created: 1
17:06:23 | INFO: Extracting primitive: guidance-panel-editable-mesh
17:06:23 | INFO: Primitives created: 1
17:06:23 | INFO: Extracting primitive: guidance-face-editable-mesh
17:06:23 | INFO: Primitives created: 1
17:06:23 | INFO: Extracting primitive: direction-arrow-editable-mesh
17:06:23 | INFO: Primitives created: 1
17:06:23 | INFO: Extracting primitive: generic-destination-rule-2.67-editable-mesh
17:06:23 | INFO: Primitives created: 1
17:06:23 | INFO: Extracting primitive: generic-destination-rule-2.54-editable-mesh
17:06:23 | INFO: Primitives created: 1
17:06:23 | INFO: Finished glTF 2.0 export in 0.016860246658325195 s

17:06:23 | INFO: Starting glTF 2.0 export
17:06:23 | INFO: Extracting primitive: sign-post--0.85-editable-mesh
17:06:23 | INFO: Primitives created: 1
17:06:23 | INFO: Extracting primitive: sign-foot--0.85-editable-mesh
17:06:23 | INFO: Primitives created: 1
17:06:23 | INFO: Extracting primitive: sign-post-0.85-editable-mesh
17:06:23 | INFO: Primitives created: 1
17:06:23 | INFO: Extracting primitive: sign-foot-0.85-editable-mesh
17:06:23 | INFO: Primitives created: 1
17:06:23 | INFO: Extracting primitive: guidance-panel-editable-mesh
17:06:23 | INFO: Primitives created: 1
17:06:23 | INFO: Extracting primitive: guidance-face-editable-mesh
17:06:23 | INFO: Primitives created: 1
17:06:23 | INFO: Extracting primitive: direction-arrow-editable-mesh
17:06:23 | INFO: Primitives created: 1
17:06:23 | INFO: Extracting primitive: generic-destination-rule-2.67-editable-mesh
17:06:23 | INFO: Primitives created: 1
17:06:23 | INFO: Extracting primitive: generic-destination-rule-2.54-editable-mesh
17:06:23 | INFO: Primitives created: 1
17:06:23 | INFO: Finished glTF 2.0 export in 0.013945579528808594 s

17:06:23 | INFO: Starting glTF 2.0 export
17:06:23 | INFO: Extracting primitive: threshold-deck-editable-mesh
17:06:23 | INFO: Primitives created: 1
17:06:23 | INFO: Extracting primitive: deck-grip-strip-editable-mesh
17:06:23 | INFO: Primitives created: 1
17:06:23 | INFO: Extracting primitive: deck-grip-strip-editable-mesh.001
17:06:23 | INFO: Primitives created: 1
17:06:23 | INFO: Extracting primitive: deck-grip-strip-editable-mesh.002
17:06:23 | INFO: Primitives created: 1
17:06:23 | INFO: Finished glTF 2.0 export in 0.007638454437255859 s

17:06:23 | INFO: Starting glTF 2.0 export
17:06:23 | INFO: Extracting primitive: threshold-deck-editable-mesh
17:06:23 | INFO: Primitives created: 1
17:06:23 | INFO: Finished glTF 2.0 export in 0.003417491912841797 s

17:06:23 | INFO: Starting glTF 2.0 export
17:06:23 | INFO: Extracting primitive: threshold-deck-editable-mesh
17:06:23 | INFO: Primitives created: 1
17:06:23 | INFO: Extracting primitive: deck-grip-strip-editable-mesh
17:06:23 | INFO: Primitives created: 1
17:06:23 | INFO: Extracting primitive: deck-grip-strip-editable-mesh.001
17:06:23 | INFO: Primitives created: 1
17:06:23 | INFO: Extracting primitive: deck-grip-strip-editable-mesh.002
17:06:23 | INFO: Primitives created: 1
17:06:23 | INFO: Finished glTF 2.0 export in 0.008439302444458008 s

17:06:23 | INFO: Starting glTF 2.0 export
17:06:23 | INFO: Extracting primitive: threshold-deck-editable-mesh
17:06:23 | INFO: Primitives created: 1
17:06:23 | INFO: Finished glTF 2.0 export in 0.003345489501953125 s

Blender 4.3.2
Read blend: "/workspace/scratch/7c20b5ba4165/atlas-backlog-oct3/tools/assets/transit-station-spaces/source/bus-stop-pole.lod0.blend"
Read blend: "/workspace/scratch/7c20b5ba4165/atlas-backlog-oct3/tools/assets/transit-station-spaces/source/bus-stop-pole.lod1.blend"
Read blend: "/workspace/scratch/7c20b5ba4165/atlas-backlog-oct3/tools/assets/transit-station-spaces/source/platform-edge-2m.lod0.blend"
Read blend: "/workspace/scratch/7c20b5ba4165/atlas-backlog-oct3/tools/assets/transit-station-spaces/source/platform-edge-2m.lod1.blend"
Read blend: "/workspace/scratch/7c20b5ba4165/atlas-backlog-oct3/tools/assets/transit-station-spaces/source/station-guidance-sign.lod0.blend"
Read blend: "/workspace/scratch/7c20b5ba4165/atlas-backlog-oct3/tools/assets/transit-station-spaces/source/station-guidance-sign.lod1.blend"
Read blend: "/workspace/scratch/7c20b5ba4165/atlas-backlog-oct3/tools/assets/transit-station-spaces/source/bus-threshold-deck.lod0.blend"
Read blend: "/workspace/scratch/7c20b5ba4165/atlas-backlog-oct3/tools/assets/transit-station-spaces/source/bus-threshold-deck.lod1.blend"
Read blend: "/workspace/scratch/7c20b5ba4165/atlas-backlog-oct3/tools/assets/transit-station-spaces/source/metro-threshold-deck.lod0.blend"
Read blend: "/workspace/scratch/7c20b5ba4165/atlas-backlog-oct3/tools/assets/transit-station-spaces/source/metro-threshold-deck.lod1.blend"

Blender quit
