Extensions: writing cache failed ([Errno 30] Read-only file system: '/home/agent/.config/blender').
18:15:20 | INFO: Data are loaded, start creating Blender stuff
18:15:20 | INFO: Blender create Mesh node Tailored torso
18:15:20 | INFO: glTF import finished in 0.12s
Extensions: writing cache failed ([Errno 30] Read-only file system: '/home/agent/.config/blender').
18:15:20 | INFO: Data are loaded, start creating Blender stuff
18:15:20 | INFO: Blender create Mesh node Tailored torso
18:15:21 | INFO: glTF import finished in 0.10s
AUDITED old-lod1 {'distanceM': {'count': 1663, 'max': 0.00019455241272225976, 'p95': 8.624175825389102e-05, 'mean': 1.8352091639333783e-05}, 'uvDelta': {'count': 1663, 'max': 1.1645146458295672, 'p95': 0.42436506779816796, 'mean': 0.0502892954269016}, 'normalAngleDeg': {'count': 1663, 'max': 10.765885359764019, 'p95': 2.7352399055134105, 'mean': 0.601475600904332}}
Extensions: writing cache failed ([Errno 30] Read-only file system: '/home/agent/.config/blender').
18:15:21 | INFO: Data are loaded, start creating Blender stuff
18:15:21 | INFO: Blender create Mesh node Tailored torso
18:15:22 | INFO: glTF import finished in 0.17s
AUDITED old-lod2 {'distanceM': {'count': 1335, 'max': 0.0003674074250739068, 'p95': 0.00017783255316317081, 'mean': 4.523823772461203e-05}, 'uvDelta': {'count': 1335, 'max': 1.1645146458295672, 'p95': 0.4840663399773289, 'mean': 0.06249272265754028}, 'normalAngleDeg': {'count': 1335, 'max': 75.82089636571405, 'p95': 4.5622320851777864, 'mean': 1.1692762745844465}}
Extensions: writing cache failed ([Errno 30] Read-only file system: '/home/agent/.config/blender').
18:15:22 | INFO: Data are loaded, start creating Blender stuff
18:15:22 | INFO: Blender create Mesh node Tailored torso
18:15:22 | INFO: glTF import finished in 0.12s
AUDITED citizen.lod0 {'distanceM': {'count': 2619, 'max': 1.4175697060636594e-07, 'p95': 6.828570064953965e-08, 'mean': 2.3111633068838977e-08}, 'uvDelta': {'count': 2619, 'max': 1.1645146458295672, 'p95': 0.42436515549170806, 'mean': 0.058580888408240765}, 'normalAngleDeg': {'count': 2619, 'max': 0.034970569093279974, 'p95': 0.024727926355896986, 'mean': 0.008355056963704487}}
Extensions: writing cache failed ([Errno 30] Read-only file system: '/home/agent/.config/blender').
18:15:23 | INFO: Data are loaded, start creating Blender stuff
18:15:23 | INFO: Blender create Mesh node Tailored torso
18:15:24 | INFO: glTF import finished in 0.20s
AUDITED citizen.lod1 {'distanceM': {'count': 2619, 'max': 1.4175697060636594e-07, 'p95': 6.828570064953965e-08, 'mean': 2.3111633068838977e-08}, 'uvDelta': {'count': 2619, 'max': 1.1645146458295672, 'p95': 0.42436515549170806, 'mean': 0.058580888408240765}, 'normalAngleDeg': {'count': 2619, 'max': 0.034970569093279974, 'p95': 0.024727926355896986, 'mean': 0.008355056963704487}}
Extensions: writing cache failed ([Errno 30] Read-only file system: '/home/agent/.config/blender').
18:15:24 | INFO: Data are loaded, start creating Blender stuff
18:15:24 | INFO: Blender create Mesh node Tailored torso
18:15:25 | INFO: glTF import finished in 0.10s
AUDITED citizen.lod2 {'distanceM': {'count': 2619, 'max': 1.4175697060636594e-07, 'p95': 6.828570064953965e-08, 'mean': 2.3111633068838977e-08}, 'uvDelta': {'count': 2619, 'max': 1.1645146458295672, 'p95': 0.42436515549170806, 'mean': 0.058580888408240765}, 'normalAngleDeg': {'count': 2619, 'max': 0.034970569093279974, 'p95': 0.024727926355896986, 'mean': 0.008355056963704487}}
Extensions: writing cache failed ([Errno 30] Read-only file system: '/home/agent/.config/blender').
18:15:25 | INFO: Data are loaded, start creating Blender stuff
18:15:25 | INFO: Blender create Mesh node Tailored torso
18:15:26 | INFO: glTF import finished in 0.12s
Extensions: writing cache failed ([Errno 30] Read-only file system: '/home/agent/.config/blender').
18:15:26 | INFO: Data are loaded, start creating Blender stuff
18:15:26 | INFO: Blender create Mesh node Tailored torso
18:15:26 | INFO: glTF import finished in 0.11s
Extensions: writing cache failed ([Errno 30] Read-only file system: '/home/agent/.config/blender').
18:15:26 | INFO: Data are loaded, start creating Blender stuff
18:15:26 | INFO: Blender create Mesh node Tailored torso
18:15:26 | INFO: glTF import finished in 0.10s
Extensions: writing cache failed ([Errno 30] Read-only file system: '/home/agent/.config/blender').
18:15:26 | INFO: Data are loaded, start creating Blender stuff
18:15:26 | INFO: Blender create Mesh node Tailored torso
18:15:26 | INFO: Blender create Mesh node Tailored torso.001
18:15:26 | INFO: glTF import finished in 0.20s
Extensions: writing cache failed ([Errno 30] Read-only file system: '/home/agent/.config/blender').
18:15:26 | INFO: Data are loaded, start creating Blender stuff
18:15:26 | INFO: Blender create Mesh node Tailored torso
18:15:27 | INFO: Blender create Mesh node Tailored torso.001
18:15:27 | INFO: glTF import finished in 0.10s
Extensions: writing cache failed ([Errno 30] Read-only file system: '/home/agent/.config/blender').
18:15:27 | INFO: Data are loaded, start creating Blender stuff
18:15:27 | INFO: Blender create Mesh node Tailored torso
18:15:27 | INFO: Blender create Mesh node Tailored torso.001
18:15:27 | INFO: glTF import finished in 0.11s
Extensions: writing cache failed ([Errno 30] Read-only file system: '/home/agent/.config/blender').
18:15:27 | INFO: Data are loaded, start creating Blender stuff
18:15:27 | INFO: Blender create Mesh node Tailored torso
18:15:27 | INFO: glTF import finished in 0.12s
Extensions: writing cache failed ([Errno 30] Read-only file system: '/home/agent/.config/blender').
18:15:27 | INFO: Data are loaded, start creating Blender stuff
18:15:27 | INFO: Blender create Mesh node Tailored torso
18:15:27 | INFO: glTF import finished in 0.11s
Extensions: writing cache failed ([Errno 30] Read-only file system: '/home/agent/.config/blender').
18:15:27 | INFO: Data are loaded, start creating Blender stuff
18:15:27 | INFO: Blender create Mesh node Tailored torso
18:15:28 | INFO: glTF import finished in 0.10s
Extensions: writing cache failed ([Errno 30] Read-only file system: '/home/agent/.config/blender').
18:15:28 | INFO: Data are loaded, start creating Blender stuff
18:15:28 | INFO: Blender create Mesh node Tailored torso
18:15:28 | INFO: glTF import finished in 0.13s
Extensions: writing cache failed ([Errno 30] Read-only file system: '/home/agent/.config/blender').
18:15:28 | INFO: Data are loaded, start creating Blender stuff
18:15:28 | INFO: Blender create Mesh node Tailored torso
18:15:28 | INFO: glTF import finished in 0.11s
Extensions: writing cache failed ([Errno 30] Read-only file system: '/home/agent/.config/blender').
18:15:28 | INFO: Data are loaded, start creating Blender stuff
18:15:28 | INFO: Blender create Mesh node Tailored torso
18:15:28 | INFO: glTF import finished in 0.11s
Blender 4.3.2

Blender quit
