Extensions: writing cache failed ([Errno 30] Read-only file system: '/home/agent/.config/blender').
18:05:39 | INFO: Data are loaded, start creating Blender stuff
18:05:39 | INFO: Blender create Mesh node Tailored torso
18:05:39 | INFO: glTF import finished in 0.13s
Info: Saved "driver-roadster-fit.lod0.blend"
ERROR Draco mesh compression is not available because library could not be found at /usr/bin/4.3/python/lib/python3.13/site-packages/libextern_draco.so
18:05:40 | INFO: Starting glTF 2.0 export
18:05:40 | INFO: Extracting primitive: Tailored torso.001
18:05:40 | WARNING: More than one shader node tex image used for a texture. The resulting glTF sampler will behave like the first shader node tex image.
18:05:40 | INFO: Primitives created: 1
18:05:40 | INFO: Extracting primitive: Tailored torso
18:05:40 | INFO: Primitives created: 1
18:05:41 | INFO: Finished glTF 2.0 export in 0.6526219844818115 s

BUILT driver-roadster-fit 0
Extensions: writing cache failed ([Errno 30] Read-only file system: '/home/agent/.config/blender').
18:05:41 | INFO: Data are loaded, start creating Blender stuff
18:05:41 | INFO: Blender create Mesh node Tailored torso
18:05:41 | INFO: glTF import finished in 0.10s
Info: Saved "driver-roadster-fit.lod1.blend"
18:05:42 | INFO: Starting glTF 2.0 export
18:05:42 | INFO: Extracting primitive: Tailored torso.001
18:05:42 | WARNING: More than one shader node tex image used for a texture. The resulting glTF sampler will behave like the first shader node tex image.
18:05:42 | INFO: Primitives created: 1
18:05:42 | INFO: Extracting primitive: Tailored torso
18:05:42 | INFO: Primitives created: 1
18:05:43 | INFO: Finished glTF 2.0 export in 0.5455832481384277 s

BUILT driver-roadster-fit 1
Extensions: writing cache failed ([Errno 30] Read-only file system: '/home/agent/.config/blender').
18:05:43 | INFO: Data are loaded, start creating Blender stuff
18:05:43 | INFO: Blender create Mesh node Tailored torso
18:05:43 | INFO: glTF import finished in 0.10s
Info: Saved "driver-roadster-fit.lod2.blend"
18:05:44 | INFO: Starting glTF 2.0 export
18:05:44 | INFO: Extracting primitive: Tailored torso.001
18:05:44 | WARNING: More than one shader node tex image used for a texture. The resulting glTF sampler will behave like the first shader node tex image.
18:05:44 | INFO: Primitives created: 1
18:05:44 | INFO: Extracting primitive: Tailored torso
18:05:44 | INFO: Primitives created: 1
18:05:44 | INFO: Finished glTF 2.0 export in 0.5236649513244629 s

BUILT driver-roadster-fit 2
Blender 4.3.2
Read blend: "/workspace/scratch/7c20b5ba4165/atlas-backlog-oct3/tools/assets/citizen-character-variants/source/driver-roadster-fit.lod0.blend"
Read blend: "/workspace/scratch/7c20b5ba4165/atlas-backlog-oct3/tools/assets/citizen-character-variants/source/driver-roadster-fit.lod1.blend"
Read blend: "/workspace/scratch/7c20b5ba4165/atlas-backlog-oct3/tools/assets/citizen-character-variants/source/driver-roadster-fit.lod2.blend"

Blender quit
