Extensions: writing cache failed ([Errno 30] Read-only file system: '/home/agent/.config/blender').
16:57:00 | INFO: Data are loaded, start creating Blender stuff
16:57:00 | INFO: Blender create Mesh node 0
16:57:00 | INFO: Blender create Mesh node 1
16:57:00 | INFO: Blender create Mesh node 2
16:57:00 | INFO: Blender create Mesh node 3
16:57:00 | INFO: Blender create Mesh node 4
16:57:00 | INFO: Blender create Mesh node 5
16:57:00 | INFO: Blender create Mesh node 6
16:57:00 | INFO: Blender create Mesh node 7
16:57:00 | INFO: Blender create Mesh node 8
16:57:00 | INFO: Blender create Mesh node 9
16:57:00 | INFO: Blender create Mesh node 10
16:57:00 | INFO: Blender create Mesh node 11
16:57:00 | INFO: Blender create Mesh node 12
16:57:00 | INFO: Blender create Mesh node 13
16:57:00 | INFO: Blender create Mesh node 14
16:57:00 | INFO: Blender create Mesh node 15
16:57:00 | INFO: Blender create Mesh node 16
16:57:00 | INFO: Blender create Mesh node 17
16:57:00 | INFO: Blender create Mesh node 18
16:57:00 | INFO: Blender create Mesh node 19
16:57:00 | INFO: Blender create Mesh node 20
16:57:00 | INFO: glTF import finished in 0.05s
16:57:00 | INFO: Data are loaded, start creating Blender stuff
16:57:00 | INFO: Blender create Mesh node Tailored torso
16:57:00 | INFO: glTF import finished in 0.13s
Blender 4.3.2
Fra:0 Mem:25.04M (Peak 25.04M) | Time:00:00.00 | Mem:0.00M, Peak:0.00M | Scene, ViewLayer | Synchronizing object | QA-only-ground
Fra:0 Mem:25.05M (Peak 25.05M) | Time:00:00.00 | Mem:0.00M, Peak:0.00M | Scene, ViewLayer | Synchronizing object | roadster/dark
Fra:0 Mem:29.88M (Peak 29.88M) | Time:00:00.00 | Mem:0.00M, Peak:0.00M | Scene, ViewLayer | Synchronizing object | roadster/metal
Fra:0 Mem:30.03M (Peak 30.03M) | Time:00:00.00 | Mem:0.00M, Peak:0.00M | Scene, ViewLayer | Synchronizing object | roadster/seat-upholstery
Fra:0 Mem:31.34M (Peak 31.34M) | Time:00:00.00 | Mem:0.00M, Peak:0.00M | Scene, ViewLayer | Synchronizing object | roadster/lamp
Fra:0 Mem:31.35M (Peak 31.35M) | Time:00:00.00 | Mem:0.00M, Peak:0.00M | Scene, ViewLayer | Synchronizing object | roadster/tail
Fra:0 Mem:31.35M (Peak 31.35M) | Time:00:00.00 | Mem:0.00M, Peak:0.00M | Scene, ViewLayer | Synchronizing object | roadster/tire-rubber
Fra:0 Mem:31.37M (Peak 31.37M) | Time:00:00.00 | Mem:0.00M, Peak:0.00M | Scene, ViewLayer | Synchronizing object | Mesh_10
Fra:0 Mem:31.41M (Peak 31.41M) | Time:00:00.00 | Mem:0.00M, Peak:0.00M | Scene, ViewLayer | Synchronizing object | Mesh_11
Fra:0 Mem:31.45M (Peak 31.45M) | Time:00:00.01 | Mem:0.00M, Peak:0.00M | Scene, ViewLayer | Synchronizing object | roadster/tire-rubber.001
Fra:0 Mem:31.46M (Peak 31.46M) | Time:00:00.01 | Mem:0.00M, Peak:0.00M | Scene, ViewLayer | Synchronizing object | Mesh_13
Fra:0 Mem:31.47M (Peak 31.47M) | Time:00:00.01 | Mem:0.00M, Peak:0.00M | Scene, ViewLayer | Synchronizing object | Mesh_14
Fra:0 Mem:31.51M (Peak 31.51M) | Time:00:00.01 | Mem:0.00M, Peak:0.00M | Scene, ViewLayer | Synchronizing object | roadster/tire-rubber.002
Fra:0 Mem:31.60M (Peak 31.60M) | Time:00:00.01 | Mem:0.00M, Peak:0.00M | Scene, ViewLayer | Synchronizing object | Mesh_16
Fra:0 Mem:31.61M (Peak 31.61M) | Time:00:00.01 | Mem:0.00M, Peak:0.00M | Scene, ViewLayer | Synchronizing object | Mesh_17
Fra:0 Mem:31.64M (Peak 31.64M) | Time:00:00.01 | Mem:0.00M, Peak:0.00M | Scene, ViewLayer | Synchronizing object | roadster/tire-rubber.003
Fra:0 Mem:31.65M (Peak 31.65M) | Time:00:00.01 | Mem:0.00M, Peak:0.00M | Scene, ViewLayer | Synchronizing object | Mesh_19
Fra:0 Mem:33.31M (Peak 33.31M) | Time:00:00.01 | Mem:0.00M, Peak:0.00M | Scene, ViewLayer | Synchronizing object | Mesh_20
Fra:0 Mem:36.16M (Peak 37.03M) | Time:00:00.04 | Mem:0.00M, Peak:0.00M | Scene, ViewLayer | Initializing
Fra:0 Mem:32.58M (Peak 37.03M) | Time:00:00.04 | Mem:0.00M, Peak:0.00M | Scene, ViewLayer | Updating Images | Loading Citizen_Normal-1024
Fra:0 Mem:32.58M (Peak 37.03M) | Time:00:00.04 | Mem:0.00M, Peak:0.00M | Scene, ViewLayer | Updating Images | Loading Citizen_BaseColor-1024
Fra:0 Mem:48.60M (Peak 56.60M) | Time:00:00.06 | Mem:4.00M, Peak:4.00M | Scene, ViewLayer | Updating Images | Loading Citizen_Roughness-1024
Fra:0 Mem:43.29M (Peak 56.60M) | Time:00:00.07 | Mem:12.00M, Peak:12.00M | Scene, ViewLayer | Waiting for render to start
Fra:0 Mem:43.29M (Peak 56.60M) | Time:00:00.07 | Mem:12.00M, Peak:12.00M | Scene, ViewLayer | Loading render kernels (may take a few minutes the first time)
Fra:0 Mem:43.29M (Peak 56.60M) | Time:00:00.07 | Mem:12.00M, Peak:12.00M | Scene, ViewLayer | Updating Scene
Fra:0 Mem:43.29M (Peak 56.60M) | Time:00:00.07 | Mem:12.00M, Peak:12.00M | Scene, ViewLayer | Updating Shaders
Fra:0 Mem:43.38M (Peak 56.60M) | Time:00:00.07 | Mem:12.01M, Peak:12.01M | Scene, ViewLayer | Updating Procedurals
Fra:0 Mem:43.38M (Peak 56.60M) | Time:00:00.07 | Mem:12.01M, Peak:12.01M | Scene, ViewLayer | Updating Background
Fra:0 Mem:43.38M (Peak 56.60M) | Time:00:00.07 | Mem:12.01M, Peak:12.01M | Scene, ViewLayer | Updating Camera
Fra:0 Mem:43.38M (Peak 56.60M) | Time:00:00.07 | Mem:12.01M, Peak:12.01M | Scene, ViewLayer | Updating Meshes Flags
Fra:0 Mem:43.38M (Peak 56.60M) | Time:00:00.07 | Mem:12.01M, Peak:12.01M | Scene, ViewLayer | Updating Objects
Fra:0 Mem:43.38M (Peak 56.60M) | Time:00:00.07 | Mem:12.01M, Peak:12.01M | Scene, ViewLayer | Updating Objects | Copying Transformations to device
Fra:0 Mem:43.38M (Peak 56.60M) | Time:00:00.07 | Mem:12.01M, Peak:12.01M | Scene, ViewLayer | Updating Objects | Applying Static Transformations
Fra:0 Mem:43.38M (Peak 56.60M) | Time:00:00.07 | Mem:12.01M, Peak:12.01M | Scene, ViewLayer | Updating Particle Systems
Fra:0 Mem:43.38M (Peak 56.60M) | Time:00:00.07 | Mem:12.01M, Peak:12.01M | Scene, ViewLayer | Updating Particle Systems | Copying Particles to device
Fra:0 Mem:43.38M (Peak 56.60M) | Time:00:00.07 | Mem:12.01M, Peak:12.01M | Scene, ViewLayer | Updating Meshes
Fra:0 Mem:44.06M (Peak 56.60M) | Time:00:00.07 | Mem:12.01M, Peak:12.01M | Scene, ViewLayer | Updating Mesh | Computing attributes
Fra:0 Mem:47.19M (Peak 56.60M) | Time:00:00.07 | Mem:12.01M, Peak:12.01M | Scene, ViewLayer | Updating Mesh | Copying Attributes to device
Fra:0 Mem:47.18M (Peak 56.60M) | Time:00:00.07 | Mem:15.13M, Peak:15.13M | Scene, ViewLayer | Updating Scene BVH | Building
Fra:0 Mem:47.18M (Peak 56.60M) | Time:00:00.07 | Mem:15.13M, Peak:15.13M | Scene, ViewLayer | Updating Scene BVH | Building BVH
Fra:0 Mem:47.18M (Peak 56.60M) | Time:00:00.07 | Mem:16.50M, Peak:16.50M | Scene, ViewLayer | Updating Scene BVH | Building BVH 0%
Fra:0 Mem:47.18M (Peak 56.60M) | Time:00:00.08 | Mem:17.98M, Peak:19.35M | Scene, ViewLayer | Updating Scene BVH | Copying BVH to device
Fra:0 Mem:47.18M (Peak 56.60M) | Time:00:00.08 | Mem:17.98M, Peak:19.35M | Scene, ViewLayer | Updating Mesh | Computing normals
Fra:0 Mem:49.44M (Peak 56.60M) | Time:00:00.08 | Mem:17.98M, Peak:19.35M | Scene, ViewLayer | Updating Mesh | Copying Mesh to device
Fra:0 Mem:49.44M (Peak 56.60M) | Time:00:00.08 | Mem:20.24M, Peak:20.24M | Scene, ViewLayer | Updating Objects Flags
Fra:0 Mem:49.44M (Peak 56.60M) | Time:00:00.08 | Mem:20.24M, Peak:20.24M | Scene, ViewLayer | Updating Primitive Offsets
Fra:0 Mem:49.44M (Peak 56.60M) | Time:00:00.08 | Mem:20.24M, Peak:20.24M | Scene, ViewLayer | Updating Images
Fra:0 Mem:49.44M (Peak 56.60M) | Time:00:00.08 | Mem:20.24M, Peak:20.24M | Scene, ViewLayer | Updating Camera Volume
Fra:0 Mem:49.44M (Peak 56.60M) | Time:00:00.08 | Mem:20.24M, Peak:20.24M | Scene, ViewLayer | Updating Lookup Tables
Fra:0 Mem:49.44M (Peak 56.60M) | Time:00:00.08 | Mem:20.32M, Peak:20.32M | Scene, ViewLayer | Updating Lights
Fra:0 Mem:49.44M (Peak 56.60M) | Time:00:00.08 | Mem:20.32M, Peak:20.32M | Scene, ViewLayer | Updating Lights | Computing tree
Fra:0 Mem:49.45M (Peak 56.60M) | Time:00:00.08 | Mem:20.33M, Peak:20.33M | Scene, ViewLayer | Updating Integrator
Fra:0 Mem:49.45M (Peak 56.60M) | Time:00:00.08 | Mem:20.33M, Peak:20.33M | Scene, ViewLayer | Updating Film
Fra:0 Mem:49.45M (Peak 56.60M) | Time:00:00.08 | Mem:20.25M, Peak:20.33M | Scene, ViewLayer | Updating Lookup Tables
Fra:0 Mem:49.45M (Peak 56.60M) | Time:00:00.08 | Mem:20.34M, Peak:20.34M | Scene, ViewLayer | Updating Baking
Fra:0 Mem:49.45M (Peak 56.60M) | Time:00:00.08 | Mem:20.34M, Peak:20.34M | Scene, ViewLayer | Updating Device | Writing constant memory
Fra:0 Mem:49.46M (Peak 56.60M) | Time:00:00.08 | Mem:20.34M, Peak:20.34M | Scene, ViewLayer | Sample 0/32
Fra:0 Mem:68.00M (Peak 68.00M) | Time:00:00.88 | Remaining:00:24.74 | Mem:38.89M, Peak:38.89M | Scene, ViewLayer | Sample 1/32
Fra:0 Mem:76.24M (Peak 92.72M) | Time:00:22.65 | Mem:38.89M, Peak:38.89M | Scene, ViewLayer | Sample 32/32
Fra:0 Mem:76.24M (Peak 92.72M) | Time:00:22.65 | Mem:38.89M, Peak:38.89M | Scene, ViewLayer | Finished
Saved: '/workspace/scratch/7c20b5ba4165/atlas-backlog-oct3/tools/assets/citizen-character-variants/qa/previews/driver-roadster-cutaway.png'
Time: 00:22.85 (Saving: 00:00.19)

RENDERED driver-roadster-cutaway

Blender quit
