ERROR Draco mesh compression is not available because library could not be found at /usr/bin/4.3/python/lib/python3.13/site-packages/libextern_draco.so
18:15:30 | INFO: Starting glTF 2.0 export
18:15:30 | INFO: Extracting primitive: Tailored torso
18:15:30 | WARNING: More than one shader node tex image used for a texture. The resulting glTF sampler will behave like the first shader node tex image.
18:15:30 | INFO: Primitives created: 1
18:15:30 | INFO: Finished glTF 2.0 export in 0.49724578857421875 s

18:15:31 | INFO: Starting glTF 2.0 export
18:15:31 | INFO: Extracting primitive: Tailored torso
18:15:31 | WARNING: More than one shader node tex image used for a texture. The resulting glTF sampler will behave like the first shader node tex image.
18:15:31 | INFO: Primitives created: 1
18:15:31 | INFO: Finished glTF 2.0 export in 0.4358856678009033 s

18:15:31 | INFO: Starting glTF 2.0 export
18:15:31 | INFO: Extracting primitive: Tailored torso
18:15:31 | WARNING: More than one shader node tex image used for a texture. The resulting glTF sampler will behave like the first shader node tex image.
18:15:31 | INFO: Primitives created: 1
18:15:32 | INFO: Finished glTF 2.0 export in 0.42742323875427246 s

18:15:32 | INFO: Starting glTF 2.0 export
18:15:32 | INFO: Extracting primitive: Tailored torso.001
18:15:32 | WARNING: More than one shader node tex image used for a texture. The resulting glTF sampler will behave like the first shader node tex image.
18:15:32 | INFO: Primitives created: 1
18:15:32 | INFO: Extracting primitive: Tailored torso
18:15:32 | INFO: Primitives created: 1
18:15:32 | INFO: Finished glTF 2.0 export in 0.5406458377838135 s

18:15:32 | INFO: Starting glTF 2.0 export
18:15:32 | INFO: Extracting primitive: Tailored torso.001
18:15:33 | WARNING: More than one shader node tex image used for a texture. The resulting glTF sampler will behave like the first shader node tex image.
18:15:33 | INFO: Primitives created: 1
18:15:33 | INFO: Extracting primitive: Tailored torso
18:15:33 | INFO: Primitives created: 1
18:15:33 | INFO: Finished glTF 2.0 export in 0.5066962242126465 s

18:15:33 | INFO: Starting glTF 2.0 export
18:15:33 | INFO: Extracting primitive: Tailored torso.001
18:15:33 | WARNING: More than one shader node tex image used for a texture. The resulting glTF sampler will behave like the first shader node tex image.
18:15:33 | INFO: Primitives created: 1
18:15:33 | INFO: Extracting primitive: Tailored torso
18:15:33 | INFO: Primitives created: 1
18:15:34 | INFO: Finished glTF 2.0 export in 0.5022246837615967 s

18:15:34 | INFO: Starting glTF 2.0 export
18:15:34 | INFO: Extracting primitive: Tailored torso
18:15:34 | WARNING: More than one shader node tex image used for a texture. The resulting glTF sampler will behave like the first shader node tex image.
18:15:34 | INFO: Primitives created: 1
18:15:34 | INFO: Finished glTF 2.0 export in 0.5580456256866455 s

18:15:35 | INFO: Starting glTF 2.0 export
18:15:35 | INFO: Extracting primitive: Tailored torso
18:15:35 | WARNING: More than one shader node tex image used for a texture. The resulting glTF sampler will behave like the first shader node tex image.
18:15:35 | INFO: Primitives created: 1
18:15:35 | INFO: Finished glTF 2.0 export in 0.5098912715911865 s

18:15:35 | INFO: Starting glTF 2.0 export
18:15:35 | INFO: Extracting primitive: Tailored torso
18:15:35 | WARNING: More than one shader node tex image used for a texture. The resulting glTF sampler will behave like the first shader node tex image.
18:15:35 | INFO: Primitives created: 1
18:15:36 | INFO: Finished glTF 2.0 export in 0.4934401512145996 s

18:15:36 | INFO: Starting glTF 2.0 export
18:15:36 | INFO: Extracting primitive: Tailored torso
18:15:36 | WARNING: More than one shader node tex image used for a texture. The resulting glTF sampler will behave like the first shader node tex image.
18:15:36 | WARNING: More than one shader node tex image used for a texture. The resulting glTF sampler will behave like the first shader node tex image.
18:15:36 | INFO: Primitives created: 5
18:15:36 | INFO: Finished glTF 2.0 export in 0.47528815269470215 s

18:15:37 | INFO: Starting glTF 2.0 export
18:15:37 | INFO: Extracting primitive: Tailored torso
18:15:37 | WARNING: More than one shader node tex image used for a texture. The resulting glTF sampler will behave like the first shader node tex image.
18:15:37 | WARNING: More than one shader node tex image used for a texture. The resulting glTF sampler will behave like the first shader node tex image.
18:15:37 | INFO: Primitives created: 5
18:15:37 | INFO: Finished glTF 2.0 export in 0.44241786003112793 s

18:15:37 | INFO: Starting glTF 2.0 export
18:15:37 | INFO: Extracting primitive: Tailored torso
18:15:37 | WARNING: More than one shader node tex image used for a texture. The resulting glTF sampler will behave like the first shader node tex image.
18:15:37 | WARNING: More than one shader node tex image used for a texture. The resulting glTF sampler will behave like the first shader node tex image.
18:15:37 | INFO: Primitives created: 5
18:15:38 | INFO: Finished glTF 2.0 export in 0.43607306480407715 s

Blender 4.3.2
Read blend: "/workspace/scratch/7c20b5ba4165/atlas-backlog-oct3/tools/assets/citizen-character-variants/source/citizen.lod0.blend"
Read blend: "/workspace/scratch/7c20b5ba4165/atlas-backlog-oct3/tools/assets/citizen-character-variants/source/citizen.lod1.blend"
Read blend: "/workspace/scratch/7c20b5ba4165/atlas-backlog-oct3/tools/assets/citizen-character-variants/source/citizen.lod2.blend"
Read blend: "/workspace/scratch/7c20b5ba4165/atlas-backlog-oct3/tools/assets/citizen-character-variants/source/driver-roadster-fit.lod0.blend"
Read blend: "/workspace/scratch/7c20b5ba4165/atlas-backlog-oct3/tools/assets/citizen-character-variants/source/driver-roadster-fit.lod1.blend"
Read blend: "/workspace/scratch/7c20b5ba4165/atlas-backlog-oct3/tools/assets/citizen-character-variants/source/driver-roadster-fit.lod2.blend"
Read blend: "/workspace/scratch/7c20b5ba4165/atlas-backlog-oct3/tools/assets/citizen-character-variants/source/driver.lod0.blend"
Read blend: "/workspace/scratch/7c20b5ba4165/atlas-backlog-oct3/tools/assets/citizen-character-variants/source/driver.lod1.blend"
Read blend: "/workspace/scratch/7c20b5ba4165/atlas-backlog-oct3/tools/assets/citizen-character-variants/source/driver.lod2.blend"
Read blend: "/workspace/scratch/7c20b5ba4165/atlas-backlog-oct3/tools/assets/citizen-character-variants/source/police.lod0.blend"
Read blend: "/workspace/scratch/7c20b5ba4165/atlas-backlog-oct3/tools/assets/citizen-character-variants/source/police.lod1.blend"
Read blend: "/workspace/scratch/7c20b5ba4165/atlas-backlog-oct3/tools/assets/citizen-character-variants/source/police.lod2.blend"

Blender quit
