Extensions: writing cache failed ([Errno 30] Read-only file system: '/home/agent/.config/blender').
18:15:39 | INFO: Data are loaded, start creating Blender stuff
18:15:39 | INFO: Blender create Mesh node Tailored torso
18:15:39 | INFO: Blender create Mesh node Tailored torso.001
18:15:39 | INFO: glTF import finished in 0.13s
Blender 4.3.2
Fra:0 Mem:22.05M (Peak 22.05M) | Time:00:00.00 | Mem:0.00M, Peak:0.00M | Scene, ViewLayer | Synchronizing object | QA-only-ground
Fra:0 Mem:22.06M (Peak 22.06M) | Time:00:00.00 | Mem:0.00M, Peak:0.00M | Scene, ViewLayer | Synchronizing object | 1.75 m
Fra:0 Mem:22.08M (Peak 22.08M) | Time:00:00.00 | Mem:0.00M, Peak:0.00M | Scene, ViewLayer | Synchronizing object | driver-roadster-fit-body
Fra:0 Mem:24.15M (Peak 24.15M) | Time:00:00.00 | Mem:0.00M, Peak:0.00M | Scene, ViewLayer | Synchronizing object | 1.81 m
Fra:0 Mem:24.19M (Peak 24.19M) | Time:00:00.00 | Mem:0.00M, Peak:0.00M | Scene, ViewLayer | Synchronizing object | 1 m
Fra:0 Mem:24.20M (Peak 24.20M) | Time:00:00.00 | Mem:0.00M, Peak:0.00M | Scene, ViewLayer | Synchronizing object | Cube
Fra:0 Mem:24.20M (Peak 24.20M) | Time:00:00.00 | Mem:0.00M, Peak:0.00M | Scene, ViewLayer | Synchronizing object | Sphere.013
Fra:0 Mem:24.21M (Peak 24.21M) | Time:00:00.00 | Mem:0.00M, Peak:0.00M | Scene, ViewLayer | Synchronizing object | Sphere.012
Fra:0 Mem:24.22M (Peak 24.22M) | Time:00:00.00 | Mem:0.00M, Peak:0.00M | Scene, ViewLayer | Synchronizing object | Sphere.011
Fra:0 Mem:24.23M (Peak 24.23M) | Time:00:00.00 | Mem:0.00M, Peak:0.00M | Scene, ViewLayer | Synchronizing object | Sphere.010
Fra:0 Mem:24.24M (Peak 24.24M) | Time:00:00.00 | Mem:0.00M, Peak:0.00M | Scene, ViewLayer | Synchronizing object | Sphere.009
Fra:0 Mem:24.25M (Peak 24.25M) | Time:00:00.00 | Mem:0.00M, Peak:0.00M | Scene, ViewLayer | Synchronizing object | Sphere.008
Fra:0 Mem:24.26M (Peak 24.26M) | Time:00:00.00 | Mem:0.00M, Peak:0.00M | Scene, ViewLayer | Synchronizing object | Sphere.007
Fra:0 Mem:24.27M (Peak 24.27M) | Time:00:00.00 | Mem:0.00M, Peak:0.00M | Scene, ViewLayer | Synchronizing object | Sphere.006
Fra:0 Mem:24.28M (Peak 24.28M) | Time:00:00.00 | Mem:0.00M, Peak:0.00M | Scene, ViewLayer | Synchronizing object | Sphere.005
Fra:0 Mem:24.29M (Peak 24.29M) | Time:00:00.00 | Mem:0.00M, Peak:0.00M | Scene, ViewLayer | Synchronizing object | Sphere.004
Fra:0 Mem:24.30M (Peak 24.30M) | Time:00:00.00 | Mem:0.00M, Peak:0.00M | Scene, ViewLayer | Synchronizing object | Sphere.003
Fra:0 Mem:24.31M (Peak 24.31M) | Time:00:00.00 | Mem:0.00M, Peak:0.00M | Scene, ViewLayer | Synchronizing object | Sphere.002
Fra:0 Mem:24.32M (Peak 24.32M) | Time:00:00.00 | Mem:0.00M, Peak:0.00M | Scene, ViewLayer | Synchronizing object | Sphere.001
Fra:0 Mem:24.32M (Peak 24.32M) | Time:00:00.00 | Mem:0.00M, Peak:0.00M | Scene, ViewLayer | Synchronizing object | Sphere
Fra:0 Mem:24.33M (Peak 24.33M) | Time:00:00.00 | Mem:0.00M, Peak:0.00M | Scene, ViewLayer | Synchronizing object | Tailored torso.001
Fra:0 Mem:32.00M (Peak 32.76M) | Time:00:00.03 | Mem:0.00M, Peak:0.00M | Scene, ViewLayer | Initializing
Fra:0 Mem:28.37M (Peak 32.76M) | Time:00:00.03 | Mem:0.00M, Peak:0.00M | Scene, ViewLayer | Updating Images | Loading Citizen_Normal-1024
Fra:0 Mem:28.37M (Peak 32.76M) | Time:00:00.03 | Mem:0.00M, Peak:0.00M | Scene, ViewLayer | Updating Images | Loading Citizen_BaseColor-1024
Fra:0 Mem:44.39M (Peak 52.39M) | Time:00:00.05 | Mem:4.00M, Peak:4.00M | Scene, ViewLayer | Updating Images | Loading Citizen_Roughness-1024
Fra:0 Mem:39.14M (Peak 52.39M) | Time:00:00.06 | Mem:12.00M, Peak:12.00M | Scene, ViewLayer | Waiting for render to start
Fra:0 Mem:39.14M (Peak 52.39M) | Time:00:00.06 | Mem:12.00M, Peak:12.00M | Scene, ViewLayer | Loading render kernels (may take a few minutes the first time)
Fra:0 Mem:39.14M (Peak 52.39M) | Time:00:00.06 | Mem:12.00M, Peak:12.00M | Scene, ViewLayer | Updating Scene
Fra:0 Mem:39.14M (Peak 52.39M) | Time:00:00.06 | Mem:12.00M, Peak:12.00M | Scene, ViewLayer | Updating Shaders
Fra:0 Mem:39.23M (Peak 52.39M) | Time:00:00.06 | Mem:12.00M, Peak:12.00M | Scene, ViewLayer | Updating Procedurals
Fra:0 Mem:39.23M (Peak 52.39M) | Time:00:00.06 | Mem:12.00M, Peak:12.00M | Scene, ViewLayer | Updating Background
Fra:0 Mem:39.23M (Peak 52.39M) | Time:00:00.06 | Mem:12.00M, Peak:12.00M | Scene, ViewLayer | Updating Camera
Fra:0 Mem:39.23M (Peak 52.39M) | Time:00:00.06 | Mem:12.00M, Peak:12.00M | Scene, ViewLayer | Updating Meshes Flags
Fra:0 Mem:39.23M (Peak 52.39M) | Time:00:00.06 | Mem:12.00M, Peak:12.00M | Scene, ViewLayer | Updating Objects
Fra:0 Mem:39.23M (Peak 52.39M) | Time:00:00.06 | Mem:12.00M, Peak:12.00M | Scene, ViewLayer | Updating Objects | Copying Transformations to device
Fra:0 Mem:39.24M (Peak 52.39M) | Time:00:00.06 | Mem:12.01M, Peak:12.01M | Scene, ViewLayer | Updating Objects | Applying Static Transformations
Fra:0 Mem:39.24M (Peak 52.39M) | Time:00:00.06 | Mem:12.01M, Peak:12.01M | Scene, ViewLayer | Updating Particle Systems
Fra:0 Mem:39.24M (Peak 52.39M) | Time:00:00.06 | Mem:12.01M, Peak:12.01M | Scene, ViewLayer | Updating Particle Systems | Copying Particles to device
Fra:0 Mem:39.24M (Peak 52.39M) | Time:00:00.06 | Mem:12.01M, Peak:12.01M | Scene, ViewLayer | Updating Meshes
Fra:0 Mem:39.83M (Peak 52.39M) | Time:00:00.07 | Mem:12.01M, Peak:12.01M | Scene, ViewLayer | Updating Mesh | Computing attributes
Fra:0 Mem:42.67M (Peak 52.39M) | Time:00:00.07 | Mem:12.01M, Peak:12.01M | Scene, ViewLayer | Updating Mesh | Copying Attributes to device
Fra:0 Mem:42.66M (Peak 52.39M) | Time:00:00.07 | Mem:14.85M, Peak:14.85M | Scene, ViewLayer | Updating Scene BVH | Building
Fra:0 Mem:42.66M (Peak 52.39M) | Time:00:00.07 | Mem:14.85M, Peak:14.85M | Scene, ViewLayer | Updating Scene BVH | Building BVH
Fra:0 Mem:42.66M (Peak 52.39M) | Time:00:00.07 | Mem:16.03M, Peak:16.03M | Scene, ViewLayer | Updating Scene BVH | Building BVH 0%
Fra:0 Mem:42.66M (Peak 52.39M) | Time:00:00.07 | Mem:17.32M, Peak:18.51M | Scene, ViewLayer | Updating Scene BVH | Copying BVH to device
Fra:0 Mem:42.66M (Peak 52.39M) | Time:00:00.07 | Mem:17.32M, Peak:18.51M | Scene, ViewLayer | Updating Mesh | Computing normals
Fra:0 Mem:44.30M (Peak 52.39M) | Time:00:00.07 | Mem:17.32M, Peak:18.51M | Scene, ViewLayer | Updating Mesh | Copying Mesh to device
Fra:0 Mem:44.30M (Peak 52.39M) | Time:00:00.07 | Mem:18.95M, Peak:18.95M | Scene, ViewLayer | Updating Objects Flags
Fra:0 Mem:44.30M (Peak 52.39M) | Time:00:00.07 | Mem:18.95M, Peak:18.95M | Scene, ViewLayer | Updating Primitive Offsets
Fra:0 Mem:44.30M (Peak 52.39M) | Time:00:00.07 | Mem:18.95M, Peak:18.95M | Scene, ViewLayer | Updating Images
Fra:0 Mem:44.30M (Peak 52.39M) | Time:00:00.07 | Mem:18.95M, Peak:18.95M | Scene, ViewLayer | Updating Camera Volume
Fra:0 Mem:44.30M (Peak 52.39M) | Time:00:00.07 | Mem:18.95M, Peak:18.95M | Scene, ViewLayer | Updating Lookup Tables
Fra:0 Mem:44.30M (Peak 52.39M) | Time:00:00.07 | Mem:19.04M, Peak:19.04M | Scene, ViewLayer | Updating Lights
Fra:0 Mem:44.30M (Peak 52.39M) | Time:00:00.07 | Mem:19.04M, Peak:19.04M | Scene, ViewLayer | Updating Lights | Computing tree
Fra:0 Mem:44.30M (Peak 52.39M) | Time:00:00.07 | Mem:19.04M, Peak:19.04M | Scene, ViewLayer | Updating Integrator
Fra:0 Mem:44.30M (Peak 52.39M) | Time:00:00.07 | Mem:19.04M, Peak:19.04M | Scene, ViewLayer | Updating Film
Fra:0 Mem:44.30M (Peak 52.39M) | Time:00:00.07 | Mem:18.96M, Peak:19.04M | Scene, ViewLayer | Updating Lookup Tables
Fra:0 Mem:44.30M (Peak 52.39M) | Time:00:00.07 | Mem:19.04M, Peak:19.04M | Scene, ViewLayer | Updating Baking
Fra:0 Mem:44.30M (Peak 52.39M) | Time:00:00.07 | Mem:19.04M, Peak:19.04M | Scene, ViewLayer | Updating Device | Writing constant memory
Fra:0 Mem:44.30M (Peak 52.39M) | Time:00:00.07 | Mem:19.04M, Peak:19.04M | Scene, ViewLayer | Sample 0/32
Fra:0 Mem:58.37M (Peak 58.37M) | Time:00:00.42 | Remaining:00:10.64 | Mem:33.11M, Peak:33.11M | Scene, ViewLayer | Sample 1/32
Fra:0 Mem:64.62M (Peak 77.12M) | Time:00:10.14 | Mem:33.11M, Peak:33.11M | Scene, ViewLayer | Sample 32/32
Fra:0 Mem:64.62M (Peak 77.12M) | Time:00:10.14 | Mem:33.11M, Peak:33.11M | Scene, ViewLayer | Finished
Saved: '/workspace/scratch/7c20b5ba4165/atlas-backlog-oct3/tools/assets/citizen-character-variants/qa/previews/driver-roadster-fit-front.png'
Time: 00:10.29 (Saving: 00:00.14)

RENDERED driver-roadster-fit-front
Extensions: writing cache failed ([Errno 30] Read-only file system: '/home/agent/.config/blender').
18:15:50 | INFO: Data are loaded, start creating Blender stuff
18:15:50 | INFO: Blender create Mesh node Tailored torso
18:15:50 | INFO: Blender create Mesh node Tailored torso.001
18:15:50 | INFO: glTF import finished in 0.20s
Fra:0 Mem:24.05M (Peak 24.05M) | Time:00:00.00 | Mem:0.00M, Peak:0.00M | Scene, ViewLayer | Synchronizing object | QA-only-ground
Fra:0 Mem:24.06M (Peak 24.06M) | Time:00:00.00 | Mem:0.00M, Peak:0.00M | Scene, ViewLayer | Synchronizing object | 1.75 m
Fra:0 Mem:24.06M (Peak 24.06M) | Time:00:00.00 | Mem:0.00M, Peak:0.00M | Scene, ViewLayer | Synchronizing object | driver-roadster-fit-body
Fra:0 Mem:24.47M (Peak 24.47M) | Time:00:00.00 | Mem:0.00M, Peak:0.00M | Scene, ViewLayer | Synchronizing object | 1.81 m
Fra:0 Mem:24.52M (Peak 24.52M) | Time:00:00.00 | Mem:0.00M, Peak:0.00M | Scene, ViewLayer | Synchronizing object | 1 m
Fra:0 Mem:24.53M (Peak 24.53M) | Time:00:00.00 | Mem:0.00M, Peak:0.00M | Scene, ViewLayer | Synchronizing object | Cube
Fra:0 Mem:24.53M (Peak 24.53M) | Time:00:00.00 | Mem:0.00M, Peak:0.00M | Scene, ViewLayer | Synchronizing object | Sphere.013
Fra:0 Mem:25.68M (Peak 25.68M) | Time:00:00.00 | Mem:0.00M, Peak:0.00M | Scene, ViewLayer | Synchronizing object | Sphere.012
Fra:0 Mem:26.07M (Peak 26.07M) | Time:00:00.00 | Mem:0.00M, Peak:0.00M | Scene, ViewLayer | Synchronizing object | Sphere.011
Fra:0 Mem:26.08M (Peak 26.08M) | Time:00:00.00 | Mem:0.00M, Peak:0.00M | Scene, ViewLayer | Synchronizing object | Sphere.010
Fra:0 Mem:26.09M (Peak 26.09M) | Time:00:00.00 | Mem:0.00M, Peak:0.00M | Scene, ViewLayer | Synchronizing object | Sphere.009
Fra:0 Mem:26.10M (Peak 26.10M) | Time:00:00.00 | Mem:0.00M, Peak:0.00M | Scene, ViewLayer | Synchronizing object | Sphere.008
Fra:0 Mem:26.11M (Peak 26.11M) | Time:00:00.00 | Mem:0.00M, Peak:0.00M | Scene, ViewLayer | Synchronizing object | Sphere.007
Fra:0 Mem:26.12M (Peak 26.12M) | Time:00:00.00 | Mem:0.00M, Peak:0.00M | Scene, ViewLayer | Synchronizing object | Sphere.006
Fra:0 Mem:26.13M (Peak 26.13M) | Time:00:00.00 | Mem:0.00M, Peak:0.00M | Scene, ViewLayer | Synchronizing object | Sphere.005
Fra:0 Mem:26.14M (Peak 26.14M) | Time:00:00.00 | Mem:0.00M, Peak:0.00M | Scene, ViewLayer | Synchronizing object | Sphere.004
Fra:0 Mem:26.15M (Peak 26.15M) | Time:00:00.00 | Mem:0.00M, Peak:0.00M | Scene, ViewLayer | Synchronizing object | Sphere.003
Fra:0 Mem:26.16M (Peak 26.16M) | Time:00:00.00 | Mem:0.00M, Peak:0.00M | Scene, ViewLayer | Synchronizing object | Sphere.002
Fra:0 Mem:26.16M (Peak 26.16M) | Time:00:00.00 | Mem:0.00M, Peak:0.00M | Scene, ViewLayer | Synchronizing object | Sphere.001
Fra:0 Mem:26.17M (Peak 26.17M) | Time:00:00.00 | Mem:0.00M, Peak:0.00M | Scene, ViewLayer | Synchronizing object | Sphere
Fra:0 Mem:26.18M (Peak 26.18M) | Time:00:00.00 | Mem:0.00M, Peak:0.00M | Scene, ViewLayer | Synchronizing object | Tailored torso.001
Fra:0 Mem:32.00M (Peak 32.76M) | Time:00:00.03 | Mem:0.00M, Peak:0.00M | Scene, ViewLayer | Initializing
Fra:0 Mem:28.37M (Peak 32.76M) | Time:00:00.03 | Mem:0.00M, Peak:0.00M | Scene, ViewLayer | Updating Images | Loading Citizen_BaseColor-1024
Fra:0 Mem:44.39M (Peak 52.39M) | Time:00:00.05 | Mem:4.00M, Peak:4.00M | Scene, ViewLayer | Updating Images | Loading Citizen_Roughness-1024
Fra:0 Mem:39.14M (Peak 52.39M) | Time:00:00.06 | Mem:12.00M, Peak:12.00M | Scene, ViewLayer | Waiting for render to start
Fra:0 Mem:39.14M (Peak 52.39M) | Time:00:00.06 | Mem:12.00M, Peak:12.00M | Scene, ViewLayer | Loading render kernels (may take a few minutes the first time)
Fra:0 Mem:39.14M (Peak 52.39M) | Time:00:00.06 | Mem:12.00M, Peak:12.00M | Scene, ViewLayer | Updating Scene
Fra:0 Mem:39.14M (Peak 52.39M) | Time:00:00.06 | Mem:12.00M, Peak:12.00M | Scene, ViewLayer | Updating Shaders
Fra:0 Mem:39.23M (Peak 52.39M) | Time:00:00.06 | Mem:12.00M, Peak:12.00M | Scene, ViewLayer | Updating Procedurals
Fra:0 Mem:39.23M (Peak 52.39M) | Time:00:00.06 | Mem:12.00M, Peak:12.00M | Scene, ViewLayer | Updating Background
Fra:0 Mem:39.23M (Peak 52.39M) | Time:00:00.06 | Mem:12.00M, Peak:12.00M | Scene, ViewLayer | Updating Camera
Fra:0 Mem:39.23M (Peak 52.39M) | Time:00:00.06 | Mem:12.00M, Peak:12.00M | Scene, ViewLayer | Updating Meshes Flags
Fra:0 Mem:39.23M (Peak 52.39M) | Time:00:00.06 | Mem:12.00M, Peak:12.00M | Scene, ViewLayer | Updating Objects
Fra:0 Mem:39.23M (Peak 52.39M) | Time:00:00.06 | Mem:12.00M, Peak:12.00M | Scene, ViewLayer | Updating Objects | Copying Transformations to device
Fra:0 Mem:39.24M (Peak 52.39M) | Time:00:00.06 | Mem:12.01M, Peak:12.01M | Scene, ViewLayer | Updating Objects | Applying Static Transformations
Fra:0 Mem:39.24M (Peak 52.39M) | Time:00:00.06 | Mem:12.01M, Peak:12.01M | Scene, ViewLayer | Updating Particle Systems
Fra:0 Mem:39.24M (Peak 52.39M) | Time:00:00.06 | Mem:12.01M, Peak:12.01M | Scene, ViewLayer | Updating Particle Systems | Copying Particles to device
Fra:0 Mem:39.24M (Peak 52.39M) | Time:00:00.06 | Mem:12.01M, Peak:12.01M | Scene, ViewLayer | Updating Meshes
Fra:0 Mem:39.83M (Peak 52.39M) | Time:00:00.06 | Mem:12.01M, Peak:12.01M | Scene, ViewLayer | Updating Mesh | Computing attributes
Fra:0 Mem:42.67M (Peak 52.39M) | Time:00:00.06 | Mem:12.01M, Peak:12.01M | Scene, ViewLayer | Updating Mesh | Copying Attributes to device
Fra:0 Mem:42.66M (Peak 52.39M) | Time:00:00.06 | Mem:14.85M, Peak:14.85M | Scene, ViewLayer | Updating Scene BVH | Building
Fra:0 Mem:42.66M (Peak 52.39M) | Time:00:00.06 | Mem:14.85M, Peak:14.85M | Scene, ViewLayer | Updating Scene BVH | Building BVH
Fra:0 Mem:42.66M (Peak 52.39M) | Time:00:00.06 | Mem:16.03M, Peak:16.03M | Scene, ViewLayer | Updating Scene BVH | Building BVH 0%
Fra:0 Mem:42.66M (Peak 52.39M) | Time:00:00.07 | Mem:17.32M, Peak:18.51M | Scene, ViewLayer | Updating Scene BVH | Copying BVH to device
Fra:0 Mem:42.66M (Peak 52.39M) | Time:00:00.07 | Mem:17.32M, Peak:18.51M | Scene, ViewLayer | Updating Mesh | Computing normals
Fra:0 Mem:44.30M (Peak 52.39M) | Time:00:00.07 | Mem:17.32M, Peak:18.51M | Scene, ViewLayer | Updating Mesh | Copying Mesh to device
Fra:0 Mem:44.30M (Peak 52.39M) | Time:00:00.07 | Mem:18.95M, Peak:18.95M | Scene, ViewLayer | Updating Objects Flags
Fra:0 Mem:44.30M (Peak 52.39M) | Time:00:00.07 | Mem:18.95M, Peak:18.95M | Scene, ViewLayer | Updating Primitive Offsets
Fra:0 Mem:44.30M (Peak 52.39M) | Time:00:00.07 | Mem:18.95M, Peak:18.95M | Scene, ViewLayer | Updating Images
Fra:0 Mem:44.30M (Peak 52.39M) | Time:00:00.07 | Mem:18.95M, Peak:18.95M | Scene, ViewLayer | Updating Camera Volume
Fra:0 Mem:44.30M (Peak 52.39M) | Time:00:00.07 | Mem:18.95M, Peak:18.95M | Scene, ViewLayer | Updating Lookup Tables
Fra:0 Mem:44.30M (Peak 52.39M) | Time:00:00.07 | Mem:19.04M, Peak:19.04M | Scene, ViewLayer | Updating Lights
Fra:0 Mem:44.30M (Peak 52.39M) | Time:00:00.07 | Mem:19.04M, Peak:19.04M | Scene, ViewLayer | Updating Lights | Computing tree
Fra:0 Mem:44.30M (Peak 52.39M) | Time:00:00.07 | Mem:19.04M, Peak:19.04M | Scene, ViewLayer | Updating Integrator
Fra:0 Mem:44.30M (Peak 52.39M) | Time:00:00.07 | Mem:19.04M, Peak:19.04M | Scene, ViewLayer | Updating Film
Fra:0 Mem:44.30M (Peak 52.39M) | Time:00:00.07 | Mem:18.96M, Peak:19.04M | Scene, ViewLayer | Updating Lookup Tables
Fra:0 Mem:44.30M (Peak 52.39M) | Time:00:00.07 | Mem:19.04M, Peak:19.04M | Scene, ViewLayer | Updating Baking
Fra:0 Mem:44.30M (Peak 52.39M) | Time:00:00.07 | Mem:19.04M, Peak:19.04M | Scene, ViewLayer | Updating Device | Writing constant memory
Fra:0 Mem:44.30M (Peak 52.39M) | Time:00:00.07 | Mem:19.04M, Peak:19.04M | Scene, ViewLayer | Sample 0/32
Fra:0 Mem:58.37M (Peak 58.37M) | Time:00:00.41 | Remaining:00:10.66 | Mem:33.11M, Peak:33.11M | Scene, ViewLayer | Sample 1/32
Fra:0 Mem:64.62M (Peak 77.12M) | Time:00:09.85 | Mem:33.11M, Peak:33.11M | Scene, ViewLayer | Sample 32/32
Fra:0 Mem:64.62M (Peak 77.12M) | Time:00:09.85 | Mem:33.11M, Peak:33.11M | Scene, ViewLayer | Finished
Saved: '/workspace/scratch/7c20b5ba4165/atlas-backlog-oct3/tools/assets/citizen-character-variants/qa/previews/driver-roadster-fit-back.png'
Time: 00:09.91 (Saving: 00:00.05)

RENDERED driver-roadster-fit-back
Extensions: writing cache failed ([Errno 30] Read-only file system: '/home/agent/.config/blender').
18:16:00 | INFO: Data are loaded, start creating Blender stuff
18:16:00 | INFO: Blender create Mesh node Tailored torso
18:16:00 | INFO: Blender create Mesh node Tailored torso.001
18:16:00 | INFO: glTF import finished in 0.13s
Fra:0 Mem:24.05M (Peak 24.05M) | Time:00:00.00 | Mem:0.00M, Peak:0.00M | Scene, ViewLayer | Synchronizing object | QA-only-ground
Fra:0 Mem:24.06M (Peak 24.06M) | Time:00:00.00 | Mem:0.00M, Peak:0.00M | Scene, ViewLayer | Synchronizing object | 1.75 m
Fra:0 Mem:24.07M (Peak 24.07M) | Time:00:00.00 | Mem:0.00M, Peak:0.00M | Scene, ViewLayer | Synchronizing object | driver-roadster-fit-body
Fra:0 Mem:24.47M (Peak 24.47M) | Time:00:00.00 | Mem:0.00M, Peak:0.00M | Scene, ViewLayer | Synchronizing object | 1.81 m
Fra:0 Mem:24.52M (Peak 24.52M) | Time:00:00.00 | Mem:0.00M, Peak:0.00M | Scene, ViewLayer | Synchronizing object | 1 m
Fra:0 Mem:24.53M (Peak 24.53M) | Time:00:00.00 | Mem:0.00M, Peak:0.00M | Scene, ViewLayer | Synchronizing object | Cube
Fra:0 Mem:24.53M (Peak 24.53M) | Time:00:00.00 | Mem:0.00M, Peak:0.00M | Scene, ViewLayer | Synchronizing object | Sphere.013
Fra:0 Mem:26.06M (Peak 26.06M) | Time:00:00.00 | Mem:0.00M, Peak:0.00M | Scene, ViewLayer | Synchronizing object | Sphere.012
Fra:0 Mem:26.07M (Peak 26.07M) | Time:00:00.00 | Mem:0.00M, Peak:0.00M | Scene, ViewLayer | Synchronizing object | Sphere.011
Fra:0 Mem:26.08M (Peak 26.08M) | Time:00:00.00 | Mem:0.00M, Peak:0.00M | Scene, ViewLayer | Synchronizing object | Sphere.010
Fra:0 Mem:26.09M (Peak 26.09M) | Time:00:00.00 | Mem:0.00M, Peak:0.00M | Scene, ViewLayer | Synchronizing object | Sphere.009
Fra:0 Mem:26.10M (Peak 26.10M) | Time:00:00.00 | Mem:0.00M, Peak:0.00M | Scene, ViewLayer | Synchronizing object | Sphere.008
Fra:0 Mem:26.11M (Peak 26.11M) | Time:00:00.00 | Mem:0.00M, Peak:0.00M | Scene, ViewLayer | Synchronizing object | Sphere.007
Fra:0 Mem:26.12M (Peak 26.12M) | Time:00:00.00 | Mem:0.00M, Peak:0.00M | Scene, ViewLayer | Synchronizing object | Sphere.006
Fra:0 Mem:26.13M (Peak 26.13M) | Time:00:00.00 | Mem:0.00M, Peak:0.00M | Scene, ViewLayer | Synchronizing object | Sphere.005
Fra:0 Mem:26.14M (Peak 26.14M) | Time:00:00.00 | Mem:0.00M, Peak:0.00M | Scene, ViewLayer | Synchronizing object | Sphere.004
Fra:0 Mem:26.15M (Peak 26.15M) | Time:00:00.00 | Mem:0.00M, Peak:0.00M | Scene, ViewLayer | Synchronizing object | Sphere.003
Fra:0 Mem:26.16M (Peak 26.16M) | Time:00:00.00 | Mem:0.00M, Peak:0.00M | Scene, ViewLayer | Synchronizing object | Sphere.002
Fra:0 Mem:26.16M (Peak 26.16M) | Time:00:00.00 | Mem:0.00M, Peak:0.00M | Scene, ViewLayer | Synchronizing object | Sphere.001
Fra:0 Mem:26.17M (Peak 26.17M) | Time:00:00.00 | Mem:0.00M, Peak:0.00M | Scene, ViewLayer | Synchronizing object | Sphere
Fra:0 Mem:26.18M (Peak 26.18M) | Time:00:00.00 | Mem:0.00M, Peak:0.00M | Scene, ViewLayer | Synchronizing object | Tailored torso.001
Fra:0 Mem:32.00M (Peak 32.76M) | Time:00:00.02 | Mem:0.00M, Peak:0.00M | Scene, ViewLayer | Initializing
Fra:0 Mem:28.37M (Peak 32.76M) | Time:00:00.02 | Mem:0.00M, Peak:0.00M | Scene, ViewLayer | Updating Images | Loading Citizen_Normal-1024
Fra:0 Mem:28.37M (Peak 32.76M) | Time:00:00.02 | Mem:0.00M, Peak:0.00M | Scene, ViewLayer | Updating Images | Loading Citizen_BaseColor-1024
Fra:0 Mem:44.39M (Peak 52.39M) | Time:00:00.04 | Mem:4.00M, Peak:4.00M | Scene, ViewLayer | Updating Images | Loading Citizen_Roughness-1024
Fra:0 Mem:39.14M (Peak 52.39M) | Time:00:00.06 | Mem:12.00M, Peak:12.00M | Scene, ViewLayer | Waiting for render to start
Fra:0 Mem:39.14M (Peak 52.39M) | Time:00:00.06 | Mem:12.00M, Peak:12.00M | Scene, ViewLayer | Loading render kernels (may take a few minutes the first time)
Fra:0 Mem:39.14M (Peak 52.39M) | Time:00:00.06 | Mem:12.00M, Peak:12.00M | Scene, ViewLayer | Updating Scene
Fra:0 Mem:39.14M (Peak 52.39M) | Time:00:00.06 | Mem:12.00M, Peak:12.00M | Scene, ViewLayer | Updating Shaders
Fra:0 Mem:39.23M (Peak 52.39M) | Time:00:00.06 | Mem:12.00M, Peak:12.00M | Scene, ViewLayer | Updating Procedurals
Fra:0 Mem:39.23M (Peak 52.39M) | Time:00:00.06 | Mem:12.00M, Peak:12.00M | Scene, ViewLayer | Updating Background
Fra:0 Mem:39.23M (Peak 52.39M) | Time:00:00.06 | Mem:12.00M, Peak:12.00M | Scene, ViewLayer | Updating Camera
Fra:0 Mem:39.23M (Peak 52.39M) | Time:00:00.06 | Mem:12.00M, Peak:12.00M | Scene, ViewLayer | Updating Meshes Flags
Fra:0 Mem:39.23M (Peak 52.39M) | Time:00:00.06 | Mem:12.00M, Peak:12.00M | Scene, ViewLayer | Updating Objects
Fra:0 Mem:39.23M (Peak 52.39M) | Time:00:00.06 | Mem:12.00M, Peak:12.00M | Scene, ViewLayer | Updating Objects | Copying Transformations to device
Fra:0 Mem:39.24M (Peak 52.39M) | Time:00:00.06 | Mem:12.01M, Peak:12.01M | Scene, ViewLayer | Updating Objects | Applying Static Transformations
Fra:0 Mem:39.24M (Peak 52.39M) | Time:00:00.06 | Mem:12.01M, Peak:12.01M | Scene, ViewLayer | Updating Particle Systems
Fra:0 Mem:39.24M (Peak 52.39M) | Time:00:00.06 | Mem:12.01M, Peak:12.01M | Scene, ViewLayer | Updating Particle Systems | Copying Particles to device
Fra:0 Mem:39.24M (Peak 52.39M) | Time:00:00.06 | Mem:12.01M, Peak:12.01M | Scene, ViewLayer | Updating Meshes
Fra:0 Mem:39.83M (Peak 52.39M) | Time:00:00.06 | Mem:12.01M, Peak:12.01M | Scene, ViewLayer | Updating Mesh | Computing attributes
Fra:0 Mem:42.67M (Peak 52.39M) | Time:00:00.06 | Mem:12.01M, Peak:12.01M | Scene, ViewLayer | Updating Mesh | Copying Attributes to device
Fra:0 Mem:42.66M (Peak 52.39M) | Time:00:00.06 | Mem:14.85M, Peak:14.85M | Scene, ViewLayer | Updating Scene BVH | Building
Fra:0 Mem:42.66M (Peak 52.39M) | Time:00:00.06 | Mem:14.85M, Peak:14.85M | Scene, ViewLayer | Updating Scene BVH | Building BVH
Fra:0 Mem:42.66M (Peak 52.39M) | Time:00:00.06 | Mem:16.03M, Peak:16.03M | Scene, ViewLayer | Updating Scene BVH | Building BVH 0%
Fra:0 Mem:42.66M (Peak 52.39M) | Time:00:00.06 | Mem:17.32M, Peak:18.51M | Scene, ViewLayer | Updating Scene BVH | Copying BVH to device
Fra:0 Mem:42.66M (Peak 52.39M) | Time:00:00.06 | Mem:17.32M, Peak:18.51M | Scene, ViewLayer | Updating Mesh | Computing normals
Fra:0 Mem:44.30M (Peak 52.39M) | Time:00:00.06 | Mem:17.32M, Peak:18.51M | Scene, ViewLayer | Updating Mesh | Copying Mesh to device
Fra:0 Mem:44.30M (Peak 52.39M) | Time:00:00.06 | Mem:18.95M, Peak:18.95M | Scene, ViewLayer | Updating Objects Flags
Fra:0 Mem:44.30M (Peak 52.39M) | Time:00:00.06 | Mem:18.95M, Peak:18.95M | Scene, ViewLayer | Updating Primitive Offsets
Fra:0 Mem:44.30M (Peak 52.39M) | Time:00:00.06 | Mem:18.95M, Peak:18.95M | Scene, ViewLayer | Updating Images
Fra:0 Mem:44.30M (Peak 52.39M) | Time:00:00.06 | Mem:18.95M, Peak:18.95M | Scene, ViewLayer | Updating Camera Volume
Fra:0 Mem:44.30M (Peak 52.39M) | Time:00:00.06 | Mem:18.95M, Peak:18.95M | Scene, ViewLayer | Updating Lookup Tables
Fra:0 Mem:44.30M (Peak 52.39M) | Time:00:00.06 | Mem:19.04M, Peak:19.04M | Scene, ViewLayer | Updating Lights
Fra:0 Mem:44.30M (Peak 52.39M) | Time:00:00.06 | Mem:19.04M, Peak:19.04M | Scene, ViewLayer | Updating Lights | Computing tree
Fra:0 Mem:44.30M (Peak 52.39M) | Time:00:00.06 | Mem:19.04M, Peak:19.04M | Scene, ViewLayer | Updating Integrator
Fra:0 Mem:44.30M (Peak 52.39M) | Time:00:00.06 | Mem:19.04M, Peak:19.04M | Scene, ViewLayer | Updating Film
Fra:0 Mem:44.30M (Peak 52.39M) | Time:00:00.06 | Mem:18.96M, Peak:19.04M | Scene, ViewLayer | Updating Lookup Tables
Fra:0 Mem:44.30M (Peak 52.39M) | Time:00:00.06 | Mem:19.04M, Peak:19.04M | Scene, ViewLayer | Updating Baking
Fra:0 Mem:44.30M (Peak 52.39M) | Time:00:00.06 | Mem:19.04M, Peak:19.04M | Scene, ViewLayer | Updating Device | Writing constant memory
Fra:0 Mem:44.30M (Peak 52.39M) | Time:00:00.06 | Mem:19.04M, Peak:19.04M | Scene, ViewLayer | Sample 0/32
Fra:0 Mem:58.37M (Peak 58.37M) | Time:00:00.39 | Remaining:00:10.04 | Mem:33.11M, Peak:33.11M | Scene, ViewLayer | Sample 1/32
Fra:0 Mem:64.62M (Peak 77.12M) | Time:00:10.13 | Mem:33.11M, Peak:33.11M | Scene, ViewLayer | Sample 32/32
Fra:0 Mem:64.62M (Peak 77.12M) | Time:00:10.13 | Mem:33.11M, Peak:33.11M | Scene, ViewLayer | Finished
Saved: '/workspace/scratch/7c20b5ba4165/atlas-backlog-oct3/tools/assets/citizen-character-variants/qa/previews/driver-roadster-fit-side.png'
Time: 00:10.18 (Saving: 00:00.05)

RENDERED driver-roadster-fit-side
Extensions: writing cache failed ([Errno 30] Read-only file system: '/home/agent/.config/blender').
18:16:10 | INFO: Data are loaded, start creating Blender stuff
18:16:10 | INFO: Blender create Mesh node Tailored torso
18:16:10 | INFO: Blender create Mesh node Tailored torso.001
18:16:10 | INFO: glTF import finished in 0.12s
18:16:10 | INFO: Data are loaded, start creating Blender stuff
18:16:10 | INFO: Blender create Mesh node Tailored torso
18:16:11 | INFO: Blender create Mesh node Tailored torso.001
18:16:11 | INFO: glTF import finished in 0.11s
18:16:11 | INFO: Data are loaded, start creating Blender stuff
18:16:11 | INFO: Blender create Mesh node Tailored torso
18:16:11 | INFO: Blender create Mesh node Tailored torso.001
18:16:11 | INFO: glTF import finished in 0.10s
Fra:0 Mem:36.96M (Peak 36.97M) | Time:00:00.00 | Mem:0.00M, Peak:0.00M | Scene, ViewLayer | Synchronizing object | QA-only-ground
Fra:0 Mem:36.96M (Peak 36.97M) | Time:00:00.00 | Mem:0.00M, Peak:0.00M | Scene, ViewLayer | Synchronizing object | LOD 0
Fra:0 Mem:36.97M (Peak 36.97M) | Time:00:00.00 | Mem:0.00M, Peak:0.00M | Scene, ViewLayer | Synchronizing object | driver-roadster-fit-body
Fra:0 Mem:38.90M (Peak 38.90M) | Time:00:00.00 | Mem:0.00M, Peak:0.00M | Scene, ViewLayer | Synchronizing object | LOD 1
Fra:0 Mem:38.92M (Peak 38.92M) | Time:00:00.00 | Mem:0.00M, Peak:0.00M | Scene, ViewLayer | Synchronizing object | LOD 2
Fra:0 Mem:38.95M (Peak 38.95M) | Time:00:00.00 | Mem:0.00M, Peak:0.00M | Scene, ViewLayer | Synchronizing object | Tailored torso.005
Fra:0 Mem:40.73M (Peak 40.74M) | Time:00:00.00 | Mem:0.00M, Peak:0.00M | Scene, ViewLayer | Synchronizing object | driver-roadster-fit-body.002
Fra:0 Mem:50.27M (Peak 51.43M) | Time:00:00.03 | Mem:0.00M, Peak:0.00M | Scene, ViewLayer | Synchronizing object | Tailored torso.003
Fra:0 Mem:50.94M (Peak 51.43M) | Time:00:00.04 | Mem:0.00M, Peak:0.00M | Scene, ViewLayer | Synchronizing object | driver-roadster-fit-body.001
Fra:0 Mem:54.81M (Peak 56.34M) | Time:00:00.04 | Mem:0.00M, Peak:0.00M | Scene, ViewLayer | Synchronizing object | Tailored torso.001
Fra:0 Mem:57.48M (Peak 58.73M) | Time:00:00.07 | Mem:0.00M, Peak:0.00M | Scene, ViewLayer | Initializing
Fra:0 Mem:48.30M (Peak 58.73M) | Time:00:00.07 | Mem:0.00M, Peak:0.00M | Scene, ViewLayer | Updating Images | Loading Citizen_Normal-1024
Fra:0 Mem:48.30M (Peak 58.73M) | Time:00:00.07 | Mem:0.00M, Peak:0.00M | Scene, ViewLayer | Updating Images | Loading Citizen_BaseColor-1024
Fra:0 Mem:64.32M (Peak 72.32M) | Time:00:00.08 | Mem:4.00M, Peak:4.00M | Scene, ViewLayer | Updating Images | Loading Citizen_Roughness-1024
Fra:0 Mem:58.73M (Peak 72.32M) | Time:00:00.10 | Mem:12.00M, Peak:12.00M | Scene, ViewLayer | Waiting for render to start
Fra:0 Mem:58.73M (Peak 72.32M) | Time:00:00.10 | Mem:12.00M, Peak:12.00M | Scene, ViewLayer | Loading render kernels (may take a few minutes the first time)
Fra:0 Mem:58.73M (Peak 72.32M) | Time:00:00.10 | Mem:12.00M, Peak:12.00M | Scene, ViewLayer | Updating Scene
Fra:0 Mem:58.73M (Peak 72.32M) | Time:00:00.10 | Mem:12.00M, Peak:12.00M | Scene, ViewLayer | Updating Shaders
Fra:0 Mem:58.82M (Peak 72.32M) | Time:00:00.10 | Mem:12.01M, Peak:12.01M | Scene, ViewLayer | Updating Procedurals
Fra:0 Mem:58.82M (Peak 72.32M) | Time:00:00.10 | Mem:12.01M, Peak:12.01M | Scene, ViewLayer | Updating Background
Fra:0 Mem:58.82M (Peak 72.32M) | Time:00:00.10 | Mem:12.01M, Peak:12.01M | Scene, ViewLayer | Updating Camera
Fra:0 Mem:58.82M (Peak 72.32M) | Time:00:00.10 | Mem:12.01M, Peak:12.01M | Scene, ViewLayer | Updating Meshes Flags
Fra:0 Mem:58.82M (Peak 72.32M) | Time:00:00.10 | Mem:12.01M, Peak:12.01M | Scene, ViewLayer | Updating Objects
Fra:0 Mem:58.82M (Peak 72.32M) | Time:00:00.10 | Mem:12.01M, Peak:12.01M | Scene, ViewLayer | Updating Objects | Copying Transformations to device
Fra:0 Mem:58.82M (Peak 72.32M) | Time:00:00.10 | Mem:12.01M, Peak:12.01M | Scene, ViewLayer | Updating Objects | Applying Static Transformations
Fra:0 Mem:58.82M (Peak 72.32M) | Time:00:00.10 | Mem:12.01M, Peak:12.01M | Scene, ViewLayer | Updating Particle Systems
Fra:0 Mem:58.82M (Peak 72.32M) | Time:00:00.10 | Mem:12.01M, Peak:12.01M | Scene, ViewLayer | Updating Particle Systems | Copying Particles to device
Fra:0 Mem:58.82M (Peak 72.32M) | Time:00:00.10 | Mem:12.01M, Peak:12.01M | Scene, ViewLayer | Updating Meshes
Fra:0 Mem:60.29M (Peak 72.32M) | Time:00:00.10 | Mem:12.01M, Peak:12.01M | Scene, ViewLayer | Updating Mesh | Computing attributes
Fra:0 Mem:67.72M (Peak 72.32M) | Time:00:00.11 | Mem:12.01M, Peak:12.01M | Scene, ViewLayer | Updating Mesh | Copying Attributes to device
Fra:0 Mem:67.72M (Peak 72.32M) | Time:00:00.11 | Mem:19.44M, Peak:19.44M | Scene, ViewLayer | Updating Scene BVH | Building
Fra:0 Mem:67.72M (Peak 72.32M) | Time:00:00.11 | Mem:19.44M, Peak:19.44M | Scene, ViewLayer | Updating Scene BVH | Building BVH
Fra:0 Mem:67.72M (Peak 72.32M) | Time:00:00.11 | Mem:22.37M, Peak:22.37M | Scene, ViewLayer | Updating Scene BVH | Building BVH 0%
Fra:0 Mem:67.72M (Peak 72.32M) | Time:00:00.12 | Mem:25.56M, Peak:28.50M | Scene, ViewLayer | Updating Scene BVH | Copying BVH to device
Fra:0 Mem:67.72M (Peak 72.32M) | Time:00:00.12 | Mem:25.56M, Peak:28.50M | Scene, ViewLayer | Updating Mesh | Computing normals
Fra:0 Mem:71.87M (Peak 72.32M) | Time:00:00.12 | Mem:25.56M, Peak:28.50M | Scene, ViewLayer | Updating Mesh | Copying Mesh to device
Fra:0 Mem:71.87M (Peak 72.32M) | Time:00:00.12 | Mem:29.72M, Peak:29.72M | Scene, ViewLayer | Updating Objects Flags
Fra:0 Mem:71.87M (Peak 72.32M) | Time:00:00.12 | Mem:29.72M, Peak:29.72M | Scene, ViewLayer | Updating Primitive Offsets
Fra:0 Mem:71.87M (Peak 72.32M) | Time:00:00.12 | Mem:29.72M, Peak:29.72M | Scene, ViewLayer | Updating Images
Fra:0 Mem:71.87M (Peak 72.32M) | Time:00:00.12 | Mem:29.72M, Peak:29.72M | Scene, ViewLayer | Updating Camera Volume
Fra:0 Mem:71.87M (Peak 72.32M) | Time:00:00.12 | Mem:29.72M, Peak:29.72M | Scene, ViewLayer | Updating Lookup Tables
Fra:0 Mem:71.87M (Peak 72.32M) | Time:00:00.12 | Mem:29.80M, Peak:29.80M | Scene, ViewLayer | Updating Lights
Fra:0 Mem:71.88M (Peak 72.32M) | Time:00:00.12 | Mem:29.80M, Peak:29.80M | Scene, ViewLayer | Updating Lights | Computing tree
Fra:0 Mem:71.88M (Peak 72.32M) | Time:00:00.12 | Mem:29.80M, Peak:29.80M | Scene, ViewLayer | Updating Integrator
Fra:0 Mem:71.88M (Peak 72.32M) | Time:00:00.12 | Mem:29.80M, Peak:29.80M | Scene, ViewLayer | Updating Film
Fra:0 Mem:71.88M (Peak 72.32M) | Time:00:00.12 | Mem:29.72M, Peak:29.80M | Scene, ViewLayer | Updating Lookup Tables
Fra:0 Mem:71.88M (Peak 72.32M) | Time:00:00.12 | Mem:29.81M, Peak:29.81M | Scene, ViewLayer | Updating Baking
Fra:0 Mem:71.88M (Peak 72.32M) | Time:00:00.12 | Mem:29.81M, Peak:29.81M | Scene, ViewLayer | Updating Device | Writing constant memory
Fra:0 Mem:71.88M (Peak 72.32M) | Time:00:00.12 | Mem:29.81M, Peak:29.81M | Scene, ViewLayer | Sample 0/32
Fra:0 Mem:92.98M (Peak 92.98M) | Time:00:00.83 | Remaining:00:21.90 | Mem:50.91M, Peak:50.91M | Scene, ViewLayer | Sample 1/32
Fra:0 Mem:102.36M (Peak 121.11M) | Time:00:17.29 | Mem:50.91M, Peak:50.91M | Scene, ViewLayer | Sample 32/32
Fra:0 Mem:102.36M (Peak 121.11M) | Time:00:17.29 | Mem:50.91M, Peak:50.91M | Scene, ViewLayer | Finished
Saved: '/workspace/scratch/7c20b5ba4165/atlas-backlog-oct3/tools/assets/citizen-character-variants/qa/previews/driver-roadster-fit-lods-sunny.png'
Time: 00:17.37 (Saving: 00:00.07)

RENDERED driver-roadster-fit-lods-sunny
Extensions: writing cache failed ([Errno 30] Read-only file system: '/home/agent/.config/blender').
18:16:28 | INFO: Data are loaded, start creating Blender stuff
18:16:28 | INFO: Blender create Mesh node Tailored torso
18:16:28 | INFO: Blender create Mesh node Tailored torso.001
18:16:28 | INFO: glTF import finished in 0.13s
18:16:28 | INFO: Data are loaded, start creating Blender stuff
18:16:28 | INFO: Blender create Mesh node Tailored torso
18:16:28 | INFO: Blender create Mesh node Tailored torso.001
18:16:28 | INFO: glTF import finished in 0.11s
18:16:28 | INFO: Data are loaded, start creating Blender stuff
18:16:28 | INFO: Blender create Mesh node Tailored torso
18:16:28 | INFO: Blender create Mesh node Tailored torso.001
18:16:28 | INFO: glTF import finished in 0.11s
Fra:0 Mem:36.93M (Peak 36.93M) | Time:00:00.00 | Mem:0.00M, Peak:0.00M | Scene, ViewLayer | Synchronizing object | QA-only-ground
Fra:0 Mem:36.93M (Peak 36.93M) | Time:00:00.00 | Mem:0.00M, Peak:0.00M | Scene, ViewLayer | Synchronizing object | LOD 0
Fra:0 Mem:36.95M (Peak 36.95M) | Time:00:00.00 | Mem:0.00M, Peak:0.00M | Scene, ViewLayer | Synchronizing object | driver-roadster-fit-body
Fra:0 Mem:37.02M (Peak 37.02M) | Time:00:00.00 | Mem:0.00M, Peak:0.00M | Scene, ViewLayer | Synchronizing object | LOD 1
Fra:0 Mem:37.37M (Peak 37.37M) | Time:00:00.00 | Mem:0.00M, Peak:0.00M | Scene, ViewLayer | Synchronizing object | LOD 2
Fra:0 Mem:37.39M (Peak 37.39M) | Time:00:00.00 | Mem:0.00M, Peak:0.00M | Scene, ViewLayer | Synchronizing object | Tailored torso.005
Fra:0 Mem:39.88M (Peak 39.88M) | Time:00:00.00 | Mem:0.00M, Peak:0.00M | Scene, ViewLayer | Synchronizing object | driver-roadster-fit-body.002
Fra:0 Mem:50.24M (Peak 51.40M) | Time:00:00.03 | Mem:0.00M, Peak:0.00M | Scene, ViewLayer | Synchronizing object | Tailored torso.003
Fra:0 Mem:50.91M (Peak 51.40M) | Time:00:00.03 | Mem:0.00M, Peak:0.00M | Scene, ViewLayer | Synchronizing object | driver-roadster-fit-body.001
Fra:0 Mem:54.78M (Peak 56.30M) | Time:00:00.04 | Mem:0.00M, Peak:0.00M | Scene, ViewLayer | Synchronizing object | Tailored torso.001
Fra:0 Mem:57.45M (Peak 58.70M) | Time:00:00.06 | Mem:0.00M, Peak:0.00M | Scene, ViewLayer | Initializing
Fra:0 Mem:48.26M (Peak 58.70M) | Time:00:00.06 | Mem:0.00M, Peak:0.00M | Scene, ViewLayer | Updating Images | Loading Citizen_Normal-1024
Fra:0 Mem:48.26M (Peak 58.70M) | Time:00:00.06 | Mem:0.00M, Peak:0.00M | Scene, ViewLayer | Updating Images | Loading Citizen_BaseColor-1024
Fra:0 Mem:64.29M (Peak 72.28M) | Time:00:00.07 | Mem:4.00M, Peak:4.00M | Scene, ViewLayer | Updating Images | Loading Citizen_Roughness-1024
Fra:0 Mem:58.71M (Peak 72.28M) | Time:00:00.09 | Mem:12.00M, Peak:12.00M | Scene, ViewLayer | Waiting for render to start
Fra:0 Mem:58.71M (Peak 72.28M) | Time:00:00.09 | Mem:12.00M, Peak:12.00M | Scene, ViewLayer | Loading render kernels (may take a few minutes the first time)
Fra:0 Mem:58.71M (Peak 72.28M) | Time:00:00.09 | Mem:12.00M, Peak:12.00M | Scene, ViewLayer | Updating Scene
Fra:0 Mem:58.71M (Peak 72.28M) | Time:00:00.09 | Mem:12.00M, Peak:12.00M | Scene, ViewLayer | Updating Shaders
Fra:0 Mem:58.80M (Peak 72.28M) | Time:00:00.09 | Mem:12.01M, Peak:12.01M | Scene, ViewLayer | Updating Procedurals
Fra:0 Mem:58.80M (Peak 72.28M) | Time:00:00.09 | Mem:12.01M, Peak:12.01M | Scene, ViewLayer | Updating Background
Fra:0 Mem:58.80M (Peak 72.28M) | Time:00:00.09 | Mem:12.01M, Peak:12.01M | Scene, ViewLayer | Updating Camera
Fra:0 Mem:58.80M (Peak 72.28M) | Time:00:00.09 | Mem:12.01M, Peak:12.01M | Scene, ViewLayer | Updating Meshes Flags
Fra:0 Mem:58.80M (Peak 72.28M) | Time:00:00.09 | Mem:12.01M, Peak:12.01M | Scene, ViewLayer | Updating Objects
Fra:0 Mem:58.80M (Peak 72.28M) | Time:00:00.09 | Mem:12.01M, Peak:12.01M | Scene, ViewLayer | Updating Objects | Copying Transformations to device
Fra:0 Mem:58.80M (Peak 72.28M) | Time:00:00.09 | Mem:12.01M, Peak:12.01M | Scene, ViewLayer | Updating Objects | Applying Static Transformations
Fra:0 Mem:58.80M (Peak 72.28M) | Time:00:00.09 | Mem:12.01M, Peak:12.01M | Scene, ViewLayer | Updating Particle Systems
Fra:0 Mem:58.80M (Peak 72.28M) | Time:00:00.09 | Mem:12.01M, Peak:12.01M | Scene, ViewLayer | Updating Particle Systems | Copying Particles to device
Fra:0 Mem:58.80M (Peak 72.28M) | Time:00:00.09 | Mem:12.01M, Peak:12.01M | Scene, ViewLayer | Updating Meshes
Fra:0 Mem:60.27M (Peak 72.28M) | Time:00:00.09 | Mem:12.01M, Peak:12.01M | Scene, ViewLayer | Updating Mesh | Computing attributes
Fra:0 Mem:67.70M (Peak 72.28M) | Time:00:00.09 | Mem:12.01M, Peak:12.01M | Scene, ViewLayer | Updating Mesh | Copying Attributes to device
Fra:0 Mem:67.70M (Peak 72.28M) | Time:00:00.09 | Mem:19.44M, Peak:19.44M | Scene, ViewLayer | Updating Scene BVH | Building
Fra:0 Mem:67.70M (Peak 72.28M) | Time:00:00.09 | Mem:19.44M, Peak:19.44M | Scene, ViewLayer | Updating Scene BVH | Building BVH
Fra:0 Mem:67.70M (Peak 72.28M) | Time:00:00.09 | Mem:22.37M, Peak:22.37M | Scene, ViewLayer | Updating Scene BVH | Building BVH 0%
Fra:0 Mem:67.70M (Peak 72.28M) | Time:00:00.11 | Mem:25.56M, Peak:28.50M | Scene, ViewLayer | Updating Scene BVH | Copying BVH to device
Fra:0 Mem:67.70M (Peak 72.28M) | Time:00:00.11 | Mem:25.56M, Peak:28.50M | Scene, ViewLayer | Updating Mesh | Computing normals
Fra:0 Mem:71.86M (Peak 72.28M) | Time:00:00.11 | Mem:25.56M, Peak:28.50M | Scene, ViewLayer | Updating Mesh | Copying Mesh to device
Fra:0 Mem:71.86M (Peak 72.28M) | Time:00:00.11 | Mem:29.72M, Peak:29.72M | Scene, ViewLayer | Updating Objects Flags
Fra:0 Mem:71.86M (Peak 72.28M) | Time:00:00.11 | Mem:29.72M, Peak:29.72M | Scene, ViewLayer | Updating Primitive Offsets
Fra:0 Mem:71.86M (Peak 72.28M) | Time:00:00.11 | Mem:29.72M, Peak:29.72M | Scene, ViewLayer | Updating Images
Fra:0 Mem:71.86M (Peak 72.28M) | Time:00:00.11 | Mem:29.72M, Peak:29.72M | Scene, ViewLayer | Updating Camera Volume
Fra:0 Mem:71.86M (Peak 72.28M) | Time:00:00.11 | Mem:29.72M, Peak:29.72M | Scene, ViewLayer | Updating Lookup Tables
Fra:0 Mem:71.86M (Peak 72.28M) | Time:00:00.11 | Mem:29.80M, Peak:29.80M | Scene, ViewLayer | Updating Lights
Fra:0 Mem:71.86M (Peak 72.28M) | Time:00:00.11 | Mem:29.80M, Peak:29.80M | Scene, ViewLayer | Updating Lights | Computing tree
Fra:0 Mem:71.86M (Peak 72.28M) | Time:00:00.11 | Mem:29.80M, Peak:29.80M | Scene, ViewLayer | Updating Integrator
Fra:0 Mem:71.86M (Peak 72.28M) | Time:00:00.11 | Mem:29.80M, Peak:29.80M | Scene, ViewLayer | Updating Film
Fra:0 Mem:71.86M (Peak 72.28M) | Time:00:00.11 | Mem:29.72M, Peak:29.80M | Scene, ViewLayer | Updating Lookup Tables
Fra:0 Mem:71.86M (Peak 72.28M) | Time:00:00.11 | Mem:29.81M, Peak:29.81M | Scene, ViewLayer | Updating Baking
Fra:0 Mem:71.86M (Peak 72.28M) | Time:00:00.11 | Mem:29.81M, Peak:29.81M | Scene, ViewLayer | Updating Device | Writing constant memory
Fra:0 Mem:71.86M (Peak 72.28M) | Time:00:00.11 | Mem:29.81M, Peak:29.81M | Scene, ViewLayer | Sample 0/32
Fra:0 Mem:92.96M (Peak 92.96M) | Time:00:00.64 | Remaining:00:16.40 | Mem:50.91M, Peak:50.91M | Scene, ViewLayer | Sample 1/32
Fra:0 Mem:102.34M (Peak 121.09M) | Time:00:15.40 | Mem:50.91M, Peak:50.91M | Scene, ViewLayer | Sample 32/32
Fra:0 Mem:102.34M (Peak 121.09M) | Time:00:15.40 | Mem:50.91M, Peak:50.91M | Scene, ViewLayer | Finished
Saved: '/workspace/scratch/7c20b5ba4165/atlas-backlog-oct3/tools/assets/citizen-character-variants/qa/previews/driver-roadster-fit-lods-overcast.png'
Time: 00:15.47 (Saving: 00:00.07)

RENDERED driver-roadster-fit-lods-overcast
Extensions: writing cache failed ([Errno 30] Read-only file system: '/home/agent/.config/blender').
18:16:44 | INFO: Data are loaded, start creating Blender stuff
18:16:44 | INFO: Blender create Mesh node Tailored torso
18:16:44 | INFO: Blender create Mesh node Tailored torso.001
18:16:44 | INFO: glTF import finished in 0.12s
18:16:44 | INFO: Data are loaded, start creating Blender stuff
18:16:44 | INFO: Blender create Mesh node Tailored torso
18:16:44 | INFO: Blender create Mesh node Tailored torso.001
18:16:44 | INFO: glTF import finished in 0.11s
18:16:44 | INFO: Data are loaded, start creating Blender stuff
18:16:44 | INFO: Blender create Mesh node Tailored torso
18:16:44 | INFO: Blender create Mesh node Tailored torso.001
18:16:44 | INFO: glTF import finished in 0.11s
Fra:0 Mem:36.96M (Peak 36.96M) | Time:00:00.00 | Mem:0.00M, Peak:0.00M | Scene, ViewLayer | Synchronizing object | QA-only-ground
Fra:0 Mem:36.96M (Peak 36.96M) | Time:00:00.00 | Mem:0.00M, Peak:0.00M | Scene, ViewLayer | Synchronizing object | LOD 0
Fra:0 Mem:36.99M (Peak 36.99M) | Time:00:00.00 | Mem:0.00M, Peak:0.00M | Scene, ViewLayer | Synchronizing object | driver-roadster-fit-body
Fra:0 Mem:37.05M (Peak 37.05M) | Time:00:00.00 | Mem:0.00M, Peak:0.00M | Scene, ViewLayer | Synchronizing object | LOD 1
Fra:0 Mem:37.40M (Peak 37.40M) | Time:00:00.00 | Mem:0.00M, Peak:0.00M | Scene, ViewLayer | Synchronizing object | LOD 2
Fra:0 Mem:37.43M (Peak 37.43M) | Time:00:00.00 | Mem:0.00M, Peak:0.00M | Scene, ViewLayer | Synchronizing object | Tailored torso.005
Fra:0 Mem:40.73M (Peak 40.73M) | Time:00:00.00 | Mem:0.00M, Peak:0.00M | Scene, ViewLayer | Synchronizing object | driver-roadster-fit-body.002
Fra:0 Mem:50.27M (Peak 51.43M) | Time:00:00.03 | Mem:0.00M, Peak:0.00M | Scene, ViewLayer | Synchronizing object | Tailored torso.003
Fra:0 Mem:50.94M (Peak 52.24M) | Time:00:00.03 | Mem:0.00M, Peak:0.00M | Scene, ViewLayer | Synchronizing object | Tailored torso.001
Fra:0 Mem:51.58M (Peak 52.24M) | Time:00:00.03 | Mem:0.00M, Peak:0.00M | Scene, ViewLayer | Synchronizing object | driver-roadster-fit-body.001
Fra:0 Mem:57.48M (Peak 58.73M) | Time:00:00.05 | Mem:0.00M, Peak:0.00M | Scene, ViewLayer | Initializing
Fra:0 Mem:48.30M (Peak 58.73M) | Time:00:00.05 | Mem:0.00M, Peak:0.00M | Scene, ViewLayer | Updating Images | Loading Citizen_Normal-1024
Fra:0 Mem:48.30M (Peak 58.73M) | Time:00:00.05 | Mem:0.00M, Peak:0.00M | Scene, ViewLayer | Updating Images | Loading Citizen_BaseColor-1024
Fra:0 Mem:64.32M (Peak 72.32M) | Time:00:00.07 | Mem:4.00M, Peak:4.00M | Scene, ViewLayer | Updating Images | Loading Citizen_Roughness-1024
Fra:0 Mem:58.73M (Peak 72.32M) | Time:00:00.08 | Mem:12.00M, Peak:12.00M | Scene, ViewLayer | Waiting for render to start
Fra:0 Mem:58.73M (Peak 72.32M) | Time:00:00.08 | Mem:12.00M, Peak:12.00M | Scene, ViewLayer | Loading render kernels (may take a few minutes the first time)
Fra:0 Mem:58.73M (Peak 72.32M) | Time:00:00.08 | Mem:12.00M, Peak:12.00M | Scene, ViewLayer | Updating Scene
Fra:0 Mem:58.73M (Peak 72.32M) | Time:00:00.08 | Mem:12.00M, Peak:12.00M | Scene, ViewLayer | Updating Shaders
Fra:0 Mem:58.82M (Peak 72.32M) | Time:00:00.08 | Mem:12.01M, Peak:12.01M | Scene, ViewLayer | Updating Procedurals
Fra:0 Mem:58.82M (Peak 72.32M) | Time:00:00.08 | Mem:12.01M, Peak:12.01M | Scene, ViewLayer | Updating Background
Fra:0 Mem:58.82M (Peak 72.32M) | Time:00:00.08 | Mem:12.01M, Peak:12.01M | Scene, ViewLayer | Updating Camera
Fra:0 Mem:58.82M (Peak 72.32M) | Time:00:00.08 | Mem:12.01M, Peak:12.01M | Scene, ViewLayer | Updating Meshes Flags
Fra:0 Mem:58.82M (Peak 72.32M) | Time:00:00.08 | Mem:12.01M, Peak:12.01M | Scene, ViewLayer | Updating Objects
Fra:0 Mem:58.82M (Peak 72.32M) | Time:00:00.08 | Mem:12.01M, Peak:12.01M | Scene, ViewLayer | Updating Objects | Copying Transformations to device
Fra:0 Mem:58.82M (Peak 72.32M) | Time:00:00.08 | Mem:12.01M, Peak:12.01M | Scene, ViewLayer | Updating Objects | Applying Static Transformations
Fra:0 Mem:58.82M (Peak 72.32M) | Time:00:00.08 | Mem:12.01M, Peak:12.01M | Scene, ViewLayer | Updating Particle Systems
Fra:0 Mem:58.82M (Peak 72.32M) | Time:00:00.08 | Mem:12.01M, Peak:12.01M | Scene, ViewLayer | Updating Particle Systems | Copying Particles to device
Fra:0 Mem:58.82M (Peak 72.32M) | Time:00:00.08 | Mem:12.01M, Peak:12.01M | Scene, ViewLayer | Updating Meshes
Fra:0 Mem:60.29M (Peak 72.32M) | Time:00:00.08 | Mem:12.01M, Peak:12.01M | Scene, ViewLayer | Updating Mesh | Computing attributes
Fra:0 Mem:67.72M (Peak 72.32M) | Time:00:00.09 | Mem:12.01M, Peak:12.01M | Scene, ViewLayer | Updating Mesh | Copying Attributes to device
Fra:0 Mem:67.72M (Peak 72.32M) | Time:00:00.09 | Mem:19.44M, Peak:19.44M | Scene, ViewLayer | Updating Scene BVH | Building
Fra:0 Mem:67.72M (Peak 72.32M) | Time:00:00.09 | Mem:19.44M, Peak:19.44M | Scene, ViewLayer | Updating Scene BVH | Building BVH
Fra:0 Mem:67.72M (Peak 72.32M) | Time:00:00.09 | Mem:22.37M, Peak:22.37M | Scene, ViewLayer | Updating Scene BVH | Building BVH 0%
Fra:0 Mem:67.72M (Peak 72.32M) | Time:00:00.11 | Mem:25.56M, Peak:28.50M | Scene, ViewLayer | Updating Scene BVH | Copying BVH to device
Fra:0 Mem:67.72M (Peak 72.32M) | Time:00:00.11 | Mem:25.56M, Peak:28.50M | Scene, ViewLayer | Updating Mesh | Computing normals
Fra:0 Mem:71.88M (Peak 72.32M) | Time:00:00.11 | Mem:25.56M, Peak:28.50M | Scene, ViewLayer | Updating Mesh | Copying Mesh to device
Fra:0 Mem:71.88M (Peak 72.32M) | Time:00:00.11 | Mem:29.72M, Peak:29.72M | Scene, ViewLayer | Updating Objects Flags
Fra:0 Mem:71.88M (Peak 72.32M) | Time:00:00.11 | Mem:29.72M, Peak:29.72M | Scene, ViewLayer | Updating Primitive Offsets
Fra:0 Mem:71.88M (Peak 72.32M) | Time:00:00.11 | Mem:29.72M, Peak:29.72M | Scene, ViewLayer | Updating Images
Fra:0 Mem:71.88M (Peak 72.32M) | Time:00:00.11 | Mem:29.72M, Peak:29.72M | Scene, ViewLayer | Updating Camera Volume
Fra:0 Mem:71.88M (Peak 72.32M) | Time:00:00.11 | Mem:29.72M, Peak:29.72M | Scene, ViewLayer | Updating Lookup Tables
Fra:0 Mem:71.88M (Peak 72.32M) | Time:00:00.11 | Mem:29.80M, Peak:29.80M | Scene, ViewLayer | Updating Lights
Fra:0 Mem:71.88M (Peak 72.32M) | Time:00:00.11 | Mem:29.80M, Peak:29.80M | Scene, ViewLayer | Updating Lights | Computing tree
Fra:0 Mem:71.88M (Peak 72.32M) | Time:00:00.11 | Mem:29.80M, Peak:29.80M | Scene, ViewLayer | Updating Integrator
Fra:0 Mem:71.88M (Peak 72.32M) | Time:00:00.11 | Mem:29.80M, Peak:29.80M | Scene, ViewLayer | Updating Film
Fra:0 Mem:71.88M (Peak 72.32M) | Time:00:00.11 | Mem:29.72M, Peak:29.80M | Scene, ViewLayer | Updating Lookup Tables
Fra:0 Mem:71.88M (Peak 72.32M) | Time:00:00.11 | Mem:29.81M, Peak:29.81M | Scene, ViewLayer | Updating Baking
Fra:0 Mem:71.88M (Peak 72.32M) | Time:00:00.11 | Mem:29.81M, Peak:29.81M | Scene, ViewLayer | Updating Device | Writing constant memory
Fra:0 Mem:71.88M (Peak 72.32M) | Time:00:00.11 | Mem:29.81M, Peak:29.81M | Scene, ViewLayer | Sample 0/32
Fra:0 Mem:92.98M (Peak 92.98M) | Time:00:00.76 | Remaining:00:20.15 | Mem:50.91M, Peak:50.91M | Scene, ViewLayer | Sample 1/32
Fra:0 Mem:102.36M (Peak 121.11M) | Time:00:17.56 | Mem:50.91M, Peak:50.91M | Scene, ViewLayer | Sample 32/32
Fra:0 Mem:102.36M (Peak 121.11M) | Time:00:17.56 | Mem:50.91M, Peak:50.91M | Scene, ViewLayer | Finished
Saved: '/workspace/scratch/7c20b5ba4165/atlas-backlog-oct3/tools/assets/citizen-character-variants/qa/previews/driver-roadster-fit-lods-dusk.png'
Time: 00:17.64 (Saving: 00:00.07)

RENDERED driver-roadster-fit-lods-dusk
Extensions: writing cache failed ([Errno 30] Read-only file system: '/home/agent/.config/blender').
18:17:02 | INFO: Data are loaded, start creating Blender stuff
18:17:02 | INFO: Blender create Mesh node Tailored torso
18:17:02 | INFO: Blender create Mesh node Tailored torso.001
18:17:02 | INFO: glTF import finished in 0.12s
18:17:02 | INFO: Data are loaded, start creating Blender stuff
18:17:02 | INFO: Blender create Mesh node Tailored torso
18:17:02 | INFO: Blender create Mesh node Tailored torso.001
18:17:02 | INFO: glTF import finished in 0.12s
18:17:02 | INFO: Data are loaded, start creating Blender stuff
18:17:02 | INFO: Blender create Mesh node Tailored torso
18:17:02 | INFO: Blender create Mesh node Tailored torso.001
18:17:03 | INFO: glTF import finished in 0.10s
Fra:0 Mem:36.96M (Peak 37.22M) | Time:00:00.00 | Mem:0.00M, Peak:0.00M | Scene, ViewLayer | Synchronizing object | QA-only-ground
Fra:0 Mem:36.96M (Peak 37.22M) | Time:00:00.00 | Mem:0.00M, Peak:0.00M | Scene, ViewLayer | Synchronizing object | LOD 0
Fra:0 Mem:36.98M (Peak 37.22M) | Time:00:00.00 | Mem:0.00M, Peak:0.00M | Scene, ViewLayer | Synchronizing object | driver-roadster-fit-body
Fra:0 Mem:37.05M (Peak 37.22M) | Time:00:00.00 | Mem:0.00M, Peak:0.00M | Scene, ViewLayer | Synchronizing object | LOD 1
Fra:0 Mem:37.07M (Peak 37.22M) | Time:00:00.00 | Mem:0.00M, Peak:0.00M | Scene, ViewLayer | Synchronizing object | LOD 2
Fra:0 Mem:37.43M (Peak 37.43M) | Time:00:00.00 | Mem:0.00M, Peak:0.00M | Scene, ViewLayer | Synchronizing object | Tailored torso.005
Fra:0 Mem:39.91M (Peak 39.91M) | Time:00:00.00 | Mem:0.00M, Peak:0.00M | Scene, ViewLayer | Synchronizing object | driver-roadster-fit-body.002
Fra:0 Mem:50.27M (Peak 51.43M) | Time:00:00.03 | Mem:0.00M, Peak:0.00M | Scene, ViewLayer | Synchronizing object | Tailored torso.003
Fra:0 Mem:50.90M (Peak 52.24M) | Time:00:00.03 | Mem:0.00M, Peak:0.00M | Scene, ViewLayer | Synchronizing object | Tailored torso.001
Fra:0 Mem:51.36M (Peak 52.24M) | Time:00:00.03 | Mem:0.00M, Peak:0.00M | Scene, ViewLayer | Synchronizing object | driver-roadster-fit-body.001
Fra:0 Mem:57.48M (Peak 58.73M) | Time:00:00.06 | Mem:0.00M, Peak:0.00M | Scene, ViewLayer | Initializing
Fra:0 Mem:48.30M (Peak 58.73M) | Time:00:00.06 | Mem:0.00M, Peak:0.00M | Scene, ViewLayer | Updating Images | Loading Citizen_Normal-1024
Fra:0 Mem:48.30M (Peak 58.73M) | Time:00:00.06 | Mem:0.00M, Peak:0.00M | Scene, ViewLayer | Updating Images | Loading Citizen_BaseColor-1024
Fra:0 Mem:64.32M (Peak 72.32M) | Time:00:00.08 | Mem:4.00M, Peak:4.00M | Scene, ViewLayer | Updating Images | Loading Citizen_Roughness-1024
Fra:0 Mem:58.73M (Peak 72.32M) | Time:00:00.09 | Mem:12.00M, Peak:12.00M | Scene, ViewLayer | Waiting for render to start
Fra:0 Mem:58.73M (Peak 72.32M) | Time:00:00.09 | Mem:12.00M, Peak:12.00M | Scene, ViewLayer | Loading render kernels (may take a few minutes the first time)
Fra:0 Mem:58.73M (Peak 72.32M) | Time:00:00.09 | Mem:12.00M, Peak:12.00M | Scene, ViewLayer | Updating Scene
Fra:0 Mem:58.73M (Peak 72.32M) | Time:00:00.09 | Mem:12.00M, Peak:12.00M | Scene, ViewLayer | Updating Shaders
Fra:0 Mem:58.82M (Peak 72.32M) | Time:00:00.09 | Mem:12.01M, Peak:12.01M | Scene, ViewLayer | Updating Procedurals
Fra:0 Mem:58.82M (Peak 72.32M) | Time:00:00.09 | Mem:12.01M, Peak:12.01M | Scene, ViewLayer | Updating Background
Fra:0 Mem:58.82M (Peak 72.32M) | Time:00:00.09 | Mem:12.01M, Peak:12.01M | Scene, ViewLayer | Updating Camera
Fra:0 Mem:58.82M (Peak 72.32M) | Time:00:00.09 | Mem:12.01M, Peak:12.01M | Scene, ViewLayer | Updating Meshes Flags
Fra:0 Mem:58.82M (Peak 72.32M) | Time:00:00.09 | Mem:12.01M, Peak:12.01M | Scene, ViewLayer | Updating Objects
Fra:0 Mem:58.82M (Peak 72.32M) | Time:00:00.09 | Mem:12.01M, Peak:12.01M | Scene, ViewLayer | Updating Objects | Copying Transformations to device
Fra:0 Mem:58.82M (Peak 72.32M) | Time:00:00.09 | Mem:12.01M, Peak:12.01M | Scene, ViewLayer | Updating Objects | Applying Static Transformations
Fra:0 Mem:58.82M (Peak 72.32M) | Time:00:00.09 | Mem:12.01M, Peak:12.01M | Scene, ViewLayer | Updating Particle Systems
Fra:0 Mem:58.82M (Peak 72.32M) | Time:00:00.09 | Mem:12.01M, Peak:12.01M | Scene, ViewLayer | Updating Particle Systems | Copying Particles to device
Fra:0 Mem:58.82M (Peak 72.32M) | Time:00:00.09 | Mem:12.01M, Peak:12.01M | Scene, ViewLayer | Updating Meshes
Fra:0 Mem:60.29M (Peak 72.32M) | Time:00:00.09 | Mem:12.01M, Peak:12.01M | Scene, ViewLayer | Updating Mesh | Computing attributes
Fra:0 Mem:67.72M (Peak 72.32M) | Time:00:00.09 | Mem:12.01M, Peak:12.01M | Scene, ViewLayer | Updating Mesh | Copying Attributes to device
Fra:0 Mem:67.72M (Peak 72.32M) | Time:00:00.09 | Mem:19.44M, Peak:19.44M | Scene, ViewLayer | Updating Scene BVH | Building
Fra:0 Mem:67.72M (Peak 72.32M) | Time:00:00.09 | Mem:19.44M, Peak:19.44M | Scene, ViewLayer | Updating Scene BVH | Building BVH
Fra:0 Mem:67.72M (Peak 72.32M) | Time:00:00.09 | Mem:22.37M, Peak:22.37M | Scene, ViewLayer | Updating Scene BVH | Building BVH 0%
Fra:0 Mem:67.72M (Peak 72.32M) | Time:00:00.11 | Mem:25.56M, Peak:28.50M | Scene, ViewLayer | Updating Scene BVH | Copying BVH to device
Fra:0 Mem:67.72M (Peak 72.32M) | Time:00:00.11 | Mem:25.56M, Peak:28.50M | Scene, ViewLayer | Updating Mesh | Computing normals
Fra:0 Mem:71.88M (Peak 72.32M) | Time:00:00.11 | Mem:25.56M, Peak:28.50M | Scene, ViewLayer | Updating Mesh | Copying Mesh to device
Fra:0 Mem:71.88M (Peak 72.32M) | Time:00:00.11 | Mem:29.72M, Peak:29.72M | Scene, ViewLayer | Updating Objects Flags
Fra:0 Mem:71.88M (Peak 72.32M) | Time:00:00.11 | Mem:29.72M, Peak:29.72M | Scene, ViewLayer | Updating Primitive Offsets
Fra:0 Mem:71.88M (Peak 72.32M) | Time:00:00.11 | Mem:29.72M, Peak:29.72M | Scene, ViewLayer | Updating Images
Fra:0 Mem:71.88M (Peak 72.32M) | Time:00:00.11 | Mem:29.72M, Peak:29.72M | Scene, ViewLayer | Updating Camera Volume
Fra:0 Mem:71.88M (Peak 72.32M) | Time:00:00.11 | Mem:29.72M, Peak:29.72M | Scene, ViewLayer | Updating Lookup Tables
Fra:0 Mem:71.88M (Peak 72.32M) | Time:00:00.11 | Mem:29.80M, Peak:29.80M | Scene, ViewLayer | Updating Lights
Fra:0 Mem:71.88M (Peak 72.32M) | Time:00:00.11 | Mem:29.80M, Peak:29.80M | Scene, ViewLayer | Updating Lights | Computing tree
Fra:0 Mem:71.88M (Peak 72.32M) | Time:00:00.11 | Mem:29.80M, Peak:29.80M | Scene, ViewLayer | Updating Integrator
Fra:0 Mem:71.88M (Peak 72.32M) | Time:00:00.11 | Mem:29.80M, Peak:29.80M | Scene, ViewLayer | Updating Film
Fra:0 Mem:71.88M (Peak 72.32M) | Time:00:00.11 | Mem:29.72M, Peak:29.80M | Scene, ViewLayer | Updating Lookup Tables
Fra:0 Mem:71.88M (Peak 72.32M) | Time:00:00.11 | Mem:29.81M, Peak:29.81M | Scene, ViewLayer | Updating Baking
Fra:0 Mem:71.88M (Peak 72.32M) | Time:00:00.11 | Mem:29.81M, Peak:29.81M | Scene, ViewLayer | Updating Device | Writing constant memory
Fra:0 Mem:71.88M (Peak 72.32M) | Time:00:00.11 | Mem:29.81M, Peak:29.81M | Scene, ViewLayer | Sample 0/32
Fra:0 Mem:92.98M (Peak 92.98M) | Time:00:00.69 | Remaining:00:18.05 | Mem:50.91M, Peak:50.91M | Scene, ViewLayer | Sample 1/32
Fra:0 Mem:102.36M (Peak 121.11M) | Time:00:16.78 | Mem:50.91M, Peak:50.91M | Scene, ViewLayer | Sample 32/32
Fra:0 Mem:102.36M (Peak 121.11M) | Time:00:16.78 | Mem:50.91M, Peak:50.91M | Scene, ViewLayer | Finished
Saved: '/workspace/scratch/7c20b5ba4165/atlas-backlog-oct3/tools/assets/citizen-character-variants/qa/previews/driver-roadster-fit-lods-night.png'
Time: 00:16.86 (Saving: 00:00.07)

RENDERED driver-roadster-fit-lods-night

Blender quit
