Extensions: writing cache failed ([Errno 30] Read-only file system: '/home/agent/.config/blender').
16:43:44 | INFO: Data are loaded, start creating Blender stuff
16:43:44 | INFO: Blender create Mesh node Tailored torso
16:43:44 | INFO: glTF import finished in 0.13s
Blender 4.3.2
Fra:0 Mem:21.52M (Peak 21.52M) | Time:00:00.00 | Mem:0.00M, Peak:0.00M | Scene, ViewLayer | Synchronizing object | QA-only-ground
Fra:0 Mem:21.52M (Peak 21.52M) | Time:00:00.00 | Mem:0.00M, Peak:0.00M | Scene, ViewLayer | Synchronizing object | 1.75 m
Fra:0 Mem:21.55M (Peak 21.55M) | Time:00:00.00 | Mem:0.00M, Peak:0.00M | Scene, ViewLayer | Synchronizing object | citizen-body
Fra:0 Mem:21.56M (Peak 21.56M) | Time:00:00.00 | Mem:0.00M, Peak:0.00M | Scene, ViewLayer | Synchronizing object | 1.81 m
Fra:0 Mem:23.66M (Peak 23.66M) | Time:00:00.00 | Mem:0.00M, Peak:0.00M | Scene, ViewLayer | Synchronizing object | 1 m
Fra:0 Mem:23.67M (Peak 23.67M) | Time:00:00.00 | Mem:0.00M, Peak:0.00M | Scene, ViewLayer | Synchronizing object | Cube
Fra:0 Mem:23.67M (Peak 23.67M) | Time:00:00.00 | Mem:0.00M, Peak:0.00M | Scene, ViewLayer | Synchronizing object | Sphere.005
Fra:0 Mem:23.68M (Peak 23.68M) | Time:00:00.00 | Mem:0.00M, Peak:0.00M | Scene, ViewLayer | Synchronizing object | Sphere.004
Fra:0 Mem:23.69M (Peak 23.69M) | Time:00:00.00 | Mem:0.00M, Peak:0.00M | Scene, ViewLayer | Synchronizing object | Sphere.003
Fra:0 Mem:23.70M (Peak 23.70M) | Time:00:00.00 | Mem:0.00M, Peak:0.00M | Scene, ViewLayer | Synchronizing object | Sphere.002
Fra:0 Mem:23.71M (Peak 23.71M) | Time:00:00.00 | Mem:0.00M, Peak:0.00M | Scene, ViewLayer | Synchronizing object | Sphere.001
Fra:0 Mem:23.72M (Peak 23.72M) | Time:00:00.00 | Mem:0.00M, Peak:0.00M | Scene, ViewLayer | Synchronizing object | Sphere
Fra:0 Mem:31.71M (Peak 32.57M) | Time:00:00.03 | Mem:0.00M, Peak:0.00M | Scene, ViewLayer | Initializing
Fra:0 Mem:27.97M (Peak 32.57M) | Time:00:00.03 | Mem:0.00M, Peak:0.00M | Scene, ViewLayer | Updating Images | Loading Citizen_Normal-1024
Fra:0 Mem:27.97M (Peak 32.57M) | Time:00:00.03 | Mem:0.00M, Peak:0.00M | Scene, ViewLayer | Updating Images | Loading Citizen_BaseColor-1024
Fra:0 Mem:43.99M (Peak 51.99M) | Time:00:00.05 | Mem:4.00M, Peak:4.00M | Scene, ViewLayer | Updating Images | Loading Citizen_Roughness-1024
Fra:0 Mem:39.00M (Peak 51.99M) | Time:00:00.06 | Mem:12.00M, Peak:12.00M | Scene, ViewLayer | Waiting for render to start
Fra:0 Mem:39.00M (Peak 51.99M) | Time:00:00.06 | Mem:12.00M, Peak:12.00M | Scene, ViewLayer | Loading render kernels (may take a few minutes the first time)
Fra:0 Mem:39.00M (Peak 51.99M) | Time:00:00.06 | Mem:12.00M, Peak:12.00M | Scene, ViewLayer | Updating Scene
Fra:0 Mem:39.00M (Peak 51.99M) | Time:00:00.06 | Mem:12.00M, Peak:12.00M | Scene, ViewLayer | Updating Shaders
Fra:0 Mem:39.08M (Peak 51.99M) | Time:00:00.06 | Mem:12.00M, Peak:12.00M | Scene, ViewLayer | Updating Procedurals
Fra:0 Mem:39.08M (Peak 51.99M) | Time:00:00.06 | Mem:12.00M, Peak:12.00M | Scene, ViewLayer | Updating Background
Fra:0 Mem:39.08M (Peak 51.99M) | Time:00:00.06 | Mem:12.00M, Peak:12.00M | Scene, ViewLayer | Updating Camera
Fra:0 Mem:39.08M (Peak 51.99M) | Time:00:00.06 | Mem:12.00M, Peak:12.00M | Scene, ViewLayer | Updating Meshes Flags
Fra:0 Mem:39.08M (Peak 51.99M) | Time:00:00.06 | Mem:12.00M, Peak:12.00M | Scene, ViewLayer | Updating Objects
Fra:0 Mem:39.08M (Peak 51.99M) | Time:00:00.06 | Mem:12.00M, Peak:12.00M | Scene, ViewLayer | Updating Objects | Copying Transformations to device
Fra:0 Mem:39.09M (Peak 51.99M) | Time:00:00.06 | Mem:12.01M, Peak:12.01M | Scene, ViewLayer | Updating Objects | Applying Static Transformations
Fra:0 Mem:39.09M (Peak 51.99M) | Time:00:00.06 | Mem:12.01M, Peak:12.01M | Scene, ViewLayer | Updating Particle Systems
Fra:0 Mem:39.09M (Peak 51.99M) | Time:00:00.06 | Mem:12.01M, Peak:12.01M | Scene, ViewLayer | Updating Particle Systems | Copying Particles to device
Fra:0 Mem:39.09M (Peak 51.99M) | Time:00:00.06 | Mem:12.01M, Peak:12.01M | Scene, ViewLayer | Updating Meshes
Fra:0 Mem:39.69M (Peak 51.99M) | Time:00:00.06 | Mem:12.01M, Peak:12.01M | Scene, ViewLayer | Updating Mesh | Computing attributes
Fra:0 Mem:42.63M (Peak 51.99M) | Time:00:00.06 | Mem:12.01M, Peak:12.01M | Scene, ViewLayer | Updating Mesh | Copying Attributes to device
Fra:0 Mem:42.63M (Peak 51.99M) | Time:00:00.06 | Mem:14.95M, Peak:14.95M | Scene, ViewLayer | Updating Scene BVH | Building
Fra:0 Mem:42.63M (Peak 51.99M) | Time:00:00.06 | Mem:14.95M, Peak:14.95M | Scene, ViewLayer | Updating Scene BVH | Building BVH
Fra:0 Mem:42.63M (Peak 51.99M) | Time:00:00.07 | Mem:16.15M, Peak:16.15M | Scene, ViewLayer | Updating Scene BVH | Building BVH 0%
Fra:0 Mem:42.63M (Peak 51.99M) | Time:00:00.07 | Mem:17.45M, Peak:18.65M | Scene, ViewLayer | Updating Scene BVH | Copying BVH to device
Fra:0 Mem:42.63M (Peak 51.99M) | Time:00:00.07 | Mem:17.45M, Peak:18.65M | Scene, ViewLayer | Updating Mesh | Computing normals
Fra:0 Mem:44.30M (Peak 51.99M) | Time:00:00.07 | Mem:17.45M, Peak:18.65M | Scene, ViewLayer | Updating Mesh | Copying Mesh to device
Fra:0 Mem:44.30M (Peak 51.99M) | Time:00:00.07 | Mem:19.12M, Peak:19.12M | Scene, ViewLayer | Updating Objects Flags
Fra:0 Mem:44.30M (Peak 51.99M) | Time:00:00.07 | Mem:19.12M, Peak:19.12M | Scene, ViewLayer | Updating Primitive Offsets
Fra:0 Mem:44.30M (Peak 51.99M) | Time:00:00.07 | Mem:19.12M, Peak:19.12M | Scene, ViewLayer | Updating Images
Fra:0 Mem:44.30M (Peak 51.99M) | Time:00:00.07 | Mem:19.12M, Peak:19.12M | Scene, ViewLayer | Updating Camera Volume
Fra:0 Mem:44.30M (Peak 51.99M) | Time:00:00.07 | Mem:19.12M, Peak:19.12M | Scene, ViewLayer | Updating Lookup Tables
Fra:0 Mem:44.30M (Peak 51.99M) | Time:00:00.07 | Mem:19.20M, Peak:19.20M | Scene, ViewLayer | Updating Lights
Fra:0 Mem:44.30M (Peak 51.99M) | Time:00:00.07 | Mem:19.20M, Peak:19.20M | Scene, ViewLayer | Updating Lights | Computing tree
Fra:0 Mem:44.30M (Peak 51.99M) | Time:00:00.07 | Mem:19.20M, Peak:19.20M | Scene, ViewLayer | Updating Integrator
Fra:0 Mem:44.30M (Peak 51.99M) | Time:00:00.07 | Mem:19.20M, Peak:19.20M | Scene, ViewLayer | Updating Film
Fra:0 Mem:44.30M (Peak 51.99M) | Time:00:00.07 | Mem:19.12M, Peak:19.20M | Scene, ViewLayer | Updating Lookup Tables
Fra:0 Mem:44.30M (Peak 51.99M) | Time:00:00.07 | Mem:19.21M, Peak:19.21M | Scene, ViewLayer | Updating Baking
Fra:0 Mem:44.30M (Peak 51.99M) | Time:00:00.07 | Mem:19.21M, Peak:19.21M | Scene, ViewLayer | Updating Device | Writing constant memory
Fra:0 Mem:44.30M (Peak 51.99M) | Time:00:00.07 | Mem:19.21M, Peak:19.21M | Scene, ViewLayer | Sample 0/12
Fra:0 Mem:58.37M (Peak 58.37M) | Time:00:00.43 | Remaining:00:03.89 | Mem:33.28M, Peak:33.28M | Scene, ViewLayer | Sample 1/12
Fra:0 Mem:64.62M (Peak 77.12M) | Time:00:04.00 | Mem:33.28M, Peak:33.28M | Scene, ViewLayer | Sample 12/12
Fra:0 Mem:64.62M (Peak 77.12M) | Time:00:04.00 | Mem:33.28M, Peak:33.28M | Scene, ViewLayer | Finished
Saved: '/workspace/scratch/7c20b5ba4165/atlas-backlog-oct3/tools/assets/citizen-character-variants/qa/previews/citizen-front.png'
Time: 00:04.17 (Saving: 00:00.16)

RENDERED citizen-front
Extensions: writing cache failed ([Errno 30] Read-only file system: '/home/agent/.config/blender').
16:43:49 | INFO: Data are loaded, start creating Blender stuff
16:43:49 | INFO: Blender create Mesh node Tailored torso
16:43:49 | INFO: glTF import finished in 0.12s
Fra:0 Mem:24.21M (Peak 24.56M) | Time:00:00.00 | Mem:0.00M, Peak:0.00M | Scene, ViewLayer | Synchronizing object | QA-only-ground
Fra:0 Mem:24.22M (Peak 24.56M) | Time:00:00.00 | Mem:0.00M, Peak:0.00M | Scene, ViewLayer | Synchronizing object | 1.75 m
Fra:0 Mem:24.23M (Peak 24.56M) | Time:00:00.00 | Mem:0.00M, Peak:0.00M | Scene, ViewLayer | Synchronizing object | police-body
Fra:0 Mem:24.32M (Peak 24.56M) | Time:00:00.00 | Mem:0.00M, Peak:0.00M | Scene, ViewLayer | Synchronizing object | 1.81 m
Fra:0 Mem:24.73M (Peak 24.73M) | Time:00:00.00 | Mem:0.00M, Peak:0.00M | Scene, ViewLayer | Synchronizing object | 1 m
Fra:0 Mem:24.75M (Peak 24.75M) | Time:00:00.00 | Mem:0.00M, Peak:0.00M | Scene, ViewLayer | Synchronizing object | Cube
Fra:0 Mem:24.75M (Peak 24.75M) | Time:00:00.00 | Mem:0.00M, Peak:0.00M | Scene, ViewLayer | Synchronizing object | Sphere.005
Fra:0 Mem:24.76M (Peak 24.76M) | Time:00:00.00 | Mem:0.00M, Peak:0.00M | Scene, ViewLayer | Synchronizing object | Sphere.004
Fra:0 Mem:24.77M (Peak 24.77M) | Time:00:00.00 | Mem:0.00M, Peak:0.00M | Scene, ViewLayer | Synchronizing object | Sphere.003
Fra:0 Mem:24.78M (Peak 24.78M) | Time:00:00.00 | Mem:0.00M, Peak:0.00M | Scene, ViewLayer | Synchronizing object | Sphere.002
Fra:0 Mem:24.78M (Peak 24.78M) | Time:00:00.00 | Mem:0.00M, Peak:0.00M | Scene, ViewLayer | Synchronizing object | Sphere.001
Fra:0 Mem:24.79M (Peak 24.79M) | Time:00:00.00 | Mem:0.00M, Peak:0.00M | Scene, ViewLayer | Synchronizing object | Sphere
Fra:0 Mem:32.56M (Peak 33.44M) | Time:00:00.03 | Mem:0.00M, Peak:0.00M | Scene, ViewLayer | Initializing
Fra:0 Mem:28.75M (Peak 33.44M) | Time:00:00.03 | Mem:0.00M, Peak:0.00M | Scene, ViewLayer | Updating Images | Loading Citizen_Normal-1024
Fra:0 Mem:28.75M (Peak 33.44M) | Time:00:00.03 | Mem:0.00M, Peak:0.00M | Scene, ViewLayer | Updating Images | Loading Citizen_BaseColor-1024
Fra:0 Mem:36.77M (Peak 44.77M) | Time:00:00.05 | Mem:4.00M, Peak:4.00M | Scene, ViewLayer | Updating Images | Loading Citizen_Roughness-1024
Fra:0 Mem:39.59M (Peak 48.78M) | Time:00:00.06 | Mem:12.00M, Peak:12.00M | Scene, ViewLayer | Waiting for render to start
Fra:0 Mem:39.60M (Peak 48.78M) | Time:00:00.06 | Mem:12.00M, Peak:12.00M | Scene, ViewLayer | Loading render kernels (may take a few minutes the first time)
Fra:0 Mem:39.60M (Peak 48.78M) | Time:00:00.06 | Mem:12.00M, Peak:12.00M | Scene, ViewLayer | Updating Scene
Fra:0 Mem:39.60M (Peak 48.78M) | Time:00:00.06 | Mem:12.00M, Peak:12.00M | Scene, ViewLayer | Updating Shaders
Fra:0 Mem:39.68M (Peak 48.78M) | Time:00:00.06 | Mem:12.01M, Peak:12.01M | Scene, ViewLayer | Updating Procedurals
Fra:0 Mem:39.68M (Peak 48.78M) | Time:00:00.06 | Mem:12.01M, Peak:12.01M | Scene, ViewLayer | Updating Background
Fra:0 Mem:39.68M (Peak 48.78M) | Time:00:00.06 | Mem:12.01M, Peak:12.01M | Scene, ViewLayer | Updating Camera
Fra:0 Mem:39.68M (Peak 48.78M) | Time:00:00.06 | Mem:12.01M, Peak:12.01M | Scene, ViewLayer | Updating Meshes Flags
Fra:0 Mem:39.68M (Peak 48.78M) | Time:00:00.06 | Mem:12.01M, Peak:12.01M | Scene, ViewLayer | Updating Objects
Fra:0 Mem:39.68M (Peak 48.78M) | Time:00:00.06 | Mem:12.01M, Peak:12.01M | Scene, ViewLayer | Updating Objects | Copying Transformations to device
Fra:0 Mem:39.69M (Peak 48.78M) | Time:00:00.06 | Mem:12.01M, Peak:12.01M | Scene, ViewLayer | Updating Objects | Applying Static Transformations
Fra:0 Mem:39.69M (Peak 48.78M) | Time:00:00.06 | Mem:12.01M, Peak:12.01M | Scene, ViewLayer | Updating Particle Systems
Fra:0 Mem:39.69M (Peak 48.78M) | Time:00:00.06 | Mem:12.01M, Peak:12.01M | Scene, ViewLayer | Updating Particle Systems | Copying Particles to device
Fra:0 Mem:39.69M (Peak 48.78M) | Time:00:00.06 | Mem:12.01M, Peak:12.01M | Scene, ViewLayer | Updating Meshes
Fra:0 Mem:40.30M (Peak 48.78M) | Time:00:00.06 | Mem:12.01M, Peak:12.01M | Scene, ViewLayer | Updating Mesh | Computing attributes
Fra:0 Mem:43.30M (Peak 48.78M) | Time:00:00.06 | Mem:12.01M, Peak:12.01M | Scene, ViewLayer | Updating Mesh | Copying Attributes to device
Fra:0 Mem:43.30M (Peak 48.78M) | Time:00:00.06 | Mem:15.01M, Peak:15.01M | Scene, ViewLayer | Updating Scene BVH | Building
Fra:0 Mem:43.30M (Peak 48.78M) | Time:00:00.06 | Mem:15.01M, Peak:15.01M | Scene, ViewLayer | Updating Scene BVH | Building BVH
Fra:0 Mem:43.30M (Peak 48.78M) | Time:00:00.06 | Mem:16.23M, Peak:16.23M | Scene, ViewLayer | Updating Scene BVH | Building BVH 0%
Fra:0 Mem:43.30M (Peak 48.78M) | Time:00:00.07 | Mem:17.56M, Peak:18.78M | Scene, ViewLayer | Updating Scene BVH | Copying BVH to device
Fra:0 Mem:43.30M (Peak 48.78M) | Time:00:00.07 | Mem:17.56M, Peak:18.78M | Scene, ViewLayer | Updating Mesh | Computing normals
Fra:0 Mem:45.00M (Peak 48.78M) | Time:00:00.07 | Mem:17.56M, Peak:18.78M | Scene, ViewLayer | Updating Mesh | Copying Mesh to device
Fra:0 Mem:45.00M (Peak 48.78M) | Time:00:00.07 | Mem:19.26M, Peak:19.26M | Scene, ViewLayer | Updating Objects Flags
Fra:0 Mem:45.00M (Peak 48.78M) | Time:00:00.07 | Mem:19.26M, Peak:19.26M | Scene, ViewLayer | Updating Primitive Offsets
Fra:0 Mem:45.00M (Peak 48.78M) | Time:00:00.07 | Mem:19.26M, Peak:19.26M | Scene, ViewLayer | Updating Images
Fra:0 Mem:45.00M (Peak 48.78M) | Time:00:00.07 | Mem:19.26M, Peak:19.26M | Scene, ViewLayer | Updating Camera Volume
Fra:0 Mem:45.00M (Peak 48.78M) | Time:00:00.07 | Mem:19.26M, Peak:19.26M | Scene, ViewLayer | Updating Lookup Tables
Fra:0 Mem:45.00M (Peak 48.78M) | Time:00:00.07 | Mem:19.34M, Peak:19.34M | Scene, ViewLayer | Updating Lights
Fra:0 Mem:45.00M (Peak 48.78M) | Time:00:00.07 | Mem:19.34M, Peak:19.34M | Scene, ViewLayer | Updating Lights | Computing tree
Fra:0 Mem:45.00M (Peak 48.78M) | Time:00:00.07 | Mem:19.35M, Peak:19.35M | Scene, ViewLayer | Updating Integrator
Fra:0 Mem:45.00M (Peak 48.78M) | Time:00:00.07 | Mem:19.35M, Peak:19.35M | Scene, ViewLayer | Updating Film
Fra:0 Mem:45.00M (Peak 48.78M) | Time:00:00.07 | Mem:19.26M, Peak:19.35M | Scene, ViewLayer | Updating Lookup Tables
Fra:0 Mem:45.00M (Peak 48.78M) | Time:00:00.07 | Mem:19.35M, Peak:19.35M | Scene, ViewLayer | Updating Baking
Fra:0 Mem:45.00M (Peak 48.78M) | Time:00:00.07 | Mem:19.35M, Peak:19.35M | Scene, ViewLayer | Updating Device | Writing constant memory
Fra:0 Mem:45.00M (Peak 48.78M) | Time:00:00.07 | Mem:19.35M, Peak:19.35M | Scene, ViewLayer | Sample 0/12
Fra:0 Mem:59.07M (Peak 59.07M) | Time:00:00.42 | Remaining:00:03.85 | Mem:33.42M, Peak:33.42M | Scene, ViewLayer | Sample 1/12
Fra:0 Mem:65.33M (Peak 77.83M) | Time:00:03.94 | Mem:33.42M, Peak:33.42M | Scene, ViewLayer | Sample 12/12
Fra:0 Mem:65.33M (Peak 77.83M) | Time:00:03.94 | Mem:33.42M, Peak:33.42M | Scene, ViewLayer | Finished
Saved: '/workspace/scratch/7c20b5ba4165/atlas-backlog-oct3/tools/assets/citizen-character-variants/qa/previews/police-front.png'
Time: 00:03.99 (Saving: 00:00.05)

RENDERED police-front
Extensions: writing cache failed ([Errno 30] Read-only file system: '/home/agent/.config/blender').
16:43:53 | INFO: Data are loaded, start creating Blender stuff
16:43:53 | INFO: Blender create Mesh node Tailored torso
16:43:53 | INFO: glTF import finished in 0.12s
Fra:0 Mem:23.42M (Peak 23.77M) | Time:00:00.00 | Mem:0.00M, Peak:0.00M | Scene, ViewLayer | Synchronizing object | QA-only-ground
Fra:0 Mem:23.42M (Peak 23.77M) | Time:00:00.00 | Mem:0.00M, Peak:0.00M | Scene, ViewLayer | Synchronizing object | driver-body
Fra:0 Mem:23.43M (Peak 23.77M) | Time:00:00.00 | Mem:0.00M, Peak:0.00M | Scene, ViewLayer | Synchronizing object | 1.75 m
Fra:0 Mem:23.89M (Peak 23.89M) | Time:00:00.00 | Mem:0.00M, Peak:0.00M | Scene, ViewLayer | Synchronizing object | 1.81 m
Fra:0 Mem:23.93M (Peak 23.93M) | Time:00:00.00 | Mem:0.00M, Peak:0.00M | Scene, ViewLayer | Synchronizing object | 1 m
Fra:0 Mem:23.95M (Peak 23.95M) | Time:00:00.00 | Mem:0.00M, Peak:0.00M | Scene, ViewLayer | Synchronizing object | Cube
Fra:0 Mem:23.95M (Peak 23.95M) | Time:00:00.00 | Mem:0.00M, Peak:0.00M | Scene, ViewLayer | Synchronizing object | Sphere.005
Fra:0 Mem:23.96M (Peak 23.96M) | Time:00:00.00 | Mem:0.00M, Peak:0.00M | Scene, ViewLayer | Synchronizing object | Sphere.004
Fra:0 Mem:23.97M (Peak 23.97M) | Time:00:00.00 | Mem:0.00M, Peak:0.00M | Scene, ViewLayer | Synchronizing object | Sphere.003
Fra:0 Mem:23.97M (Peak 23.97M) | Time:00:00.00 | Mem:0.00M, Peak:0.00M | Scene, ViewLayer | Synchronizing object | Sphere.002
Fra:0 Mem:25.71M (Peak 25.71M) | Time:00:00.00 | Mem:0.00M, Peak:0.00M | Scene, ViewLayer | Synchronizing object | Sphere.001
Fra:0 Mem:25.72M (Peak 25.72M) | Time:00:00.00 | Mem:0.00M, Peak:0.00M | Scene, ViewLayer | Synchronizing object | Sphere
Fra:0 Mem:31.61M (Peak 32.47M) | Time:00:00.03 | Mem:0.00M, Peak:0.00M | Scene, ViewLayer | Initializing
Fra:0 Mem:27.87M (Peak 32.47M) | Time:00:00.03 | Mem:0.00M, Peak:0.00M | Scene, ViewLayer | Updating Images | Loading Citizen_Normal-1024
Fra:0 Mem:27.87M (Peak 32.47M) | Time:00:00.03 | Mem:0.00M, Peak:0.00M | Scene, ViewLayer | Updating Images | Loading Citizen_BaseColor-1024
Fra:0 Mem:43.89M (Peak 51.89M) | Time:00:00.04 | Mem:4.00M, Peak:4.00M | Scene, ViewLayer | Updating Images | Loading Citizen_Roughness-1024
Fra:0 Mem:38.98M (Peak 51.89M) | Time:00:00.06 | Mem:12.00M, Peak:12.00M | Scene, ViewLayer | Waiting for render to start
Fra:0 Mem:38.98M (Peak 51.89M) | Time:00:00.06 | Mem:12.00M, Peak:12.00M | Scene, ViewLayer | Loading render kernels (may take a few minutes the first time)
Fra:0 Mem:38.98M (Peak 51.89M) | Time:00:00.06 | Mem:12.00M, Peak:12.00M | Scene, ViewLayer | Updating Scene
Fra:0 Mem:38.98M (Peak 51.89M) | Time:00:00.06 | Mem:12.00M, Peak:12.00M | Scene, ViewLayer | Updating Shaders
Fra:0 Mem:39.07M (Peak 51.89M) | Time:00:00.06 | Mem:12.00M, Peak:12.00M | Scene, ViewLayer | Updating Procedurals
Fra:0 Mem:39.07M (Peak 51.89M) | Time:00:00.06 | Mem:12.00M, Peak:12.00M | Scene, ViewLayer | Updating Background
Fra:0 Mem:39.07M (Peak 51.89M) | Time:00:00.06 | Mem:12.00M, Peak:12.00M | Scene, ViewLayer | Updating Camera
Fra:0 Mem:39.07M (Peak 51.89M) | Time:00:00.06 | Mem:12.00M, Peak:12.00M | Scene, ViewLayer | Updating Meshes Flags
Fra:0 Mem:39.07M (Peak 51.89M) | Time:00:00.06 | Mem:12.00M, Peak:12.00M | Scene, ViewLayer | Updating Objects
Fra:0 Mem:39.07M (Peak 51.89M) | Time:00:00.06 | Mem:12.00M, Peak:12.00M | Scene, ViewLayer | Updating Objects | Copying Transformations to device
Fra:0 Mem:39.07M (Peak 51.89M) | Time:00:00.06 | Mem:12.01M, Peak:12.01M | Scene, ViewLayer | Updating Objects | Applying Static Transformations
Fra:0 Mem:39.07M (Peak 51.89M) | Time:00:00.06 | Mem:12.01M, Peak:12.01M | Scene, ViewLayer | Updating Particle Systems
Fra:0 Mem:39.07M (Peak 51.89M) | Time:00:00.06 | Mem:12.01M, Peak:12.01M | Scene, ViewLayer | Updating Particle Systems | Copying Particles to device
Fra:0 Mem:39.07M (Peak 51.89M) | Time:00:00.06 | Mem:12.01M, Peak:12.01M | Scene, ViewLayer | Updating Meshes
Fra:0 Mem:39.67M (Peak 51.89M) | Time:00:00.06 | Mem:12.01M, Peak:12.01M | Scene, ViewLayer | Updating Mesh | Computing attributes
Fra:0 Mem:42.61M (Peak 51.89M) | Time:00:00.06 | Mem:12.01M, Peak:12.01M | Scene, ViewLayer | Updating Mesh | Copying Attributes to device
Fra:0 Mem:42.61M (Peak 51.89M) | Time:00:00.06 | Mem:14.95M, Peak:14.95M | Scene, ViewLayer | Updating Scene BVH | Building
Fra:0 Mem:42.61M (Peak 51.89M) | Time:00:00.06 | Mem:14.95M, Peak:14.95M | Scene, ViewLayer | Updating Scene BVH | Building BVH
Fra:0 Mem:42.61M (Peak 51.89M) | Time:00:00.06 | Mem:16.15M, Peak:16.15M | Scene, ViewLayer | Updating Scene BVH | Building BVH 0%
Fra:0 Mem:42.61M (Peak 51.89M) | Time:00:00.07 | Mem:17.45M, Peak:18.65M | Scene, ViewLayer | Updating Scene BVH | Copying BVH to device
Fra:0 Mem:42.61M (Peak 51.89M) | Time:00:00.07 | Mem:17.45M, Peak:18.65M | Scene, ViewLayer | Updating Mesh | Computing normals
Fra:0 Mem:44.28M (Peak 51.89M) | Time:00:00.07 | Mem:17.45M, Peak:18.65M | Scene, ViewLayer | Updating Mesh | Copying Mesh to device
Fra:0 Mem:44.28M (Peak 51.89M) | Time:00:00.07 | Mem:19.12M, Peak:19.12M | Scene, ViewLayer | Updating Objects Flags
Fra:0 Mem:44.28M (Peak 51.89M) | Time:00:00.07 | Mem:19.12M, Peak:19.12M | Scene, ViewLayer | Updating Primitive Offsets
Fra:0 Mem:44.28M (Peak 51.89M) | Time:00:00.07 | Mem:19.12M, Peak:19.12M | Scene, ViewLayer | Updating Images
Fra:0 Mem:44.28M (Peak 51.89M) | Time:00:00.07 | Mem:19.12M, Peak:19.12M | Scene, ViewLayer | Updating Camera Volume
Fra:0 Mem:44.28M (Peak 51.89M) | Time:00:00.07 | Mem:19.12M, Peak:19.12M | Scene, ViewLayer | Updating Lookup Tables
Fra:0 Mem:44.28M (Peak 51.89M) | Time:00:00.07 | Mem:19.20M, Peak:19.20M | Scene, ViewLayer | Updating Lights
Fra:0 Mem:44.28M (Peak 51.89M) | Time:00:00.07 | Mem:19.20M, Peak:19.20M | Scene, ViewLayer | Updating Lights | Computing tree
Fra:0 Mem:44.28M (Peak 51.89M) | Time:00:00.07 | Mem:19.20M, Peak:19.20M | Scene, ViewLayer | Updating Integrator
Fra:0 Mem:44.28M (Peak 51.89M) | Time:00:00.07 | Mem:19.20M, Peak:19.20M | Scene, ViewLayer | Updating Film
Fra:0 Mem:44.29M (Peak 51.89M) | Time:00:00.07 | Mem:19.12M, Peak:19.20M | Scene, ViewLayer | Updating Lookup Tables
Fra:0 Mem:44.29M (Peak 51.89M) | Time:00:00.07 | Mem:19.21M, Peak:19.21M | Scene, ViewLayer | Updating Baking
Fra:0 Mem:44.29M (Peak 51.89M) | Time:00:00.07 | Mem:19.21M, Peak:19.21M | Scene, ViewLayer | Updating Device | Writing constant memory
Fra:0 Mem:44.29M (Peak 51.89M) | Time:00:00.07 | Mem:19.21M, Peak:19.21M | Scene, ViewLayer | Sample 0/12
Fra:0 Mem:58.36M (Peak 58.36M) | Time:00:00.41 | Remaining:00:03.82 | Mem:33.28M, Peak:33.28M | Scene, ViewLayer | Sample 1/12
Fra:0 Mem:64.61M (Peak 77.11M) | Time:00:03.92 | Mem:33.28M, Peak:33.28M | Scene, ViewLayer | Sample 12/12
Fra:0 Mem:64.61M (Peak 77.11M) | Time:00:03.92 | Mem:33.28M, Peak:33.28M | Scene, ViewLayer | Finished
Saved: '/workspace/scratch/7c20b5ba4165/atlas-backlog-oct3/tools/assets/citizen-character-variants/qa/previews/driver-front.png'
Time: 00:03.98 (Saving: 00:00.05)

RENDERED driver-front

Blender quit
