Extensions: writing cache failed ([Errno 30] Read-only file system: '/home/agent/.config/blender').
17:23:57 | INFO: Data are loaded, start creating Blender stuff
17:23:57 | INFO: Blender create Mesh node Tailored torso
17:23:58 | INFO: glTF import finished in 0.13s
Blender 4.3.2
Fra:0 Mem:22.01M (Peak 22.36M) | Time:00:00.00 | Mem:0.00M, Peak:0.00M | Scene, ViewLayer | Synchronizing object | QA-only-ground
Fra:0 Mem:22.02M (Peak 22.36M) | Time:00:00.00 | Mem:0.00M, Peak:0.00M | Scene, ViewLayer | Synchronizing object | 1.75 m
Fra:0 Mem:22.04M (Peak 22.36M) | Time:00:00.00 | Mem:0.00M, Peak:0.00M | Scene, ViewLayer | Synchronizing object | driver-roadster-fit-body
Fra:0 Mem:24.12M (Peak 24.12M) | Time:00:00.00 | Mem:0.00M, Peak:0.00M | Scene, ViewLayer | Synchronizing object | 1.81 m
Fra:0 Mem:24.16M (Peak 24.16M) | Time:00:00.00 | Mem:0.00M, Peak:0.00M | Scene, ViewLayer | Synchronizing object | 1 m
Fra:0 Mem:24.17M (Peak 24.17M) | Time:00:00.00 | Mem:0.00M, Peak:0.00M | Scene, ViewLayer | Synchronizing object | Cube
Fra:0 Mem:24.17M (Peak 24.17M) | Time:00:00.00 | Mem:0.00M, Peak:0.00M | Scene, ViewLayer | Synchronizing object | Sphere.013
Fra:0 Mem:24.18M (Peak 24.18M) | Time:00:00.00 | Mem:0.00M, Peak:0.00M | Scene, ViewLayer | Synchronizing object | Sphere.012
Fra:0 Mem:24.19M (Peak 24.19M) | Time:00:00.00 | Mem:0.00M, Peak:0.00M | Scene, ViewLayer | Synchronizing object | Sphere.011
Fra:0 Mem:24.20M (Peak 24.20M) | Time:00:00.00 | Mem:0.00M, Peak:0.00M | Scene, ViewLayer | Synchronizing object | Sphere.010
Fra:0 Mem:24.21M (Peak 24.21M) | Time:00:00.00 | Mem:0.00M, Peak:0.00M | Scene, ViewLayer | Synchronizing object | Sphere.009
Fra:0 Mem:24.22M (Peak 24.22M) | Time:00:00.00 | Mem:0.00M, Peak:0.00M | Scene, ViewLayer | Synchronizing object | Sphere.008
Fra:0 Mem:24.23M (Peak 24.23M) | Time:00:00.00 | Mem:0.00M, Peak:0.00M | Scene, ViewLayer | Synchronizing object | Sphere.007
Fra:0 Mem:24.24M (Peak 24.24M) | Time:00:00.00 | Mem:0.00M, Peak:0.00M | Scene, ViewLayer | Synchronizing object | Sphere.006
Fra:0 Mem:24.25M (Peak 24.25M) | Time:00:00.00 | Mem:0.00M, Peak:0.00M | Scene, ViewLayer | Synchronizing object | Sphere.005
Fra:0 Mem:24.25M (Peak 24.25M) | Time:00:00.00 | Mem:0.00M, Peak:0.00M | Scene, ViewLayer | Synchronizing object | Sphere.004
Fra:0 Mem:24.26M (Peak 24.26M) | Time:00:00.00 | Mem:0.00M, Peak:0.00M | Scene, ViewLayer | Synchronizing object | Sphere.003
Fra:0 Mem:24.27M (Peak 24.27M) | Time:00:00.00 | Mem:0.00M, Peak:0.00M | Scene, ViewLayer | Synchronizing object | Sphere.002
Fra:0 Mem:24.28M (Peak 24.28M) | Time:00:00.00 | Mem:0.00M, Peak:0.00M | Scene, ViewLayer | Synchronizing object | Sphere.001
Fra:0 Mem:24.29M (Peak 24.29M) | Time:00:00.00 | Mem:0.00M, Peak:0.00M | Scene, ViewLayer | Synchronizing object | Sphere
Fra:0 Mem:32.28M (Peak 33.14M) | Time:00:00.04 | Mem:0.00M, Peak:0.00M | Scene, ViewLayer | Initializing
Fra:0 Mem:28.51M (Peak 33.14M) | Time:00:00.04 | Mem:0.00M, Peak:0.00M | Scene, ViewLayer | Updating Images | Loading Citizen_Normal-1024
Fra:0 Mem:28.51M (Peak 33.14M) | Time:00:00.04 | Mem:0.00M, Peak:0.00M | Scene, ViewLayer | Updating Images | Loading Citizen_BaseColor-1024
Fra:0 Mem:44.53M (Peak 52.53M) | Time:00:00.05 | Mem:4.00M, Peak:4.00M | Scene, ViewLayer | Updating Images | Loading Citizen_Roughness-1024
Fra:0 Mem:39.40M (Peak 52.53M) | Time:00:00.07 | Mem:12.00M, Peak:12.00M | Scene, ViewLayer | Waiting for render to start
Fra:0 Mem:39.40M (Peak 52.53M) | Time:00:00.07 | Mem:12.00M, Peak:12.00M | Scene, ViewLayer | Loading render kernels (may take a few minutes the first time)
Fra:0 Mem:39.40M (Peak 52.53M) | Time:00:00.07 | Mem:12.00M, Peak:12.00M | Scene, ViewLayer | Updating Scene
Fra:0 Mem:39.40M (Peak 52.53M) | Time:00:00.07 | Mem:12.00M, Peak:12.00M | Scene, ViewLayer | Updating Shaders
Fra:0 Mem:39.49M (Peak 52.53M) | Time:00:00.07 | Mem:12.00M, Peak:12.00M | Scene, ViewLayer | Updating Procedurals
Fra:0 Mem:39.49M (Peak 52.53M) | Time:00:00.07 | Mem:12.00M, Peak:12.00M | Scene, ViewLayer | Updating Background
Fra:0 Mem:39.49M (Peak 52.53M) | Time:00:00.07 | Mem:12.00M, Peak:12.00M | Scene, ViewLayer | Updating Camera
Fra:0 Mem:39.49M (Peak 52.53M) | Time:00:00.07 | Mem:12.00M, Peak:12.00M | Scene, ViewLayer | Updating Meshes Flags
Fra:0 Mem:39.49M (Peak 52.53M) | Time:00:00.07 | Mem:12.00M, Peak:12.00M | Scene, ViewLayer | Updating Objects
Fra:0 Mem:39.49M (Peak 52.53M) | Time:00:00.07 | Mem:12.00M, Peak:12.00M | Scene, ViewLayer | Updating Objects | Copying Transformations to device
Fra:0 Mem:39.49M (Peak 52.53M) | Time:00:00.07 | Mem:12.01M, Peak:12.01M | Scene, ViewLayer | Updating Objects | Applying Static Transformations
Fra:0 Mem:39.49M (Peak 52.53M) | Time:00:00.07 | Mem:12.01M, Peak:12.01M | Scene, ViewLayer | Updating Particle Systems
Fra:0 Mem:39.49M (Peak 52.53M) | Time:00:00.07 | Mem:12.01M, Peak:12.01M | Scene, ViewLayer | Updating Particle Systems | Copying Particles to device
Fra:0 Mem:39.49M (Peak 52.53M) | Time:00:00.07 | Mem:12.01M, Peak:12.01M | Scene, ViewLayer | Updating Meshes
Fra:0 Mem:40.11M (Peak 52.53M) | Time:00:00.07 | Mem:12.01M, Peak:12.01M | Scene, ViewLayer | Updating Mesh | Computing attributes
Fra:0 Mem:43.06M (Peak 52.53M) | Time:00:00.07 | Mem:12.01M, Peak:12.01M | Scene, ViewLayer | Updating Mesh | Copying Attributes to device
Fra:0 Mem:43.05M (Peak 52.53M) | Time:00:00.07 | Mem:14.96M, Peak:14.96M | Scene, ViewLayer | Updating Scene BVH | Building
Fra:0 Mem:43.05M (Peak 52.53M) | Time:00:00.07 | Mem:14.96M, Peak:14.96M | Scene, ViewLayer | Updating Scene BVH | Building BVH
Fra:0 Mem:43.05M (Peak 52.53M) | Time:00:00.07 | Mem:16.18M, Peak:16.18M | Scene, ViewLayer | Updating Scene BVH | Building BVH 0%
Fra:0 Mem:43.05M (Peak 52.53M) | Time:00:00.08 | Mem:17.52M, Peak:18.75M | Scene, ViewLayer | Updating Scene BVH | Copying BVH to device
Fra:0 Mem:43.05M (Peak 52.53M) | Time:00:00.08 | Mem:17.52M, Peak:18.75M | Scene, ViewLayer | Updating Mesh | Computing normals
Fra:0 Mem:44.76M (Peak 52.53M) | Time:00:00.08 | Mem:17.52M, Peak:18.75M | Scene, ViewLayer | Updating Mesh | Copying Mesh to device
Fra:0 Mem:44.76M (Peak 52.53M) | Time:00:00.08 | Mem:19.22M, Peak:19.22M | Scene, ViewLayer | Updating Objects Flags
Fra:0 Mem:44.76M (Peak 52.53M) | Time:00:00.08 | Mem:19.22M, Peak:19.22M | Scene, ViewLayer | Updating Primitive Offsets
Fra:0 Mem:44.76M (Peak 52.53M) | Time:00:00.08 | Mem:19.22M, Peak:19.22M | Scene, ViewLayer | Updating Images
Fra:0 Mem:44.76M (Peak 52.53M) | Time:00:00.08 | Mem:19.22M, Peak:19.22M | Scene, ViewLayer | Updating Camera Volume
Fra:0 Mem:44.76M (Peak 52.53M) | Time:00:00.08 | Mem:19.22M, Peak:19.22M | Scene, ViewLayer | Updating Lookup Tables
Fra:0 Mem:44.76M (Peak 52.53M) | Time:00:00.08 | Mem:19.30M, Peak:19.30M | Scene, ViewLayer | Updating Lights
Fra:0 Mem:44.76M (Peak 52.53M) | Time:00:00.08 | Mem:19.31M, Peak:19.31M | Scene, ViewLayer | Updating Lights | Computing tree
Fra:0 Mem:44.76M (Peak 52.53M) | Time:00:00.08 | Mem:19.31M, Peak:19.31M | Scene, ViewLayer | Updating Integrator
Fra:0 Mem:44.76M (Peak 52.53M) | Time:00:00.08 | Mem:19.31M, Peak:19.31M | Scene, ViewLayer | Updating Film
Fra:0 Mem:44.76M (Peak 52.53M) | Time:00:00.08 | Mem:19.22M, Peak:19.31M | Scene, ViewLayer | Updating Lookup Tables
Fra:0 Mem:44.76M (Peak 52.53M) | Time:00:00.08 | Mem:19.31M, Peak:19.31M | Scene, ViewLayer | Updating Baking
Fra:0 Mem:44.76M (Peak 52.53M) | Time:00:00.08 | Mem:19.31M, Peak:19.31M | Scene, ViewLayer | Updating Device | Writing constant memory
Fra:0 Mem:44.76M (Peak 52.53M) | Time:00:00.08 | Mem:19.31M, Peak:19.31M | Scene, ViewLayer | Sample 0/32
Fra:0 Mem:58.83M (Peak 58.83M) | Time:00:00.43 | Remaining:00:10.94 | Mem:33.38M, Peak:33.38M | Scene, ViewLayer | Sample 1/32
Fra:0 Mem:65.08M (Peak 77.58M) | Time:00:10.28 | Mem:33.38M, Peak:33.38M | Scene, ViewLayer | Sample 32/32
Fra:0 Mem:65.08M (Peak 77.58M) | Time:00:10.28 | Mem:33.38M, Peak:33.38M | Scene, ViewLayer | Finished
Saved: '/workspace/scratch/7c20b5ba4165/atlas-backlog-oct3/tools/assets/citizen-character-variants/qa/previews/driver-roadster-fit-front.png'
Time: 00:10.44 (Saving: 00:00.15)

RENDERED driver-roadster-fit-front
Extensions: writing cache failed ([Errno 30] Read-only file system: '/home/agent/.config/blender').
17:24:08 | INFO: Data are loaded, start creating Blender stuff
17:24:08 | INFO: Blender create Mesh node Tailored torso
17:24:08 | INFO: glTF import finished in 0.12s
Fra:0 Mem:24.01M (Peak 24.36M) | Time:00:00.00 | Mem:0.00M, Peak:0.00M | Scene, ViewLayer | Synchronizing object | QA-only-ground
Fra:0 Mem:24.02M (Peak 24.36M) | Time:00:00.00 | Mem:0.00M, Peak:0.00M | Scene, ViewLayer | Synchronizing object | 1.75 m
Fra:0 Mem:24.02M (Peak 24.36M) | Time:00:00.00 | Mem:0.00M, Peak:0.00M | Scene, ViewLayer | Synchronizing object | driver-roadster-fit-body
Fra:0 Mem:24.49M (Peak 24.49M) | Time:00:00.00 | Mem:0.00M, Peak:0.00M | Scene, ViewLayer | Synchronizing object | 1.81 m
Fra:0 Mem:24.53M (Peak 24.53M) | Time:00:00.00 | Mem:0.00M, Peak:0.00M | Scene, ViewLayer | Synchronizing object | 1 m
Fra:0 Mem:24.54M (Peak 24.54M) | Time:00:00.00 | Mem:0.00M, Peak:0.00M | Scene, ViewLayer | Synchronizing object | Cube
Fra:0 Mem:24.54M (Peak 24.54M) | Time:00:00.00 | Mem:0.00M, Peak:0.00M | Scene, ViewLayer | Synchronizing object | Sphere.013
Fra:0 Mem:24.55M (Peak 24.55M) | Time:00:00.00 | Mem:0.00M, Peak:0.00M | Scene, ViewLayer | Synchronizing object | Sphere.012
Fra:0 Mem:24.56M (Peak 24.56M) | Time:00:00.00 | Mem:0.00M, Peak:0.00M | Scene, ViewLayer | Synchronizing object | Sphere.011
Fra:0 Mem:26.30M (Peak 26.30M) | Time:00:00.00 | Mem:0.00M, Peak:0.00M | Scene, ViewLayer | Synchronizing object | Sphere.010
Fra:0 Mem:26.31M (Peak 26.31M) | Time:00:00.00 | Mem:0.00M, Peak:0.00M | Scene, ViewLayer | Synchronizing object | Sphere.009
Fra:0 Mem:26.32M (Peak 26.32M) | Time:00:00.00 | Mem:0.00M, Peak:0.00M | Scene, ViewLayer | Synchronizing object | Sphere.008
Fra:0 Mem:26.33M (Peak 26.33M) | Time:00:00.00 | Mem:0.00M, Peak:0.00M | Scene, ViewLayer | Synchronizing object | Sphere.007
Fra:0 Mem:26.34M (Peak 26.34M) | Time:00:00.00 | Mem:0.00M, Peak:0.00M | Scene, ViewLayer | Synchronizing object | Sphere.006
Fra:0 Mem:26.35M (Peak 26.35M) | Time:00:00.00 | Mem:0.00M, Peak:0.00M | Scene, ViewLayer | Synchronizing object | Sphere.005
Fra:0 Mem:26.36M (Peak 26.36M) | Time:00:00.00 | Mem:0.00M, Peak:0.00M | Scene, ViewLayer | Synchronizing object | Sphere.004
Fra:0 Mem:26.36M (Peak 26.36M) | Time:00:00.00 | Mem:0.00M, Peak:0.00M | Scene, ViewLayer | Synchronizing object | Sphere.003
Fra:0 Mem:26.37M (Peak 26.37M) | Time:00:00.00 | Mem:0.00M, Peak:0.00M | Scene, ViewLayer | Synchronizing object | Sphere.002
Fra:0 Mem:26.38M (Peak 26.38M) | Time:00:00.00 | Mem:0.00M, Peak:0.00M | Scene, ViewLayer | Synchronizing object | Sphere.001
Fra:0 Mem:26.39M (Peak 26.39M) | Time:00:00.00 | Mem:0.00M, Peak:0.00M | Scene, ViewLayer | Synchronizing object | Sphere
Fra:0 Mem:32.28M (Peak 33.14M) | Time:00:00.02 | Mem:0.00M, Peak:0.00M | Scene, ViewLayer | Initializing
Fra:0 Mem:28.51M (Peak 33.14M) | Time:00:00.03 | Mem:0.00M, Peak:0.00M | Scene, ViewLayer | Updating Images | Loading Citizen_Normal-1024
Fra:0 Mem:28.51M (Peak 33.14M) | Time:00:00.03 | Mem:0.00M, Peak:0.00M | Scene, ViewLayer | Updating Images | Loading Citizen_BaseColor-1024
Fra:0 Mem:44.53M (Peak 52.53M) | Time:00:00.04 | Mem:4.00M, Peak:4.00M | Scene, ViewLayer | Updating Images | Loading Citizen_Roughness-1024
Fra:0 Mem:39.40M (Peak 52.53M) | Time:00:00.05 | Mem:12.00M, Peak:12.00M | Scene, ViewLayer | Waiting for render to start
Fra:0 Mem:39.40M (Peak 52.53M) | Time:00:00.05 | Mem:12.00M, Peak:12.00M | Scene, ViewLayer | Loading render kernels (may take a few minutes the first time)
Fra:0 Mem:39.40M (Peak 52.53M) | Time:00:00.05 | Mem:12.00M, Peak:12.00M | Scene, ViewLayer | Updating Scene
Fra:0 Mem:39.40M (Peak 52.53M) | Time:00:00.05 | Mem:12.00M, Peak:12.00M | Scene, ViewLayer | Updating Shaders
Fra:0 Mem:39.49M (Peak 52.53M) | Time:00:00.05 | Mem:12.00M, Peak:12.00M | Scene, ViewLayer | Updating Procedurals
Fra:0 Mem:39.49M (Peak 52.53M) | Time:00:00.05 | Mem:12.00M, Peak:12.00M | Scene, ViewLayer | Updating Background
Fra:0 Mem:39.49M (Peak 52.53M) | Time:00:00.05 | Mem:12.00M, Peak:12.00M | Scene, ViewLayer | Updating Camera
Fra:0 Mem:39.49M (Peak 52.53M) | Time:00:00.05 | Mem:12.00M, Peak:12.00M | Scene, ViewLayer | Updating Meshes Flags
Fra:0 Mem:39.49M (Peak 52.53M) | Time:00:00.05 | Mem:12.00M, Peak:12.00M | Scene, ViewLayer | Updating Objects
Fra:0 Mem:39.49M (Peak 52.53M) | Time:00:00.05 | Mem:12.00M, Peak:12.00M | Scene, ViewLayer | Updating Objects | Copying Transformations to device
Fra:0 Mem:39.49M (Peak 52.53M) | Time:00:00.05 | Mem:12.01M, Peak:12.01M | Scene, ViewLayer | Updating Objects | Applying Static Transformations
Fra:0 Mem:39.49M (Peak 52.53M) | Time:00:00.05 | Mem:12.01M, Peak:12.01M | Scene, ViewLayer | Updating Particle Systems
Fra:0 Mem:39.49M (Peak 52.53M) | Time:00:00.05 | Mem:12.01M, Peak:12.01M | Scene, ViewLayer | Updating Particle Systems | Copying Particles to device
Fra:0 Mem:39.49M (Peak 52.53M) | Time:00:00.05 | Mem:12.01M, Peak:12.01M | Scene, ViewLayer | Updating Meshes
Fra:0 Mem:40.11M (Peak 52.53M) | Time:00:00.05 | Mem:12.01M, Peak:12.01M | Scene, ViewLayer | Updating Mesh | Computing attributes
Fra:0 Mem:43.06M (Peak 52.53M) | Time:00:00.05 | Mem:12.01M, Peak:12.01M | Scene, ViewLayer | Updating Mesh | Copying Attributes to device
Fra:0 Mem:43.05M (Peak 52.53M) | Time:00:00.05 | Mem:14.96M, Peak:14.96M | Scene, ViewLayer | Updating Scene BVH | Building
Fra:0 Mem:43.05M (Peak 52.53M) | Time:00:00.05 | Mem:14.96M, Peak:14.96M | Scene, ViewLayer | Updating Scene BVH | Building BVH
Fra:0 Mem:43.05M (Peak 52.53M) | Time:00:00.05 | Mem:16.18M, Peak:16.18M | Scene, ViewLayer | Updating Scene BVH | Building BVH 0%
Fra:0 Mem:43.05M (Peak 52.53M) | Time:00:00.06 | Mem:17.52M, Peak:18.75M | Scene, ViewLayer | Updating Scene BVH | Copying BVH to device
Fra:0 Mem:43.05M (Peak 52.53M) | Time:00:00.06 | Mem:17.52M, Peak:18.75M | Scene, ViewLayer | Updating Mesh | Computing normals
Fra:0 Mem:44.76M (Peak 52.53M) | Time:00:00.06 | Mem:17.52M, Peak:18.75M | Scene, ViewLayer | Updating Mesh | Copying Mesh to device
Fra:0 Mem:44.76M (Peak 52.53M) | Time:00:00.06 | Mem:19.22M, Peak:19.22M | Scene, ViewLayer | Updating Objects Flags
Fra:0 Mem:44.76M (Peak 52.53M) | Time:00:00.06 | Mem:19.22M, Peak:19.22M | Scene, ViewLayer | Updating Primitive Offsets
Fra:0 Mem:44.76M (Peak 52.53M) | Time:00:00.06 | Mem:19.22M, Peak:19.22M | Scene, ViewLayer | Updating Images
Fra:0 Mem:44.76M (Peak 52.53M) | Time:00:00.06 | Mem:19.22M, Peak:19.22M | Scene, ViewLayer | Updating Camera Volume
Fra:0 Mem:44.76M (Peak 52.53M) | Time:00:00.06 | Mem:19.22M, Peak:19.22M | Scene, ViewLayer | Updating Lookup Tables
Fra:0 Mem:44.76M (Peak 52.53M) | Time:00:00.06 | Mem:19.30M, Peak:19.30M | Scene, ViewLayer | Updating Lights
Fra:0 Mem:44.76M (Peak 52.53M) | Time:00:00.06 | Mem:19.31M, Peak:19.31M | Scene, ViewLayer | Updating Lights | Computing tree
Fra:0 Mem:44.76M (Peak 52.53M) | Time:00:00.06 | Mem:19.31M, Peak:19.31M | Scene, ViewLayer | Updating Integrator
Fra:0 Mem:44.76M (Peak 52.53M) | Time:00:00.06 | Mem:19.31M, Peak:19.31M | Scene, ViewLayer | Updating Film
Fra:0 Mem:44.76M (Peak 52.53M) | Time:00:00.06 | Mem:19.22M, Peak:19.31M | Scene, ViewLayer | Updating Lookup Tables
Fra:0 Mem:44.76M (Peak 52.53M) | Time:00:00.06 | Mem:19.31M, Peak:19.31M | Scene, ViewLayer | Updating Baking
Fra:0 Mem:44.76M (Peak 52.53M) | Time:00:00.06 | Mem:19.31M, Peak:19.31M | Scene, ViewLayer | Updating Device | Writing constant memory
Fra:0 Mem:44.76M (Peak 52.53M) | Time:00:00.06 | Mem:19.31M, Peak:19.31M | Scene, ViewLayer | Sample 0/32
Fra:0 Mem:58.83M (Peak 58.83M) | Time:00:00.42 | Remaining:00:11.13 | Mem:33.38M, Peak:33.38M | Scene, ViewLayer | Sample 1/32
Fra:0 Mem:65.08M (Peak 77.58M) | Time:00:09.91 | Mem:33.38M, Peak:33.38M | Scene, ViewLayer | Sample 32/32
Fra:0 Mem:65.08M (Peak 77.58M) | Time:00:09.91 | Mem:33.38M, Peak:33.38M | Scene, ViewLayer | Finished
Saved: '/workspace/scratch/7c20b5ba4165/atlas-backlog-oct3/tools/assets/citizen-character-variants/qa/previews/driver-roadster-fit-back.png'
Time: 00:09.96 (Saving: 00:00.05)

RENDERED driver-roadster-fit-back
Extensions: writing cache failed ([Errno 30] Read-only file system: '/home/agent/.config/blender').
17:24:18 | INFO: Data are loaded, start creating Blender stuff
17:24:18 | INFO: Blender create Mesh node Tailored torso
17:24:18 | INFO: glTF import finished in 0.12s
Fra:0 Mem:24.01M (Peak 24.36M) | Time:00:00.00 | Mem:0.00M, Peak:0.00M | Scene, ViewLayer | Synchronizing object | QA-only-ground
Fra:0 Mem:24.02M (Peak 24.36M) | Time:00:00.00 | Mem:0.00M, Peak:0.00M | Scene, ViewLayer | Synchronizing object | 1.75 m
Fra:0 Mem:24.02M (Peak 24.36M) | Time:00:00.00 | Mem:0.00M, Peak:0.00M | Scene, ViewLayer | Synchronizing object | driver-roadster-fit-body
Fra:0 Mem:24.49M (Peak 24.49M) | Time:00:00.00 | Mem:0.00M, Peak:0.00M | Scene, ViewLayer | Synchronizing object | 1.81 m
Fra:0 Mem:24.53M (Peak 24.53M) | Time:00:00.00 | Mem:0.00M, Peak:0.00M | Scene, ViewLayer | Synchronizing object | 1 m
Fra:0 Mem:24.54M (Peak 24.54M) | Time:00:00.00 | Mem:0.00M, Peak:0.00M | Scene, ViewLayer | Synchronizing object | Cube
Fra:0 Mem:24.54M (Peak 24.54M) | Time:00:00.00 | Mem:0.00M, Peak:0.00M | Scene, ViewLayer | Synchronizing object | Sphere.013
Fra:0 Mem:24.55M (Peak 24.55M) | Time:00:00.00 | Mem:0.00M, Peak:0.00M | Scene, ViewLayer | Synchronizing object | Sphere.012
Fra:0 Mem:24.56M (Peak 24.56M) | Time:00:00.00 | Mem:0.00M, Peak:0.00M | Scene, ViewLayer | Synchronizing object | Sphere.011
Fra:0 Mem:26.30M (Peak 26.30M) | Time:00:00.00 | Mem:0.00M, Peak:0.00M | Scene, ViewLayer | Synchronizing object | Sphere.010
Fra:0 Mem:26.31M (Peak 26.31M) | Time:00:00.00 | Mem:0.00M, Peak:0.00M | Scene, ViewLayer | Synchronizing object | Sphere.009
Fra:0 Mem:26.32M (Peak 26.32M) | Time:00:00.00 | Mem:0.00M, Peak:0.00M | Scene, ViewLayer | Synchronizing object | Sphere.008
Fra:0 Mem:26.33M (Peak 26.33M) | Time:00:00.00 | Mem:0.00M, Peak:0.00M | Scene, ViewLayer | Synchronizing object | Sphere.007
Fra:0 Mem:26.34M (Peak 26.34M) | Time:00:00.00 | Mem:0.00M, Peak:0.00M | Scene, ViewLayer | Synchronizing object | Sphere.006
Fra:0 Mem:26.35M (Peak 26.35M) | Time:00:00.00 | Mem:0.00M, Peak:0.00M | Scene, ViewLayer | Synchronizing object | Sphere.005
Fra:0 Mem:26.36M (Peak 26.36M) | Time:00:00.00 | Mem:0.00M, Peak:0.00M | Scene, ViewLayer | Synchronizing object | Sphere.004
Fra:0 Mem:26.36M (Peak 26.36M) | Time:00:00.00 | Mem:0.00M, Peak:0.00M | Scene, ViewLayer | Synchronizing object | Sphere.003
Fra:0 Mem:26.37M (Peak 26.37M) | Time:00:00.00 | Mem:0.00M, Peak:0.00M | Scene, ViewLayer | Synchronizing object | Sphere.002
Fra:0 Mem:26.38M (Peak 26.38M) | Time:00:00.00 | Mem:0.00M, Peak:0.00M | Scene, ViewLayer | Synchronizing object | Sphere.001
Fra:0 Mem:26.39M (Peak 26.39M) | Time:00:00.00 | Mem:0.00M, Peak:0.00M | Scene, ViewLayer | Synchronizing object | Sphere
Fra:0 Mem:32.28M (Peak 33.14M) | Time:00:00.03 | Mem:0.00M, Peak:0.00M | Scene, ViewLayer | Initializing
Fra:0 Mem:28.51M (Peak 33.14M) | Time:00:00.03 | Mem:0.00M, Peak:0.00M | Scene, ViewLayer | Updating Images | Loading Citizen_BaseColor-1024
Fra:0 Mem:44.53M (Peak 52.53M) | Time:00:00.05 | Mem:4.00M, Peak:4.00M | Scene, ViewLayer | Updating Images | Loading Citizen_Roughness-1024
Fra:0 Mem:39.40M (Peak 52.53M) | Time:00:00.06 | Mem:12.00M, Peak:12.00M | Scene, ViewLayer | Waiting for render to start
Fra:0 Mem:39.40M (Peak 52.53M) | Time:00:00.06 | Mem:12.00M, Peak:12.00M | Scene, ViewLayer | Loading render kernels (may take a few minutes the first time)
Fra:0 Mem:39.40M (Peak 52.53M) | Time:00:00.06 | Mem:12.00M, Peak:12.00M | Scene, ViewLayer | Updating Scene
Fra:0 Mem:39.40M (Peak 52.53M) | Time:00:00.06 | Mem:12.00M, Peak:12.00M | Scene, ViewLayer | Updating Shaders
Fra:0 Mem:39.49M (Peak 52.53M) | Time:00:00.06 | Mem:12.00M, Peak:12.00M | Scene, ViewLayer | Updating Procedurals
Fra:0 Mem:39.49M (Peak 52.53M) | Time:00:00.06 | Mem:12.00M, Peak:12.00M | Scene, ViewLayer | Updating Background
Fra:0 Mem:39.49M (Peak 52.53M) | Time:00:00.06 | Mem:12.00M, Peak:12.00M | Scene, ViewLayer | Updating Camera
Fra:0 Mem:39.49M (Peak 52.53M) | Time:00:00.06 | Mem:12.00M, Peak:12.00M | Scene, ViewLayer | Updating Meshes Flags
Fra:0 Mem:39.49M (Peak 52.53M) | Time:00:00.06 | Mem:12.00M, Peak:12.00M | Scene, ViewLayer | Updating Objects
Fra:0 Mem:39.49M (Peak 52.53M) | Time:00:00.06 | Mem:12.00M, Peak:12.00M | Scene, ViewLayer | Updating Objects | Copying Transformations to device
Fra:0 Mem:39.49M (Peak 52.53M) | Time:00:00.06 | Mem:12.01M, Peak:12.01M | Scene, ViewLayer | Updating Objects | Applying Static Transformations
Fra:0 Mem:39.49M (Peak 52.53M) | Time:00:00.06 | Mem:12.01M, Peak:12.01M | Scene, ViewLayer | Updating Particle Systems
Fra:0 Mem:39.49M (Peak 52.53M) | Time:00:00.06 | Mem:12.01M, Peak:12.01M | Scene, ViewLayer | Updating Particle Systems | Copying Particles to device
Fra:0 Mem:39.49M (Peak 52.53M) | Time:00:00.06 | Mem:12.01M, Peak:12.01M | Scene, ViewLayer | Updating Meshes
Fra:0 Mem:40.11M (Peak 52.53M) | Time:00:00.06 | Mem:12.01M, Peak:12.01M | Scene, ViewLayer | Updating Mesh | Computing attributes
Fra:0 Mem:43.06M (Peak 52.53M) | Time:00:00.06 | Mem:12.01M, Peak:12.01M | Scene, ViewLayer | Updating Mesh | Copying Attributes to device
Fra:0 Mem:43.05M (Peak 52.53M) | Time:00:00.06 | Mem:14.96M, Peak:14.96M | Scene, ViewLayer | Updating Scene BVH | Building
Fra:0 Mem:43.05M (Peak 52.53M) | Time:00:00.06 | Mem:14.96M, Peak:14.96M | Scene, ViewLayer | Updating Scene BVH | Building BVH
Fra:0 Mem:43.05M (Peak 52.53M) | Time:00:00.06 | Mem:16.18M, Peak:16.18M | Scene, ViewLayer | Updating Scene BVH | Building BVH 0%
Fra:0 Mem:43.05M (Peak 52.53M) | Time:00:00.07 | Mem:17.52M, Peak:18.75M | Scene, ViewLayer | Updating Scene BVH | Copying BVH to device
Fra:0 Mem:43.05M (Peak 52.53M) | Time:00:00.07 | Mem:17.52M, Peak:18.75M | Scene, ViewLayer | Updating Mesh | Computing normals
Fra:0 Mem:44.76M (Peak 52.53M) | Time:00:00.07 | Mem:17.52M, Peak:18.75M | Scene, ViewLayer | Updating Mesh | Copying Mesh to device
Fra:0 Mem:44.76M (Peak 52.53M) | Time:00:00.07 | Mem:19.22M, Peak:19.22M | Scene, ViewLayer | Updating Objects Flags
Fra:0 Mem:44.76M (Peak 52.53M) | Time:00:00.07 | Mem:19.22M, Peak:19.22M | Scene, ViewLayer | Updating Primitive Offsets
Fra:0 Mem:44.76M (Peak 52.53M) | Time:00:00.07 | Mem:19.22M, Peak:19.22M | Scene, ViewLayer | Updating Images
Fra:0 Mem:44.76M (Peak 52.53M) | Time:00:00.07 | Mem:19.22M, Peak:19.22M | Scene, ViewLayer | Updating Camera Volume
Fra:0 Mem:44.76M (Peak 52.53M) | Time:00:00.07 | Mem:19.22M, Peak:19.22M | Scene, ViewLayer | Updating Lookup Tables
Fra:0 Mem:44.76M (Peak 52.53M) | Time:00:00.07 | Mem:19.30M, Peak:19.30M | Scene, ViewLayer | Updating Lights
Fra:0 Mem:44.76M (Peak 52.53M) | Time:00:00.07 | Mem:19.31M, Peak:19.31M | Scene, ViewLayer | Updating Lights | Computing tree
Fra:0 Mem:44.76M (Peak 52.53M) | Time:00:00.07 | Mem:19.31M, Peak:19.31M | Scene, ViewLayer | Updating Integrator
Fra:0 Mem:44.76M (Peak 52.53M) | Time:00:00.07 | Mem:19.31M, Peak:19.31M | Scene, ViewLayer | Updating Film
Fra:0 Mem:44.76M (Peak 52.53M) | Time:00:00.07 | Mem:19.22M, Peak:19.31M | Scene, ViewLayer | Updating Lookup Tables
Fra:0 Mem:44.76M (Peak 52.53M) | Time:00:00.07 | Mem:19.31M, Peak:19.31M | Scene, ViewLayer | Updating Baking
Fra:0 Mem:44.76M (Peak 52.53M) | Time:00:00.07 | Mem:19.31M, Peak:19.31M | Scene, ViewLayer | Updating Device | Writing constant memory
Fra:0 Mem:44.76M (Peak 52.53M) | Time:00:00.07 | Mem:19.31M, Peak:19.31M | Scene, ViewLayer | Sample 0/32
Fra:0 Mem:58.83M (Peak 58.83M) | Time:00:00.42 | Remaining:00:10.97 | Mem:33.38M, Peak:33.38M | Scene, ViewLayer | Sample 1/32
Fra:0 Mem:65.08M (Peak 77.58M) | Time:00:09.86 | Mem:33.38M, Peak:33.38M | Scene, ViewLayer | Sample 32/32
Fra:0 Mem:65.08M (Peak 77.58M) | Time:00:09.86 | Mem:33.38M, Peak:33.38M | Scene, ViewLayer | Finished
Saved: '/workspace/scratch/7c20b5ba4165/atlas-backlog-oct3/tools/assets/citizen-character-variants/qa/previews/driver-roadster-fit-side.png'
Time: 00:09.91 (Saving: 00:00.05)

RENDERED driver-roadster-fit-side
Extensions: writing cache failed ([Errno 30] Read-only file system: '/home/agent/.config/blender').
17:24:28 | INFO: Data are loaded, start creating Blender stuff
17:24:28 | INFO: Blender create Mesh node Tailored torso
17:24:29 | INFO: glTF import finished in 0.15s
17:24:29 | INFO: Data are loaded, start creating Blender stuff
17:24:29 | INFO: Blender create Mesh node Tailored torso
17:24:29 | INFO: glTF import finished in 0.11s
17:24:29 | INFO: Data are loaded, start creating Blender stuff
17:24:29 | INFO: Blender create Mesh node Tailored torso
17:24:29 | INFO: glTF import finished in 0.11s
Fra:0 Mem:36.88M (Peak 36.88M) | Time:00:00.00 | Mem:0.00M, Peak:0.00M | Scene, ViewLayer | Synchronizing object | QA-only-ground
Fra:0 Mem:36.88M (Peak 36.88M) | Time:00:00.00 | Mem:0.00M, Peak:0.00M | Scene, ViewLayer | Synchronizing object | LOD 0
Fra:0 Mem:36.88M (Peak 36.88M) | Time:00:00.00 | Mem:0.00M, Peak:0.00M | Scene, ViewLayer | Synchronizing object | driver-roadster-fit-body
Fra:0 Mem:39.08M (Peak 39.08M) | Time:00:00.00 | Mem:0.00M, Peak:0.00M | Scene, ViewLayer | Synchronizing object | LOD 1
Fra:0 Mem:39.10M (Peak 39.10M) | Time:00:00.00 | Mem:0.00M, Peak:0.00M | Scene, ViewLayer | Synchronizing object | LOD 2
Fra:0 Mem:39.13M (Peak 39.13M) | Time:00:00.00 | Mem:0.00M, Peak:0.00M | Scene, ViewLayer | Synchronizing object | driver-roadster-fit-body.002
Fra:0 Mem:51.49M (Peak 52.86M) | Time:00:00.04 | Mem:0.00M, Peak:0.00M | Scene, ViewLayer | Synchronizing object | driver-roadster-fit-body.001
Fra:0 Mem:58.34M (Peak 59.07M) | Time:00:00.07 | Mem:0.00M, Peak:0.00M | Scene, ViewLayer | Initializing
Fra:0 Mem:48.76M (Peak 59.07M) | Time:00:00.07 | Mem:0.00M, Peak:0.00M | Scene, ViewLayer | Updating Images | Loading Citizen_Normal-1024
Fra:0 Mem:48.76M (Peak 59.07M) | Time:00:00.07 | Mem:0.00M, Peak:0.00M | Scene, ViewLayer | Updating Images | Loading Citizen_BaseColor-1024
Fra:0 Mem:64.78M (Peak 72.78M) | Time:00:00.09 | Mem:4.00M, Peak:4.00M | Scene, ViewLayer | Updating Images | Loading Citizen_Roughness-1024
Fra:0 Mem:59.53M (Peak 72.78M) | Time:00:00.10 | Mem:12.00M, Peak:12.00M | Scene, ViewLayer | Waiting for render to start
Fra:0 Mem:59.53M (Peak 72.78M) | Time:00:00.10 | Mem:12.00M, Peak:12.00M | Scene, ViewLayer | Loading render kernels (may take a few minutes the first time)
Fra:0 Mem:59.53M (Peak 72.78M) | Time:00:00.10 | Mem:12.00M, Peak:12.00M | Scene, ViewLayer | Updating Scene
Fra:0 Mem:59.53M (Peak 72.78M) | Time:00:00.10 | Mem:12.00M, Peak:12.00M | Scene, ViewLayer | Updating Shaders
Fra:0 Mem:59.61M (Peak 72.78M) | Time:00:00.10 | Mem:12.01M, Peak:12.01M | Scene, ViewLayer | Updating Procedurals
Fra:0 Mem:59.61M (Peak 72.78M) | Time:00:00.10 | Mem:12.01M, Peak:12.01M | Scene, ViewLayer | Updating Background
Fra:0 Mem:59.61M (Peak 72.78M) | Time:00:00.10 | Mem:12.01M, Peak:12.01M | Scene, ViewLayer | Updating Camera
Fra:0 Mem:59.61M (Peak 72.78M) | Time:00:00.10 | Mem:12.01M, Peak:12.01M | Scene, ViewLayer | Updating Meshes Flags
Fra:0 Mem:59.61M (Peak 72.78M) | Time:00:00.10 | Mem:12.01M, Peak:12.01M | Scene, ViewLayer | Updating Objects
Fra:0 Mem:59.61M (Peak 72.78M) | Time:00:00.10 | Mem:12.01M, Peak:12.01M | Scene, ViewLayer | Updating Objects | Copying Transformations to device
Fra:0 Mem:59.61M (Peak 72.78M) | Time:00:00.10 | Mem:12.01M, Peak:12.01M | Scene, ViewLayer | Updating Objects | Applying Static Transformations
Fra:0 Mem:59.61M (Peak 72.78M) | Time:00:00.10 | Mem:12.01M, Peak:12.01M | Scene, ViewLayer | Updating Particle Systems
Fra:0 Mem:59.61M (Peak 72.78M) | Time:00:00.10 | Mem:12.01M, Peak:12.01M | Scene, ViewLayer | Updating Particle Systems | Copying Particles to device
Fra:0 Mem:59.61M (Peak 72.78M) | Time:00:00.10 | Mem:12.01M, Peak:12.01M | Scene, ViewLayer | Updating Meshes
Fra:0 Mem:61.14M (Peak 72.78M) | Time:00:00.11 | Mem:12.01M, Peak:12.01M | Scene, ViewLayer | Updating Mesh | Computing attributes
Fra:0 Mem:68.91M (Peak 72.78M) | Time:00:00.11 | Mem:12.01M, Peak:12.01M | Scene, ViewLayer | Updating Mesh | Copying Attributes to device
Fra:0 Mem:68.91M (Peak 72.78M) | Time:00:00.11 | Mem:19.77M, Peak:19.77M | Scene, ViewLayer | Updating Scene BVH | Building
Fra:0 Mem:68.91M (Peak 72.78M) | Time:00:00.11 | Mem:19.77M, Peak:19.77M | Scene, ViewLayer | Updating Scene BVH | Building BVH
Fra:0 Mem:68.91M (Peak 72.78M) | Time:00:00.11 | Mem:22.83M, Peak:22.83M | Scene, ViewLayer | Updating Scene BVH | Building BVH 0%
Fra:0 Mem:68.91M (Peak 72.78M) | Time:00:00.13 | Mem:26.16M, Peak:29.22M | Scene, ViewLayer | Updating Scene BVH | Copying BVH to device
Fra:0 Mem:68.91M (Peak 72.78M) | Time:00:00.13 | Mem:26.16M, Peak:29.22M | Scene, ViewLayer | Updating Mesh | Computing normals
Fra:0 Mem:73.28M (Peak 73.28M) | Time:00:00.13 | Mem:26.16M, Peak:29.22M | Scene, ViewLayer | Updating Mesh | Copying Mesh to device
Fra:0 Mem:73.28M (Peak 73.28M) | Time:00:00.13 | Mem:30.53M, Peak:30.53M | Scene, ViewLayer | Updating Objects Flags
Fra:0 Mem:73.28M (Peak 73.28M) | Time:00:00.13 | Mem:30.53M, Peak:30.53M | Scene, ViewLayer | Updating Primitive Offsets
Fra:0 Mem:73.28M (Peak 73.28M) | Time:00:00.13 | Mem:30.53M, Peak:30.53M | Scene, ViewLayer | Updating Images
Fra:0 Mem:73.28M (Peak 73.28M) | Time:00:00.13 | Mem:30.53M, Peak:30.53M | Scene, ViewLayer | Updating Camera Volume
Fra:0 Mem:73.28M (Peak 73.28M) | Time:00:00.13 | Mem:30.53M, Peak:30.53M | Scene, ViewLayer | Updating Lookup Tables
Fra:0 Mem:73.28M (Peak 73.28M) | Time:00:00.13 | Mem:30.61M, Peak:30.61M | Scene, ViewLayer | Updating Lights
Fra:0 Mem:73.28M (Peak 73.28M) | Time:00:00.13 | Mem:30.61M, Peak:30.61M | Scene, ViewLayer | Updating Lights | Computing tree
Fra:0 Mem:73.28M (Peak 73.28M) | Time:00:00.13 | Mem:30.61M, Peak:30.61M | Scene, ViewLayer | Updating Integrator
Fra:0 Mem:73.28M (Peak 73.28M) | Time:00:00.13 | Mem:30.61M, Peak:30.61M | Scene, ViewLayer | Updating Film
Fra:0 Mem:73.28M (Peak 73.28M) | Time:00:00.13 | Mem:30.53M, Peak:30.61M | Scene, ViewLayer | Updating Lookup Tables
Fra:0 Mem:73.28M (Peak 73.28M) | Time:00:00.13 | Mem:30.62M, Peak:30.62M | Scene, ViewLayer | Updating Baking
Fra:0 Mem:73.28M (Peak 73.28M) | Time:00:00.13 | Mem:30.62M, Peak:30.62M | Scene, ViewLayer | Updating Device | Writing constant memory
Fra:0 Mem:73.28M (Peak 73.28M) | Time:00:00.13 | Mem:30.62M, Peak:30.62M | Scene, ViewLayer | Sample 0/32
Fra:0 Mem:94.39M (Peak 94.39M) | Time:00:00.74 | Remaining:00:18.93 | Mem:51.72M, Peak:51.72M | Scene, ViewLayer | Sample 1/32
Fra:0 Mem:103.76M (Peak 122.51M) | Time:00:18.53 | Mem:51.72M, Peak:51.72M | Scene, ViewLayer | Sample 32/32
Fra:0 Mem:103.76M (Peak 122.51M) | Time:00:18.53 | Mem:51.72M, Peak:51.72M | Scene, ViewLayer | Finished
Saved: '/workspace/scratch/7c20b5ba4165/atlas-backlog-oct3/tools/assets/citizen-character-variants/qa/previews/driver-roadster-fit-lods-sunny.png'
Time: 00:18.61 (Saving: 00:00.07)

RENDERED driver-roadster-fit-lods-sunny
Extensions: writing cache failed ([Errno 30] Read-only file system: '/home/agent/.config/blender').
17:24:47 | INFO: Data are loaded, start creating Blender stuff
17:24:47 | INFO: Blender create Mesh node Tailored torso
17:24:48 | INFO: glTF import finished in 0.11s
17:24:48 | INFO: Data are loaded, start creating Blender stuff
17:24:48 | INFO: Blender create Mesh node Tailored torso
17:24:48 | INFO: glTF import finished in 0.10s
17:24:48 | INFO: Data are loaded, start creating Blender stuff
17:24:48 | INFO: Blender create Mesh node Tailored torso
17:24:48 | INFO: glTF import finished in 0.10s
Fra:0 Mem:36.85M (Peak 36.86M) | Time:00:00.00 | Mem:0.00M, Peak:0.00M | Scene, ViewLayer | Synchronizing object | QA-only-ground
Fra:0 Mem:36.85M (Peak 36.86M) | Time:00:00.00 | Mem:0.00M, Peak:0.00M | Scene, ViewLayer | Synchronizing object | LOD 0
Fra:0 Mem:36.87M (Peak 36.87M) | Time:00:00.00 | Mem:0.00M, Peak:0.00M | Scene, ViewLayer | Synchronizing object | driver-roadster-fit-body
Fra:0 Mem:36.95M (Peak 36.95M) | Time:00:00.00 | Mem:0.00M, Peak:0.00M | Scene, ViewLayer | Synchronizing object | LOD 1
Fra:0 Mem:37.33M (Peak 37.33M) | Time:00:00.00 | Mem:0.00M, Peak:0.00M | Scene, ViewLayer | Synchronizing object | LOD 2
Fra:0 Mem:37.36M (Peak 37.36M) | Time:00:00.00 | Mem:0.00M, Peak:0.00M | Scene, ViewLayer | Synchronizing object | driver-roadster-fit-body.002
Fra:0 Mem:51.46M (Peak 52.83M) | Time:00:00.04 | Mem:0.00M, Peak:0.00M | Scene, ViewLayer | Synchronizing object | driver-roadster-fit-body.001
Fra:0 Mem:58.31M (Peak 60.05M) | Time:00:00.07 | Mem:0.00M, Peak:0.00M | Scene, ViewLayer | Initializing
Fra:0 Mem:48.73M (Peak 60.05M) | Time:00:00.07 | Mem:0.00M, Peak:0.00M | Scene, ViewLayer | Updating Images | Loading Citizen_Normal-1024
Fra:0 Mem:48.73M (Peak 60.05M) | Time:00:00.07 | Mem:0.00M, Peak:0.00M | Scene, ViewLayer | Updating Images | Loading Citizen_BaseColor-1024
Fra:0 Mem:64.75M (Peak 72.75M) | Time:00:00.09 | Mem:4.00M, Peak:4.00M | Scene, ViewLayer | Updating Images | Loading Citizen_Roughness-1024
Fra:0 Mem:59.51M (Peak 72.75M) | Time:00:00.10 | Mem:12.00M, Peak:12.00M | Scene, ViewLayer | Waiting for render to start
Fra:0 Mem:59.51M (Peak 72.75M) | Time:00:00.10 | Mem:12.00M, Peak:12.00M | Scene, ViewLayer | Loading render kernels (may take a few minutes the first time)
Fra:0 Mem:59.51M (Peak 72.75M) | Time:00:00.10 | Mem:12.00M, Peak:12.00M | Scene, ViewLayer | Updating Scene
Fra:0 Mem:59.51M (Peak 72.75M) | Time:00:00.10 | Mem:12.00M, Peak:12.00M | Scene, ViewLayer | Updating Shaders
Fra:0 Mem:59.60M (Peak 72.75M) | Time:00:00.10 | Mem:12.01M, Peak:12.01M | Scene, ViewLayer | Updating Procedurals
Fra:0 Mem:59.60M (Peak 72.75M) | Time:00:00.10 | Mem:12.01M, Peak:12.01M | Scene, ViewLayer | Updating Background
Fra:0 Mem:59.60M (Peak 72.75M) | Time:00:00.10 | Mem:12.01M, Peak:12.01M | Scene, ViewLayer | Updating Camera
Fra:0 Mem:59.60M (Peak 72.75M) | Time:00:00.10 | Mem:12.01M, Peak:12.01M | Scene, ViewLayer | Updating Meshes Flags
Fra:0 Mem:59.60M (Peak 72.75M) | Time:00:00.10 | Mem:12.01M, Peak:12.01M | Scene, ViewLayer | Updating Objects
Fra:0 Mem:59.60M (Peak 72.75M) | Time:00:00.10 | Mem:12.01M, Peak:12.01M | Scene, ViewLayer | Updating Objects | Copying Transformations to device
Fra:0 Mem:59.60M (Peak 72.75M) | Time:00:00.10 | Mem:12.01M, Peak:12.01M | Scene, ViewLayer | Updating Objects | Applying Static Transformations
Fra:0 Mem:59.60M (Peak 72.75M) | Time:00:00.10 | Mem:12.01M, Peak:12.01M | Scene, ViewLayer | Updating Particle Systems
Fra:0 Mem:59.60M (Peak 72.75M) | Time:00:00.10 | Mem:12.01M, Peak:12.01M | Scene, ViewLayer | Updating Particle Systems | Copying Particles to device
Fra:0 Mem:59.60M (Peak 72.75M) | Time:00:00.10 | Mem:12.01M, Peak:12.01M | Scene, ViewLayer | Updating Meshes
Fra:0 Mem:61.13M (Peak 72.75M) | Time:00:00.10 | Mem:12.01M, Peak:12.01M | Scene, ViewLayer | Updating Mesh | Computing attributes
Fra:0 Mem:68.89M (Peak 72.75M) | Time:00:00.10 | Mem:12.01M, Peak:12.01M | Scene, ViewLayer | Updating Mesh | Copying Attributes to device
Fra:0 Mem:68.89M (Peak 72.75M) | Time:00:00.10 | Mem:19.77M, Peak:19.77M | Scene, ViewLayer | Updating Scene BVH | Building
Fra:0 Mem:68.89M (Peak 72.75M) | Time:00:00.10 | Mem:19.77M, Peak:19.77M | Scene, ViewLayer | Updating Scene BVH | Building BVH
Fra:0 Mem:68.89M (Peak 72.75M) | Time:00:00.10 | Mem:22.83M, Peak:22.83M | Scene, ViewLayer | Updating Scene BVH | Building BVH 0%
Fra:0 Mem:68.89M (Peak 72.75M) | Time:00:00.12 | Mem:26.16M, Peak:29.22M | Scene, ViewLayer | Updating Scene BVH | Copying BVH to device
Fra:0 Mem:68.89M (Peak 72.75M) | Time:00:00.12 | Mem:26.16M, Peak:29.22M | Scene, ViewLayer | Updating Mesh | Computing normals
Fra:0 Mem:73.26M (Peak 73.26M) | Time:00:00.12 | Mem:26.16M, Peak:29.22M | Scene, ViewLayer | Updating Mesh | Copying Mesh to device
Fra:0 Mem:73.26M (Peak 73.26M) | Time:00:00.12 | Mem:30.53M, Peak:30.53M | Scene, ViewLayer | Updating Objects Flags
Fra:0 Mem:73.26M (Peak 73.26M) | Time:00:00.12 | Mem:30.53M, Peak:30.53M | Scene, ViewLayer | Updating Primitive Offsets
Fra:0 Mem:73.26M (Peak 73.26M) | Time:00:00.12 | Mem:30.53M, Peak:30.53M | Scene, ViewLayer | Updating Images
Fra:0 Mem:73.26M (Peak 73.26M) | Time:00:00.12 | Mem:30.53M, Peak:30.53M | Scene, ViewLayer | Updating Camera Volume
Fra:0 Mem:73.26M (Peak 73.26M) | Time:00:00.12 | Mem:30.53M, Peak:30.53M | Scene, ViewLayer | Updating Lookup Tables
Fra:0 Mem:73.26M (Peak 73.26M) | Time:00:00.12 | Mem:30.61M, Peak:30.61M | Scene, ViewLayer | Updating Lights
Fra:0 Mem:73.26M (Peak 73.26M) | Time:00:00.12 | Mem:30.61M, Peak:30.61M | Scene, ViewLayer | Updating Lights | Computing tree
Fra:0 Mem:73.26M (Peak 73.26M) | Time:00:00.12 | Mem:30.61M, Peak:30.61M | Scene, ViewLayer | Updating Integrator
Fra:0 Mem:73.26M (Peak 73.26M) | Time:00:00.12 | Mem:30.61M, Peak:30.61M | Scene, ViewLayer | Updating Film
Fra:0 Mem:73.26M (Peak 73.26M) | Time:00:00.12 | Mem:30.53M, Peak:30.61M | Scene, ViewLayer | Updating Lookup Tables
Fra:0 Mem:73.26M (Peak 73.26M) | Time:00:00.12 | Mem:30.62M, Peak:30.62M | Scene, ViewLayer | Updating Baking
Fra:0 Mem:73.26M (Peak 73.26M) | Time:00:00.12 | Mem:30.62M, Peak:30.62M | Scene, ViewLayer | Updating Device | Writing constant memory
Fra:0 Mem:73.27M (Peak 73.27M) | Time:00:00.12 | Mem:30.62M, Peak:30.62M | Scene, ViewLayer | Sample 0/32
Fra:0 Mem:94.37M (Peak 94.37M) | Time:00:00.70 | Remaining:00:17.90 | Mem:51.72M, Peak:51.72M | Scene, ViewLayer | Sample 1/32
Fra:0 Mem:103.74M (Peak 122.49M) | Time:00:16.16 | Mem:51.72M, Peak:51.72M | Scene, ViewLayer | Sample 32/32
Fra:0 Mem:103.74M (Peak 122.49M) | Time:00:16.16 | Mem:51.72M, Peak:51.72M | Scene, ViewLayer | Finished
Saved: '/workspace/scratch/7c20b5ba4165/atlas-backlog-oct3/tools/assets/citizen-character-variants/qa/previews/driver-roadster-fit-lods-overcast.png'
Time: 00:16.23 (Saving: 00:00.07)

RENDERED driver-roadster-fit-lods-overcast
Extensions: writing cache failed ([Errno 30] Read-only file system: '/home/agent/.config/blender').
17:25:04 | INFO: Data are loaded, start creating Blender stuff
17:25:04 | INFO: Blender create Mesh node Tailored torso
17:25:04 | INFO: glTF import finished in 0.12s
17:25:04 | INFO: Data are loaded, start creating Blender stuff
17:25:04 | INFO: Blender create Mesh node Tailored torso
17:25:04 | INFO: glTF import finished in 0.11s
17:25:04 | INFO: Data are loaded, start creating Blender stuff
17:25:04 | INFO: Blender create Mesh node Tailored torso
17:25:04 | INFO: glTF import finished in 0.11s
Fra:0 Mem:36.88M (Peak 36.89M) | Time:00:00.00 | Mem:0.00M, Peak:0.00M | Scene, ViewLayer | Synchronizing object | QA-only-ground
Fra:0 Mem:36.88M (Peak 36.89M) | Time:00:00.00 | Mem:0.00M, Peak:0.00M | Scene, ViewLayer | Synchronizing object | LOD 0
Fra:0 Mem:36.89M (Peak 36.89M) | Time:00:00.00 | Mem:0.00M, Peak:0.00M | Scene, ViewLayer | Synchronizing object | driver-roadster-fit-body
Fra:0 Mem:36.98M (Peak 36.98M) | Time:00:00.00 | Mem:0.00M, Peak:0.00M | Scene, ViewLayer | Synchronizing object | LOD 1
Fra:0 Mem:37.37M (Peak 37.37M) | Time:00:00.00 | Mem:0.00M, Peak:0.00M | Scene, ViewLayer | Synchronizing object | LOD 2
Fra:0 Mem:37.40M (Peak 37.40M) | Time:00:00.00 | Mem:0.00M, Peak:0.00M | Scene, ViewLayer | Synchronizing object | driver-roadster-fit-body.002
Fra:0 Mem:51.49M (Peak 52.86M) | Time:00:00.03 | Mem:0.00M, Peak:0.00M | Scene, ViewLayer | Synchronizing object | driver-roadster-fit-body.001
Fra:0 Mem:58.34M (Peak 59.72M) | Time:00:00.06 | Mem:0.00M, Peak:0.00M | Scene, ViewLayer | Initializing
Fra:0 Mem:48.76M (Peak 59.72M) | Time:00:00.06 | Mem:0.00M, Peak:0.00M | Scene, ViewLayer | Updating Images | Loading Citizen_Normal-1024
Fra:0 Mem:48.76M (Peak 59.72M) | Time:00:00.06 | Mem:0.00M, Peak:0.00M | Scene, ViewLayer | Updating Images | Loading Citizen_BaseColor-1024
Fra:0 Mem:64.78M (Peak 72.78M) | Time:00:00.08 | Mem:4.00M, Peak:4.00M | Scene, ViewLayer | Updating Images | Loading Citizen_Roughness-1024
Fra:0 Mem:59.53M (Peak 72.78M) | Time:00:00.09 | Mem:12.00M, Peak:12.00M | Scene, ViewLayer | Waiting for render to start
Fra:0 Mem:59.53M (Peak 72.78M) | Time:00:00.09 | Mem:12.00M, Peak:12.00M | Scene, ViewLayer | Loading render kernels (may take a few minutes the first time)
Fra:0 Mem:59.53M (Peak 72.78M) | Time:00:00.09 | Mem:12.00M, Peak:12.00M | Scene, ViewLayer | Updating Scene
Fra:0 Mem:59.53M (Peak 72.78M) | Time:00:00.09 | Mem:12.00M, Peak:12.00M | Scene, ViewLayer | Updating Shaders
Fra:0 Mem:59.61M (Peak 72.78M) | Time:00:00.10 | Mem:12.01M, Peak:12.01M | Scene, ViewLayer | Updating Procedurals
Fra:0 Mem:59.61M (Peak 72.78M) | Time:00:00.10 | Mem:12.01M, Peak:12.01M | Scene, ViewLayer | Updating Background
Fra:0 Mem:59.61M (Peak 72.78M) | Time:00:00.10 | Mem:12.01M, Peak:12.01M | Scene, ViewLayer | Updating Camera
Fra:0 Mem:59.61M (Peak 72.78M) | Time:00:00.10 | Mem:12.01M, Peak:12.01M | Scene, ViewLayer | Updating Meshes Flags
Fra:0 Mem:59.61M (Peak 72.78M) | Time:00:00.10 | Mem:12.01M, Peak:12.01M | Scene, ViewLayer | Updating Objects
Fra:0 Mem:59.61M (Peak 72.78M) | Time:00:00.10 | Mem:12.01M, Peak:12.01M | Scene, ViewLayer | Updating Objects | Copying Transformations to device
Fra:0 Mem:59.62M (Peak 72.78M) | Time:00:00.10 | Mem:12.01M, Peak:12.01M | Scene, ViewLayer | Updating Objects | Applying Static Transformations
Fra:0 Mem:59.62M (Peak 72.78M) | Time:00:00.10 | Mem:12.01M, Peak:12.01M | Scene, ViewLayer | Updating Particle Systems
Fra:0 Mem:59.62M (Peak 72.78M) | Time:00:00.10 | Mem:12.01M, Peak:12.01M | Scene, ViewLayer | Updating Particle Systems | Copying Particles to device
Fra:0 Mem:59.62M (Peak 72.78M) | Time:00:00.10 | Mem:12.01M, Peak:12.01M | Scene, ViewLayer | Updating Meshes
Fra:0 Mem:61.15M (Peak 72.78M) | Time:00:00.10 | Mem:12.01M, Peak:12.01M | Scene, ViewLayer | Updating Mesh | Computing attributes
Fra:0 Mem:68.91M (Peak 72.78M) | Time:00:00.10 | Mem:12.01M, Peak:12.01M | Scene, ViewLayer | Updating Mesh | Copying Attributes to device
Fra:0 Mem:68.91M (Peak 72.78M) | Time:00:00.10 | Mem:19.77M, Peak:19.77M | Scene, ViewLayer | Updating Scene BVH | Building
Fra:0 Mem:68.91M (Peak 72.78M) | Time:00:00.10 | Mem:19.77M, Peak:19.77M | Scene, ViewLayer | Updating Scene BVH | Building BVH
Fra:0 Mem:68.91M (Peak 72.78M) | Time:00:00.10 | Mem:22.83M, Peak:22.83M | Scene, ViewLayer | Updating Scene BVH | Building BVH 0%
Fra:0 Mem:68.91M (Peak 72.78M) | Time:00:00.12 | Mem:26.16M, Peak:29.22M | Scene, ViewLayer | Updating Scene BVH | Copying BVH to device
Fra:0 Mem:68.91M (Peak 72.78M) | Time:00:00.12 | Mem:26.16M, Peak:29.22M | Scene, ViewLayer | Updating Mesh | Computing normals
Fra:0 Mem:73.28M (Peak 73.28M) | Time:00:00.12 | Mem:26.16M, Peak:29.22M | Scene, ViewLayer | Updating Mesh | Copying Mesh to device
Fra:0 Mem:73.28M (Peak 73.28M) | Time:00:00.12 | Mem:30.53M, Peak:30.53M | Scene, ViewLayer | Updating Objects Flags
Fra:0 Mem:73.28M (Peak 73.28M) | Time:00:00.12 | Mem:30.53M, Peak:30.53M | Scene, ViewLayer | Updating Primitive Offsets
Fra:0 Mem:73.28M (Peak 73.28M) | Time:00:00.12 | Mem:30.53M, Peak:30.53M | Scene, ViewLayer | Updating Images
Fra:0 Mem:73.28M (Peak 73.28M) | Time:00:00.12 | Mem:30.53M, Peak:30.53M | Scene, ViewLayer | Updating Camera Volume
Fra:0 Mem:73.28M (Peak 73.28M) | Time:00:00.12 | Mem:30.53M, Peak:30.53M | Scene, ViewLayer | Updating Lookup Tables
Fra:0 Mem:73.28M (Peak 73.28M) | Time:00:00.12 | Mem:30.61M, Peak:30.61M | Scene, ViewLayer | Updating Lights
Fra:0 Mem:73.28M (Peak 73.28M) | Time:00:00.12 | Mem:30.61M, Peak:30.61M | Scene, ViewLayer | Updating Lights | Computing tree
Fra:0 Mem:73.28M (Peak 73.28M) | Time:00:00.12 | Mem:30.61M, Peak:30.61M | Scene, ViewLayer | Updating Integrator
Fra:0 Mem:73.28M (Peak 73.28M) | Time:00:00.12 | Mem:30.61M, Peak:30.61M | Scene, ViewLayer | Updating Film
Fra:0 Mem:73.28M (Peak 73.28M) | Time:00:00.12 | Mem:30.53M, Peak:30.61M | Scene, ViewLayer | Updating Lookup Tables
Fra:0 Mem:73.28M (Peak 73.28M) | Time:00:00.12 | Mem:30.62M, Peak:30.62M | Scene, ViewLayer | Updating Baking
Fra:0 Mem:73.28M (Peak 73.28M) | Time:00:00.12 | Mem:30.62M, Peak:30.62M | Scene, ViewLayer | Updating Device | Writing constant memory
Fra:0 Mem:73.28M (Peak 73.28M) | Time:00:00.12 | Mem:30.62M, Peak:30.62M | Scene, ViewLayer | Sample 0/32
Fra:0 Mem:94.39M (Peak 94.39M) | Time:00:00.73 | Remaining:00:19.09 | Mem:51.72M, Peak:51.72M | Scene, ViewLayer | Sample 1/32
Fra:0 Mem:103.76M (Peak 122.51M) | Time:00:18.16 | Mem:51.72M, Peak:51.72M | Scene, ViewLayer | Sample 32/32
Fra:0 Mem:103.76M (Peak 122.51M) | Time:00:18.16 | Mem:51.72M, Peak:51.72M | Scene, ViewLayer | Finished
Saved: '/workspace/scratch/7c20b5ba4165/atlas-backlog-oct3/tools/assets/citizen-character-variants/qa/previews/driver-roadster-fit-lods-dusk.png'
Time: 00:18.23 (Saving: 00:00.07)

RENDERED driver-roadster-fit-lods-dusk
Extensions: writing cache failed ([Errno 30] Read-only file system: '/home/agent/.config/blender').
17:25:23 | INFO: Data are loaded, start creating Blender stuff
17:25:23 | INFO: Blender create Mesh node Tailored torso
17:25:23 | INFO: glTF import finished in 0.11s
17:25:23 | INFO: Data are loaded, start creating Blender stuff
17:25:23 | INFO: Blender create Mesh node Tailored torso
17:25:23 | INFO: glTF import finished in 0.10s
17:25:23 | INFO: Data are loaded, start creating Blender stuff
17:25:23 | INFO: Blender create Mesh node Tailored torso
17:25:23 | INFO: glTF import finished in 0.10s
Fra:0 Mem:36.88M (Peak 36.88M) | Time:00:00.00 | Mem:0.00M, Peak:0.00M | Scene, ViewLayer | Synchronizing object | QA-only-ground
Fra:0 Mem:36.88M (Peak 36.88M) | Time:00:00.00 | Mem:0.00M, Peak:0.00M | Scene, ViewLayer | Synchronizing object | LOD 0
Fra:0 Mem:36.90M (Peak 36.90M) | Time:00:00.00 | Mem:0.00M, Peak:0.00M | Scene, ViewLayer | Synchronizing object | driver-roadster-fit-body
Fra:0 Mem:36.98M (Peak 36.98M) | Time:00:00.00 | Mem:0.00M, Peak:0.00M | Scene, ViewLayer | Synchronizing object | LOD 1
Fra:0 Mem:37.37M (Peak 37.37M) | Time:00:00.00 | Mem:0.00M, Peak:0.00M | Scene, ViewLayer | Synchronizing object | LOD 2
Fra:0 Mem:37.40M (Peak 37.40M) | Time:00:00.00 | Mem:0.00M, Peak:0.00M | Scene, ViewLayer | Synchronizing object | driver-roadster-fit-body.002
Fra:0 Mem:51.49M (Peak 52.86M) | Time:00:00.04 | Mem:0.00M, Peak:0.00M | Scene, ViewLayer | Synchronizing object | driver-roadster-fit-body.001
Fra:0 Mem:58.35M (Peak 60.08M) | Time:00:00.07 | Mem:0.00M, Peak:0.00M | Scene, ViewLayer | Initializing
Fra:0 Mem:48.76M (Peak 60.08M) | Time:00:00.07 | Mem:0.00M, Peak:0.00M | Scene, ViewLayer | Updating Images | Loading Citizen_Normal-1024
Fra:0 Mem:48.76M (Peak 60.08M) | Time:00:00.07 | Mem:0.00M, Peak:0.00M | Scene, ViewLayer | Updating Images | Loading Citizen_BaseColor-1024
Fra:0 Mem:64.78M (Peak 72.78M) | Time:00:00.09 | Mem:4.00M, Peak:4.00M | Scene, ViewLayer | Updating Images | Loading Citizen_Roughness-1024
Fra:0 Mem:59.53M (Peak 72.78M) | Time:00:00.10 | Mem:12.00M, Peak:12.00M | Scene, ViewLayer | Waiting for render to start
Fra:0 Mem:59.53M (Peak 72.78M) | Time:00:00.10 | Mem:12.00M, Peak:12.00M | Scene, ViewLayer | Loading render kernels (may take a few minutes the first time)
Fra:0 Mem:59.53M (Peak 72.78M) | Time:00:00.10 | Mem:12.00M, Peak:12.00M | Scene, ViewLayer | Updating Scene
Fra:0 Mem:59.53M (Peak 72.78M) | Time:00:00.10 | Mem:12.00M, Peak:12.00M | Scene, ViewLayer | Updating Shaders
Fra:0 Mem:59.61M (Peak 72.78M) | Time:00:00.10 | Mem:12.01M, Peak:12.01M | Scene, ViewLayer | Updating Procedurals
Fra:0 Mem:59.61M (Peak 72.78M) | Time:00:00.10 | Mem:12.01M, Peak:12.01M | Scene, ViewLayer | Updating Background
Fra:0 Mem:59.61M (Peak 72.78M) | Time:00:00.10 | Mem:12.01M, Peak:12.01M | Scene, ViewLayer | Updating Camera
Fra:0 Mem:59.61M (Peak 72.78M) | Time:00:00.10 | Mem:12.01M, Peak:12.01M | Scene, ViewLayer | Updating Meshes Flags
Fra:0 Mem:59.61M (Peak 72.78M) | Time:00:00.10 | Mem:12.01M, Peak:12.01M | Scene, ViewLayer | Updating Objects
Fra:0 Mem:59.61M (Peak 72.78M) | Time:00:00.10 | Mem:12.01M, Peak:12.01M | Scene, ViewLayer | Updating Objects | Copying Transformations to device
Fra:0 Mem:59.62M (Peak 72.78M) | Time:00:00.10 | Mem:12.01M, Peak:12.01M | Scene, ViewLayer | Updating Objects | Applying Static Transformations
Fra:0 Mem:59.62M (Peak 72.78M) | Time:00:00.10 | Mem:12.01M, Peak:12.01M | Scene, ViewLayer | Updating Particle Systems
Fra:0 Mem:59.62M (Peak 72.78M) | Time:00:00.10 | Mem:12.01M, Peak:12.01M | Scene, ViewLayer | Updating Particle Systems | Copying Particles to device
Fra:0 Mem:59.62M (Peak 72.78M) | Time:00:00.10 | Mem:12.01M, Peak:12.01M | Scene, ViewLayer | Updating Meshes
Fra:0 Mem:61.15M (Peak 72.78M) | Time:00:00.10 | Mem:12.01M, Peak:12.01M | Scene, ViewLayer | Updating Mesh | Computing attributes
Fra:0 Mem:68.91M (Peak 72.78M) | Time:00:00.10 | Mem:12.01M, Peak:12.01M | Scene, ViewLayer | Updating Mesh | Copying Attributes to device
Fra:0 Mem:68.91M (Peak 72.78M) | Time:00:00.10 | Mem:19.77M, Peak:19.77M | Scene, ViewLayer | Updating Scene BVH | Building
Fra:0 Mem:68.91M (Peak 72.78M) | Time:00:00.10 | Mem:19.77M, Peak:19.77M | Scene, ViewLayer | Updating Scene BVH | Building BVH
Fra:0 Mem:68.91M (Peak 72.78M) | Time:00:00.10 | Mem:22.83M, Peak:22.83M | Scene, ViewLayer | Updating Scene BVH | Building BVH 0%
Fra:0 Mem:68.91M (Peak 72.78M) | Time:00:00.13 | Mem:26.16M, Peak:29.22M | Scene, ViewLayer | Updating Scene BVH | Copying BVH to device
Fra:0 Mem:68.91M (Peak 72.78M) | Time:00:00.13 | Mem:26.16M, Peak:29.22M | Scene, ViewLayer | Updating Mesh | Computing normals
Fra:0 Mem:73.28M (Peak 73.28M) | Time:00:00.13 | Mem:26.16M, Peak:29.22M | Scene, ViewLayer | Updating Mesh | Copying Mesh to device
Fra:0 Mem:73.28M (Peak 73.28M) | Time:00:00.13 | Mem:30.53M, Peak:30.53M | Scene, ViewLayer | Updating Objects Flags
Fra:0 Mem:73.28M (Peak 73.28M) | Time:00:00.13 | Mem:30.53M, Peak:30.53M | Scene, ViewLayer | Updating Primitive Offsets
Fra:0 Mem:73.28M (Peak 73.28M) | Time:00:00.13 | Mem:30.53M, Peak:30.53M | Scene, ViewLayer | Updating Images
Fra:0 Mem:73.28M (Peak 73.28M) | Time:00:00.13 | Mem:30.53M, Peak:30.53M | Scene, ViewLayer | Updating Camera Volume
Fra:0 Mem:73.28M (Peak 73.28M) | Time:00:00.13 | Mem:30.53M, Peak:30.53M | Scene, ViewLayer | Updating Lookup Tables
Fra:0 Mem:73.28M (Peak 73.28M) | Time:00:00.13 | Mem:30.61M, Peak:30.61M | Scene, ViewLayer | Updating Lights
Fra:0 Mem:73.28M (Peak 73.28M) | Time:00:00.13 | Mem:30.61M, Peak:30.61M | Scene, ViewLayer | Updating Lights | Computing tree
Fra:0 Mem:73.28M (Peak 73.28M) | Time:00:00.13 | Mem:30.61M, Peak:30.61M | Scene, ViewLayer | Updating Integrator
Fra:0 Mem:73.28M (Peak 73.28M) | Time:00:00.13 | Mem:30.61M, Peak:30.61M | Scene, ViewLayer | Updating Film
Fra:0 Mem:73.28M (Peak 73.28M) | Time:00:00.13 | Mem:30.53M, Peak:30.61M | Scene, ViewLayer | Updating Lookup Tables
Fra:0 Mem:73.28M (Peak 73.28M) | Time:00:00.13 | Mem:30.62M, Peak:30.62M | Scene, ViewLayer | Updating Baking
Fra:0 Mem:73.28M (Peak 73.28M) | Time:00:00.13 | Mem:30.62M, Peak:30.62M | Scene, ViewLayer | Updating Device | Writing constant memory
Fra:0 Mem:73.28M (Peak 73.28M) | Time:00:00.13 | Mem:30.62M, Peak:30.62M | Scene, ViewLayer | Sample 0/32
Fra:0 Mem:94.39M (Peak 94.39M) | Time:00:00.75 | Remaining:00:19.20 | Mem:51.72M, Peak:51.72M | Scene, ViewLayer | Sample 1/32
Fra:0 Mem:103.76M (Peak 122.51M) | Time:00:17.65 | Mem:51.72M, Peak:51.72M | Scene, ViewLayer | Sample 32/32
Fra:0 Mem:103.76M (Peak 122.51M) | Time:00:17.65 | Mem:51.72M, Peak:51.72M | Scene, ViewLayer | Finished
Saved: '/workspace/scratch/7c20b5ba4165/atlas-backlog-oct3/tools/assets/citizen-character-variants/qa/previews/driver-roadster-fit-lods-night.png'
Time: 00:17.72 (Saving: 00:00.07)

RENDERED driver-roadster-fit-lods-night

Blender quit
