Extensions: writing cache failed ([Errno 30] Read-only file system: '/home/agent/.config/blender').
17:04:51 | INFO: Data are loaded, start creating Blender stuff
17:04:51 | INFO: Blender create Mesh node Tailored torso
17:04:51 | INFO: glTF import finished in 0.12s
Blender 4.3.2
Fra:0 Mem:22.01M (Peak 22.01M) | Time:00:00.00 | Mem:0.00M, Peak:0.00M | Scene, ViewLayer | Synchronizing object | QA-only-ground
Fra:0 Mem:22.02M (Peak 22.02M) | Time:00:00.00 | Mem:0.00M, Peak:0.00M | Scene, ViewLayer | Synchronizing object | 1.75 m
Fra:0 Mem:22.05M (Peak 22.05M) | Time:00:00.00 | Mem:0.00M, Peak:0.00M | Scene, ViewLayer | Synchronizing object | driver-body
Fra:0 Mem:22.05M (Peak 22.05M) | Time:00:00.00 | Mem:0.00M, Peak:0.00M | Scene, ViewLayer | Synchronizing object | 1.81 m
Fra:0 Mem:24.16M (Peak 24.16M) | Time:00:00.00 | Mem:0.00M, Peak:0.00M | Scene, ViewLayer | Synchronizing object | 1 m
Fra:0 Mem:24.17M (Peak 24.17M) | Time:00:00.00 | Mem:0.00M, Peak:0.00M | Scene, ViewLayer | Synchronizing object | Cube
Fra:0 Mem:24.17M (Peak 24.17M) | Time:00:00.00 | Mem:0.00M, Peak:0.00M | Scene, ViewLayer | Synchronizing object | Sphere.013
Fra:0 Mem:24.18M (Peak 24.18M) | Time:00:00.00 | Mem:0.00M, Peak:0.00M | Scene, ViewLayer | Synchronizing object | Sphere.012
Fra:0 Mem:24.19M (Peak 24.19M) | Time:00:00.00 | Mem:0.00M, Peak:0.00M | Scene, ViewLayer | Synchronizing object | Sphere.011
Fra:0 Mem:24.20M (Peak 24.20M) | Time:00:00.00 | Mem:0.00M, Peak:0.00M | Scene, ViewLayer | Synchronizing object | Sphere.010
Fra:0 Mem:24.21M (Peak 24.21M) | Time:00:00.00 | Mem:0.00M, Peak:0.00M | Scene, ViewLayer | Synchronizing object | Sphere.009
Fra:0 Mem:24.22M (Peak 24.22M) | Time:00:00.00 | Mem:0.00M, Peak:0.00M | Scene, ViewLayer | Synchronizing object | Sphere.008
Fra:0 Mem:24.23M (Peak 24.23M) | Time:00:00.00 | Mem:0.00M, Peak:0.00M | Scene, ViewLayer | Synchronizing object | Sphere.007
Fra:0 Mem:24.24M (Peak 24.24M) | Time:00:00.00 | Mem:0.00M, Peak:0.00M | Scene, ViewLayer | Synchronizing object | Sphere.006
Fra:0 Mem:24.25M (Peak 24.25M) | Time:00:00.00 | Mem:0.00M, Peak:0.00M | Scene, ViewLayer | Synchronizing object | Sphere.005
Fra:0 Mem:24.25M (Peak 24.25M) | Time:00:00.00 | Mem:0.00M, Peak:0.00M | Scene, ViewLayer | Synchronizing object | Sphere.004
Fra:0 Mem:24.26M (Peak 24.26M) | Time:00:00.00 | Mem:0.00M, Peak:0.00M | Scene, ViewLayer | Synchronizing object | Sphere.003
Fra:0 Mem:24.27M (Peak 24.27M) | Time:00:00.00 | Mem:0.00M, Peak:0.00M | Scene, ViewLayer | Synchronizing object | Sphere.002
Fra:0 Mem:24.28M (Peak 24.28M) | Time:00:00.00 | Mem:0.00M, Peak:0.00M | Scene, ViewLayer | Synchronizing object | Sphere.001
Fra:0 Mem:24.29M (Peak 24.29M) | Time:00:00.00 | Mem:0.00M, Peak:0.00M | Scene, ViewLayer | Synchronizing object | Sphere
Fra:0 Mem:32.28M (Peak 33.14M) | Time:00:00.03 | Mem:0.00M, Peak:0.00M | Scene, ViewLayer | Initializing
Fra:0 Mem:28.51M (Peak 33.14M) | Time:00:00.03 | Mem:0.00M, Peak:0.00M | Scene, ViewLayer | Updating Images | Loading Citizen_BaseColor-1024
Fra:0 Mem:44.53M (Peak 52.53M) | Time:00:00.05 | Mem:4.00M, Peak:4.00M | Scene, ViewLayer | Updating Images | Loading Citizen_Roughness-1024
Fra:0 Mem:39.40M (Peak 52.53M) | Time:00:00.06 | Mem:12.00M, Peak:12.00M | Scene, ViewLayer | Waiting for render to start
Fra:0 Mem:39.40M (Peak 52.53M) | Time:00:00.06 | Mem:12.00M, Peak:12.00M | Scene, ViewLayer | Loading render kernels (may take a few minutes the first time)
Fra:0 Mem:39.40M (Peak 52.53M) | Time:00:00.06 | Mem:12.00M, Peak:12.00M | Scene, ViewLayer | Updating Scene
Fra:0 Mem:39.40M (Peak 52.53M) | Time:00:00.06 | Mem:12.00M, Peak:12.00M | Scene, ViewLayer | Updating Shaders
Fra:0 Mem:39.49M (Peak 52.53M) | Time:00:00.06 | Mem:12.00M, Peak:12.00M | Scene, ViewLayer | Updating Procedurals
Fra:0 Mem:39.49M (Peak 52.53M) | Time:00:00.06 | Mem:12.00M, Peak:12.00M | Scene, ViewLayer | Updating Background
Fra:0 Mem:39.49M (Peak 52.53M) | Time:00:00.06 | Mem:12.00M, Peak:12.00M | Scene, ViewLayer | Updating Camera
Fra:0 Mem:39.49M (Peak 52.53M) | Time:00:00.06 | Mem:12.00M, Peak:12.00M | Scene, ViewLayer | Updating Meshes Flags
Fra:0 Mem:39.49M (Peak 52.53M) | Time:00:00.06 | Mem:12.00M, Peak:12.00M | Scene, ViewLayer | Updating Objects
Fra:0 Mem:39.49M (Peak 52.53M) | Time:00:00.06 | Mem:12.00M, Peak:12.00M | Scene, ViewLayer | Updating Objects | Copying Transformations to device
Fra:0 Mem:39.49M (Peak 52.53M) | Time:00:00.06 | Mem:12.01M, Peak:12.01M | Scene, ViewLayer | Updating Objects | Applying Static Transformations
Fra:0 Mem:39.49M (Peak 52.53M) | Time:00:00.06 | Mem:12.01M, Peak:12.01M | Scene, ViewLayer | Updating Particle Systems
Fra:0 Mem:39.49M (Peak 52.53M) | Time:00:00.06 | Mem:12.01M, Peak:12.01M | Scene, ViewLayer | Updating Particle Systems | Copying Particles to device
Fra:0 Mem:39.49M (Peak 52.53M) | Time:00:00.06 | Mem:12.01M, Peak:12.01M | Scene, ViewLayer | Updating Meshes
Fra:0 Mem:40.11M (Peak 52.53M) | Time:00:00.06 | Mem:12.01M, Peak:12.01M | Scene, ViewLayer | Updating Mesh | Computing attributes
Fra:0 Mem:43.06M (Peak 52.53M) | Time:00:00.06 | Mem:12.01M, Peak:12.01M | Scene, ViewLayer | Updating Mesh | Copying Attributes to device
Fra:0 Mem:43.05M (Peak 52.53M) | Time:00:00.06 | Mem:14.96M, Peak:14.96M | Scene, ViewLayer | Updating Scene BVH | Building
Fra:0 Mem:43.05M (Peak 52.53M) | Time:00:00.06 | Mem:14.96M, Peak:14.96M | Scene, ViewLayer | Updating Scene BVH | Building BVH
Fra:0 Mem:43.05M (Peak 52.53M) | Time:00:00.06 | Mem:16.18M, Peak:16.18M | Scene, ViewLayer | Updating Scene BVH | Building BVH 0%
Fra:0 Mem:43.05M (Peak 52.53M) | Time:00:00.07 | Mem:17.52M, Peak:18.75M | Scene, ViewLayer | Updating Scene BVH | Copying BVH to device
Fra:0 Mem:43.05M (Peak 52.53M) | Time:00:00.07 | Mem:17.52M, Peak:18.75M | Scene, ViewLayer | Updating Mesh | Computing normals
Fra:0 Mem:44.76M (Peak 52.53M) | Time:00:00.07 | Mem:17.52M, Peak:18.75M | Scene, ViewLayer | Updating Mesh | Copying Mesh to device
Fra:0 Mem:44.76M (Peak 52.53M) | Time:00:00.07 | Mem:19.22M, Peak:19.22M | Scene, ViewLayer | Updating Objects Flags
Fra:0 Mem:44.76M (Peak 52.53M) | Time:00:00.07 | Mem:19.22M, Peak:19.22M | Scene, ViewLayer | Updating Primitive Offsets
Fra:0 Mem:44.76M (Peak 52.53M) | Time:00:00.07 | Mem:19.22M, Peak:19.22M | Scene, ViewLayer | Updating Images
Fra:0 Mem:44.76M (Peak 52.53M) | Time:00:00.07 | Mem:19.22M, Peak:19.22M | Scene, ViewLayer | Updating Camera Volume
Fra:0 Mem:44.76M (Peak 52.53M) | Time:00:00.07 | Mem:19.22M, Peak:19.22M | Scene, ViewLayer | Updating Lookup Tables
Fra:0 Mem:44.76M (Peak 52.53M) | Time:00:00.07 | Mem:19.30M, Peak:19.30M | Scene, ViewLayer | Updating Lights
Fra:0 Mem:44.76M (Peak 52.53M) | Time:00:00.07 | Mem:19.31M, Peak:19.31M | Scene, ViewLayer | Updating Lights | Computing tree
Fra:0 Mem:44.76M (Peak 52.53M) | Time:00:00.07 | Mem:19.31M, Peak:19.31M | Scene, ViewLayer | Updating Integrator
Fra:0 Mem:44.76M (Peak 52.53M) | Time:00:00.07 | Mem:19.31M, Peak:19.31M | Scene, ViewLayer | Updating Film
Fra:0 Mem:44.76M (Peak 52.53M) | Time:00:00.07 | Mem:19.22M, Peak:19.31M | Scene, ViewLayer | Updating Lookup Tables
Fra:0 Mem:44.76M (Peak 52.53M) | Time:00:00.07 | Mem:19.31M, Peak:19.31M | Scene, ViewLayer | Updating Baking
Fra:0 Mem:44.76M (Peak 52.53M) | Time:00:00.07 | Mem:19.31M, Peak:19.31M | Scene, ViewLayer | Updating Device | Writing constant memory
Fra:0 Mem:44.76M (Peak 52.53M) | Time:00:00.07 | Mem:19.31M, Peak:19.31M | Scene, ViewLayer | Sample 0/32
Fra:0 Mem:58.83M (Peak 58.83M) | Time:00:00.42 | Remaining:00:10.91 | Mem:33.38M, Peak:33.38M | Scene, ViewLayer | Sample 1/32
Fra:0 Mem:65.08M (Peak 77.58M) | Time:00:10.41 | Mem:33.38M, Peak:33.38M | Scene, ViewLayer | Sample 32/32
Fra:0 Mem:65.08M (Peak 77.58M) | Time:00:10.41 | Mem:33.38M, Peak:33.38M | Scene, ViewLayer | Finished
Saved: '/workspace/scratch/7c20b5ba4165/atlas-backlog-oct3/tools/assets/citizen-character-variants/qa/previews/driver-front.png'
Time: 00:10.57 (Saving: 00:00.15)

RENDERED driver-front
Extensions: writing cache failed ([Errno 30] Read-only file system: '/home/agent/.config/blender').
17:05:01 | INFO: Data are loaded, start creating Blender stuff
17:05:01 | INFO: Blender create Mesh node Tailored torso
17:05:02 | INFO: glTF import finished in 0.12s
Fra:0 Mem:24.01M (Peak 24.36M) | Time:00:00.00 | Mem:0.00M, Peak:0.00M | Scene, ViewLayer | Synchronizing object | QA-only-ground
Fra:0 Mem:24.02M (Peak 24.36M) | Time:00:00.00 | Mem:0.00M, Peak:0.00M | Scene, ViewLayer | Synchronizing object | 1.75 m
Fra:0 Mem:24.04M (Peak 24.36M) | Time:00:00.00 | Mem:0.00M, Peak:0.00M | Scene, ViewLayer | Synchronizing object | driver-body
Fra:0 Mem:24.12M (Peak 24.36M) | Time:00:00.00 | Mem:0.00M, Peak:0.00M | Scene, ViewLayer | Synchronizing object | 1.81 m
Fra:0 Mem:24.16M (Peak 24.36M) | Time:00:00.00 | Mem:0.00M, Peak:0.00M | Scene, ViewLayer | Synchronizing object | 1 m
Fra:0 Mem:24.17M (Peak 24.36M) | Time:00:00.00 | Mem:0.00M, Peak:0.00M | Scene, ViewLayer | Synchronizing object | Cube
Fra:0 Mem:24.17M (Peak 24.36M) | Time:00:00.00 | Mem:0.00M, Peak:0.00M | Scene, ViewLayer | Synchronizing object | Sphere.013
Fra:0 Mem:24.18M (Peak 24.36M) | Time:00:00.00 | Mem:0.00M, Peak:0.00M | Scene, ViewLayer | Synchronizing object | Sphere.012
Fra:0 Mem:24.19M (Peak 24.36M) | Time:00:00.00 | Mem:0.00M, Peak:0.00M | Scene, ViewLayer | Synchronizing object | Sphere.011
Fra:0 Mem:24.20M (Peak 24.36M) | Time:00:00.00 | Mem:0.00M, Peak:0.00M | Scene, ViewLayer | Synchronizing object | Sphere.010
Fra:0 Mem:24.21M (Peak 24.36M) | Time:00:00.00 | Mem:0.00M, Peak:0.00M | Scene, ViewLayer | Synchronizing object | Sphere.009
Fra:0 Mem:24.22M (Peak 24.36M) | Time:00:00.00 | Mem:0.00M, Peak:0.00M | Scene, ViewLayer | Synchronizing object | Sphere.008
Fra:0 Mem:24.23M (Peak 24.36M) | Time:00:00.00 | Mem:0.00M, Peak:0.00M | Scene, ViewLayer | Synchronizing object | Sphere.007
Fra:0 Mem:24.24M (Peak 24.36M) | Time:00:00.00 | Mem:0.00M, Peak:0.00M | Scene, ViewLayer | Synchronizing object | Sphere.006
Fra:0 Mem:24.25M (Peak 24.36M) | Time:00:00.00 | Mem:0.00M, Peak:0.00M | Scene, ViewLayer | Synchronizing object | Sphere.005
Fra:0 Mem:24.26M (Peak 24.36M) | Time:00:00.00 | Mem:0.00M, Peak:0.00M | Scene, ViewLayer | Synchronizing object | Sphere.004
Fra:0 Mem:24.26M (Peak 24.36M) | Time:00:00.00 | Mem:0.00M, Peak:0.00M | Scene, ViewLayer | Synchronizing object | Sphere.003
Fra:0 Mem:24.27M (Peak 24.36M) | Time:00:00.00 | Mem:0.00M, Peak:0.00M | Scene, ViewLayer | Synchronizing object | Sphere.002
Fra:0 Mem:24.28M (Peak 24.36M) | Time:00:00.00 | Mem:0.00M, Peak:0.00M | Scene, ViewLayer | Synchronizing object | Sphere.001
Fra:0 Mem:24.29M (Peak 24.36M) | Time:00:00.00 | Mem:0.00M, Peak:0.00M | Scene, ViewLayer | Synchronizing object | Sphere
Fra:0 Mem:32.28M (Peak 33.14M) | Time:00:00.04 | Mem:0.00M, Peak:0.00M | Scene, ViewLayer | Initializing
Fra:0 Mem:28.51M (Peak 33.14M) | Time:00:00.04 | Mem:0.00M, Peak:0.00M | Scene, ViewLayer | Updating Images | Loading Citizen_Normal-1024
Fra:0 Mem:28.51M (Peak 33.14M) | Time:00:00.04 | Mem:0.00M, Peak:0.00M | Scene, ViewLayer | Updating Images | Loading Citizen_BaseColor-1024
Fra:0 Mem:44.53M (Peak 52.53M) | Time:00:00.05 | Mem:4.00M, Peak:4.00M | Scene, ViewLayer | Updating Images | Loading Citizen_Roughness-1024
Fra:0 Mem:39.40M (Peak 52.53M) | Time:00:00.07 | Mem:12.00M, Peak:12.00M | Scene, ViewLayer | Waiting for render to start
Fra:0 Mem:39.40M (Peak 52.53M) | Time:00:00.07 | Mem:12.00M, Peak:12.00M | Scene, ViewLayer | Loading render kernels (may take a few minutes the first time)
Fra:0 Mem:39.40M (Peak 52.53M) | Time:00:00.07 | Mem:12.00M, Peak:12.00M | Scene, ViewLayer | Updating Scene
Fra:0 Mem:39.40M (Peak 52.53M) | Time:00:00.07 | Mem:12.00M, Peak:12.00M | Scene, ViewLayer | Updating Shaders
Fra:0 Mem:39.49M (Peak 52.53M) | Time:00:00.07 | Mem:12.00M, Peak:12.00M | Scene, ViewLayer | Updating Procedurals
Fra:0 Mem:39.49M (Peak 52.53M) | Time:00:00.07 | Mem:12.00M, Peak:12.00M | Scene, ViewLayer | Updating Background
Fra:0 Mem:39.49M (Peak 52.53M) | Time:00:00.07 | Mem:12.00M, Peak:12.00M | Scene, ViewLayer | Updating Camera
Fra:0 Mem:39.49M (Peak 52.53M) | Time:00:00.07 | Mem:12.00M, Peak:12.00M | Scene, ViewLayer | Updating Meshes Flags
Fra:0 Mem:39.49M (Peak 52.53M) | Time:00:00.07 | Mem:12.00M, Peak:12.00M | Scene, ViewLayer | Updating Objects
Fra:0 Mem:39.49M (Peak 52.53M) | Time:00:00.07 | Mem:12.00M, Peak:12.00M | Scene, ViewLayer | Updating Objects | Copying Transformations to device
Fra:0 Mem:39.49M (Peak 52.53M) | Time:00:00.07 | Mem:12.01M, Peak:12.01M | Scene, ViewLayer | Updating Objects | Applying Static Transformations
Fra:0 Mem:39.49M (Peak 52.53M) | Time:00:00.07 | Mem:12.01M, Peak:12.01M | Scene, ViewLayer | Updating Particle Systems
Fra:0 Mem:39.49M (Peak 52.53M) | Time:00:00.07 | Mem:12.01M, Peak:12.01M | Scene, ViewLayer | Updating Particle Systems | Copying Particles to device
Fra:0 Mem:39.49M (Peak 52.53M) | Time:00:00.07 | Mem:12.01M, Peak:12.01M | Scene, ViewLayer | Updating Meshes
Fra:0 Mem:40.11M (Peak 52.53M) | Time:00:00.07 | Mem:12.01M, Peak:12.01M | Scene, ViewLayer | Updating Mesh | Computing attributes
Fra:0 Mem:43.06M (Peak 52.53M) | Time:00:00.07 | Mem:12.01M, Peak:12.01M | Scene, ViewLayer | Updating Mesh | Copying Attributes to device
Fra:0 Mem:43.05M (Peak 52.53M) | Time:00:00.07 | Mem:14.96M, Peak:14.96M | Scene, ViewLayer | Updating Scene BVH | Building
Fra:0 Mem:43.05M (Peak 52.53M) | Time:00:00.07 | Mem:14.96M, Peak:14.96M | Scene, ViewLayer | Updating Scene BVH | Building BVH
Fra:0 Mem:43.05M (Peak 52.53M) | Time:00:00.07 | Mem:16.18M, Peak:16.18M | Scene, ViewLayer | Updating Scene BVH | Building BVH 0%
Fra:0 Mem:43.05M (Peak 52.53M) | Time:00:00.08 | Mem:17.52M, Peak:18.75M | Scene, ViewLayer | Updating Scene BVH | Copying BVH to device
Fra:0 Mem:43.05M (Peak 52.53M) | Time:00:00.08 | Mem:17.52M, Peak:18.75M | Scene, ViewLayer | Updating Mesh | Computing normals
Fra:0 Mem:44.76M (Peak 52.53M) | Time:00:00.08 | Mem:17.52M, Peak:18.75M | Scene, ViewLayer | Updating Mesh | Copying Mesh to device
Fra:0 Mem:44.76M (Peak 52.53M) | Time:00:00.08 | Mem:19.22M, Peak:19.22M | Scene, ViewLayer | Updating Objects Flags
Fra:0 Mem:44.76M (Peak 52.53M) | Time:00:00.08 | Mem:19.22M, Peak:19.22M | Scene, ViewLayer | Updating Primitive Offsets
Fra:0 Mem:44.76M (Peak 52.53M) | Time:00:00.08 | Mem:19.22M, Peak:19.22M | Scene, ViewLayer | Updating Images
Fra:0 Mem:44.76M (Peak 52.53M) | Time:00:00.08 | Mem:19.22M, Peak:19.22M | Scene, ViewLayer | Updating Camera Volume
Fra:0 Mem:44.76M (Peak 52.53M) | Time:00:00.08 | Mem:19.22M, Peak:19.22M | Scene, ViewLayer | Updating Lookup Tables
Fra:0 Mem:44.76M (Peak 52.53M) | Time:00:00.08 | Mem:19.30M, Peak:19.30M | Scene, ViewLayer | Updating Lights
Fra:0 Mem:44.76M (Peak 52.53M) | Time:00:00.08 | Mem:19.31M, Peak:19.31M | Scene, ViewLayer | Updating Lights | Computing tree
Fra:0 Mem:44.76M (Peak 52.53M) | Time:00:00.08 | Mem:19.31M, Peak:19.31M | Scene, ViewLayer | Updating Integrator
Fra:0 Mem:44.76M (Peak 52.53M) | Time:00:00.08 | Mem:19.31M, Peak:19.31M | Scene, ViewLayer | Updating Film
Fra:0 Mem:44.76M (Peak 52.53M) | Time:00:00.08 | Mem:19.22M, Peak:19.31M | Scene, ViewLayer | Updating Lookup Tables
Fra:0 Mem:44.76M (Peak 52.53M) | Time:00:00.08 | Mem:19.31M, Peak:19.31M | Scene, ViewLayer | Updating Baking
Fra:0 Mem:44.76M (Peak 52.53M) | Time:00:00.08 | Mem:19.31M, Peak:19.31M | Scene, ViewLayer | Updating Device | Writing constant memory
Fra:0 Mem:44.76M (Peak 52.53M) | Time:00:00.08 | Mem:19.31M, Peak:19.31M | Scene, ViewLayer | Sample 0/32
Fra:0 Mem:58.83M (Peak 58.83M) | Time:00:00.42 | Remaining:00:10.79 | Mem:33.38M, Peak:33.38M | Scene, ViewLayer | Sample 1/32
Fra:0 Mem:65.08M (Peak 77.58M) | Time:00:10.26 | Mem:33.38M, Peak:33.38M | Scene, ViewLayer | Sample 32/32
Fra:0 Mem:65.08M (Peak 77.58M) | Time:00:10.26 | Mem:33.38M, Peak:33.38M | Scene, ViewLayer | Finished
Saved: '/workspace/scratch/7c20b5ba4165/atlas-backlog-oct3/tools/assets/citizen-character-variants/qa/previews/driver-back.png'
Time: 00:10.31 (Saving: 00:00.05)

RENDERED driver-back
Extensions: writing cache failed ([Errno 30] Read-only file system: '/home/agent/.config/blender').
17:05:12 | INFO: Data are loaded, start creating Blender stuff
17:05:12 | INFO: Blender create Mesh node Tailored torso
17:05:12 | INFO: glTF import finished in 0.12s
Fra:0 Mem:24.01M (Peak 24.01M) | Time:00:00.00 | Mem:0.00M, Peak:0.00M | Scene, ViewLayer | Synchronizing object | QA-only-ground
Fra:0 Mem:24.02M (Peak 24.02M) | Time:00:00.00 | Mem:0.00M, Peak:0.00M | Scene, ViewLayer | Synchronizing object | 1.75 m
Fra:0 Mem:24.04M (Peak 24.04M) | Time:00:00.00 | Mem:0.00M, Peak:0.00M | Scene, ViewLayer | Synchronizing object | driver-body
Fra:0 Mem:24.12M (Peak 24.12M) | Time:00:00.00 | Mem:0.00M, Peak:0.00M | Scene, ViewLayer | Synchronizing object | 1.81 m
Fra:0 Mem:24.53M (Peak 24.53M) | Time:00:00.00 | Mem:0.00M, Peak:0.00M | Scene, ViewLayer | Synchronizing object | 1 m
Fra:0 Mem:24.54M (Peak 24.54M) | Time:00:00.00 | Mem:0.00M, Peak:0.00M | Scene, ViewLayer | Synchronizing object | Cube
Fra:0 Mem:24.54M (Peak 24.54M) | Time:00:00.00 | Mem:0.00M, Peak:0.00M | Scene, ViewLayer | Synchronizing object | Sphere.013
Fra:0 Mem:24.55M (Peak 24.55M) | Time:00:00.00 | Mem:0.00M, Peak:0.00M | Scene, ViewLayer | Synchronizing object | Sphere.012
Fra:0 Mem:24.56M (Peak 24.56M) | Time:00:00.00 | Mem:0.00M, Peak:0.00M | Scene, ViewLayer | Synchronizing object | Sphere.011
Fra:0 Mem:24.57M (Peak 24.57M) | Time:00:00.00 | Mem:0.00M, Peak:0.00M | Scene, ViewLayer | Synchronizing object | Sphere.010
Fra:0 Mem:26.31M (Peak 26.31M) | Time:00:00.00 | Mem:0.00M, Peak:0.00M | Scene, ViewLayer | Synchronizing object | Sphere.009
Fra:0 Mem:26.32M (Peak 26.32M) | Time:00:00.00 | Mem:0.00M, Peak:0.00M | Scene, ViewLayer | Synchronizing object | Sphere.008
Fra:0 Mem:26.33M (Peak 26.33M) | Time:00:00.00 | Mem:0.00M, Peak:0.00M | Scene, ViewLayer | Synchronizing object | Sphere.007
Fra:0 Mem:26.34M (Peak 26.34M) | Time:00:00.00 | Mem:0.00M, Peak:0.00M | Scene, ViewLayer | Synchronizing object | Sphere.006
Fra:0 Mem:26.35M (Peak 26.35M) | Time:00:00.00 | Mem:0.00M, Peak:0.00M | Scene, ViewLayer | Synchronizing object | Sphere.005
Fra:0 Mem:26.36M (Peak 26.36M) | Time:00:00.00 | Mem:0.00M, Peak:0.00M | Scene, ViewLayer | Synchronizing object | Sphere.004
Fra:0 Mem:26.36M (Peak 26.36M) | Time:00:00.00 | Mem:0.00M, Peak:0.00M | Scene, ViewLayer | Synchronizing object | Sphere.003
Fra:0 Mem:26.37M (Peak 26.37M) | Time:00:00.00 | Mem:0.00M, Peak:0.00M | Scene, ViewLayer | Synchronizing object | Sphere.002
Fra:0 Mem:26.38M (Peak 26.38M) | Time:00:00.00 | Mem:0.00M, Peak:0.00M | Scene, ViewLayer | Synchronizing object | Sphere.001
Fra:0 Mem:26.39M (Peak 26.39M) | Time:00:00.00 | Mem:0.00M, Peak:0.00M | Scene, ViewLayer | Synchronizing object | Sphere
Fra:0 Mem:32.28M (Peak 33.14M) | Time:00:00.03 | Mem:0.00M, Peak:0.00M | Scene, ViewLayer | Initializing
Fra:0 Mem:28.51M (Peak 33.14M) | Time:00:00.03 | Mem:0.00M, Peak:0.00M | Scene, ViewLayer | Updating Images | Loading Citizen_Normal-1024
Fra:0 Mem:28.51M (Peak 33.14M) | Time:00:00.03 | Mem:0.00M, Peak:0.00M | Scene, ViewLayer | Updating Images | Loading Citizen_BaseColor-1024
Fra:0 Mem:44.53M (Peak 52.53M) | Time:00:00.05 | Mem:4.00M, Peak:4.00M | Scene, ViewLayer | Updating Images | Loading Citizen_Roughness-1024
Fra:0 Mem:39.40M (Peak 52.53M) | Time:00:00.06 | Mem:12.00M, Peak:12.00M | Scene, ViewLayer | Waiting for render to start
Fra:0 Mem:39.40M (Peak 52.53M) | Time:00:00.06 | Mem:12.00M, Peak:12.00M | Scene, ViewLayer | Loading render kernels (may take a few minutes the first time)
Fra:0 Mem:39.40M (Peak 52.53M) | Time:00:00.06 | Mem:12.00M, Peak:12.00M | Scene, ViewLayer | Updating Scene
Fra:0 Mem:39.40M (Peak 52.53M) | Time:00:00.06 | Mem:12.00M, Peak:12.00M | Scene, ViewLayer | Updating Shaders
Fra:0 Mem:39.49M (Peak 52.53M) | Time:00:00.07 | Mem:12.00M, Peak:12.00M | Scene, ViewLayer | Updating Procedurals
Fra:0 Mem:39.49M (Peak 52.53M) | Time:00:00.07 | Mem:12.00M, Peak:12.00M | Scene, ViewLayer | Updating Background
Fra:0 Mem:39.49M (Peak 52.53M) | Time:00:00.07 | Mem:12.00M, Peak:12.00M | Scene, ViewLayer | Updating Camera
Fra:0 Mem:39.49M (Peak 52.53M) | Time:00:00.07 | Mem:12.00M, Peak:12.00M | Scene, ViewLayer | Updating Meshes Flags
Fra:0 Mem:39.49M (Peak 52.53M) | Time:00:00.07 | Mem:12.00M, Peak:12.00M | Scene, ViewLayer | Updating Objects
Fra:0 Mem:39.49M (Peak 52.53M) | Time:00:00.07 | Mem:12.00M, Peak:12.00M | Scene, ViewLayer | Updating Objects | Copying Transformations to device
Fra:0 Mem:39.49M (Peak 52.53M) | Time:00:00.07 | Mem:12.01M, Peak:12.01M | Scene, ViewLayer | Updating Objects | Applying Static Transformations
Fra:0 Mem:39.49M (Peak 52.53M) | Time:00:00.07 | Mem:12.01M, Peak:12.01M | Scene, ViewLayer | Updating Particle Systems
Fra:0 Mem:39.49M (Peak 52.53M) | Time:00:00.07 | Mem:12.01M, Peak:12.01M | Scene, ViewLayer | Updating Particle Systems | Copying Particles to device
Fra:0 Mem:39.49M (Peak 52.53M) | Time:00:00.07 | Mem:12.01M, Peak:12.01M | Scene, ViewLayer | Updating Meshes
Fra:0 Mem:40.11M (Peak 52.53M) | Time:00:00.07 | Mem:12.01M, Peak:12.01M | Scene, ViewLayer | Updating Mesh | Computing attributes
Fra:0 Mem:43.06M (Peak 52.53M) | Time:00:00.07 | Mem:12.01M, Peak:12.01M | Scene, ViewLayer | Updating Mesh | Copying Attributes to device
Fra:0 Mem:43.05M (Peak 52.53M) | Time:00:00.07 | Mem:14.96M, Peak:14.96M | Scene, ViewLayer | Updating Scene BVH | Building
Fra:0 Mem:43.05M (Peak 52.53M) | Time:00:00.07 | Mem:14.96M, Peak:14.96M | Scene, ViewLayer | Updating Scene BVH | Building BVH
Fra:0 Mem:43.05M (Peak 52.53M) | Time:00:00.07 | Mem:16.18M, Peak:16.18M | Scene, ViewLayer | Updating Scene BVH | Building BVH 0%
Fra:0 Mem:43.05M (Peak 52.53M) | Time:00:00.07 | Mem:17.52M, Peak:18.75M | Scene, ViewLayer | Updating Scene BVH | Copying BVH to device
Fra:0 Mem:43.05M (Peak 52.53M) | Time:00:00.07 | Mem:17.52M, Peak:18.75M | Scene, ViewLayer | Updating Mesh | Computing normals
Fra:0 Mem:44.76M (Peak 52.53M) | Time:00:00.07 | Mem:17.52M, Peak:18.75M | Scene, ViewLayer | Updating Mesh | Copying Mesh to device
Fra:0 Mem:44.76M (Peak 52.53M) | Time:00:00.07 | Mem:19.22M, Peak:19.22M | Scene, ViewLayer | Updating Objects Flags
Fra:0 Mem:44.76M (Peak 52.53M) | Time:00:00.07 | Mem:19.22M, Peak:19.22M | Scene, ViewLayer | Updating Primitive Offsets
Fra:0 Mem:44.76M (Peak 52.53M) | Time:00:00.07 | Mem:19.22M, Peak:19.22M | Scene, ViewLayer | Updating Images
Fra:0 Mem:44.76M (Peak 52.53M) | Time:00:00.07 | Mem:19.22M, Peak:19.22M | Scene, ViewLayer | Updating Camera Volume
Fra:0 Mem:44.76M (Peak 52.53M) | Time:00:00.07 | Mem:19.22M, Peak:19.22M | Scene, ViewLayer | Updating Lookup Tables
Fra:0 Mem:44.76M (Peak 52.53M) | Time:00:00.07 | Mem:19.30M, Peak:19.30M | Scene, ViewLayer | Updating Lights
Fra:0 Mem:44.76M (Peak 52.53M) | Time:00:00.07 | Mem:19.31M, Peak:19.31M | Scene, ViewLayer | Updating Lights | Computing tree
Fra:0 Mem:44.76M (Peak 52.53M) | Time:00:00.07 | Mem:19.31M, Peak:19.31M | Scene, ViewLayer | Updating Integrator
Fra:0 Mem:44.76M (Peak 52.53M) | Time:00:00.07 | Mem:19.31M, Peak:19.31M | Scene, ViewLayer | Updating Film
Fra:0 Mem:44.76M (Peak 52.53M) | Time:00:00.07 | Mem:19.22M, Peak:19.31M | Scene, ViewLayer | Updating Lookup Tables
Fra:0 Mem:44.76M (Peak 52.53M) | Time:00:00.07 | Mem:19.31M, Peak:19.31M | Scene, ViewLayer | Updating Baking
Fra:0 Mem:44.76M (Peak 52.53M) | Time:00:00.07 | Mem:19.31M, Peak:19.31M | Scene, ViewLayer | Updating Device | Writing constant memory
Fra:0 Mem:44.76M (Peak 52.53M) | Time:00:00.07 | Mem:19.31M, Peak:19.31M | Scene, ViewLayer | Sample 0/32
Fra:0 Mem:58.83M (Peak 58.83M) | Time:00:00.40 | Remaining:00:10.21 | Mem:33.38M, Peak:33.38M | Scene, ViewLayer | Sample 1/32
Fra:0 Mem:65.08M (Peak 77.58M) | Time:00:09.64 | Mem:33.38M, Peak:33.38M | Scene, ViewLayer | Sample 32/32
Fra:0 Mem:65.08M (Peak 77.58M) | Time:00:09.64 | Mem:33.38M, Peak:33.38M | Scene, ViewLayer | Finished
Saved: '/workspace/scratch/7c20b5ba4165/atlas-backlog-oct3/tools/assets/citizen-character-variants/qa/previews/driver-side.png'
Time: 00:09.69 (Saving: 00:00.04)

RENDERED driver-side
Extensions: writing cache failed ([Errno 30] Read-only file system: '/home/agent/.config/blender').
17:05:22 | INFO: Data are loaded, start creating Blender stuff
17:05:22 | INFO: Blender create Mesh node Tailored torso
17:05:22 | INFO: glTF import finished in 0.14s
17:05:22 | INFO: Data are loaded, start creating Blender stuff
17:05:22 | INFO: Blender create Mesh node Tailored torso
17:05:22 | INFO: glTF import finished in 0.10s
17:05:22 | INFO: Data are loaded, start creating Blender stuff
17:05:22 | INFO: Blender create Mesh node Tailored torso
17:05:22 | INFO: glTF import finished in 0.10s
Fra:0 Mem:36.88M (Peak 37.17M) | Time:00:00.00 | Mem:0.00M, Peak:0.00M | Scene, ViewLayer | Synchronizing object | QA-only-ground
Fra:0 Mem:36.88M (Peak 37.17M) | Time:00:00.00 | Mem:0.00M, Peak:0.00M | Scene, ViewLayer | Synchronizing object | LOD 0
Fra:0 Mem:36.88M (Peak 37.17M) | Time:00:00.00 | Mem:0.00M, Peak:0.00M | Scene, ViewLayer | Synchronizing object | driver-body
Fra:0 Mem:36.98M (Peak 37.17M) | Time:00:00.00 | Mem:0.00M, Peak:0.00M | Scene, ViewLayer | Synchronizing object | LOD 1
Fra:0 Mem:37.37M (Peak 37.37M) | Time:00:00.00 | Mem:0.00M, Peak:0.00M | Scene, ViewLayer | Synchronizing object | LOD 2
Fra:0 Mem:37.40M (Peak 37.40M) | Time:00:00.00 | Mem:0.00M, Peak:0.00M | Scene, ViewLayer | Synchronizing object | driver-body.002
Fra:0 Mem:51.49M (Peak 52.86M) | Time:00:00.03 | Mem:0.00M, Peak:0.00M | Scene, ViewLayer | Synchronizing object | driver-body.001
Fra:0 Mem:58.34M (Peak 59.07M) | Time:00:00.06 | Mem:0.00M, Peak:0.00M | Scene, ViewLayer | Initializing
Fra:0 Mem:48.76M (Peak 59.07M) | Time:00:00.06 | Mem:0.00M, Peak:0.00M | Scene, ViewLayer | Updating Images | Loading Citizen_Normal-1024
Fra:0 Mem:48.76M (Peak 59.07M) | Time:00:00.06 | Mem:0.00M, Peak:0.00M | Scene, ViewLayer | Updating Images | Loading Citizen_BaseColor-1024
Fra:0 Mem:64.78M (Peak 72.78M) | Time:00:00.07 | Mem:4.00M, Peak:4.00M | Scene, ViewLayer | Updating Images | Loading Citizen_Roughness-1024
Fra:0 Mem:59.52M (Peak 72.78M) | Time:00:00.09 | Mem:12.00M, Peak:12.00M | Scene, ViewLayer | Waiting for render to start
Fra:0 Mem:59.53M (Peak 72.78M) | Time:00:00.09 | Mem:12.00M, Peak:12.00M | Scene, ViewLayer | Loading render kernels (may take a few minutes the first time)
Fra:0 Mem:59.53M (Peak 72.78M) | Time:00:00.09 | Mem:12.00M, Peak:12.00M | Scene, ViewLayer | Updating Scene
Fra:0 Mem:59.53M (Peak 72.78M) | Time:00:00.09 | Mem:12.00M, Peak:12.00M | Scene, ViewLayer | Updating Shaders
Fra:0 Mem:59.61M (Peak 72.78M) | Time:00:00.09 | Mem:12.01M, Peak:12.01M | Scene, ViewLayer | Updating Procedurals
Fra:0 Mem:59.61M (Peak 72.78M) | Time:00:00.09 | Mem:12.01M, Peak:12.01M | Scene, ViewLayer | Updating Background
Fra:0 Mem:59.61M (Peak 72.78M) | Time:00:00.09 | Mem:12.01M, Peak:12.01M | Scene, ViewLayer | Updating Camera
Fra:0 Mem:59.61M (Peak 72.78M) | Time:00:00.09 | Mem:12.01M, Peak:12.01M | Scene, ViewLayer | Updating Meshes Flags
Fra:0 Mem:59.61M (Peak 72.78M) | Time:00:00.09 | Mem:12.01M, Peak:12.01M | Scene, ViewLayer | Updating Objects
Fra:0 Mem:59.61M (Peak 72.78M) | Time:00:00.09 | Mem:12.01M, Peak:12.01M | Scene, ViewLayer | Updating Objects | Copying Transformations to device
Fra:0 Mem:59.61M (Peak 72.78M) | Time:00:00.09 | Mem:12.01M, Peak:12.01M | Scene, ViewLayer | Updating Objects | Applying Static Transformations
Fra:0 Mem:59.61M (Peak 72.78M) | Time:00:00.09 | Mem:12.01M, Peak:12.01M | Scene, ViewLayer | Updating Particle Systems
Fra:0 Mem:59.61M (Peak 72.78M) | Time:00:00.09 | Mem:12.01M, Peak:12.01M | Scene, ViewLayer | Updating Particle Systems | Copying Particles to device
Fra:0 Mem:59.61M (Peak 72.78M) | Time:00:00.09 | Mem:12.01M, Peak:12.01M | Scene, ViewLayer | Updating Meshes
Fra:0 Mem:61.14M (Peak 72.78M) | Time:00:00.09 | Mem:12.01M, Peak:12.01M | Scene, ViewLayer | Updating Mesh | Computing attributes
Fra:0 Mem:68.91M (Peak 72.78M) | Time:00:00.09 | Mem:12.01M, Peak:12.01M | Scene, ViewLayer | Updating Mesh | Copying Attributes to device
Fra:0 Mem:68.91M (Peak 72.78M) | Time:00:00.09 | Mem:19.77M, Peak:19.77M | Scene, ViewLayer | Updating Scene BVH | Building
Fra:0 Mem:68.91M (Peak 72.78M) | Time:00:00.09 | Mem:19.77M, Peak:19.77M | Scene, ViewLayer | Updating Scene BVH | Building BVH
Fra:0 Mem:68.91M (Peak 72.78M) | Time:00:00.09 | Mem:22.83M, Peak:22.83M | Scene, ViewLayer | Updating Scene BVH | Building BVH 0%
Fra:0 Mem:68.91M (Peak 72.78M) | Time:00:00.11 | Mem:26.16M, Peak:29.22M | Scene, ViewLayer | Updating Scene BVH | Copying BVH to device
Fra:0 Mem:68.91M (Peak 72.78M) | Time:00:00.11 | Mem:26.16M, Peak:29.22M | Scene, ViewLayer | Updating Mesh | Computing normals
Fra:0 Mem:73.28M (Peak 73.28M) | Time:00:00.11 | Mem:26.16M, Peak:29.22M | Scene, ViewLayer | Updating Mesh | Copying Mesh to device
Fra:0 Mem:73.28M (Peak 73.28M) | Time:00:00.11 | Mem:30.53M, Peak:30.53M | Scene, ViewLayer | Updating Objects Flags
Fra:0 Mem:73.28M (Peak 73.28M) | Time:00:00.11 | Mem:30.53M, Peak:30.53M | Scene, ViewLayer | Updating Primitive Offsets
Fra:0 Mem:73.28M (Peak 73.28M) | Time:00:00.11 | Mem:30.53M, Peak:30.53M | Scene, ViewLayer | Updating Images
Fra:0 Mem:73.28M (Peak 73.28M) | Time:00:00.11 | Mem:30.53M, Peak:30.53M | Scene, ViewLayer | Updating Camera Volume
Fra:0 Mem:73.28M (Peak 73.28M) | Time:00:00.11 | Mem:30.53M, Peak:30.53M | Scene, ViewLayer | Updating Lookup Tables
Fra:0 Mem:73.28M (Peak 73.28M) | Time:00:00.11 | Mem:30.61M, Peak:30.61M | Scene, ViewLayer | Updating Lights
Fra:0 Mem:73.28M (Peak 73.28M) | Time:00:00.11 | Mem:30.61M, Peak:30.61M | Scene, ViewLayer | Updating Lights | Computing tree
Fra:0 Mem:73.28M (Peak 73.28M) | Time:00:00.11 | Mem:30.61M, Peak:30.61M | Scene, ViewLayer | Updating Integrator
Fra:0 Mem:73.28M (Peak 73.28M) | Time:00:00.11 | Mem:30.61M, Peak:30.61M | Scene, ViewLayer | Updating Film
Fra:0 Mem:73.28M (Peak 73.28M) | Time:00:00.11 | Mem:30.53M, Peak:30.61M | Scene, ViewLayer | Updating Lookup Tables
Fra:0 Mem:73.28M (Peak 73.28M) | Time:00:00.11 | Mem:30.62M, Peak:30.62M | Scene, ViewLayer | Updating Baking
Fra:0 Mem:73.28M (Peak 73.28M) | Time:00:00.11 | Mem:30.62M, Peak:30.62M | Scene, ViewLayer | Updating Device | Writing constant memory
Fra:0 Mem:73.28M (Peak 73.28M) | Time:00:00.11 | Mem:30.62M, Peak:30.62M | Scene, ViewLayer | Sample 0/32
Fra:0 Mem:94.38M (Peak 94.38M) | Time:00:00.72 | Remaining:00:18.84 | Mem:51.72M, Peak:51.72M | Scene, ViewLayer | Sample 1/32
Fra:0 Mem:103.76M (Peak 122.51M) | Time:00:18.22 | Mem:51.72M, Peak:51.72M | Scene, ViewLayer | Sample 32/32
Fra:0 Mem:103.76M (Peak 122.51M) | Time:00:18.22 | Mem:51.72M, Peak:51.72M | Scene, ViewLayer | Finished
Saved: '/workspace/scratch/7c20b5ba4165/atlas-backlog-oct3/tools/assets/citizen-character-variants/qa/previews/driver-lods-sunny.png'
Time: 00:18.29 (Saving: 00:00.07)

RENDERED driver-lods-sunny
Extensions: writing cache failed ([Errno 30] Read-only file system: '/home/agent/.config/blender').
17:05:41 | INFO: Data are loaded, start creating Blender stuff
17:05:41 | INFO: Blender create Mesh node Tailored torso
17:05:41 | INFO: glTF import finished in 0.11s
17:05:41 | INFO: Data are loaded, start creating Blender stuff
17:05:41 | INFO: Blender create Mesh node Tailored torso
17:05:41 | INFO: glTF import finished in 0.10s
17:05:41 | INFO: Data are loaded, start creating Blender stuff
17:05:41 | INFO: Blender create Mesh node Tailored torso
17:05:41 | INFO: glTF import finished in 0.10s
Fra:0 Mem:36.85M (Peak 36.85M) | Time:00:00.00 | Mem:0.00M, Peak:0.00M | Scene, ViewLayer | Synchronizing object | QA-only-ground
Fra:0 Mem:36.85M (Peak 36.85M) | Time:00:00.00 | Mem:0.00M, Peak:0.00M | Scene, ViewLayer | Synchronizing object | LOD 0
Fra:0 Mem:36.87M (Peak 36.87M) | Time:00:00.00 | Mem:0.00M, Peak:0.00M | Scene, ViewLayer | Synchronizing object | driver-body
Fra:0 Mem:36.95M (Peak 36.95M) | Time:00:00.00 | Mem:0.00M, Peak:0.00M | Scene, ViewLayer | Synchronizing object | LOD 1
Fra:0 Mem:36.90M (Peak 36.95M) | Time:00:00.00 | Mem:0.00M, Peak:0.00M | Scene, ViewLayer | Synchronizing object | LOD 2
Fra:0 Mem:37.36M (Peak 37.36M) | Time:00:00.00 | Mem:0.00M, Peak:0.00M | Scene, ViewLayer | Synchronizing object | driver-body.002
Fra:0 Mem:51.46M (Peak 52.83M) | Time:00:00.03 | Mem:0.00M, Peak:0.00M | Scene, ViewLayer | Synchronizing object | driver-body.001
Fra:0 Mem:58.31M (Peak 59.04M) | Time:00:00.06 | Mem:0.00M, Peak:0.00M | Scene, ViewLayer | Initializing
Fra:0 Mem:48.73M (Peak 59.04M) | Time:00:00.06 | Mem:0.00M, Peak:0.00M | Scene, ViewLayer | Updating Images | Loading Citizen_Normal-1024
Fra:0 Mem:48.73M (Peak 59.04M) | Time:00:00.06 | Mem:0.00M, Peak:0.00M | Scene, ViewLayer | Updating Images | Loading Citizen_BaseColor-1024
Fra:0 Mem:64.75M (Peak 72.75M) | Time:00:00.07 | Mem:4.00M, Peak:4.00M | Scene, ViewLayer | Updating Images | Loading Citizen_Roughness-1024
Fra:0 Mem:59.51M (Peak 72.75M) | Time:00:00.09 | Mem:12.00M, Peak:12.00M | Scene, ViewLayer | Waiting for render to start
Fra:0 Mem:59.51M (Peak 72.75M) | Time:00:00.09 | Mem:12.00M, Peak:12.00M | Scene, ViewLayer | Loading render kernels (may take a few minutes the first time)
Fra:0 Mem:59.51M (Peak 72.75M) | Time:00:00.09 | Mem:12.00M, Peak:12.00M | Scene, ViewLayer | Updating Scene
Fra:0 Mem:59.51M (Peak 72.75M) | Time:00:00.09 | Mem:12.00M, Peak:12.00M | Scene, ViewLayer | Updating Shaders
Fra:0 Mem:59.60M (Peak 72.75M) | Time:00:00.09 | Mem:12.01M, Peak:12.01M | Scene, ViewLayer | Updating Procedurals
Fra:0 Mem:59.60M (Peak 72.75M) | Time:00:00.09 | Mem:12.01M, Peak:12.01M | Scene, ViewLayer | Updating Background
Fra:0 Mem:59.60M (Peak 72.75M) | Time:00:00.09 | Mem:12.01M, Peak:12.01M | Scene, ViewLayer | Updating Camera
Fra:0 Mem:59.60M (Peak 72.75M) | Time:00:00.09 | Mem:12.01M, Peak:12.01M | Scene, ViewLayer | Updating Meshes Flags
Fra:0 Mem:59.60M (Peak 72.75M) | Time:00:00.09 | Mem:12.01M, Peak:12.01M | Scene, ViewLayer | Updating Objects
Fra:0 Mem:59.60M (Peak 72.75M) | Time:00:00.09 | Mem:12.01M, Peak:12.01M | Scene, ViewLayer | Updating Objects | Copying Transformations to device
Fra:0 Mem:59.60M (Peak 72.75M) | Time:00:00.09 | Mem:12.01M, Peak:12.01M | Scene, ViewLayer | Updating Objects | Applying Static Transformations
Fra:0 Mem:59.60M (Peak 72.75M) | Time:00:00.09 | Mem:12.01M, Peak:12.01M | Scene, ViewLayer | Updating Particle Systems
Fra:0 Mem:59.60M (Peak 72.75M) | Time:00:00.09 | Mem:12.01M, Peak:12.01M | Scene, ViewLayer | Updating Particle Systems | Copying Particles to device
Fra:0 Mem:59.60M (Peak 72.75M) | Time:00:00.09 | Mem:12.01M, Peak:12.01M | Scene, ViewLayer | Updating Meshes
Fra:0 Mem:61.13M (Peak 72.75M) | Time:00:00.09 | Mem:12.01M, Peak:12.01M | Scene, ViewLayer | Updating Mesh | Computing attributes
Fra:0 Mem:68.89M (Peak 72.75M) | Time:00:00.09 | Mem:12.01M, Peak:12.01M | Scene, ViewLayer | Updating Mesh | Copying Attributes to device
Fra:0 Mem:68.89M (Peak 72.75M) | Time:00:00.09 | Mem:19.77M, Peak:19.77M | Scene, ViewLayer | Updating Scene BVH | Building
Fra:0 Mem:68.89M (Peak 72.75M) | Time:00:00.09 | Mem:19.77M, Peak:19.77M | Scene, ViewLayer | Updating Scene BVH | Building BVH
Fra:0 Mem:68.89M (Peak 72.75M) | Time:00:00.09 | Mem:22.83M, Peak:22.83M | Scene, ViewLayer | Updating Scene BVH | Building BVH 0%
Fra:0 Mem:68.89M (Peak 72.75M) | Time:00:00.11 | Mem:26.16M, Peak:29.22M | Scene, ViewLayer | Updating Scene BVH | Copying BVH to device
Fra:0 Mem:68.89M (Peak 72.75M) | Time:00:00.11 | Mem:26.16M, Peak:29.22M | Scene, ViewLayer | Updating Mesh | Computing normals
Fra:0 Mem:73.26M (Peak 73.26M) | Time:00:00.11 | Mem:26.16M, Peak:29.22M | Scene, ViewLayer | Updating Mesh | Copying Mesh to device
Fra:0 Mem:73.26M (Peak 73.26M) | Time:00:00.11 | Mem:30.53M, Peak:30.53M | Scene, ViewLayer | Updating Objects Flags
Fra:0 Mem:73.26M (Peak 73.26M) | Time:00:00.11 | Mem:30.53M, Peak:30.53M | Scene, ViewLayer | Updating Primitive Offsets
Fra:0 Mem:73.26M (Peak 73.26M) | Time:00:00.11 | Mem:30.53M, Peak:30.53M | Scene, ViewLayer | Updating Images
Fra:0 Mem:73.26M (Peak 73.26M) | Time:00:00.11 | Mem:30.53M, Peak:30.53M | Scene, ViewLayer | Updating Camera Volume
Fra:0 Mem:73.26M (Peak 73.26M) | Time:00:00.11 | Mem:30.53M, Peak:30.53M | Scene, ViewLayer | Updating Lookup Tables
Fra:0 Mem:73.26M (Peak 73.26M) | Time:00:00.11 | Mem:30.61M, Peak:30.61M | Scene, ViewLayer | Updating Lights
Fra:0 Mem:73.26M (Peak 73.26M) | Time:00:00.11 | Mem:30.61M, Peak:30.61M | Scene, ViewLayer | Updating Lights | Computing tree
Fra:0 Mem:73.26M (Peak 73.26M) | Time:00:00.11 | Mem:30.61M, Peak:30.61M | Scene, ViewLayer | Updating Integrator
Fra:0 Mem:73.26M (Peak 73.26M) | Time:00:00.11 | Mem:30.61M, Peak:30.61M | Scene, ViewLayer | Updating Film
Fra:0 Mem:73.26M (Peak 73.26M) | Time:00:00.11 | Mem:30.53M, Peak:30.61M | Scene, ViewLayer | Updating Lookup Tables
Fra:0 Mem:73.26M (Peak 73.26M) | Time:00:00.11 | Mem:30.62M, Peak:30.62M | Scene, ViewLayer | Updating Baking
Fra:0 Mem:73.26M (Peak 73.26M) | Time:00:00.11 | Mem:30.62M, Peak:30.62M | Scene, ViewLayer | Updating Device | Writing constant memory
Fra:0 Mem:73.27M (Peak 73.27M) | Time:00:00.11 | Mem:30.62M, Peak:30.62M | Scene, ViewLayer | Sample 0/32
Fra:0 Mem:94.37M (Peak 94.37M) | Time:00:00.73 | Remaining:00:19.34 | Mem:51.72M, Peak:51.72M | Scene, ViewLayer | Sample 1/32
Fra:0 Mem:103.74M (Peak 122.49M) | Time:00:16.54 | Mem:51.72M, Peak:51.72M | Scene, ViewLayer | Sample 32/32
Fra:0 Mem:103.74M (Peak 122.49M) | Time:00:16.54 | Mem:51.72M, Peak:51.72M | Scene, ViewLayer | Finished
Saved: '/workspace/scratch/7c20b5ba4165/atlas-backlog-oct3/tools/assets/citizen-character-variants/qa/previews/driver-lods-overcast.png'
Time: 00:16.62 (Saving: 00:00.07)

RENDERED driver-lods-overcast
Extensions: writing cache failed ([Errno 30] Read-only file system: '/home/agent/.config/blender').
17:05:58 | INFO: Data are loaded, start creating Blender stuff
17:05:58 | INFO: Blender create Mesh node Tailored torso
17:05:58 | INFO: glTF import finished in 0.12s
17:05:58 | INFO: Data are loaded, start creating Blender stuff
17:05:58 | INFO: Blender create Mesh node Tailored torso
17:05:58 | INFO: glTF import finished in 0.11s
17:05:58 | INFO: Data are loaded, start creating Blender stuff
17:05:58 | INFO: Blender create Mesh node Tailored torso
17:05:58 | INFO: glTF import finished in 0.10s
Fra:0 Mem:36.88M (Peak 36.88M) | Time:00:00.00 | Mem:0.00M, Peak:0.00M | Scene, ViewLayer | Synchronizing object | QA-only-ground
Fra:0 Mem:36.88M (Peak 36.88M) | Time:00:00.00 | Mem:0.00M, Peak:0.00M | Scene, ViewLayer | Synchronizing object | LOD 0
Fra:0 Mem:36.90M (Peak 36.90M) | Time:00:00.00 | Mem:0.00M, Peak:0.00M | Scene, ViewLayer | Synchronizing object | driver-body
Fra:0 Mem:36.98M (Peak 36.98M) | Time:00:00.00 | Mem:0.00M, Peak:0.00M | Scene, ViewLayer | Synchronizing object | LOD 1
Fra:0 Mem:37.37M (Peak 37.37M) | Time:00:00.00 | Mem:0.00M, Peak:0.00M | Scene, ViewLayer | Synchronizing object | LOD 2
Fra:0 Mem:37.40M (Peak 37.40M) | Time:00:00.00 | Mem:0.00M, Peak:0.00M | Scene, ViewLayer | Synchronizing object | driver-body.002
Fra:0 Mem:51.49M (Peak 52.86M) | Time:00:00.03 | Mem:0.00M, Peak:0.00M | Scene, ViewLayer | Synchronizing object | driver-body.001
Fra:0 Mem:58.34M (Peak 60.08M) | Time:00:00.07 | Mem:0.00M, Peak:0.00M | Scene, ViewLayer | Initializing
Fra:0 Mem:48.76M (Peak 60.08M) | Time:00:00.07 | Mem:0.00M, Peak:0.00M | Scene, ViewLayer | Updating Images | Loading Citizen_Normal-1024
Fra:0 Mem:48.76M (Peak 60.08M) | Time:00:00.07 | Mem:0.00M, Peak:0.00M | Scene, ViewLayer | Updating Images | Loading Citizen_BaseColor-1024
Fra:0 Mem:56.77M (Peak 64.77M) | Time:00:00.09 | Mem:4.00M, Peak:4.00M | Scene, ViewLayer | Updating Images | Loading Citizen_Roughness-1024
Fra:0 Mem:59.53M (Peak 68.78M) | Time:00:00.10 | Mem:12.00M, Peak:12.00M | Scene, ViewLayer | Waiting for render to start
Fra:0 Mem:59.53M (Peak 68.78M) | Time:00:00.10 | Mem:12.00M, Peak:12.00M | Scene, ViewLayer | Loading render kernels (may take a few minutes the first time)
Fra:0 Mem:59.53M (Peak 68.78M) | Time:00:00.10 | Mem:12.00M, Peak:12.00M | Scene, ViewLayer | Updating Scene
Fra:0 Mem:59.53M (Peak 68.78M) | Time:00:00.10 | Mem:12.00M, Peak:12.00M | Scene, ViewLayer | Updating Shaders
Fra:0 Mem:59.61M (Peak 68.78M) | Time:00:00.10 | Mem:12.01M, Peak:12.01M | Scene, ViewLayer | Updating Procedurals
Fra:0 Mem:59.61M (Peak 68.78M) | Time:00:00.10 | Mem:12.01M, Peak:12.01M | Scene, ViewLayer | Updating Background
Fra:0 Mem:59.61M (Peak 68.78M) | Time:00:00.10 | Mem:12.01M, Peak:12.01M | Scene, ViewLayer | Updating Camera
Fra:0 Mem:59.61M (Peak 68.78M) | Time:00:00.10 | Mem:12.01M, Peak:12.01M | Scene, ViewLayer | Updating Meshes Flags
Fra:0 Mem:59.61M (Peak 68.78M) | Time:00:00.10 | Mem:12.01M, Peak:12.01M | Scene, ViewLayer | Updating Objects
Fra:0 Mem:59.61M (Peak 68.78M) | Time:00:00.10 | Mem:12.01M, Peak:12.01M | Scene, ViewLayer | Updating Objects | Copying Transformations to device
Fra:0 Mem:59.61M (Peak 68.78M) | Time:00:00.10 | Mem:12.01M, Peak:12.01M | Scene, ViewLayer | Updating Objects | Applying Static Transformations
Fra:0 Mem:59.61M (Peak 68.78M) | Time:00:00.10 | Mem:12.01M, Peak:12.01M | Scene, ViewLayer | Updating Particle Systems
Fra:0 Mem:59.61M (Peak 68.78M) | Time:00:00.10 | Mem:12.01M, Peak:12.01M | Scene, ViewLayer | Updating Particle Systems | Copying Particles to device
Fra:0 Mem:59.61M (Peak 68.78M) | Time:00:00.10 | Mem:12.01M, Peak:12.01M | Scene, ViewLayer | Updating Meshes
Fra:0 Mem:61.14M (Peak 68.78M) | Time:00:00.10 | Mem:12.01M, Peak:12.01M | Scene, ViewLayer | Updating Mesh | Computing attributes
Fra:0 Mem:68.91M (Peak 68.91M) | Time:00:00.10 | Mem:12.01M, Peak:12.01M | Scene, ViewLayer | Updating Mesh | Copying Attributes to device
Fra:0 Mem:68.91M (Peak 68.91M) | Time:00:00.10 | Mem:19.77M, Peak:19.77M | Scene, ViewLayer | Updating Scene BVH | Building
Fra:0 Mem:68.91M (Peak 68.91M) | Time:00:00.10 | Mem:19.77M, Peak:19.77M | Scene, ViewLayer | Updating Scene BVH | Building BVH
Fra:0 Mem:68.91M (Peak 68.91M) | Time:00:00.10 | Mem:22.83M, Peak:22.83M | Scene, ViewLayer | Updating Scene BVH | Building BVH 0%
Fra:0 Mem:68.91M (Peak 68.91M) | Time:00:00.12 | Mem:26.16M, Peak:29.22M | Scene, ViewLayer | Updating Scene BVH | Copying BVH to device
Fra:0 Mem:68.91M (Peak 68.91M) | Time:00:00.12 | Mem:26.16M, Peak:29.22M | Scene, ViewLayer | Updating Mesh | Computing normals
Fra:0 Mem:73.28M (Peak 73.28M) | Time:00:00.12 | Mem:26.16M, Peak:29.22M | Scene, ViewLayer | Updating Mesh | Copying Mesh to device
Fra:0 Mem:73.28M (Peak 73.28M) | Time:00:00.12 | Mem:30.53M, Peak:30.53M | Scene, ViewLayer | Updating Objects Flags
Fra:0 Mem:73.28M (Peak 73.28M) | Time:00:00.12 | Mem:30.53M, Peak:30.53M | Scene, ViewLayer | Updating Primitive Offsets
Fra:0 Mem:73.28M (Peak 73.28M) | Time:00:00.12 | Mem:30.53M, Peak:30.53M | Scene, ViewLayer | Updating Images
Fra:0 Mem:73.28M (Peak 73.28M) | Time:00:00.12 | Mem:30.53M, Peak:30.53M | Scene, ViewLayer | Updating Camera Volume
Fra:0 Mem:73.28M (Peak 73.28M) | Time:00:00.12 | Mem:30.53M, Peak:30.53M | Scene, ViewLayer | Updating Lookup Tables
Fra:0 Mem:73.28M (Peak 73.28M) | Time:00:00.12 | Mem:30.61M, Peak:30.61M | Scene, ViewLayer | Updating Lights
Fra:0 Mem:73.28M (Peak 73.28M) | Time:00:00.12 | Mem:30.61M, Peak:30.61M | Scene, ViewLayer | Updating Lights | Computing tree
Fra:0 Mem:73.28M (Peak 73.28M) | Time:00:00.12 | Mem:30.61M, Peak:30.61M | Scene, ViewLayer | Updating Integrator
Fra:0 Mem:73.28M (Peak 73.28M) | Time:00:00.12 | Mem:30.61M, Peak:30.61M | Scene, ViewLayer | Updating Film
Fra:0 Mem:73.28M (Peak 73.28M) | Time:00:00.12 | Mem:30.53M, Peak:30.61M | Scene, ViewLayer | Updating Lookup Tables
Fra:0 Mem:73.28M (Peak 73.28M) | Time:00:00.12 | Mem:30.62M, Peak:30.62M | Scene, ViewLayer | Updating Baking
Fra:0 Mem:73.28M (Peak 73.28M) | Time:00:00.12 | Mem:30.62M, Peak:30.62M | Scene, ViewLayer | Updating Device | Writing constant memory
Fra:0 Mem:73.28M (Peak 73.28M) | Time:00:00.12 | Mem:30.62M, Peak:30.62M | Scene, ViewLayer | Sample 0/32
Fra:0 Mem:94.39M (Peak 94.39M) | Time:00:00.78 | Remaining:00:20.26 | Mem:51.72M, Peak:51.72M | Scene, ViewLayer | Sample 1/32
Fra:0 Mem:103.76M (Peak 122.51M) | Time:00:18.45 | Mem:51.72M, Peak:51.72M | Scene, ViewLayer | Sample 32/32
Fra:0 Mem:103.76M (Peak 122.51M) | Time:00:18.45 | Mem:51.72M, Peak:51.72M | Scene, ViewLayer | Finished
Saved: '/workspace/scratch/7c20b5ba4165/atlas-backlog-oct3/tools/assets/citizen-character-variants/qa/previews/driver-lods-dusk.png'
Time: 00:18.52 (Saving: 00:00.07)

RENDERED driver-lods-dusk
Extensions: writing cache failed ([Errno 30] Read-only file system: '/home/agent/.config/blender').
17:06:17 | INFO: Data are loaded, start creating Blender stuff
17:06:17 | INFO: Blender create Mesh node Tailored torso
17:06:17 | INFO: glTF import finished in 0.11s
17:06:17 | INFO: Data are loaded, start creating Blender stuff
17:06:17 | INFO: Blender create Mesh node Tailored torso
17:06:17 | INFO: glTF import finished in 0.10s
17:06:17 | INFO: Data are loaded, start creating Blender stuff
17:06:17 | INFO: Blender create Mesh node Tailored torso
17:06:17 | INFO: glTF import finished in 0.11s
Fra:0 Mem:36.88M (Peak 37.19M) | Time:00:00.00 | Mem:0.00M, Peak:0.00M | Scene, ViewLayer | Synchronizing object | QA-only-ground
Fra:0 Mem:36.88M (Peak 37.19M) | Time:00:00.00 | Mem:0.00M, Peak:0.00M | Scene, ViewLayer | Synchronizing object | LOD 0
Fra:0 Mem:36.90M (Peak 37.19M) | Time:00:00.00 | Mem:0.00M, Peak:0.00M | Scene, ViewLayer | Synchronizing object | driver-body
Fra:0 Mem:36.98M (Peak 37.19M) | Time:00:00.00 | Mem:0.00M, Peak:0.00M | Scene, ViewLayer | Synchronizing object | LOD 1
Fra:0 Mem:37.37M (Peak 37.37M) | Time:00:00.00 | Mem:0.00M, Peak:0.00M | Scene, ViewLayer | Synchronizing object | LOD 2
Fra:0 Mem:37.40M (Peak 37.40M) | Time:00:00.00 | Mem:0.00M, Peak:0.00M | Scene, ViewLayer | Synchronizing object | driver-body.002
Fra:0 Mem:51.49M (Peak 52.86M) | Time:00:00.03 | Mem:0.00M, Peak:0.00M | Scene, ViewLayer | Synchronizing object | driver-body.001
Fra:0 Mem:58.35M (Peak 59.07M) | Time:00:00.06 | Mem:0.00M, Peak:0.00M | Scene, ViewLayer | Initializing
Fra:0 Mem:48.76M (Peak 59.07M) | Time:00:00.06 | Mem:0.00M, Peak:0.00M | Scene, ViewLayer | Updating Images | Loading Citizen_Normal-1024
Fra:0 Mem:48.76M (Peak 59.07M) | Time:00:00.06 | Mem:0.00M, Peak:0.00M | Scene, ViewLayer | Updating Images | Loading Citizen_BaseColor-1024
Fra:0 Mem:56.78M (Peak 72.78M) | Time:00:00.07 | Mem:4.00M, Peak:4.00M | Scene, ViewLayer | Updating Images | Loading Citizen_Roughness-1024
Fra:0 Mem:59.53M (Peak 72.78M) | Time:00:00.09 | Mem:12.00M, Peak:12.00M | Scene, ViewLayer | Waiting for render to start
Fra:0 Mem:59.53M (Peak 72.78M) | Time:00:00.09 | Mem:12.00M, Peak:12.00M | Scene, ViewLayer | Loading render kernels (may take a few minutes the first time)
Fra:0 Mem:59.53M (Peak 72.78M) | Time:00:00.09 | Mem:12.00M, Peak:12.00M | Scene, ViewLayer | Updating Scene
Fra:0 Mem:59.53M (Peak 72.78M) | Time:00:00.09 | Mem:12.00M, Peak:12.00M | Scene, ViewLayer | Updating Shaders
Fra:0 Mem:59.61M (Peak 72.78M) | Time:00:00.09 | Mem:12.01M, Peak:12.01M | Scene, ViewLayer | Updating Procedurals
Fra:0 Mem:59.61M (Peak 72.78M) | Time:00:00.09 | Mem:12.01M, Peak:12.01M | Scene, ViewLayer | Updating Background
Fra:0 Mem:59.61M (Peak 72.78M) | Time:00:00.09 | Mem:12.01M, Peak:12.01M | Scene, ViewLayer | Updating Camera
Fra:0 Mem:59.61M (Peak 72.78M) | Time:00:00.09 | Mem:12.01M, Peak:12.01M | Scene, ViewLayer | Updating Meshes Flags
Fra:0 Mem:59.61M (Peak 72.78M) | Time:00:00.09 | Mem:12.01M, Peak:12.01M | Scene, ViewLayer | Updating Objects
Fra:0 Mem:59.61M (Peak 72.78M) | Time:00:00.09 | Mem:12.01M, Peak:12.01M | Scene, ViewLayer | Updating Objects | Copying Transformations to device
Fra:0 Mem:59.61M (Peak 72.78M) | Time:00:00.09 | Mem:12.01M, Peak:12.01M | Scene, ViewLayer | Updating Objects | Applying Static Transformations
Fra:0 Mem:59.61M (Peak 72.78M) | Time:00:00.09 | Mem:12.01M, Peak:12.01M | Scene, ViewLayer | Updating Particle Systems
Fra:0 Mem:59.61M (Peak 72.78M) | Time:00:00.09 | Mem:12.01M, Peak:12.01M | Scene, ViewLayer | Updating Particle Systems | Copying Particles to device
Fra:0 Mem:59.62M (Peak 72.78M) | Time:00:00.09 | Mem:12.01M, Peak:12.01M | Scene, ViewLayer | Updating Meshes
Fra:0 Mem:61.15M (Peak 72.78M) | Time:00:00.09 | Mem:12.01M, Peak:12.01M | Scene, ViewLayer | Updating Mesh | Computing attributes
Fra:0 Mem:68.91M (Peak 72.78M) | Time:00:00.09 | Mem:12.01M, Peak:12.01M | Scene, ViewLayer | Updating Mesh | Copying Attributes to device
Fra:0 Mem:68.91M (Peak 72.78M) | Time:00:00.09 | Mem:19.77M, Peak:19.77M | Scene, ViewLayer | Updating Scene BVH | Building
Fra:0 Mem:68.91M (Peak 72.78M) | Time:00:00.09 | Mem:19.77M, Peak:19.77M | Scene, ViewLayer | Updating Scene BVH | Building BVH
Fra:0 Mem:68.91M (Peak 72.78M) | Time:00:00.09 | Mem:22.83M, Peak:22.83M | Scene, ViewLayer | Updating Scene BVH | Building BVH 0%
Fra:0 Mem:68.91M (Peak 72.78M) | Time:00:00.11 | Mem:26.16M, Peak:29.22M | Scene, ViewLayer | Updating Scene BVH | Copying BVH to device
Fra:0 Mem:68.91M (Peak 72.78M) | Time:00:00.11 | Mem:26.16M, Peak:29.22M | Scene, ViewLayer | Updating Mesh | Computing normals
Fra:0 Mem:73.28M (Peak 73.28M) | Time:00:00.11 | Mem:26.16M, Peak:29.22M | Scene, ViewLayer | Updating Mesh | Copying Mesh to device
Fra:0 Mem:73.28M (Peak 73.28M) | Time:00:00.11 | Mem:30.53M, Peak:30.53M | Scene, ViewLayer | Updating Objects Flags
Fra:0 Mem:73.28M (Peak 73.28M) | Time:00:00.11 | Mem:30.53M, Peak:30.53M | Scene, ViewLayer | Updating Primitive Offsets
Fra:0 Mem:73.28M (Peak 73.28M) | Time:00:00.11 | Mem:30.53M, Peak:30.53M | Scene, ViewLayer | Updating Images
Fra:0 Mem:73.28M (Peak 73.28M) | Time:00:00.11 | Mem:30.53M, Peak:30.53M | Scene, ViewLayer | Updating Camera Volume
Fra:0 Mem:73.28M (Peak 73.28M) | Time:00:00.11 | Mem:30.53M, Peak:30.53M | Scene, ViewLayer | Updating Lookup Tables
Fra:0 Mem:73.28M (Peak 73.28M) | Time:00:00.11 | Mem:30.61M, Peak:30.61M | Scene, ViewLayer | Updating Lights
Fra:0 Mem:73.28M (Peak 73.28M) | Time:00:00.11 | Mem:30.61M, Peak:30.61M | Scene, ViewLayer | Updating Lights | Computing tree
Fra:0 Mem:73.28M (Peak 73.28M) | Time:00:00.11 | Mem:30.61M, Peak:30.61M | Scene, ViewLayer | Updating Integrator
Fra:0 Mem:73.28M (Peak 73.28M) | Time:00:00.11 | Mem:30.61M, Peak:30.61M | Scene, ViewLayer | Updating Film
Fra:0 Mem:73.28M (Peak 73.28M) | Time:00:00.11 | Mem:30.53M, Peak:30.61M | Scene, ViewLayer | Updating Lookup Tables
Fra:0 Mem:73.28M (Peak 73.28M) | Time:00:00.11 | Mem:30.62M, Peak:30.62M | Scene, ViewLayer | Updating Baking
Fra:0 Mem:73.28M (Peak 73.28M) | Time:00:00.11 | Mem:30.62M, Peak:30.62M | Scene, ViewLayer | Updating Device | Writing constant memory
Fra:0 Mem:73.28M (Peak 73.28M) | Time:00:00.11 | Mem:30.62M, Peak:30.62M | Scene, ViewLayer | Sample 0/32
Fra:0 Mem:94.39M (Peak 94.39M) | Time:00:00.74 | Remaining:00:19.30 | Mem:51.72M, Peak:51.72M | Scene, ViewLayer | Sample 1/32
Fra:0 Mem:103.76M (Peak 122.51M) | Time:00:18.29 | Mem:51.72M, Peak:51.72M | Scene, ViewLayer | Sample 32/32
Fra:0 Mem:103.76M (Peak 122.51M) | Time:00:18.29 | Mem:51.72M, Peak:51.72M | Scene, ViewLayer | Finished
Saved: '/workspace/scratch/7c20b5ba4165/atlas-backlog-oct3/tools/assets/citizen-character-variants/qa/previews/driver-lods-night.png'
Time: 00:18.36 (Saving: 00:00.07)

RENDERED driver-lods-night
Extensions: writing cache failed ([Errno 30] Read-only file system: '/home/agent/.config/blender').
17:06:35 | INFO: Data are loaded, start creating Blender stuff
17:06:35 | INFO: Blender create Mesh node 0
17:06:35 | INFO: Blender create Mesh node 1
17:06:35 | INFO: Blender create Mesh node 2
17:06:35 | INFO: Blender create Mesh node 3
17:06:35 | INFO: Blender create Mesh node 4
17:06:35 | INFO: Blender create Mesh node 5
17:06:35 | INFO: Blender create Mesh node 6
17:06:35 | INFO: Blender create Mesh node 7
17:06:35 | INFO: Blender create Mesh node 8
17:06:35 | INFO: Blender create Mesh node 9
17:06:35 | INFO: Blender create Mesh node 10
17:06:35 | INFO: Blender create Mesh node 11
17:06:35 | INFO: Blender create Mesh node 12
17:06:35 | INFO: Blender create Mesh node 13
17:06:35 | INFO: Blender create Mesh node 14
17:06:35 | INFO: Blender create Mesh node 15
17:06:35 | INFO: Blender create Mesh node 16
17:06:35 | INFO: Blender create Mesh node 17
17:06:35 | INFO: Blender create Mesh node 18
17:06:35 | INFO: Blender create Mesh node 19
17:06:35 | INFO: Blender create Mesh node 20
17:06:35 | INFO: glTF import finished in 0.05s
17:06:35 | INFO: Data are loaded, start creating Blender stuff
17:06:35 | INFO: Blender create Mesh node Tailored torso
17:06:36 | INFO: glTF import finished in 0.13s
Fra:0 Mem:27.33M (Peak 27.33M) | Time:00:00.00 | Mem:0.00M, Peak:0.00M | Scene, ViewLayer | Synchronizing object | QA-only-ground
Fra:0 Mem:27.34M (Peak 27.34M) | Time:00:00.00 | Mem:0.00M, Peak:0.00M | Scene, ViewLayer | Synchronizing object | roadster/paint
Fra:0 Mem:27.37M (Peak 27.37M) | Time:00:00.00 | Mem:0.00M, Peak:0.00M | Scene, ViewLayer | Synchronizing object | driver-body
Fra:0 Mem:32.12M (Peak 32.74M) | Time:00:00.00 | Mem:0.00M, Peak:0.00M | Scene, ViewLayer | Synchronizing object | roadster/dark
Fra:0 Mem:32.52M (Peak 32.74M) | Time:00:00.00 | Mem:0.00M, Peak:0.00M | Scene, ViewLayer | Synchronizing object | roadster/metal
Fra:0 Mem:32.75M (Peak 32.75M) | Time:00:00.00 | Mem:0.00M, Peak:0.00M | Scene, ViewLayer | Synchronizing object | roadster/seat-upholstery
Fra:0 Mem:34.72M (Peak 34.72M) | Time:00:00.01 | Mem:0.00M, Peak:0.00M | Scene, ViewLayer | Synchronizing object | roadster/glass
Fra:0 Mem:34.72M (Peak 34.72M) | Time:00:00.01 | Mem:0.00M, Peak:0.00M | Scene, ViewLayer | Synchronizing object | roadster/lamp
Fra:0 Mem:34.73M (Peak 34.73M) | Time:00:00.01 | Mem:0.00M, Peak:0.00M | Scene, ViewLayer | Synchronizing object | roadster/tail
Fra:0 Mem:34.73M (Peak 34.73M) | Time:00:00.01 | Mem:0.00M, Peak:0.00M | Scene, ViewLayer | Synchronizing object | roadster/tire-rubber
Fra:0 Mem:34.75M (Peak 34.75M) | Time:00:00.01 | Mem:0.00M, Peak:0.00M | Scene, ViewLayer | Synchronizing object | Mesh_10
Fra:0 Mem:34.76M (Peak 34.76M) | Time:00:00.01 | Mem:0.00M, Peak:0.00M | Scene, ViewLayer | Synchronizing object | Mesh_11
Fra:0 Mem:34.79M (Peak 34.79M) | Time:00:00.01 | Mem:0.00M, Peak:0.00M | Scene, ViewLayer | Synchronizing object | roadster/tire-rubber.001
Fra:0 Mem:34.81M (Peak 34.81M) | Time:00:00.01 | Mem:0.00M, Peak:0.00M | Scene, ViewLayer | Synchronizing object | Mesh_13
Fra:0 Mem:34.82M (Peak 34.82M) | Time:00:00.01 | Mem:0.00M, Peak:0.00M | Scene, ViewLayer | Synchronizing object | Mesh_14
Fra:0 Mem:34.86M (Peak 34.86M) | Time:00:00.01 | Mem:0.00M, Peak:0.00M | Scene, ViewLayer | Synchronizing object | roadster/tire-rubber.002
Fra:0 Mem:34.87M (Peak 34.87M) | Time:00:00.01 | Mem:0.00M, Peak:0.00M | Scene, ViewLayer | Synchronizing object | Mesh_16
Fra:0 Mem:34.88M (Peak 34.88M) | Time:00:00.01 | Mem:0.00M, Peak:0.00M | Scene, ViewLayer | Synchronizing object | Mesh_17
Fra:0 Mem:34.92M (Peak 34.92M) | Time:00:00.01 | Mem:0.00M, Peak:0.00M | Scene, ViewLayer | Synchronizing object | roadster/tire-rubber.003
Fra:0 Mem:34.93M (Peak 34.93M) | Time:00:00.01 | Mem:0.00M, Peak:0.00M | Scene, ViewLayer | Synchronizing object | Mesh_19
Fra:0 Mem:34.94M (Peak 34.94M) | Time:00:00.01 | Mem:0.00M, Peak:0.00M | Scene, ViewLayer | Synchronizing object | Mesh_20
Fra:0 Mem:37.79M (Peak 38.66M) | Time:00:00.03 | Mem:0.00M, Peak:0.00M | Scene, ViewLayer | Initializing
Fra:0 Mem:34.21M (Peak 38.66M) | Time:00:00.03 | Mem:0.00M, Peak:0.00M | Scene, ViewLayer | Updating Images | Loading Citizen_Normal-1024
Fra:0 Mem:34.21M (Peak 38.66M) | Time:00:00.03 | Mem:0.00M, Peak:0.00M | Scene, ViewLayer | Updating Images | Loading Citizen_BaseColor-1024
Fra:0 Mem:42.22M (Peak 50.22M) | Time:00:00.05 | Mem:4.00M, Peak:4.00M | Scene, ViewLayer | Updating Images | Loading Citizen_Roughness-1024
Fra:0 Mem:44.78M (Peak 54.23M) | Time:00:00.06 | Mem:12.00M, Peak:12.00M | Scene, ViewLayer | Waiting for render to start
Fra:0 Mem:44.78M (Peak 54.23M) | Time:00:00.06 | Mem:12.00M, Peak:12.00M | Scene, ViewLayer | Loading render kernels (may take a few minutes the first time)
Fra:0 Mem:44.78M (Peak 54.23M) | Time:00:00.06 | Mem:12.00M, Peak:12.00M | Scene, ViewLayer | Updating Scene
Fra:0 Mem:44.78M (Peak 54.23M) | Time:00:00.06 | Mem:12.00M, Peak:12.00M | Scene, ViewLayer | Updating Shaders
Fra:0 Mem:44.87M (Peak 54.23M) | Time:00:00.06 | Mem:12.01M, Peak:12.01M | Scene, ViewLayer | Updating Procedurals
Fra:0 Mem:44.87M (Peak 54.23M) | Time:00:00.06 | Mem:12.01M, Peak:12.01M | Scene, ViewLayer | Updating Background
Fra:0 Mem:44.87M (Peak 54.23M) | Time:00:00.06 | Mem:12.01M, Peak:12.01M | Scene, ViewLayer | Updating Camera
Fra:0 Mem:44.87M (Peak 54.23M) | Time:00:00.06 | Mem:12.01M, Peak:12.01M | Scene, ViewLayer | Updating Meshes Flags
Fra:0 Mem:44.87M (Peak 54.23M) | Time:00:00.06 | Mem:12.01M, Peak:12.01M | Scene, ViewLayer | Updating Objects
Fra:0 Mem:44.87M (Peak 54.23M) | Time:00:00.06 | Mem:12.01M, Peak:12.01M | Scene, ViewLayer | Updating Objects | Copying Transformations to device
Fra:0 Mem:44.87M (Peak 54.23M) | Time:00:00.06 | Mem:12.01M, Peak:12.01M | Scene, ViewLayer | Updating Objects | Applying Static Transformations
Fra:0 Mem:44.87M (Peak 54.23M) | Time:00:00.06 | Mem:12.01M, Peak:12.01M | Scene, ViewLayer | Updating Particle Systems
Fra:0 Mem:44.87M (Peak 54.23M) | Time:00:00.06 | Mem:12.01M, Peak:12.01M | Scene, ViewLayer | Updating Particle Systems | Copying Particles to device
Fra:0 Mem:44.87M (Peak 54.23M) | Time:00:00.06 | Mem:12.01M, Peak:12.01M | Scene, ViewLayer | Updating Meshes
Fra:0 Mem:45.67M (Peak 54.23M) | Time:00:00.07 | Mem:12.01M, Peak:12.01M | Scene, ViewLayer | Updating Mesh | Computing attributes
Fra:0 Mem:49.05M (Peak 54.23M) | Time:00:00.07 | Mem:12.01M, Peak:12.01M | Scene, ViewLayer | Updating Mesh | Copying Attributes to device
Fra:0 Mem:49.05M (Peak 54.23M) | Time:00:00.07 | Mem:15.39M, Peak:15.39M | Scene, ViewLayer | Updating Scene BVH | Building
Fra:0 Mem:49.05M (Peak 54.23M) | Time:00:00.07 | Mem:15.39M, Peak:15.39M | Scene, ViewLayer | Updating Scene BVH | Building BVH
Fra:0 Mem:49.05M (Peak 54.23M) | Time:00:00.07 | Mem:16.98M, Peak:16.98M | Scene, ViewLayer | Updating Scene BVH | Building BVH 0%
Fra:0 Mem:49.05M (Peak 54.23M) | Time:00:00.07 | Mem:18.72M, Peak:20.31M | Scene, ViewLayer | Updating Scene BVH | Copying BVH to device
Fra:0 Mem:49.05M (Peak 54.23M) | Time:00:00.07 | Mem:18.72M, Peak:20.31M | Scene, ViewLayer | Updating Mesh | Computing normals
Fra:0 Mem:52.13M (Peak 54.23M) | Time:00:00.07 | Mem:18.72M, Peak:20.31M | Scene, ViewLayer | Updating Mesh | Copying Mesh to device
Fra:0 Mem:52.13M (Peak 54.23M) | Time:00:00.07 | Mem:21.80M, Peak:21.80M | Scene, ViewLayer | Updating Objects Flags
Fra:0 Mem:52.13M (Peak 54.23M) | Time:00:00.07 | Mem:21.80M, Peak:21.80M | Scene, ViewLayer | Updating Primitive Offsets
Fra:0 Mem:52.13M (Peak 54.23M) | Time:00:00.07 | Mem:21.80M, Peak:21.80M | Scene, ViewLayer | Updating Images
Fra:0 Mem:52.13M (Peak 54.23M) | Time:00:00.07 | Mem:21.80M, Peak:21.80M | Scene, ViewLayer | Updating Camera Volume
Fra:0 Mem:52.13M (Peak 54.23M) | Time:00:00.07 | Mem:21.80M, Peak:21.80M | Scene, ViewLayer | Updating Lookup Tables
Fra:0 Mem:52.13M (Peak 54.23M) | Time:00:00.07 | Mem:21.88M, Peak:21.88M | Scene, ViewLayer | Updating Lights
Fra:0 Mem:52.13M (Peak 54.23M) | Time:00:00.07 | Mem:21.88M, Peak:21.88M | Scene, ViewLayer | Updating Lights | Computing tree
Fra:0 Mem:52.14M (Peak 54.23M) | Time:00:00.07 | Mem:21.89M, Peak:21.89M | Scene, ViewLayer | Updating Integrator
Fra:0 Mem:52.14M (Peak 54.23M) | Time:00:00.07 | Mem:21.89M, Peak:21.89M | Scene, ViewLayer | Updating Film
Fra:0 Mem:52.14M (Peak 54.23M) | Time:00:00.07 | Mem:21.81M, Peak:21.89M | Scene, ViewLayer | Updating Lookup Tables
Fra:0 Mem:52.14M (Peak 54.23M) | Time:00:00.07 | Mem:21.89M, Peak:21.89M | Scene, ViewLayer | Updating Baking
Fra:0 Mem:52.14M (Peak 54.23M) | Time:00:00.07 | Mem:21.89M, Peak:21.89M | Scene, ViewLayer | Updating Device | Writing constant memory
Fra:0 Mem:52.14M (Peak 54.23M) | Time:00:00.07 | Mem:21.89M, Peak:21.89M | Scene, ViewLayer | Sample 0/32
Fra:0 Mem:70.69M (Peak 70.69M) | Time:00:00.67 | Remaining:00:18.52 | Mem:40.44M, Peak:40.44M | Scene, ViewLayer | Sample 1/32
Fra:0 Mem:78.93M (Peak 95.41M) | Time:00:17.69 | Mem:40.44M, Peak:40.44M | Scene, ViewLayer | Sample 32/32
Fra:0 Mem:78.93M (Peak 95.41M) | Time:00:17.69 | Mem:40.44M, Peak:40.44M | Scene, ViewLayer | Finished
Saved: '/workspace/scratch/7c20b5ba4165/atlas-backlog-oct3/tools/assets/citizen-character-variants/qa/previews/driver-roadster-side.png'
Time: 00:17.77 (Saving: 00:00.07)

RENDERED driver-roadster-side
Extensions: writing cache failed ([Errno 30] Read-only file system: '/home/agent/.config/blender').
17:06:53 | INFO: Data are loaded, start creating Blender stuff
17:06:53 | INFO: Blender create Mesh node 0
17:06:53 | INFO: Blender create Mesh node 1
17:06:53 | INFO: Blender create Mesh node 2
17:06:53 | INFO: Blender create Mesh node 3
17:06:53 | INFO: Blender create Mesh node 4
17:06:53 | INFO: Blender create Mesh node 5
17:06:53 | INFO: Blender create Mesh node 6
17:06:53 | INFO: Blender create Mesh node 7
17:06:53 | INFO: Blender create Mesh node 8
17:06:53 | INFO: Blender create Mesh node 9
17:06:53 | INFO: Blender create Mesh node 10
17:06:53 | INFO: Blender create Mesh node 11
17:06:53 | INFO: Blender create Mesh node 12
17:06:53 | INFO: Blender create Mesh node 13
17:06:53 | INFO: Blender create Mesh node 14
17:06:53 | INFO: Blender create Mesh node 15
17:06:53 | INFO: Blender create Mesh node 16
17:06:53 | INFO: Blender create Mesh node 17
17:06:53 | INFO: Blender create Mesh node 18
17:06:53 | INFO: Blender create Mesh node 19
17:06:53 | INFO: Blender create Mesh node 20
17:06:53 | INFO: glTF import finished in 0.05s
17:06:53 | INFO: Data are loaded, start creating Blender stuff
17:06:53 | INFO: Blender create Mesh node Tailored torso
17:06:54 | INFO: glTF import finished in 0.12s
Fra:0 Mem:27.34M (Peak 27.34M) | Time:00:00.00 | Mem:0.00M, Peak:0.00M | Scene, ViewLayer | Synchronizing object | QA-only-ground
Fra:0 Mem:27.34M (Peak 27.34M) | Time:00:00.00 | Mem:0.00M, Peak:0.00M | Scene, ViewLayer | Synchronizing object | roadster/paint
Fra:0 Mem:27.37M (Peak 27.37M) | Time:00:00.00 | Mem:0.00M, Peak:0.00M | Scene, ViewLayer | Synchronizing object | driver-body
Fra:0 Mem:32.14M (Peak 32.74M) | Time:00:00.00 | Mem:0.00M, Peak:0.00M | Scene, ViewLayer | Synchronizing object | roadster/dark
Fra:0 Mem:32.59M (Peak 32.74M) | Time:00:00.00 | Mem:0.00M, Peak:0.00M | Scene, ViewLayer | Synchronizing object | roadster/metal
Fra:0 Mem:34.39M (Peak 34.39M) | Time:00:00.00 | Mem:0.00M, Peak:0.00M | Scene, ViewLayer | Synchronizing object | roadster/seat-upholstery
Fra:0 Mem:34.72M (Peak 34.72M) | Time:00:00.01 | Mem:0.00M, Peak:0.00M | Scene, ViewLayer | Synchronizing object | roadster/glass
Fra:0 Mem:34.72M (Peak 34.72M) | Time:00:00.01 | Mem:0.00M, Peak:0.00M | Scene, ViewLayer | Synchronizing object | roadster/lamp
Fra:0 Mem:34.73M (Peak 34.73M) | Time:00:00.01 | Mem:0.00M, Peak:0.00M | Scene, ViewLayer | Synchronizing object | roadster/tail
Fra:0 Mem:34.73M (Peak 34.73M) | Time:00:00.01 | Mem:0.00M, Peak:0.00M | Scene, ViewLayer | Synchronizing object | roadster/tire-rubber
Fra:0 Mem:34.75M (Peak 34.75M) | Time:00:00.01 | Mem:0.00M, Peak:0.00M | Scene, ViewLayer | Synchronizing object | Mesh_10
Fra:0 Mem:34.76M (Peak 34.76M) | Time:00:00.01 | Mem:0.00M, Peak:0.00M | Scene, ViewLayer | Synchronizing object | Mesh_11
Fra:0 Mem:34.79M (Peak 34.79M) | Time:00:00.01 | Mem:0.00M, Peak:0.00M | Scene, ViewLayer | Synchronizing object | roadster/tire-rubber.001
Fra:0 Mem:34.81M (Peak 34.81M) | Time:00:00.01 | Mem:0.00M, Peak:0.00M | Scene, ViewLayer | Synchronizing object | Mesh_13
Fra:0 Mem:34.82M (Peak 34.82M) | Time:00:00.01 | Mem:0.00M, Peak:0.00M | Scene, ViewLayer | Synchronizing object | Mesh_14
Fra:0 Mem:34.86M (Peak 34.86M) | Time:00:00.01 | Mem:0.00M, Peak:0.00M | Scene, ViewLayer | Synchronizing object | roadster/tire-rubber.002
Fra:0 Mem:34.87M (Peak 34.87M) | Time:00:00.01 | Mem:0.00M, Peak:0.00M | Scene, ViewLayer | Synchronizing object | Mesh_16
Fra:0 Mem:34.88M (Peak 34.88M) | Time:00:00.01 | Mem:0.00M, Peak:0.00M | Scene, ViewLayer | Synchronizing object | Mesh_17
Fra:0 Mem:34.92M (Peak 34.92M) | Time:00:00.01 | Mem:0.00M, Peak:0.00M | Scene, ViewLayer | Synchronizing object | roadster/tire-rubber.003
Fra:0 Mem:34.93M (Peak 34.93M) | Time:00:00.01 | Mem:0.00M, Peak:0.00M | Scene, ViewLayer | Synchronizing object | Mesh_19
Fra:0 Mem:34.94M (Peak 34.94M) | Time:00:00.01 | Mem:0.00M, Peak:0.00M | Scene, ViewLayer | Synchronizing object | Mesh_20
Fra:0 Mem:37.79M (Peak 38.66M) | Time:00:00.03 | Mem:0.00M, Peak:0.00M | Scene, ViewLayer | Initializing
Fra:0 Mem:34.21M (Peak 38.66M) | Time:00:00.03 | Mem:0.00M, Peak:0.00M | Scene, ViewLayer | Updating Images | Loading Citizen_Normal-1024
Fra:0 Mem:34.21M (Peak 38.66M) | Time:00:00.03 | Mem:0.00M, Peak:0.00M | Scene, ViewLayer | Updating Images | Loading Citizen_BaseColor-1024
Fra:0 Mem:50.23M (Peak 58.23M) | Time:00:00.05 | Mem:4.00M, Peak:4.00M | Scene, ViewLayer | Updating Images | Loading Citizen_Roughness-1024
Fra:0 Mem:44.78M (Peak 58.23M) | Time:00:00.06 | Mem:12.00M, Peak:12.00M | Scene, ViewLayer | Waiting for render to start
Fra:0 Mem:44.78M (Peak 58.23M) | Time:00:00.06 | Mem:12.00M, Peak:12.00M | Scene, ViewLayer | Loading render kernels (may take a few minutes the first time)
Fra:0 Mem:44.78M (Peak 58.23M) | Time:00:00.06 | Mem:12.00M, Peak:12.00M | Scene, ViewLayer | Updating Scene
Fra:0 Mem:44.78M (Peak 58.23M) | Time:00:00.06 | Mem:12.00M, Peak:12.00M | Scene, ViewLayer | Updating Shaders
Fra:0 Mem:44.87M (Peak 58.23M) | Time:00:00.06 | Mem:12.01M, Peak:12.01M | Scene, ViewLayer | Updating Procedurals
Fra:0 Mem:44.87M (Peak 58.23M) | Time:00:00.06 | Mem:12.01M, Peak:12.01M | Scene, ViewLayer | Updating Background
Fra:0 Mem:44.87M (Peak 58.23M) | Time:00:00.06 | Mem:12.01M, Peak:12.01M | Scene, ViewLayer | Updating Camera
Fra:0 Mem:44.87M (Peak 58.23M) | Time:00:00.06 | Mem:12.01M, Peak:12.01M | Scene, ViewLayer | Updating Meshes Flags
Fra:0 Mem:44.87M (Peak 58.23M) | Time:00:00.06 | Mem:12.01M, Peak:12.01M | Scene, ViewLayer | Updating Objects
Fra:0 Mem:44.87M (Peak 58.23M) | Time:00:00.06 | Mem:12.01M, Peak:12.01M | Scene, ViewLayer | Updating Objects | Copying Transformations to device
Fra:0 Mem:44.87M (Peak 58.23M) | Time:00:00.06 | Mem:12.01M, Peak:12.01M | Scene, ViewLayer | Updating Objects | Applying Static Transformations
Fra:0 Mem:44.87M (Peak 58.23M) | Time:00:00.06 | Mem:12.01M, Peak:12.01M | Scene, ViewLayer | Updating Particle Systems
Fra:0 Mem:44.87M (Peak 58.23M) | Time:00:00.06 | Mem:12.01M, Peak:12.01M | Scene, ViewLayer | Updating Particle Systems | Copying Particles to device
Fra:0 Mem:44.87M (Peak 58.23M) | Time:00:00.06 | Mem:12.01M, Peak:12.01M | Scene, ViewLayer | Updating Meshes
Fra:0 Mem:45.67M (Peak 58.23M) | Time:00:00.07 | Mem:12.01M, Peak:12.01M | Scene, ViewLayer | Updating Mesh | Computing attributes
Fra:0 Mem:49.05M (Peak 58.23M) | Time:00:00.07 | Mem:12.01M, Peak:12.01M | Scene, ViewLayer | Updating Mesh | Copying Attributes to device
Fra:0 Mem:49.05M (Peak 58.23M) | Time:00:00.07 | Mem:15.39M, Peak:15.39M | Scene, ViewLayer | Updating Scene BVH | Building
Fra:0 Mem:49.05M (Peak 58.23M) | Time:00:00.07 | Mem:15.39M, Peak:15.39M | Scene, ViewLayer | Updating Scene BVH | Building BVH
Fra:0 Mem:49.05M (Peak 58.23M) | Time:00:00.07 | Mem:16.98M, Peak:16.98M | Scene, ViewLayer | Updating Scene BVH | Building BVH 0%
Fra:0 Mem:49.05M (Peak 58.23M) | Time:00:00.08 | Mem:18.72M, Peak:20.31M | Scene, ViewLayer | Updating Scene BVH | Copying BVH to device
Fra:0 Mem:49.05M (Peak 58.23M) | Time:00:00.08 | Mem:18.72M, Peak:20.31M | Scene, ViewLayer | Updating Mesh | Computing normals
Fra:0 Mem:52.13M (Peak 58.23M) | Time:00:00.08 | Mem:18.72M, Peak:20.31M | Scene, ViewLayer | Updating Mesh | Copying Mesh to device
Fra:0 Mem:52.13M (Peak 58.23M) | Time:00:00.08 | Mem:21.80M, Peak:21.80M | Scene, ViewLayer | Updating Objects Flags
Fra:0 Mem:52.13M (Peak 58.23M) | Time:00:00.08 | Mem:21.80M, Peak:21.80M | Scene, ViewLayer | Updating Primitive Offsets
Fra:0 Mem:52.13M (Peak 58.23M) | Time:00:00.08 | Mem:21.80M, Peak:21.80M | Scene, ViewLayer | Updating Images
Fra:0 Mem:52.13M (Peak 58.23M) | Time:00:00.08 | Mem:21.80M, Peak:21.80M | Scene, ViewLayer | Updating Camera Volume
Fra:0 Mem:52.13M (Peak 58.23M) | Time:00:00.08 | Mem:21.80M, Peak:21.80M | Scene, ViewLayer | Updating Lookup Tables
Fra:0 Mem:52.13M (Peak 58.23M) | Time:00:00.08 | Mem:21.88M, Peak:21.88M | Scene, ViewLayer | Updating Lights
Fra:0 Mem:52.13M (Peak 58.23M) | Time:00:00.08 | Mem:21.88M, Peak:21.88M | Scene, ViewLayer | Updating Lights | Computing tree
Fra:0 Mem:52.14M (Peak 58.23M) | Time:00:00.08 | Mem:21.89M, Peak:21.89M | Scene, ViewLayer | Updating Integrator
Fra:0 Mem:52.14M (Peak 58.23M) | Time:00:00.08 | Mem:21.89M, Peak:21.89M | Scene, ViewLayer | Updating Film
Fra:0 Mem:52.14M (Peak 58.23M) | Time:00:00.08 | Mem:21.81M, Peak:21.89M | Scene, ViewLayer | Updating Lookup Tables
Fra:0 Mem:52.14M (Peak 58.23M) | Time:00:00.08 | Mem:21.89M, Peak:21.89M | Scene, ViewLayer | Updating Baking
Fra:0 Mem:52.14M (Peak 58.23M) | Time:00:00.08 | Mem:21.89M, Peak:21.89M | Scene, ViewLayer | Updating Device | Writing constant memory
Fra:0 Mem:52.14M (Peak 58.23M) | Time:00:00.08 | Mem:21.89M, Peak:21.89M | Scene, ViewLayer | Sample 0/32
Fra:0 Mem:70.69M (Peak 70.69M) | Time:00:00.69 | Remaining:00:19.10 | Mem:40.44M, Peak:40.44M | Scene, ViewLayer | Sample 1/32
Fra:0 Mem:78.93M (Peak 95.41M) | Time:00:17.93 | Mem:40.44M, Peak:40.44M | Scene, ViewLayer | Sample 32/32
Fra:0 Mem:78.93M (Peak 95.41M) | Time:00:17.93 | Mem:40.44M, Peak:40.44M | Scene, ViewLayer | Finished
Saved: '/workspace/scratch/7c20b5ba4165/atlas-backlog-oct3/tools/assets/citizen-character-variants/qa/previews/driver-roadster-front.png'
Time: 00:18.00 (Saving: 00:00.06)

RENDERED driver-roadster-front
Extensions: writing cache failed ([Errno 30] Read-only file system: '/home/agent/.config/blender').
17:07:12 | INFO: Data are loaded, start creating Blender stuff
17:07:12 | INFO: Blender create Mesh node 0
17:07:12 | INFO: Blender create Mesh node 1
17:07:12 | INFO: Blender create Mesh node 2
17:07:12 | INFO: Blender create Mesh node 3
17:07:12 | INFO: Blender create Mesh node 4
17:07:12 | INFO: Blender create Mesh node 5
17:07:12 | INFO: Blender create Mesh node 6
17:07:12 | INFO: Blender create Mesh node 7
17:07:12 | INFO: Blender create Mesh node 8
17:07:12 | INFO: Blender create Mesh node 9
17:07:12 | INFO: Blender create Mesh node 10
17:07:12 | INFO: Blender create Mesh node 11
17:07:12 | INFO: Blender create Mesh node 12
17:07:12 | INFO: Blender create Mesh node 13
17:07:12 | INFO: Blender create Mesh node 14
17:07:12 | INFO: Blender create Mesh node 15
17:07:12 | INFO: Blender create Mesh node 16
17:07:12 | INFO: Blender create Mesh node 17
17:07:12 | INFO: Blender create Mesh node 18
17:07:12 | INFO: Blender create Mesh node 19
17:07:12 | INFO: Blender create Mesh node 20
17:07:12 | INFO: glTF import finished in 0.07s
17:07:12 | INFO: Data are loaded, start creating Blender stuff
17:07:12 | INFO: Blender create Mesh node Tailored torso
17:07:12 | INFO: glTF import finished in 0.13s
Fra:0 Mem:27.34M (Peak 27.34M) | Time:00:00.00 | Mem:0.00M, Peak:0.00M | Scene, ViewLayer | Synchronizing object | QA-only-ground
Fra:0 Mem:27.34M (Peak 27.34M) | Time:00:00.00 | Mem:0.00M, Peak:0.00M | Scene, ViewLayer | Synchronizing object | roadster/paint
Fra:0 Mem:27.37M (Peak 27.37M) | Time:00:00.00 | Mem:0.00M, Peak:0.00M | Scene, ViewLayer | Synchronizing object | driver-body
Fra:0 Mem:32.12M (Peak 32.74M) | Time:00:00.00 | Mem:0.00M, Peak:0.00M | Scene, ViewLayer | Synchronizing object | roadster/dark
Fra:0 Mem:32.52M (Peak 32.74M) | Time:00:00.00 | Mem:0.00M, Peak:0.00M | Scene, ViewLayer | Synchronizing object | roadster/metal
Fra:0 Mem:32.68M (Peak 32.74M) | Time:00:00.00 | Mem:0.00M, Peak:0.00M | Scene, ViewLayer | Synchronizing object | roadster/seat-upholstery
Fra:0 Mem:34.72M (Peak 34.72M) | Time:00:00.01 | Mem:0.00M, Peak:0.00M | Scene, ViewLayer | Synchronizing object | roadster/glass
Fra:0 Mem:34.72M (Peak 34.72M) | Time:00:00.01 | Mem:0.00M, Peak:0.00M | Scene, ViewLayer | Synchronizing object | roadster/lamp
Fra:0 Mem:34.73M (Peak 34.73M) | Time:00:00.01 | Mem:0.00M, Peak:0.00M | Scene, ViewLayer | Synchronizing object | roadster/tail
Fra:0 Mem:34.73M (Peak 34.73M) | Time:00:00.01 | Mem:0.00M, Peak:0.00M | Scene, ViewLayer | Synchronizing object | roadster/tire-rubber
Fra:0 Mem:34.75M (Peak 34.75M) | Time:00:00.01 | Mem:0.00M, Peak:0.00M | Scene, ViewLayer | Synchronizing object | Mesh_10
Fra:0 Mem:34.76M (Peak 34.76M) | Time:00:00.01 | Mem:0.00M, Peak:0.00M | Scene, ViewLayer | Synchronizing object | Mesh_11
Fra:0 Mem:34.79M (Peak 34.79M) | Time:00:00.01 | Mem:0.00M, Peak:0.00M | Scene, ViewLayer | Synchronizing object | roadster/tire-rubber.001
Fra:0 Mem:34.81M (Peak 34.81M) | Time:00:00.01 | Mem:0.00M, Peak:0.00M | Scene, ViewLayer | Synchronizing object | Mesh_13
Fra:0 Mem:34.82M (Peak 34.82M) | Time:00:00.01 | Mem:0.00M, Peak:0.00M | Scene, ViewLayer | Synchronizing object | Mesh_14
Fra:0 Mem:34.86M (Peak 34.86M) | Time:00:00.01 | Mem:0.00M, Peak:0.00M | Scene, ViewLayer | Synchronizing object | roadster/tire-rubber.002
Fra:0 Mem:34.87M (Peak 34.87M) | Time:00:00.01 | Mem:0.00M, Peak:0.00M | Scene, ViewLayer | Synchronizing object | Mesh_16
Fra:0 Mem:34.88M (Peak 34.88M) | Time:00:00.01 | Mem:0.00M, Peak:0.00M | Scene, ViewLayer | Synchronizing object | Mesh_17
Fra:0 Mem:34.92M (Peak 34.92M) | Time:00:00.01 | Mem:0.00M, Peak:0.00M | Scene, ViewLayer | Synchronizing object | roadster/tire-rubber.003
Fra:0 Mem:34.93M (Peak 34.93M) | Time:00:00.01 | Mem:0.00M, Peak:0.00M | Scene, ViewLayer | Synchronizing object | Mesh_19
Fra:0 Mem:34.94M (Peak 34.94M) | Time:00:00.01 | Mem:0.00M, Peak:0.00M | Scene, ViewLayer | Synchronizing object | Mesh_20
Fra:0 Mem:37.79M (Peak 38.66M) | Time:00:00.03 | Mem:0.00M, Peak:0.00M | Scene, ViewLayer | Initializing
Fra:0 Mem:34.21M (Peak 38.66M) | Time:00:00.03 | Mem:0.00M, Peak:0.00M | Scene, ViewLayer | Updating Images | Loading Citizen_Normal-1024
Fra:0 Mem:34.21M (Peak 38.66M) | Time:00:00.03 | Mem:0.00M, Peak:0.00M | Scene, ViewLayer | Updating Images | Loading Citizen_BaseColor-1024
Fra:0 Mem:50.23M (Peak 58.23M) | Time:00:00.04 | Mem:4.00M, Peak:4.00M | Scene, ViewLayer | Updating Images | Loading Citizen_Roughness-1024
Fra:0 Mem:44.78M (Peak 58.23M) | Time:00:00.05 | Mem:12.00M, Peak:12.00M | Scene, ViewLayer | Waiting for render to start
Fra:0 Mem:44.78M (Peak 58.23M) | Time:00:00.05 | Mem:12.00M, Peak:12.00M | Scene, ViewLayer | Loading render kernels (may take a few minutes the first time)
Fra:0 Mem:44.78M (Peak 58.23M) | Time:00:00.05 | Mem:12.00M, Peak:12.00M | Scene, ViewLayer | Updating Scene
Fra:0 Mem:44.78M (Peak 58.23M) | Time:00:00.05 | Mem:12.00M, Peak:12.00M | Scene, ViewLayer | Updating Shaders
Fra:0 Mem:44.87M (Peak 58.23M) | Time:00:00.05 | Mem:12.01M, Peak:12.01M | Scene, ViewLayer | Updating Procedurals
Fra:0 Mem:44.87M (Peak 58.23M) | Time:00:00.05 | Mem:12.01M, Peak:12.01M | Scene, ViewLayer | Updating Background
Fra:0 Mem:44.87M (Peak 58.23M) | Time:00:00.05 | Mem:12.01M, Peak:12.01M | Scene, ViewLayer | Updating Camera
Fra:0 Mem:44.87M (Peak 58.23M) | Time:00:00.05 | Mem:12.01M, Peak:12.01M | Scene, ViewLayer | Updating Meshes Flags
Fra:0 Mem:44.87M (Peak 58.23M) | Time:00:00.05 | Mem:12.01M, Peak:12.01M | Scene, ViewLayer | Updating Objects
Fra:0 Mem:44.87M (Peak 58.23M) | Time:00:00.05 | Mem:12.01M, Peak:12.01M | Scene, ViewLayer | Updating Objects | Copying Transformations to device
Fra:0 Mem:44.87M (Peak 58.23M) | Time:00:00.05 | Mem:12.01M, Peak:12.01M | Scene, ViewLayer | Updating Objects | Applying Static Transformations
Fra:0 Mem:44.87M (Peak 58.23M) | Time:00:00.05 | Mem:12.01M, Peak:12.01M | Scene, ViewLayer | Updating Particle Systems
Fra:0 Mem:44.87M (Peak 58.23M) | Time:00:00.05 | Mem:12.01M, Peak:12.01M | Scene, ViewLayer | Updating Particle Systems | Copying Particles to device
Fra:0 Mem:44.87M (Peak 58.23M) | Time:00:00.05 | Mem:12.01M, Peak:12.01M | Scene, ViewLayer | Updating Meshes
Fra:0 Mem:45.67M (Peak 58.23M) | Time:00:00.06 | Mem:12.01M, Peak:12.01M | Scene, ViewLayer | Updating Mesh | Computing attributes
Fra:0 Mem:49.05M (Peak 58.23M) | Time:00:00.06 | Mem:12.01M, Peak:12.01M | Scene, ViewLayer | Updating Mesh | Copying Attributes to device
Fra:0 Mem:49.05M (Peak 58.23M) | Time:00:00.06 | Mem:15.39M, Peak:15.39M | Scene, ViewLayer | Updating Scene BVH | Building
Fra:0 Mem:49.05M (Peak 58.23M) | Time:00:00.06 | Mem:15.39M, Peak:15.39M | Scene, ViewLayer | Updating Scene BVH | Building BVH
Fra:0 Mem:49.05M (Peak 58.23M) | Time:00:00.06 | Mem:16.98M, Peak:16.98M | Scene, ViewLayer | Updating Scene BVH | Building BVH 0%
Fra:0 Mem:49.05M (Peak 58.23M) | Time:00:00.07 | Mem:18.72M, Peak:20.31M | Scene, ViewLayer | Updating Scene BVH | Copying BVH to device
Fra:0 Mem:49.05M (Peak 58.23M) | Time:00:00.07 | Mem:18.72M, Peak:20.31M | Scene, ViewLayer | Updating Mesh | Computing normals
Fra:0 Mem:52.13M (Peak 58.23M) | Time:00:00.07 | Mem:18.72M, Peak:20.31M | Scene, ViewLayer | Updating Mesh | Copying Mesh to device
Fra:0 Mem:52.13M (Peak 58.23M) | Time:00:00.07 | Mem:21.80M, Peak:21.80M | Scene, ViewLayer | Updating Objects Flags
Fra:0 Mem:52.13M (Peak 58.23M) | Time:00:00.07 | Mem:21.80M, Peak:21.80M | Scene, ViewLayer | Updating Primitive Offsets
Fra:0 Mem:52.13M (Peak 58.23M) | Time:00:00.07 | Mem:21.80M, Peak:21.80M | Scene, ViewLayer | Updating Images
Fra:0 Mem:52.13M (Peak 58.23M) | Time:00:00.07 | Mem:21.80M, Peak:21.80M | Scene, ViewLayer | Updating Camera Volume
Fra:0 Mem:52.13M (Peak 58.23M) | Time:00:00.07 | Mem:21.80M, Peak:21.80M | Scene, ViewLayer | Updating Lookup Tables
Fra:0 Mem:52.13M (Peak 58.23M) | Time:00:00.07 | Mem:21.88M, Peak:21.88M | Scene, ViewLayer | Updating Lights
Fra:0 Mem:52.13M (Peak 58.23M) | Time:00:00.07 | Mem:21.88M, Peak:21.88M | Scene, ViewLayer | Updating Lights | Computing tree
Fra:0 Mem:52.14M (Peak 58.23M) | Time:00:00.07 | Mem:21.89M, Peak:21.89M | Scene, ViewLayer | Updating Integrator
Fra:0 Mem:52.14M (Peak 58.23M) | Time:00:00.07 | Mem:21.89M, Peak:21.89M | Scene, ViewLayer | Updating Film
Fra:0 Mem:52.14M (Peak 58.23M) | Time:00:00.07 | Mem:21.81M, Peak:21.89M | Scene, ViewLayer | Updating Lookup Tables
Fra:0 Mem:52.14M (Peak 58.23M) | Time:00:00.07 | Mem:21.89M, Peak:21.89M | Scene, ViewLayer | Updating Baking
Fra:0 Mem:52.14M (Peak 58.23M) | Time:00:00.07 | Mem:21.89M, Peak:21.89M | Scene, ViewLayer | Updating Device | Writing constant memory
Fra:0 Mem:52.14M (Peak 58.23M) | Time:00:00.07 | Mem:21.89M, Peak:21.89M | Scene, ViewLayer | Sample 0/32
Fra:0 Mem:70.69M (Peak 70.69M) | Time:00:01.11 | Remaining:00:32.24 | Mem:40.44M, Peak:40.44M | Scene, ViewLayer | Sample 1/32
Fra:0 Mem:78.93M (Peak 95.41M) | Time:00:31.08 | Mem:40.44M, Peak:40.44M | Scene, ViewLayer | Sample 32/32
Fra:0 Mem:78.93M (Peak 95.41M) | Time:00:31.08 | Mem:40.44M, Peak:40.44M | Scene, ViewLayer | Finished
Saved: '/workspace/scratch/7c20b5ba4165/atlas-backlog-oct3/tools/assets/citizen-character-variants/qa/previews/driver-roadster-hands.png'
Time: 00:31.15 (Saving: 00:00.07)

RENDERED driver-roadster-hands
Extensions: writing cache failed ([Errno 30] Read-only file system: '/home/agent/.config/blender').
17:07:43 | INFO: Data are loaded, start creating Blender stuff
17:07:43 | INFO: Blender create Mesh node 0
17:07:43 | INFO: Blender create Mesh node 1
17:07:43 | INFO: Blender create Mesh node 2
17:07:43 | INFO: Blender create Mesh node 3
17:07:43 | INFO: Blender create Mesh node 4
17:07:43 | INFO: Blender create Mesh node 5
17:07:43 | INFO: Blender create Mesh node 6
17:07:43 | INFO: Blender create Mesh node 7
17:07:43 | INFO: Blender create Mesh node 8
17:07:43 | INFO: Blender create Mesh node 9
17:07:43 | INFO: Blender create Mesh node 10
17:07:43 | INFO: Blender create Mesh node 11
17:07:43 | INFO: Blender create Mesh node 12
17:07:43 | INFO: Blender create Mesh node 13
17:07:43 | INFO: Blender create Mesh node 14
17:07:43 | INFO: Blender create Mesh node 15
17:07:43 | INFO: Blender create Mesh node 16
17:07:43 | INFO: Blender create Mesh node 17
17:07:43 | INFO: Blender create Mesh node 18
17:07:43 | INFO: Blender create Mesh node 19
17:07:43 | INFO: Blender create Mesh node 20
17:07:43 | INFO: glTF import finished in 0.05s
17:07:43 | INFO: Data are loaded, start creating Blender stuff
17:07:43 | INFO: Blender create Mesh node Tailored torso
17:07:43 | INFO: glTF import finished in 0.12s
Fra:0 Mem:27.04M (Peak 27.04M) | Time:00:00.00 | Mem:0.00M, Peak:0.00M | Scene, ViewLayer | Synchronizing object | QA-only-ground
Fra:0 Mem:27.05M (Peak 27.05M) | Time:00:00.00 | Mem:0.00M, Peak:0.00M | Scene, ViewLayer | Synchronizing object | roadster/dark
Fra:0 Mem:27.05M (Peak 27.05M) | Time:00:00.00 | Mem:0.00M, Peak:0.00M | Scene, ViewLayer | Synchronizing object | driver-body
Fra:0 Mem:29.88M (Peak 29.88M) | Time:00:00.00 | Mem:0.00M, Peak:0.00M | Scene, ViewLayer | Synchronizing object | roadster/metal
Fra:0 Mem:30.03M (Peak 30.03M) | Time:00:00.00 | Mem:0.00M, Peak:0.00M | Scene, ViewLayer | Synchronizing object | roadster/seat-upholstery
Fra:0 Mem:30.36M (Peak 30.36M) | Time:00:00.00 | Mem:0.00M, Peak:0.00M | Scene, ViewLayer | Synchronizing object | roadster/lamp
Fra:0 Mem:30.37M (Peak 30.37M) | Time:00:00.00 | Mem:0.00M, Peak:0.00M | Scene, ViewLayer | Synchronizing object | roadster/tail
Fra:0 Mem:30.37M (Peak 30.37M) | Time:00:00.00 | Mem:0.00M, Peak:0.00M | Scene, ViewLayer | Synchronizing object | roadster/tire-rubber
Fra:0 Mem:30.39M (Peak 30.39M) | Time:00:00.00 | Mem:0.00M, Peak:0.00M | Scene, ViewLayer | Synchronizing object | Mesh_10
Fra:0 Mem:30.40M (Peak 30.40M) | Time:00:00.00 | Mem:0.00M, Peak:0.00M | Scene, ViewLayer | Synchronizing object | Mesh_11
Fra:0 Mem:30.43M (Peak 30.43M) | Time:00:00.00 | Mem:0.00M, Peak:0.00M | Scene, ViewLayer | Synchronizing object | roadster/tire-rubber.001
Fra:0 Mem:30.88M (Peak 30.88M) | Time:00:00.00 | Mem:0.00M, Peak:0.00M | Scene, ViewLayer | Synchronizing object | Mesh_13
Fra:0 Mem:30.89M (Peak 30.89M) | Time:00:00.00 | Mem:0.00M, Peak:0.00M | Scene, ViewLayer | Synchronizing object | Mesh_14
Fra:0 Mem:31.43M (Peak 31.43M) | Time:00:00.00 | Mem:0.00M, Peak:0.00M | Scene, ViewLayer | Synchronizing object | roadster/tire-rubber.002
Fra:0 Mem:31.45M (Peak 31.45M) | Time:00:00.00 | Mem:0.00M, Peak:0.00M | Scene, ViewLayer | Synchronizing object | Mesh_16
Fra:0 Mem:31.45M (Peak 31.45M) | Time:00:00.00 | Mem:0.00M, Peak:0.00M | Scene, ViewLayer | Synchronizing object | Mesh_17
Fra:0 Mem:31.49M (Peak 31.49M) | Time:00:00.00 | Mem:0.00M, Peak:0.00M | Scene, ViewLayer | Synchronizing object | roadster/tire-rubber.003
Fra:0 Mem:31.51M (Peak 31.51M) | Time:00:00.00 | Mem:0.00M, Peak:0.00M | Scene, ViewLayer | Synchronizing object | Mesh_19
Fra:0 Mem:31.51M (Peak 31.51M) | Time:00:00.00 | Mem:0.00M, Peak:0.00M | Scene, ViewLayer | Synchronizing object | Mesh_20
Fra:0 Mem:36.16M (Peak 37.03M) | Time:00:00.03 | Mem:0.00M, Peak:0.00M | Scene, ViewLayer | Initializing
Fra:0 Mem:32.58M (Peak 37.03M) | Time:00:00.03 | Mem:0.00M, Peak:0.00M | Scene, ViewLayer | Updating Images | Loading Citizen_Normal-1024
Fra:0 Mem:32.58M (Peak 37.03M) | Time:00:00.03 | Mem:0.00M, Peak:0.00M | Scene, ViewLayer | Updating Images | Loading Citizen_BaseColor-1024
Fra:0 Mem:48.60M (Peak 56.60M) | Time:00:00.05 | Mem:4.00M, Peak:4.00M | Scene, ViewLayer | Updating Images | Loading Citizen_Roughness-1024
Fra:0 Mem:43.29M (Peak 56.60M) | Time:00:00.06 | Mem:12.00M, Peak:12.00M | Scene, ViewLayer | Waiting for render to start
Fra:0 Mem:43.29M (Peak 56.60M) | Time:00:00.06 | Mem:12.00M, Peak:12.00M | Scene, ViewLayer | Loading render kernels (may take a few minutes the first time)
Fra:0 Mem:43.29M (Peak 56.60M) | Time:00:00.06 | Mem:12.00M, Peak:12.00M | Scene, ViewLayer | Updating Scene
Fra:0 Mem:43.29M (Peak 56.60M) | Time:00:00.06 | Mem:12.00M, Peak:12.00M | Scene, ViewLayer | Updating Shaders
Fra:0 Mem:43.38M (Peak 56.60M) | Time:00:00.06 | Mem:12.01M, Peak:12.01M | Scene, ViewLayer | Updating Procedurals
Fra:0 Mem:43.38M (Peak 56.60M) | Time:00:00.06 | Mem:12.01M, Peak:12.01M | Scene, ViewLayer | Updating Background
Fra:0 Mem:43.38M (Peak 56.60M) | Time:00:00.06 | Mem:12.01M, Peak:12.01M | Scene, ViewLayer | Updating Camera
Fra:0 Mem:43.38M (Peak 56.60M) | Time:00:00.06 | Mem:12.01M, Peak:12.01M | Scene, ViewLayer | Updating Meshes Flags
Fra:0 Mem:43.38M (Peak 56.60M) | Time:00:00.06 | Mem:12.01M, Peak:12.01M | Scene, ViewLayer | Updating Objects
Fra:0 Mem:43.38M (Peak 56.60M) | Time:00:00.06 | Mem:12.01M, Peak:12.01M | Scene, ViewLayer | Updating Objects | Copying Transformations to device
Fra:0 Mem:43.38M (Peak 56.60M) | Time:00:00.07 | Mem:12.01M, Peak:12.01M | Scene, ViewLayer | Updating Objects | Applying Static Transformations
Fra:0 Mem:43.38M (Peak 56.60M) | Time:00:00.07 | Mem:12.01M, Peak:12.01M | Scene, ViewLayer | Updating Particle Systems
Fra:0 Mem:43.38M (Peak 56.60M) | Time:00:00.07 | Mem:12.01M, Peak:12.01M | Scene, ViewLayer | Updating Particle Systems | Copying Particles to device
Fra:0 Mem:43.38M (Peak 56.60M) | Time:00:00.07 | Mem:12.01M, Peak:12.01M | Scene, ViewLayer | Updating Meshes
Fra:0 Mem:44.06M (Peak 56.60M) | Time:00:00.07 | Mem:12.01M, Peak:12.01M | Scene, ViewLayer | Updating Mesh | Computing attributes
Fra:0 Mem:47.19M (Peak 56.60M) | Time:00:00.07 | Mem:12.01M, Peak:12.01M | Scene, ViewLayer | Updating Mesh | Copying Attributes to device
Fra:0 Mem:47.19M (Peak 56.60M) | Time:00:00.07 | Mem:15.13M, Peak:15.13M | Scene, ViewLayer | Updating Scene BVH | Building
Fra:0 Mem:47.19M (Peak 56.60M) | Time:00:00.07 | Mem:15.13M, Peak:15.13M | Scene, ViewLayer | Updating Scene BVH | Building BVH
Fra:0 Mem:47.19M (Peak 56.60M) | Time:00:00.07 | Mem:16.50M, Peak:16.50M | Scene, ViewLayer | Updating Scene BVH | Building BVH 0%
Fra:0 Mem:47.19M (Peak 56.60M) | Time:00:00.07 | Mem:17.98M, Peak:19.35M | Scene, ViewLayer | Updating Scene BVH | Copying BVH to device
Fra:0 Mem:47.19M (Peak 56.60M) | Time:00:00.07 | Mem:17.98M, Peak:19.35M | Scene, ViewLayer | Updating Mesh | Computing normals
Fra:0 Mem:49.44M (Peak 56.60M) | Time:00:00.07 | Mem:17.98M, Peak:19.35M | Scene, ViewLayer | Updating Mesh | Copying Mesh to device
Fra:0 Mem:49.44M (Peak 56.60M) | Time:00:00.07 | Mem:20.24M, Peak:20.24M | Scene, ViewLayer | Updating Objects Flags
Fra:0 Mem:49.44M (Peak 56.60M) | Time:00:00.07 | Mem:20.24M, Peak:20.24M | Scene, ViewLayer | Updating Primitive Offsets
Fra:0 Mem:49.44M (Peak 56.60M) | Time:00:00.07 | Mem:20.24M, Peak:20.24M | Scene, ViewLayer | Updating Images
Fra:0 Mem:49.44M (Peak 56.60M) | Time:00:00.07 | Mem:20.24M, Peak:20.24M | Scene, ViewLayer | Updating Camera Volume
Fra:0 Mem:49.44M (Peak 56.60M) | Time:00:00.07 | Mem:20.24M, Peak:20.24M | Scene, ViewLayer | Updating Lookup Tables
Fra:0 Mem:49.44M (Peak 56.60M) | Time:00:00.07 | Mem:20.32M, Peak:20.32M | Scene, ViewLayer | Updating Lights
Fra:0 Mem:49.44M (Peak 56.60M) | Time:00:00.07 | Mem:20.32M, Peak:20.32M | Scene, ViewLayer | Updating Lights | Computing tree
Fra:0 Mem:49.45M (Peak 56.60M) | Time:00:00.07 | Mem:20.33M, Peak:20.33M | Scene, ViewLayer | Updating Integrator
Fra:0 Mem:49.45M (Peak 56.60M) | Time:00:00.07 | Mem:20.33M, Peak:20.33M | Scene, ViewLayer | Updating Film
Fra:0 Mem:49.46M (Peak 56.60M) | Time:00:00.07 | Mem:20.25M, Peak:20.33M | Scene, ViewLayer | Updating Lookup Tables
Fra:0 Mem:49.46M (Peak 56.60M) | Time:00:00.07 | Mem:20.34M, Peak:20.34M | Scene, ViewLayer | Updating Baking
Fra:0 Mem:49.46M (Peak 56.60M) | Time:00:00.07 | Mem:20.34M, Peak:20.34M | Scene, ViewLayer | Updating Device | Writing constant memory
Fra:0 Mem:49.46M (Peak 56.60M) | Time:00:00.07 | Mem:20.34M, Peak:20.34M | Scene, ViewLayer | Sample 0/32
Fra:0 Mem:68.00M (Peak 68.00M) | Time:00:00.87 | Remaining:00:24.72 | Mem:38.89M, Peak:38.89M | Scene, ViewLayer | Sample 1/32
Fra:0 Mem:76.24M (Peak 92.72M) | Time:00:22.85 | Mem:38.89M, Peak:38.89M | Scene, ViewLayer | Sample 32/32
Fra:0 Mem:76.24M (Peak 92.72M) | Time:00:22.85 | Mem:38.89M, Peak:38.89M | Scene, ViewLayer | Finished
Saved: '/workspace/scratch/7c20b5ba4165/atlas-backlog-oct3/tools/assets/citizen-character-variants/qa/previews/driver-roadster-cutaway.png'
Time: 00:22.92 (Saving: 00:00.06)

RENDERED driver-roadster-cutaway

Blender quit
