Extensions: writing cache failed ([Errno 30] Read-only file system: '/home/agent/.config/blender').
17:00:07 | INFO: Data are loaded, start creating Blender stuff
17:00:07 | INFO: Blender create Mesh node Tailored torso
17:00:07 | INFO: glTF import finished in 0.12s
Blender 4.3.2
Fra:0 Mem:22.83M (Peak 22.83M) | Time:00:00.00 | Mem:0.00M, Peak:0.00M | Scene, ViewLayer | Synchronizing object | QA-only-ground
Fra:0 Mem:22.83M (Peak 22.83M) | Time:00:00.00 | Mem:0.00M, Peak:0.00M | Scene, ViewLayer | Synchronizing object | 1.75 m
Fra:0 Mem:22.84M (Peak 22.84M) | Time:00:00.00 | Mem:0.00M, Peak:0.00M | Scene, ViewLayer | Synchronizing object | police-body
Fra:0 Mem:24.93M (Peak 24.93M) | Time:00:00.00 | Mem:0.00M, Peak:0.00M | Scene, ViewLayer | Synchronizing object | 1.81 m
Fra:0 Mem:24.97M (Peak 24.97M) | Time:00:00.00 | Mem:0.00M, Peak:0.00M | Scene, ViewLayer | Synchronizing object | 1 m
Fra:0 Mem:24.99M (Peak 24.99M) | Time:00:00.00 | Mem:0.00M, Peak:0.00M | Scene, ViewLayer | Synchronizing object | Cube
Fra:0 Mem:24.99M (Peak 24.99M) | Time:00:00.00 | Mem:0.00M, Peak:0.00M | Scene, ViewLayer | Synchronizing object | Sphere.013
Fra:0 Mem:25.00M (Peak 25.00M) | Time:00:00.00 | Mem:0.00M, Peak:0.00M | Scene, ViewLayer | Synchronizing object | Sphere.012
Fra:0 Mem:25.01M (Peak 25.01M) | Time:00:00.00 | Mem:0.00M, Peak:0.00M | Scene, ViewLayer | Synchronizing object | Sphere.011
Fra:0 Mem:25.01M (Peak 25.01M) | Time:00:00.00 | Mem:0.00M, Peak:0.00M | Scene, ViewLayer | Synchronizing object | Sphere.010
Fra:0 Mem:25.02M (Peak 25.02M) | Time:00:00.00 | Mem:0.00M, Peak:0.00M | Scene, ViewLayer | Synchronizing object | Sphere.009
Fra:0 Mem:25.03M (Peak 25.03M) | Time:00:00.00 | Mem:0.00M, Peak:0.00M | Scene, ViewLayer | Synchronizing object | Sphere.008
Fra:0 Mem:25.04M (Peak 25.04M) | Time:00:00.00 | Mem:0.00M, Peak:0.00M | Scene, ViewLayer | Synchronizing object | Sphere.007
Fra:0 Mem:25.05M (Peak 25.05M) | Time:00:00.00 | Mem:0.00M, Peak:0.00M | Scene, ViewLayer | Synchronizing object | Sphere.006
Fra:0 Mem:25.06M (Peak 25.06M) | Time:00:00.00 | Mem:0.00M, Peak:0.00M | Scene, ViewLayer | Synchronizing object | Sphere.005
Fra:0 Mem:25.07M (Peak 25.07M) | Time:00:00.00 | Mem:0.00M, Peak:0.00M | Scene, ViewLayer | Synchronizing object | Sphere.004
Fra:0 Mem:25.08M (Peak 25.08M) | Time:00:00.00 | Mem:0.00M, Peak:0.00M | Scene, ViewLayer | Synchronizing object | Sphere.003
Fra:0 Mem:25.09M (Peak 25.09M) | Time:00:00.00 | Mem:0.00M, Peak:0.00M | Scene, ViewLayer | Synchronizing object | Sphere.002
Fra:0 Mem:25.10M (Peak 25.10M) | Time:00:00.00 | Mem:0.00M, Peak:0.00M | Scene, ViewLayer | Synchronizing object | Sphere.001
Fra:0 Mem:25.11M (Peak 25.11M) | Time:00:00.00 | Mem:0.00M, Peak:0.00M | Scene, ViewLayer | Synchronizing object | Sphere
Fra:0 Mem:33.26M (Peak 34.14M) | Time:00:00.03 | Mem:0.00M, Peak:0.00M | Scene, ViewLayer | Initializing
Fra:0 Mem:29.42M (Peak 34.14M) | Time:00:00.03 | Mem:0.00M, Peak:0.00M | Scene, ViewLayer | Updating Images | Loading Citizen_Normal-1024
Fra:0 Mem:29.42M (Peak 34.14M) | Time:00:00.03 | Mem:0.00M, Peak:0.00M | Scene, ViewLayer | Updating Images | Loading Citizen_BaseColor-1024
Fra:0 Mem:37.43M (Peak 45.43M) | Time:00:00.05 | Mem:4.00M, Peak:4.00M | Scene, ViewLayer | Updating Images | Loading Citizen_Roughness-1024
Fra:0 Mem:40.03M (Peak 49.44M) | Time:00:00.06 | Mem:12.00M, Peak:12.00M | Scene, ViewLayer | Waiting for render to start
Fra:0 Mem:40.03M (Peak 49.44M) | Time:00:00.06 | Mem:12.00M, Peak:12.00M | Scene, ViewLayer | Loading render kernels (may take a few minutes the first time)
Fra:0 Mem:40.03M (Peak 49.44M) | Time:00:00.06 | Mem:12.00M, Peak:12.00M | Scene, ViewLayer | Updating Scene
Fra:0 Mem:40.03M (Peak 49.44M) | Time:00:00.06 | Mem:12.00M, Peak:12.00M | Scene, ViewLayer | Updating Shaders
Fra:0 Mem:40.12M (Peak 49.44M) | Time:00:00.06 | Mem:12.01M, Peak:12.01M | Scene, ViewLayer | Updating Procedurals
Fra:0 Mem:40.12M (Peak 49.44M) | Time:00:00.06 | Mem:12.01M, Peak:12.01M | Scene, ViewLayer | Updating Background
Fra:0 Mem:40.12M (Peak 49.44M) | Time:00:00.06 | Mem:12.01M, Peak:12.01M | Scene, ViewLayer | Updating Camera
Fra:0 Mem:40.12M (Peak 49.44M) | Time:00:00.06 | Mem:12.01M, Peak:12.01M | Scene, ViewLayer | Updating Meshes Flags
Fra:0 Mem:40.12M (Peak 49.44M) | Time:00:00.06 | Mem:12.01M, Peak:12.01M | Scene, ViewLayer | Updating Objects
Fra:0 Mem:40.12M (Peak 49.44M) | Time:00:00.06 | Mem:12.01M, Peak:12.01M | Scene, ViewLayer | Updating Objects | Copying Transformations to device
Fra:0 Mem:40.12M (Peak 49.44M) | Time:00:00.06 | Mem:12.01M, Peak:12.01M | Scene, ViewLayer | Updating Objects | Applying Static Transformations
Fra:0 Mem:40.12M (Peak 49.44M) | Time:00:00.06 | Mem:12.01M, Peak:12.01M | Scene, ViewLayer | Updating Particle Systems
Fra:0 Mem:40.12M (Peak 49.44M) | Time:00:00.06 | Mem:12.01M, Peak:12.01M | Scene, ViewLayer | Updating Particle Systems | Copying Particles to device
Fra:0 Mem:40.12M (Peak 49.44M) | Time:00:00.06 | Mem:12.01M, Peak:12.01M | Scene, ViewLayer | Updating Meshes
Fra:0 Mem:40.75M (Peak 49.44M) | Time:00:00.06 | Mem:12.01M, Peak:12.01M | Scene, ViewLayer | Updating Mesh | Computing attributes
Fra:0 Mem:43.76M (Peak 49.44M) | Time:00:00.06 | Mem:12.01M, Peak:12.01M | Scene, ViewLayer | Updating Mesh | Copying Attributes to device
Fra:0 Mem:43.75M (Peak 49.44M) | Time:00:00.06 | Mem:15.02M, Peak:15.02M | Scene, ViewLayer | Updating Scene BVH | Building
Fra:0 Mem:43.75M (Peak 49.44M) | Time:00:00.06 | Mem:15.02M, Peak:15.02M | Scene, ViewLayer | Updating Scene BVH | Building BVH
Fra:0 Mem:43.75M (Peak 49.44M) | Time:00:00.06 | Mem:16.27M, Peak:16.27M | Scene, ViewLayer | Updating Scene BVH | Building BVH 0%
Fra:0 Mem:43.75M (Peak 49.44M) | Time:00:00.07 | Mem:17.63M, Peak:18.88M | Scene, ViewLayer | Updating Scene BVH | Copying BVH to device
Fra:0 Mem:43.75M (Peak 49.44M) | Time:00:00.07 | Mem:17.63M, Peak:18.88M | Scene, ViewLayer | Updating Mesh | Computing normals
Fra:0 Mem:45.49M (Peak 49.44M) | Time:00:00.07 | Mem:17.63M, Peak:18.88M | Scene, ViewLayer | Updating Mesh | Copying Mesh to device
Fra:0 Mem:45.49M (Peak 49.44M) | Time:00:00.07 | Mem:19.37M, Peak:19.37M | Scene, ViewLayer | Updating Objects Flags
Fra:0 Mem:45.49M (Peak 49.44M) | Time:00:00.07 | Mem:19.37M, Peak:19.37M | Scene, ViewLayer | Updating Primitive Offsets
Fra:0 Mem:45.49M (Peak 49.44M) | Time:00:00.07 | Mem:19.37M, Peak:19.37M | Scene, ViewLayer | Updating Images
Fra:0 Mem:45.49M (Peak 49.44M) | Time:00:00.07 | Mem:19.37M, Peak:19.37M | Scene, ViewLayer | Updating Camera Volume
Fra:0 Mem:45.49M (Peak 49.44M) | Time:00:00.07 | Mem:19.37M, Peak:19.37M | Scene, ViewLayer | Updating Lookup Tables
Fra:0 Mem:45.49M (Peak 49.44M) | Time:00:00.07 | Mem:19.45M, Peak:19.45M | Scene, ViewLayer | Updating Lights
Fra:0 Mem:45.49M (Peak 49.44M) | Time:00:00.07 | Mem:19.45M, Peak:19.45M | Scene, ViewLayer | Updating Lights | Computing tree
Fra:0 Mem:45.49M (Peak 49.44M) | Time:00:00.07 | Mem:19.45M, Peak:19.45M | Scene, ViewLayer | Updating Integrator
Fra:0 Mem:45.49M (Peak 49.44M) | Time:00:00.07 | Mem:19.45M, Peak:19.45M | Scene, ViewLayer | Updating Film
Fra:0 Mem:45.50M (Peak 49.44M) | Time:00:00.07 | Mem:19.37M, Peak:19.45M | Scene, ViewLayer | Updating Lookup Tables
Fra:0 Mem:45.50M (Peak 49.44M) | Time:00:00.07 | Mem:19.45M, Peak:19.45M | Scene, ViewLayer | Updating Baking
Fra:0 Mem:45.50M (Peak 49.44M) | Time:00:00.07 | Mem:19.45M, Peak:19.45M | Scene, ViewLayer | Updating Device | Writing constant memory
Fra:0 Mem:45.50M (Peak 49.44M) | Time:00:00.07 | Mem:19.45M, Peak:19.45M | Scene, ViewLayer | Sample 0/32
Fra:0 Mem:59.57M (Peak 59.57M) | Time:00:00.42 | Remaining:00:11.02 | Mem:33.53M, Peak:33.53M | Scene, ViewLayer | Sample 1/32
Fra:0 Mem:65.82M (Peak 78.32M) | Time:00:10.32 | Mem:33.53M, Peak:33.53M | Scene, ViewLayer | Sample 32/32
Fra:0 Mem:65.82M (Peak 78.32M) | Time:00:10.32 | Mem:33.53M, Peak:33.53M | Scene, ViewLayer | Finished
Saved: '/workspace/scratch/7c20b5ba4165/atlas-backlog-oct3/tools/assets/citizen-character-variants/qa/previews/police-front.png'
Time: 00:10.48 (Saving: 00:00.15)

RENDERED police-front
Extensions: writing cache failed ([Errno 30] Read-only file system: '/home/agent/.config/blender').
17:00:17 | INFO: Data are loaded, start creating Blender stuff
17:00:17 | INFO: Blender create Mesh node Tailored torso
17:00:18 | INFO: glTF import finished in 0.12s
Fra:0 Mem:24.83M (Peak 25.18M) | Time:00:00.00 | Mem:0.00M, Peak:0.00M | Scene, ViewLayer | Synchronizing object | QA-only-ground
Fra:0 Mem:24.83M (Peak 25.18M) | Time:00:00.00 | Mem:0.00M, Peak:0.00M | Scene, ViewLayer | Synchronizing object | 1.75 m
Fra:0 Mem:24.85M (Peak 25.18M) | Time:00:00.00 | Mem:0.00M, Peak:0.00M | Scene, ViewLayer | Synchronizing object | police-body
Fra:0 Mem:24.93M (Peak 25.18M) | Time:00:00.00 | Mem:0.00M, Peak:0.00M | Scene, ViewLayer | Synchronizing object | 1.81 m
Fra:0 Mem:25.35M (Peak 25.35M) | Time:00:00.00 | Mem:0.00M, Peak:0.00M | Scene, ViewLayer | Synchronizing object | 1 m
Fra:0 Mem:25.36M (Peak 25.36M) | Time:00:00.00 | Mem:0.00M, Peak:0.00M | Scene, ViewLayer | Synchronizing object | Cube
Fra:0 Mem:25.36M (Peak 25.36M) | Time:00:00.00 | Mem:0.00M, Peak:0.00M | Scene, ViewLayer | Synchronizing object | Sphere.013
Fra:0 Mem:25.37M (Peak 25.37M) | Time:00:00.00 | Mem:0.00M, Peak:0.00M | Scene, ViewLayer | Synchronizing object | Sphere.012
Fra:0 Mem:25.38M (Peak 25.38M) | Time:00:00.00 | Mem:0.00M, Peak:0.00M | Scene, ViewLayer | Synchronizing object | Sphere.011
Fra:0 Mem:25.39M (Peak 25.39M) | Time:00:00.00 | Mem:0.00M, Peak:0.00M | Scene, ViewLayer | Synchronizing object | Sphere.010
Fra:0 Mem:25.40M (Peak 25.40M) | Time:00:00.00 | Mem:0.00M, Peak:0.00M | Scene, ViewLayer | Synchronizing object | Sphere.009
Fra:0 Mem:27.18M (Peak 27.18M) | Time:00:00.00 | Mem:0.00M, Peak:0.00M | Scene, ViewLayer | Synchronizing object | Sphere.008
Fra:0 Mem:27.18M (Peak 27.18M) | Time:00:00.00 | Mem:0.00M, Peak:0.00M | Scene, ViewLayer | Synchronizing object | Sphere.007
Fra:0 Mem:27.19M (Peak 27.19M) | Time:00:00.00 | Mem:0.00M, Peak:0.00M | Scene, ViewLayer | Synchronizing object | Sphere.006
Fra:0 Mem:27.20M (Peak 27.20M) | Time:00:00.00 | Mem:0.00M, Peak:0.00M | Scene, ViewLayer | Synchronizing object | Sphere.005
Fra:0 Mem:27.21M (Peak 27.21M) | Time:00:00.00 | Mem:0.00M, Peak:0.00M | Scene, ViewLayer | Synchronizing object | Sphere.004
Fra:0 Mem:27.22M (Peak 27.22M) | Time:00:00.00 | Mem:0.00M, Peak:0.00M | Scene, ViewLayer | Synchronizing object | Sphere.003
Fra:0 Mem:27.23M (Peak 27.23M) | Time:00:00.00 | Mem:0.00M, Peak:0.00M | Scene, ViewLayer | Synchronizing object | Sphere.002
Fra:0 Mem:27.24M (Peak 27.24M) | Time:00:00.00 | Mem:0.00M, Peak:0.00M | Scene, ViewLayer | Synchronizing object | Sphere.001
Fra:0 Mem:27.25M (Peak 27.25M) | Time:00:00.00 | Mem:0.00M, Peak:0.00M | Scene, ViewLayer | Synchronizing object | Sphere
Fra:0 Mem:33.26M (Peak 34.14M) | Time:00:00.03 | Mem:0.00M, Peak:0.00M | Scene, ViewLayer | Initializing
Fra:0 Mem:29.42M (Peak 34.14M) | Time:00:00.03 | Mem:0.00M, Peak:0.00M | Scene, ViewLayer | Updating Images | Loading Citizen_BaseColor-1024
Fra:0 Mem:45.44M (Peak 53.44M) | Time:00:00.04 | Mem:4.00M, Peak:4.00M | Scene, ViewLayer | Updating Images | Loading Citizen_Roughness-1024
Fra:0 Mem:40.03M (Peak 53.44M) | Time:00:00.06 | Mem:12.00M, Peak:12.00M | Scene, ViewLayer | Waiting for render to start
Fra:0 Mem:40.03M (Peak 53.44M) | Time:00:00.06 | Mem:12.00M, Peak:12.00M | Scene, ViewLayer | Loading render kernels (may take a few minutes the first time)
Fra:0 Mem:40.03M (Peak 53.44M) | Time:00:00.06 | Mem:12.00M, Peak:12.00M | Scene, ViewLayer | Updating Scene
Fra:0 Mem:40.03M (Peak 53.44M) | Time:00:00.06 | Mem:12.00M, Peak:12.00M | Scene, ViewLayer | Updating Shaders
Fra:0 Mem:40.12M (Peak 53.44M) | Time:00:00.06 | Mem:12.01M, Peak:12.01M | Scene, ViewLayer | Updating Procedurals
Fra:0 Mem:40.12M (Peak 53.44M) | Time:00:00.06 | Mem:12.01M, Peak:12.01M | Scene, ViewLayer | Updating Background
Fra:0 Mem:40.12M (Peak 53.44M) | Time:00:00.06 | Mem:12.01M, Peak:12.01M | Scene, ViewLayer | Updating Camera
Fra:0 Mem:40.12M (Peak 53.44M) | Time:00:00.06 | Mem:12.01M, Peak:12.01M | Scene, ViewLayer | Updating Meshes Flags
Fra:0 Mem:40.12M (Peak 53.44M) | Time:00:00.06 | Mem:12.01M, Peak:12.01M | Scene, ViewLayer | Updating Objects
Fra:0 Mem:40.12M (Peak 53.44M) | Time:00:00.06 | Mem:12.01M, Peak:12.01M | Scene, ViewLayer | Updating Objects | Copying Transformations to device
Fra:0 Mem:40.12M (Peak 53.44M) | Time:00:00.06 | Mem:12.01M, Peak:12.01M | Scene, ViewLayer | Updating Objects | Applying Static Transformations
Fra:0 Mem:40.12M (Peak 53.44M) | Time:00:00.06 | Mem:12.01M, Peak:12.01M | Scene, ViewLayer | Updating Particle Systems
Fra:0 Mem:40.12M (Peak 53.44M) | Time:00:00.06 | Mem:12.01M, Peak:12.01M | Scene, ViewLayer | Updating Particle Systems | Copying Particles to device
Fra:0 Mem:40.12M (Peak 53.44M) | Time:00:00.06 | Mem:12.01M, Peak:12.01M | Scene, ViewLayer | Updating Meshes
Fra:0 Mem:40.75M (Peak 53.44M) | Time:00:00.06 | Mem:12.01M, Peak:12.01M | Scene, ViewLayer | Updating Mesh | Computing attributes
Fra:0 Mem:43.76M (Peak 53.44M) | Time:00:00.06 | Mem:12.01M, Peak:12.01M | Scene, ViewLayer | Updating Mesh | Copying Attributes to device
Fra:0 Mem:43.75M (Peak 53.44M) | Time:00:00.06 | Mem:15.02M, Peak:15.02M | Scene, ViewLayer | Updating Scene BVH | Building
Fra:0 Mem:43.75M (Peak 53.44M) | Time:00:00.06 | Mem:15.02M, Peak:15.02M | Scene, ViewLayer | Updating Scene BVH | Building BVH
Fra:0 Mem:43.75M (Peak 53.44M) | Time:00:00.06 | Mem:16.27M, Peak:16.27M | Scene, ViewLayer | Updating Scene BVH | Building BVH 0%
Fra:0 Mem:43.75M (Peak 53.44M) | Time:00:00.06 | Mem:17.63M, Peak:18.88M | Scene, ViewLayer | Updating Scene BVH | Copying BVH to device
Fra:0 Mem:43.75M (Peak 53.44M) | Time:00:00.06 | Mem:17.63M, Peak:18.88M | Scene, ViewLayer | Updating Mesh | Computing normals
Fra:0 Mem:45.49M (Peak 53.44M) | Time:00:00.06 | Mem:17.63M, Peak:18.88M | Scene, ViewLayer | Updating Mesh | Copying Mesh to device
Fra:0 Mem:45.49M (Peak 53.44M) | Time:00:00.06 | Mem:19.37M, Peak:19.37M | Scene, ViewLayer | Updating Objects Flags
Fra:0 Mem:45.49M (Peak 53.44M) | Time:00:00.06 | Mem:19.37M, Peak:19.37M | Scene, ViewLayer | Updating Primitive Offsets
Fra:0 Mem:45.49M (Peak 53.44M) | Time:00:00.06 | Mem:19.37M, Peak:19.37M | Scene, ViewLayer | Updating Images
Fra:0 Mem:45.49M (Peak 53.44M) | Time:00:00.06 | Mem:19.37M, Peak:19.37M | Scene, ViewLayer | Updating Camera Volume
Fra:0 Mem:45.49M (Peak 53.44M) | Time:00:00.06 | Mem:19.37M, Peak:19.37M | Scene, ViewLayer | Updating Lookup Tables
Fra:0 Mem:45.49M (Peak 53.44M) | Time:00:00.06 | Mem:19.45M, Peak:19.45M | Scene, ViewLayer | Updating Lights
Fra:0 Mem:45.49M (Peak 53.44M) | Time:00:00.06 | Mem:19.45M, Peak:19.45M | Scene, ViewLayer | Updating Lights | Computing tree
Fra:0 Mem:45.49M (Peak 53.44M) | Time:00:00.06 | Mem:19.45M, Peak:19.45M | Scene, ViewLayer | Updating Integrator
Fra:0 Mem:45.49M (Peak 53.44M) | Time:00:00.06 | Mem:19.45M, Peak:19.45M | Scene, ViewLayer | Updating Film
Fra:0 Mem:45.50M (Peak 53.44M) | Time:00:00.06 | Mem:19.37M, Peak:19.45M | Scene, ViewLayer | Updating Lookup Tables
Fra:0 Mem:45.50M (Peak 53.44M) | Time:00:00.06 | Mem:19.45M, Peak:19.45M | Scene, ViewLayer | Updating Baking
Fra:0 Mem:45.50M (Peak 53.44M) | Time:00:00.06 | Mem:19.45M, Peak:19.45M | Scene, ViewLayer | Updating Device | Writing constant memory
Fra:0 Mem:45.50M (Peak 53.44M) | Time:00:00.06 | Mem:19.45M, Peak:19.45M | Scene, ViewLayer | Sample 0/32
Fra:0 Mem:59.57M (Peak 59.57M) | Time:00:00.42 | Remaining:00:10.90 | Mem:33.53M, Peak:33.53M | Scene, ViewLayer | Sample 1/32
Fra:0 Mem:65.82M (Peak 78.32M) | Time:00:10.43 | Mem:33.53M, Peak:33.53M | Scene, ViewLayer | Sample 32/32
Fra:0 Mem:65.82M (Peak 78.32M) | Time:00:10.43 | Mem:33.53M, Peak:33.53M | Scene, ViewLayer | Finished
Saved: '/workspace/scratch/7c20b5ba4165/atlas-backlog-oct3/tools/assets/citizen-character-variants/qa/previews/police-back.png'
Time: 00:10.48 (Saving: 00:00.04)

RENDERED police-back
Extensions: writing cache failed ([Errno 30] Read-only file system: '/home/agent/.config/blender').
17:00:28 | INFO: Data are loaded, start creating Blender stuff
17:00:28 | INFO: Blender create Mesh node Tailored torso
17:00:28 | INFO: glTF import finished in 0.12s
Fra:0 Mem:24.83M (Peak 24.84M) | Time:00:00.00 | Mem:0.00M, Peak:0.00M | Scene, ViewLayer | Synchronizing object | QA-only-ground
Fra:0 Mem:24.83M (Peak 24.84M) | Time:00:00.00 | Mem:0.00M, Peak:0.00M | Scene, ViewLayer | Synchronizing object | 1.75 m
Fra:0 Mem:24.85M (Peak 24.85M) | Time:00:00.00 | Mem:0.00M, Peak:0.00M | Scene, ViewLayer | Synchronizing object | police-body
Fra:0 Mem:24.93M (Peak 24.93M) | Time:00:00.00 | Mem:0.00M, Peak:0.00M | Scene, ViewLayer | Synchronizing object | 1.81 m
Fra:0 Mem:25.35M (Peak 25.35M) | Time:00:00.00 | Mem:0.00M, Peak:0.00M | Scene, ViewLayer | Synchronizing object | 1 m
Fra:0 Mem:25.36M (Peak 25.36M) | Time:00:00.00 | Mem:0.00M, Peak:0.00M | Scene, ViewLayer | Synchronizing object | Cube
Fra:0 Mem:25.36M (Peak 25.36M) | Time:00:00.00 | Mem:0.00M, Peak:0.00M | Scene, ViewLayer | Synchronizing object | Sphere.013
Fra:0 Mem:25.37M (Peak 25.37M) | Time:00:00.00 | Mem:0.00M, Peak:0.00M | Scene, ViewLayer | Synchronizing object | Sphere.012
Fra:0 Mem:25.38M (Peak 25.38M) | Time:00:00.00 | Mem:0.00M, Peak:0.00M | Scene, ViewLayer | Synchronizing object | Sphere.011
Fra:0 Mem:25.39M (Peak 25.39M) | Time:00:00.00 | Mem:0.00M, Peak:0.00M | Scene, ViewLayer | Synchronizing object | Sphere.010
Fra:0 Mem:27.17M (Peak 27.17M) | Time:00:00.00 | Mem:0.00M, Peak:0.00M | Scene, ViewLayer | Synchronizing object | Sphere.009
Fra:0 Mem:27.18M (Peak 27.18M) | Time:00:00.00 | Mem:0.00M, Peak:0.00M | Scene, ViewLayer | Synchronizing object | Sphere.008
Fra:0 Mem:27.19M (Peak 27.19M) | Time:00:00.00 | Mem:0.00M, Peak:0.00M | Scene, ViewLayer | Synchronizing object | Sphere.007
Fra:0 Mem:27.19M (Peak 27.19M) | Time:00:00.00 | Mem:0.00M, Peak:0.00M | Scene, ViewLayer | Synchronizing object | Sphere.006
Fra:0 Mem:27.20M (Peak 27.20M) | Time:00:00.00 | Mem:0.00M, Peak:0.00M | Scene, ViewLayer | Synchronizing object | Sphere.005
Fra:0 Mem:27.21M (Peak 27.21M) | Time:00:00.00 | Mem:0.00M, Peak:0.00M | Scene, ViewLayer | Synchronizing object | Sphere.004
Fra:0 Mem:27.22M (Peak 27.22M) | Time:00:00.00 | Mem:0.00M, Peak:0.00M | Scene, ViewLayer | Synchronizing object | Sphere.003
Fra:0 Mem:27.23M (Peak 27.23M) | Time:00:00.00 | Mem:0.00M, Peak:0.00M | Scene, ViewLayer | Synchronizing object | Sphere.002
Fra:0 Mem:27.24M (Peak 27.24M) | Time:00:00.00 | Mem:0.00M, Peak:0.00M | Scene, ViewLayer | Synchronizing object | Sphere.001
Fra:0 Mem:27.25M (Peak 27.25M) | Time:00:00.00 | Mem:0.00M, Peak:0.00M | Scene, ViewLayer | Synchronizing object | Sphere
Fra:0 Mem:33.26M (Peak 34.14M) | Time:00:00.03 | Mem:0.00M, Peak:0.00M | Scene, ViewLayer | Initializing
Fra:0 Mem:29.42M (Peak 34.14M) | Time:00:00.03 | Mem:0.00M, Peak:0.00M | Scene, ViewLayer | Updating Images | Loading Citizen_Normal-1024
Fra:0 Mem:29.42M (Peak 34.14M) | Time:00:00.03 | Mem:0.00M, Peak:0.00M | Scene, ViewLayer | Updating Images | Loading Citizen_BaseColor-1024
Fra:0 Mem:45.44M (Peak 53.44M) | Time:00:00.05 | Mem:4.00M, Peak:4.00M | Scene, ViewLayer | Updating Images | Loading Citizen_Roughness-1024
Fra:0 Mem:40.03M (Peak 53.44M) | Time:00:00.06 | Mem:12.00M, Peak:12.00M | Scene, ViewLayer | Waiting for render to start
Fra:0 Mem:40.03M (Peak 53.44M) | Time:00:00.06 | Mem:12.00M, Peak:12.00M | Scene, ViewLayer | Loading render kernels (may take a few minutes the first time)
Fra:0 Mem:40.03M (Peak 53.44M) | Time:00:00.06 | Mem:12.00M, Peak:12.00M | Scene, ViewLayer | Updating Scene
Fra:0 Mem:40.03M (Peak 53.44M) | Time:00:00.06 | Mem:12.00M, Peak:12.00M | Scene, ViewLayer | Updating Shaders
Fra:0 Mem:40.12M (Peak 53.44M) | Time:00:00.06 | Mem:12.01M, Peak:12.01M | Scene, ViewLayer | Updating Procedurals
Fra:0 Mem:40.12M (Peak 53.44M) | Time:00:00.06 | Mem:12.01M, Peak:12.01M | Scene, ViewLayer | Updating Background
Fra:0 Mem:40.12M (Peak 53.44M) | Time:00:00.06 | Mem:12.01M, Peak:12.01M | Scene, ViewLayer | Updating Camera
Fra:0 Mem:40.12M (Peak 53.44M) | Time:00:00.06 | Mem:12.01M, Peak:12.01M | Scene, ViewLayer | Updating Meshes Flags
Fra:0 Mem:40.12M (Peak 53.44M) | Time:00:00.06 | Mem:12.01M, Peak:12.01M | Scene, ViewLayer | Updating Objects
Fra:0 Mem:40.12M (Peak 53.44M) | Time:00:00.06 | Mem:12.01M, Peak:12.01M | Scene, ViewLayer | Updating Objects | Copying Transformations to device
Fra:0 Mem:40.12M (Peak 53.44M) | Time:00:00.06 | Mem:12.01M, Peak:12.01M | Scene, ViewLayer | Updating Objects | Applying Static Transformations
Fra:0 Mem:40.12M (Peak 53.44M) | Time:00:00.06 | Mem:12.01M, Peak:12.01M | Scene, ViewLayer | Updating Particle Systems
Fra:0 Mem:40.12M (Peak 53.44M) | Time:00:00.06 | Mem:12.01M, Peak:12.01M | Scene, ViewLayer | Updating Particle Systems | Copying Particles to device
Fra:0 Mem:40.12M (Peak 53.44M) | Time:00:00.06 | Mem:12.01M, Peak:12.01M | Scene, ViewLayer | Updating Meshes
Fra:0 Mem:40.75M (Peak 53.44M) | Time:00:00.06 | Mem:12.01M, Peak:12.01M | Scene, ViewLayer | Updating Mesh | Computing attributes
Fra:0 Mem:43.76M (Peak 53.44M) | Time:00:00.06 | Mem:12.01M, Peak:12.01M | Scene, ViewLayer | Updating Mesh | Copying Attributes to device
Fra:0 Mem:43.75M (Peak 53.44M) | Time:00:00.06 | Mem:15.02M, Peak:15.02M | Scene, ViewLayer | Updating Scene BVH | Building
Fra:0 Mem:43.75M (Peak 53.44M) | Time:00:00.06 | Mem:15.02M, Peak:15.02M | Scene, ViewLayer | Updating Scene BVH | Building BVH
Fra:0 Mem:43.75M (Peak 53.44M) | Time:00:00.06 | Mem:16.27M, Peak:16.27M | Scene, ViewLayer | Updating Scene BVH | Building BVH 0%
Fra:0 Mem:43.75M (Peak 53.44M) | Time:00:00.07 | Mem:17.63M, Peak:18.88M | Scene, ViewLayer | Updating Scene BVH | Copying BVH to device
Fra:0 Mem:43.75M (Peak 53.44M) | Time:00:00.07 | Mem:17.63M, Peak:18.88M | Scene, ViewLayer | Updating Mesh | Computing normals
Fra:0 Mem:45.49M (Peak 53.44M) | Time:00:00.07 | Mem:17.63M, Peak:18.88M | Scene, ViewLayer | Updating Mesh | Copying Mesh to device
Fra:0 Mem:45.49M (Peak 53.44M) | Time:00:00.07 | Mem:19.37M, Peak:19.37M | Scene, ViewLayer | Updating Objects Flags
Fra:0 Mem:45.49M (Peak 53.44M) | Time:00:00.07 | Mem:19.37M, Peak:19.37M | Scene, ViewLayer | Updating Primitive Offsets
Fra:0 Mem:45.49M (Peak 53.44M) | Time:00:00.07 | Mem:19.37M, Peak:19.37M | Scene, ViewLayer | Updating Images
Fra:0 Mem:45.49M (Peak 53.44M) | Time:00:00.07 | Mem:19.37M, Peak:19.37M | Scene, ViewLayer | Updating Camera Volume
Fra:0 Mem:45.49M (Peak 53.44M) | Time:00:00.07 | Mem:19.37M, Peak:19.37M | Scene, ViewLayer | Updating Lookup Tables
Fra:0 Mem:45.49M (Peak 53.44M) | Time:00:00.07 | Mem:19.45M, Peak:19.45M | Scene, ViewLayer | Updating Lights
Fra:0 Mem:45.49M (Peak 53.44M) | Time:00:00.07 | Mem:19.45M, Peak:19.45M | Scene, ViewLayer | Updating Lights | Computing tree
Fra:0 Mem:45.49M (Peak 53.44M) | Time:00:00.07 | Mem:19.45M, Peak:19.45M | Scene, ViewLayer | Updating Integrator
Fra:0 Mem:45.49M (Peak 53.44M) | Time:00:00.07 | Mem:19.45M, Peak:19.45M | Scene, ViewLayer | Updating Film
Fra:0 Mem:45.50M (Peak 53.44M) | Time:00:00.07 | Mem:19.37M, Peak:19.45M | Scene, ViewLayer | Updating Lookup Tables
Fra:0 Mem:45.50M (Peak 53.44M) | Time:00:00.07 | Mem:19.45M, Peak:19.45M | Scene, ViewLayer | Updating Baking
Fra:0 Mem:45.50M (Peak 53.44M) | Time:00:00.07 | Mem:19.45M, Peak:19.45M | Scene, ViewLayer | Updating Device | Writing constant memory
Fra:0 Mem:45.50M (Peak 53.44M) | Time:00:00.07 | Mem:19.45M, Peak:19.45M | Scene, ViewLayer | Sample 0/32
Fra:0 Mem:59.57M (Peak 59.57M) | Time:00:00.39 | Remaining:00:09.99 | Mem:33.53M, Peak:33.53M | Scene, ViewLayer | Sample 1/32
Fra:0 Mem:65.82M (Peak 78.32M) | Time:00:09.68 | Mem:33.53M, Peak:33.53M | Scene, ViewLayer | Sample 32/32
Fra:0 Mem:65.82M (Peak 78.32M) | Time:00:09.68 | Mem:33.53M, Peak:33.53M | Scene, ViewLayer | Finished
Saved: '/workspace/scratch/7c20b5ba4165/atlas-backlog-oct3/tools/assets/citizen-character-variants/qa/previews/police-side.png'
Time: 00:09.73 (Saving: 00:00.04)

RENDERED police-side
Extensions: writing cache failed ([Errno 30] Read-only file system: '/home/agent/.config/blender').
17:00:38 | INFO: Data are loaded, start creating Blender stuff
17:00:38 | INFO: Blender create Mesh node Tailored torso
17:00:38 | INFO: glTF import finished in 0.14s
17:00:38 | INFO: Data are loaded, start creating Blender stuff
17:00:38 | INFO: Blender create Mesh node Tailored torso
17:00:38 | INFO: glTF import finished in 0.11s
17:00:38 | INFO: Data are loaded, start creating Blender stuff
17:00:38 | INFO: Blender create Mesh node Tailored torso
17:00:39 | INFO: glTF import finished in 0.11s
Fra:0 Mem:39.28M (Peak 39.28M) | Time:00:00.00 | Mem:0.00M, Peak:0.00M | Scene, ViewLayer | Synchronizing object | QA-only-ground
Fra:0 Mem:39.28M (Peak 39.28M) | Time:00:00.00 | Mem:0.00M, Peak:0.00M | Scene, ViewLayer | Synchronizing object | LOD 0
Fra:0 Mem:39.30M (Peak 39.30M) | Time:00:00.00 | Mem:0.00M, Peak:0.00M | Scene, ViewLayer | Synchronizing object | police-body
Fra:0 Mem:39.38M (Peak 39.38M) | Time:00:00.00 | Mem:0.00M, Peak:0.00M | Scene, ViewLayer | Synchronizing object | LOD 1
Fra:0 Mem:39.78M (Peak 39.78M) | Time:00:00.00 | Mem:0.00M, Peak:0.00M | Scene, ViewLayer | Synchronizing object | LOD 2
Fra:0 Mem:39.81M (Peak 39.81M) | Time:00:00.00 | Mem:0.00M, Peak:0.00M | Scene, ViewLayer | Synchronizing object | police-body.002
Fra:0 Mem:54.22M (Peak 55.63M) | Time:00:00.04 | Mem:0.00M, Peak:0.00M | Scene, ViewLayer | Synchronizing object | police-body.001
Fra:0 Mem:61.24M (Peak 61.98M) | Time:00:00.07 | Mem:0.00M, Peak:0.00M | Scene, ViewLayer | Initializing
Fra:0 Mem:51.44M (Peak 61.98M) | Time:00:00.07 | Mem:0.00M, Peak:0.00M | Scene, ViewLayer | Updating Images | Loading Citizen_Normal-1024
Fra:0 Mem:51.44M (Peak 61.98M) | Time:00:00.07 | Mem:0.00M, Peak:0.00M | Scene, ViewLayer | Updating Images | Loading Citizen_BaseColor-1024
Fra:0 Mem:67.46M (Peak 75.46M) | Time:00:00.09 | Mem:4.00M, Peak:4.00M | Scene, ViewLayer | Updating Images | Loading Citizen_Roughness-1024
Fra:0 Mem:61.38M (Peak 75.46M) | Time:00:00.10 | Mem:12.00M, Peak:12.00M | Scene, ViewLayer | Waiting for render to start
Fra:0 Mem:61.38M (Peak 75.46M) | Time:00:00.10 | Mem:12.00M, Peak:12.00M | Scene, ViewLayer | Loading render kernels (may take a few minutes the first time)
Fra:0 Mem:61.38M (Peak 75.46M) | Time:00:00.10 | Mem:12.00M, Peak:12.00M | Scene, ViewLayer | Updating Scene
Fra:0 Mem:61.38M (Peak 75.46M) | Time:00:00.10 | Mem:12.00M, Peak:12.00M | Scene, ViewLayer | Updating Shaders
Fra:0 Mem:61.48M (Peak 75.46M) | Time:00:00.10 | Mem:12.01M, Peak:12.01M | Scene, ViewLayer | Updating Procedurals
Fra:0 Mem:61.48M (Peak 75.46M) | Time:00:00.10 | Mem:12.01M, Peak:12.01M | Scene, ViewLayer | Updating Background
Fra:0 Mem:61.48M (Peak 75.46M) | Time:00:00.10 | Mem:12.01M, Peak:12.01M | Scene, ViewLayer | Updating Camera
Fra:0 Mem:61.48M (Peak 75.46M) | Time:00:00.10 | Mem:12.01M, Peak:12.01M | Scene, ViewLayer | Updating Meshes Flags
Fra:0 Mem:61.48M (Peak 75.46M) | Time:00:00.10 | Mem:12.01M, Peak:12.01M | Scene, ViewLayer | Updating Objects
Fra:0 Mem:61.48M (Peak 75.46M) | Time:00:00.10 | Mem:12.01M, Peak:12.01M | Scene, ViewLayer | Updating Objects | Copying Transformations to device
Fra:0 Mem:61.48M (Peak 75.46M) | Time:00:00.10 | Mem:12.02M, Peak:12.02M | Scene, ViewLayer | Updating Objects | Applying Static Transformations
Fra:0 Mem:61.48M (Peak 75.46M) | Time:00:00.10 | Mem:12.02M, Peak:12.02M | Scene, ViewLayer | Updating Particle Systems
Fra:0 Mem:61.48M (Peak 75.46M) | Time:00:00.10 | Mem:12.02M, Peak:12.02M | Scene, ViewLayer | Updating Particle Systems | Copying Particles to device
Fra:0 Mem:61.48M (Peak 75.46M) | Time:00:00.10 | Mem:12.02M, Peak:12.02M | Scene, ViewLayer | Updating Meshes
Fra:0 Mem:63.04M (Peak 75.46M) | Time:00:00.10 | Mem:12.02M, Peak:12.02M | Scene, ViewLayer | Updating Mesh | Computing attributes
Fra:0 Mem:70.98M (Peak 75.46M) | Time:00:00.10 | Mem:12.02M, Peak:12.02M | Scene, ViewLayer | Updating Mesh | Copying Attributes to device
Fra:0 Mem:70.98M (Peak 75.46M) | Time:00:00.10 | Mem:19.95M, Peak:19.95M | Scene, ViewLayer | Updating Scene BVH | Building
Fra:0 Mem:70.98M (Peak 75.46M) | Time:00:00.10 | Mem:19.95M, Peak:19.95M | Scene, ViewLayer | Updating Scene BVH | Building BVH
Fra:0 Mem:70.98M (Peak 75.46M) | Time:00:00.10 | Mem:23.08M, Peak:23.08M | Scene, ViewLayer | Updating Scene BVH | Building BVH 0%
Fra:0 Mem:70.98M (Peak 75.46M) | Time:00:00.12 | Mem:26.49M, Peak:29.62M | Scene, ViewLayer | Updating Scene BVH | Copying BVH to device
Fra:0 Mem:70.98M (Peak 75.46M) | Time:00:00.12 | Mem:26.49M, Peak:29.62M | Scene, ViewLayer | Updating Mesh | Computing normals
Fra:0 Mem:75.46M (Peak 75.46M) | Time:00:00.12 | Mem:26.49M, Peak:29.62M | Scene, ViewLayer | Updating Mesh | Copying Mesh to device
Fra:0 Mem:75.46M (Peak 75.46M) | Time:00:00.12 | Mem:30.96M, Peak:30.96M | Scene, ViewLayer | Updating Objects Flags
Fra:0 Mem:75.46M (Peak 75.46M) | Time:00:00.12 | Mem:30.96M, Peak:30.96M | Scene, ViewLayer | Updating Primitive Offsets
Fra:0 Mem:75.46M (Peak 75.46M) | Time:00:00.12 | Mem:30.96M, Peak:30.96M | Scene, ViewLayer | Updating Images
Fra:0 Mem:75.46M (Peak 75.46M) | Time:00:00.12 | Mem:30.96M, Peak:30.96M | Scene, ViewLayer | Updating Camera Volume
Fra:0 Mem:75.46M (Peak 75.46M) | Time:00:00.12 | Mem:30.96M, Peak:30.96M | Scene, ViewLayer | Updating Lookup Tables
Fra:0 Mem:75.46M (Peak 75.46M) | Time:00:00.12 | Mem:31.04M, Peak:31.04M | Scene, ViewLayer | Updating Lights
Fra:0 Mem:75.46M (Peak 75.46M) | Time:00:00.12 | Mem:31.04M, Peak:31.04M | Scene, ViewLayer | Updating Lights | Computing tree
Fra:0 Mem:75.46M (Peak 75.46M) | Time:00:00.12 | Mem:31.04M, Peak:31.04M | Scene, ViewLayer | Updating Integrator
Fra:0 Mem:75.46M (Peak 75.46M) | Time:00:00.12 | Mem:31.04M, Peak:31.04M | Scene, ViewLayer | Updating Film
Fra:0 Mem:75.46M (Peak 75.46M) | Time:00:00.12 | Mem:30.96M, Peak:31.04M | Scene, ViewLayer | Updating Lookup Tables
Fra:0 Mem:75.46M (Peak 75.46M) | Time:00:00.12 | Mem:31.05M, Peak:31.05M | Scene, ViewLayer | Updating Baking
Fra:0 Mem:75.46M (Peak 75.46M) | Time:00:00.12 | Mem:31.05M, Peak:31.05M | Scene, ViewLayer | Updating Device | Writing constant memory
Fra:0 Mem:75.46M (Peak 75.46M) | Time:00:00.12 | Mem:31.05M, Peak:31.05M | Scene, ViewLayer | Sample 0/32
Fra:0 Mem:96.56M (Peak 96.56M) | Time:00:00.74 | Remaining:00:19.25 | Mem:52.15M, Peak:52.15M | Scene, ViewLayer | Sample 1/32
Fra:0 Mem:105.94M (Peak 124.69M) | Time:00:18.58 | Mem:52.15M, Peak:52.15M | Scene, ViewLayer | Sample 32/32
Fra:0 Mem:105.94M (Peak 124.69M) | Time:00:18.58 | Mem:52.15M, Peak:52.15M | Scene, ViewLayer | Finished
Saved: '/workspace/scratch/7c20b5ba4165/atlas-backlog-oct3/tools/assets/citizen-character-variants/qa/previews/police-lods-sunny.png'
Time: 00:18.65 (Saving: 00:00.07)

RENDERED police-lods-sunny
Extensions: writing cache failed ([Errno 30] Read-only file system: '/home/agent/.config/blender').
17:00:57 | INFO: Data are loaded, start creating Blender stuff
17:00:57 | INFO: Blender create Mesh node Tailored torso
17:00:57 | INFO: glTF import finished in 0.13s
17:00:57 | INFO: Data are loaded, start creating Blender stuff
17:00:57 | INFO: Blender create Mesh node Tailored torso
17:00:57 | INFO: glTF import finished in 0.11s
17:00:57 | INFO: Data are loaded, start creating Blender stuff
17:00:57 | INFO: Blender create Mesh node Tailored torso
17:00:58 | INFO: glTF import finished in 0.11s
Fra:0 Mem:39.25M (Peak 39.25M) | Time:00:00.00 | Mem:0.00M, Peak:0.00M | Scene, ViewLayer | Synchronizing object | QA-only-ground
Fra:0 Mem:39.25M (Peak 39.25M) | Time:00:00.00 | Mem:0.00M, Peak:0.00M | Scene, ViewLayer | Synchronizing object | LOD 0
Fra:0 Mem:39.25M (Peak 39.25M) | Time:00:00.00 | Mem:0.00M, Peak:0.00M | Scene, ViewLayer | Synchronizing object | police-body
Fra:0 Mem:39.35M (Peak 39.35M) | Time:00:00.00 | Mem:0.00M, Peak:0.00M | Scene, ViewLayer | Synchronizing object | LOD 1
Fra:0 Mem:39.75M (Peak 39.75M) | Time:00:00.00 | Mem:0.00M, Peak:0.00M | Scene, ViewLayer | Synchronizing object | LOD 2
Fra:0 Mem:39.77M (Peak 39.77M) | Time:00:00.00 | Mem:0.00M, Peak:0.00M | Scene, ViewLayer | Synchronizing object | police-body.002
Fra:0 Mem:54.19M (Peak 55.59M) | Time:00:00.04 | Mem:0.00M, Peak:0.00M | Scene, ViewLayer | Synchronizing object | police-body.001
Fra:0 Mem:61.20M (Peak 61.95M) | Time:00:00.07 | Mem:0.00M, Peak:0.00M | Scene, ViewLayer | Initializing
Fra:0 Mem:51.40M (Peak 61.95M) | Time:00:00.07 | Mem:0.00M, Peak:0.00M | Scene, ViewLayer | Updating Images | Loading Citizen_Normal-1024
Fra:0 Mem:51.40M (Peak 61.95M) | Time:00:00.07 | Mem:0.00M, Peak:0.00M | Scene, ViewLayer | Updating Images | Loading Citizen_BaseColor-1024
Fra:0 Mem:59.42M (Peak 67.41M) | Time:00:00.09 | Mem:4.00M, Peak:4.00M | Scene, ViewLayer | Updating Images | Loading Citizen_Roughness-1024
Fra:0 Mem:61.36M (Peak 71.43M) | Time:00:00.10 | Mem:12.00M, Peak:12.00M | Scene, ViewLayer | Waiting for render to start
Fra:0 Mem:61.36M (Peak 71.43M) | Time:00:00.10 | Mem:12.00M, Peak:12.00M | Scene, ViewLayer | Loading render kernels (may take a few minutes the first time)
Fra:0 Mem:61.36M (Peak 71.43M) | Time:00:00.10 | Mem:12.00M, Peak:12.00M | Scene, ViewLayer | Updating Scene
Fra:0 Mem:61.36M (Peak 71.43M) | Time:00:00.10 | Mem:12.00M, Peak:12.00M | Scene, ViewLayer | Updating Shaders
Fra:0 Mem:61.46M (Peak 71.43M) | Time:00:00.10 | Mem:12.01M, Peak:12.01M | Scene, ViewLayer | Updating Procedurals
Fra:0 Mem:61.46M (Peak 71.43M) | Time:00:00.10 | Mem:12.01M, Peak:12.01M | Scene, ViewLayer | Updating Background
Fra:0 Mem:61.46M (Peak 71.43M) | Time:00:00.10 | Mem:12.01M, Peak:12.01M | Scene, ViewLayer | Updating Camera
Fra:0 Mem:61.46M (Peak 71.43M) | Time:00:00.10 | Mem:12.01M, Peak:12.01M | Scene, ViewLayer | Updating Meshes Flags
Fra:0 Mem:61.46M (Peak 71.43M) | Time:00:00.10 | Mem:12.01M, Peak:12.01M | Scene, ViewLayer | Updating Objects
Fra:0 Mem:61.46M (Peak 71.43M) | Time:00:00.10 | Mem:12.01M, Peak:12.01M | Scene, ViewLayer | Updating Objects | Copying Transformations to device
Fra:0 Mem:61.46M (Peak 71.43M) | Time:00:00.10 | Mem:12.02M, Peak:12.02M | Scene, ViewLayer | Updating Objects | Applying Static Transformations
Fra:0 Mem:61.46M (Peak 71.43M) | Time:00:00.10 | Mem:12.02M, Peak:12.02M | Scene, ViewLayer | Updating Particle Systems
Fra:0 Mem:61.46M (Peak 71.43M) | Time:00:00.10 | Mem:12.02M, Peak:12.02M | Scene, ViewLayer | Updating Particle Systems | Copying Particles to device
Fra:0 Mem:61.46M (Peak 71.43M) | Time:00:00.10 | Mem:12.02M, Peak:12.02M | Scene, ViewLayer | Updating Meshes
Fra:0 Mem:63.03M (Peak 71.43M) | Time:00:00.11 | Mem:12.02M, Peak:12.02M | Scene, ViewLayer | Updating Mesh | Computing attributes
Fra:0 Mem:70.97M (Peak 71.43M) | Time:00:00.11 | Mem:12.02M, Peak:12.02M | Scene, ViewLayer | Updating Mesh | Copying Attributes to device
Fra:0 Mem:70.97M (Peak 71.43M) | Time:00:00.11 | Mem:19.95M, Peak:19.95M | Scene, ViewLayer | Updating Scene BVH | Building
Fra:0 Mem:70.97M (Peak 71.43M) | Time:00:00.11 | Mem:19.95M, Peak:19.95M | Scene, ViewLayer | Updating Scene BVH | Building BVH
Fra:0 Mem:70.97M (Peak 71.43M) | Time:00:00.11 | Mem:23.08M, Peak:23.08M | Scene, ViewLayer | Updating Scene BVH | Building BVH 0%
Fra:0 Mem:70.97M (Peak 71.43M) | Time:00:00.13 | Mem:26.49M, Peak:29.62M | Scene, ViewLayer | Updating Scene BVH | Copying BVH to device
Fra:0 Mem:70.97M (Peak 71.43M) | Time:00:00.13 | Mem:26.49M, Peak:29.62M | Scene, ViewLayer | Updating Mesh | Computing normals
Fra:0 Mem:75.44M (Peak 75.44M) | Time:00:00.13 | Mem:26.49M, Peak:29.62M | Scene, ViewLayer | Updating Mesh | Copying Mesh to device
Fra:0 Mem:75.44M (Peak 75.44M) | Time:00:00.13 | Mem:30.96M, Peak:30.96M | Scene, ViewLayer | Updating Objects Flags
Fra:0 Mem:75.44M (Peak 75.44M) | Time:00:00.13 | Mem:30.96M, Peak:30.96M | Scene, ViewLayer | Updating Primitive Offsets
Fra:0 Mem:75.44M (Peak 75.44M) | Time:00:00.13 | Mem:30.96M, Peak:30.96M | Scene, ViewLayer | Updating Images
Fra:0 Mem:75.44M (Peak 75.44M) | Time:00:00.13 | Mem:30.96M, Peak:30.96M | Scene, ViewLayer | Updating Camera Volume
Fra:0 Mem:75.44M (Peak 75.44M) | Time:00:00.13 | Mem:30.96M, Peak:30.96M | Scene, ViewLayer | Updating Lookup Tables
Fra:0 Mem:75.44M (Peak 75.44M) | Time:00:00.13 | Mem:31.04M, Peak:31.04M | Scene, ViewLayer | Updating Lights
Fra:0 Mem:75.44M (Peak 75.44M) | Time:00:00.13 | Mem:31.04M, Peak:31.04M | Scene, ViewLayer | Updating Lights | Computing tree
Fra:0 Mem:75.44M (Peak 75.44M) | Time:00:00.13 | Mem:31.04M, Peak:31.04M | Scene, ViewLayer | Updating Integrator
Fra:0 Mem:75.44M (Peak 75.44M) | Time:00:00.13 | Mem:31.04M, Peak:31.04M | Scene, ViewLayer | Updating Film
Fra:0 Mem:75.44M (Peak 75.44M) | Time:00:00.13 | Mem:30.96M, Peak:31.04M | Scene, ViewLayer | Updating Lookup Tables
Fra:0 Mem:75.44M (Peak 75.44M) | Time:00:00.13 | Mem:31.05M, Peak:31.05M | Scene, ViewLayer | Updating Baking
Fra:0 Mem:75.44M (Peak 75.44M) | Time:00:00.13 | Mem:31.05M, Peak:31.05M | Scene, ViewLayer | Updating Device | Writing constant memory
Fra:0 Mem:75.44M (Peak 75.44M) | Time:00:00.13 | Mem:31.05M, Peak:31.05M | Scene, ViewLayer | Sample 0/32
Fra:0 Mem:96.54M (Peak 96.54M) | Time:00:00.84 | Remaining:00:22.19 | Mem:52.15M, Peak:52.15M | Scene, ViewLayer | Sample 1/32
Fra:0 Mem:105.92M (Peak 124.67M) | Time:00:17.50 | Mem:52.15M, Peak:52.15M | Scene, ViewLayer | Sample 32/32
Fra:0 Mem:105.92M (Peak 124.67M) | Time:00:17.50 | Mem:52.15M, Peak:52.15M | Scene, ViewLayer | Finished
Saved: '/workspace/scratch/7c20b5ba4165/atlas-backlog-oct3/tools/assets/citizen-character-variants/qa/previews/police-lods-overcast.png'
Time: 00:17.58 (Saving: 00:00.07)

RENDERED police-lods-overcast
Extensions: writing cache failed ([Errno 30] Read-only file system: '/home/agent/.config/blender').
17:01:15 | INFO: Data are loaded, start creating Blender stuff
17:01:15 | INFO: Blender create Mesh node Tailored torso
17:01:15 | INFO: glTF import finished in 0.12s
17:01:15 | INFO: Data are loaded, start creating Blender stuff
17:01:15 | INFO: Blender create Mesh node Tailored torso
17:01:15 | INFO: glTF import finished in 0.11s
17:01:15 | INFO: Data are loaded, start creating Blender stuff
17:01:15 | INFO: Blender create Mesh node Tailored torso
17:01:16 | INFO: glTF import finished in 0.11s
Fra:0 Mem:39.28M (Peak 39.59M) | Time:00:00.00 | Mem:0.00M, Peak:0.00M | Scene, ViewLayer | Synchronizing object | QA-only-ground
Fra:0 Mem:39.28M (Peak 39.59M) | Time:00:00.00 | Mem:0.00M, Peak:0.00M | Scene, ViewLayer | Synchronizing object | LOD 0
Fra:0 Mem:39.30M (Peak 39.59M) | Time:00:00.00 | Mem:0.00M, Peak:0.00M | Scene, ViewLayer | Synchronizing object | police-body
Fra:0 Mem:39.38M (Peak 39.59M) | Time:00:00.00 | Mem:0.00M, Peak:0.00M | Scene, ViewLayer | Synchronizing object | LOD 1
Fra:0 Mem:39.78M (Peak 39.78M) | Time:00:00.00 | Mem:0.00M, Peak:0.00M | Scene, ViewLayer | Synchronizing object | LOD 2
Fra:0 Mem:39.81M (Peak 39.81M) | Time:00:00.00 | Mem:0.00M, Peak:0.00M | Scene, ViewLayer | Synchronizing object | police-body.002
Fra:0 Mem:54.22M (Peak 55.63M) | Time:00:00.04 | Mem:0.00M, Peak:0.00M | Scene, ViewLayer | Synchronizing object | police-body.001
Fra:0 Mem:61.24M (Peak 63.01M) | Time:00:00.08 | Mem:0.00M, Peak:0.00M | Scene, ViewLayer | Initializing
Fra:0 Mem:51.44M (Peak 63.01M) | Time:00:00.08 | Mem:0.00M, Peak:0.00M | Scene, ViewLayer | Updating Images | Loading Citizen_Normal-1024
Fra:0 Mem:51.44M (Peak 63.01M) | Time:00:00.08 | Mem:0.00M, Peak:0.00M | Scene, ViewLayer | Updating Images | Loading Citizen_BaseColor-1024
Fra:0 Mem:67.46M (Peak 75.46M) | Time:00:00.10 | Mem:4.00M, Peak:4.00M | Scene, ViewLayer | Updating Images | Loading Citizen_Roughness-1024
Fra:0 Mem:61.38M (Peak 75.46M) | Time:00:00.11 | Mem:12.00M, Peak:12.00M | Scene, ViewLayer | Waiting for render to start
Fra:0 Mem:61.38M (Peak 75.46M) | Time:00:00.11 | Mem:12.00M, Peak:12.00M | Scene, ViewLayer | Loading render kernels (may take a few minutes the first time)
Fra:0 Mem:61.38M (Peak 75.46M) | Time:00:00.11 | Mem:12.00M, Peak:12.00M | Scene, ViewLayer | Updating Scene
Fra:0 Mem:61.38M (Peak 75.46M) | Time:00:00.11 | Mem:12.00M, Peak:12.00M | Scene, ViewLayer | Updating Shaders
Fra:0 Mem:61.48M (Peak 75.46M) | Time:00:00.11 | Mem:12.01M, Peak:12.01M | Scene, ViewLayer | Updating Procedurals
Fra:0 Mem:61.48M (Peak 75.46M) | Time:00:00.11 | Mem:12.01M, Peak:12.01M | Scene, ViewLayer | Updating Background
Fra:0 Mem:61.48M (Peak 75.46M) | Time:00:00.11 | Mem:12.01M, Peak:12.01M | Scene, ViewLayer | Updating Camera
Fra:0 Mem:61.48M (Peak 75.46M) | Time:00:00.11 | Mem:12.01M, Peak:12.01M | Scene, ViewLayer | Updating Meshes Flags
Fra:0 Mem:61.48M (Peak 75.46M) | Time:00:00.11 | Mem:12.01M, Peak:12.01M | Scene, ViewLayer | Updating Objects
Fra:0 Mem:61.48M (Peak 75.46M) | Time:00:00.11 | Mem:12.01M, Peak:12.01M | Scene, ViewLayer | Updating Objects | Copying Transformations to device
Fra:0 Mem:61.48M (Peak 75.46M) | Time:00:00.11 | Mem:12.02M, Peak:12.02M | Scene, ViewLayer | Updating Objects | Applying Static Transformations
Fra:0 Mem:61.48M (Peak 75.46M) | Time:00:00.11 | Mem:12.02M, Peak:12.02M | Scene, ViewLayer | Updating Particle Systems
Fra:0 Mem:61.48M (Peak 75.46M) | Time:00:00.11 | Mem:12.02M, Peak:12.02M | Scene, ViewLayer | Updating Particle Systems | Copying Particles to device
Fra:0 Mem:61.48M (Peak 75.46M) | Time:00:00.11 | Mem:12.02M, Peak:12.02M | Scene, ViewLayer | Updating Meshes
Fra:0 Mem:63.04M (Peak 75.46M) | Time:00:00.12 | Mem:12.02M, Peak:12.02M | Scene, ViewLayer | Updating Mesh | Computing attributes
Fra:0 Mem:70.98M (Peak 75.46M) | Time:00:00.12 | Mem:12.02M, Peak:12.02M | Scene, ViewLayer | Updating Mesh | Copying Attributes to device
Fra:0 Mem:70.98M (Peak 75.46M) | Time:00:00.12 | Mem:19.95M, Peak:19.95M | Scene, ViewLayer | Updating Scene BVH | Building
Fra:0 Mem:70.98M (Peak 75.46M) | Time:00:00.12 | Mem:19.95M, Peak:19.95M | Scene, ViewLayer | Updating Scene BVH | Building BVH
Fra:0 Mem:70.98M (Peak 75.46M) | Time:00:00.12 | Mem:23.08M, Peak:23.08M | Scene, ViewLayer | Updating Scene BVH | Building BVH 0%
Fra:0 Mem:70.98M (Peak 75.46M) | Time:00:00.14 | Mem:26.49M, Peak:29.62M | Scene, ViewLayer | Updating Scene BVH | Copying BVH to device
Fra:0 Mem:70.98M (Peak 75.46M) | Time:00:00.14 | Mem:26.49M, Peak:29.62M | Scene, ViewLayer | Updating Mesh | Computing normals
Fra:0 Mem:75.46M (Peak 75.46M) | Time:00:00.14 | Mem:26.49M, Peak:29.62M | Scene, ViewLayer | Updating Mesh | Copying Mesh to device
Fra:0 Mem:75.46M (Peak 75.46M) | Time:00:00.14 | Mem:30.96M, Peak:30.96M | Scene, ViewLayer | Updating Objects Flags
Fra:0 Mem:75.46M (Peak 75.46M) | Time:00:00.14 | Mem:30.96M, Peak:30.96M | Scene, ViewLayer | Updating Primitive Offsets
Fra:0 Mem:75.46M (Peak 75.46M) | Time:00:00.14 | Mem:30.96M, Peak:30.96M | Scene, ViewLayer | Updating Images
Fra:0 Mem:75.46M (Peak 75.46M) | Time:00:00.14 | Mem:30.96M, Peak:30.96M | Scene, ViewLayer | Updating Camera Volume
Fra:0 Mem:75.46M (Peak 75.46M) | Time:00:00.14 | Mem:30.96M, Peak:30.96M | Scene, ViewLayer | Updating Lookup Tables
Fra:0 Mem:75.46M (Peak 75.46M) | Time:00:00.14 | Mem:31.04M, Peak:31.04M | Scene, ViewLayer | Updating Lights
Fra:0 Mem:75.46M (Peak 75.46M) | Time:00:00.14 | Mem:31.04M, Peak:31.04M | Scene, ViewLayer | Updating Lights | Computing tree
Fra:0 Mem:75.46M (Peak 75.46M) | Time:00:00.14 | Mem:31.04M, Peak:31.04M | Scene, ViewLayer | Updating Integrator
Fra:0 Mem:75.46M (Peak 75.46M) | Time:00:00.14 | Mem:31.04M, Peak:31.04M | Scene, ViewLayer | Updating Film
Fra:0 Mem:75.46M (Peak 75.46M) | Time:00:00.14 | Mem:30.96M, Peak:31.04M | Scene, ViewLayer | Updating Lookup Tables
Fra:0 Mem:75.46M (Peak 75.46M) | Time:00:00.14 | Mem:31.05M, Peak:31.05M | Scene, ViewLayer | Updating Baking
Fra:0 Mem:75.46M (Peak 75.46M) | Time:00:00.14 | Mem:31.05M, Peak:31.05M | Scene, ViewLayer | Updating Device | Writing constant memory
Fra:0 Mem:75.46M (Peak 75.46M) | Time:00:00.14 | Mem:31.05M, Peak:31.05M | Scene, ViewLayer | Sample 0/32
Fra:0 Mem:96.56M (Peak 96.56M) | Time:00:00.81 | Remaining:00:20.96 | Mem:52.15M, Peak:52.15M | Scene, ViewLayer | Sample 1/32
Fra:0 Mem:105.94M (Peak 124.69M) | Time:00:18.94 | Mem:52.15M, Peak:52.15M | Scene, ViewLayer | Sample 32/32
Fra:0 Mem:105.94M (Peak 124.69M) | Time:00:18.94 | Mem:52.15M, Peak:52.15M | Scene, ViewLayer | Finished
Saved: '/workspace/scratch/7c20b5ba4165/atlas-backlog-oct3/tools/assets/citizen-character-variants/qa/previews/police-lods-dusk.png'
Time: 00:19.04 (Saving: 00:00.09)

RENDERED police-lods-dusk
Extensions: writing cache failed ([Errno 30] Read-only file system: '/home/agent/.config/blender').
17:01:35 | INFO: Data are loaded, start creating Blender stuff
17:01:35 | INFO: Blender create Mesh node Tailored torso
17:01:35 | INFO: glTF import finished in 0.13s
17:01:35 | INFO: Data are loaded, start creating Blender stuff
17:01:35 | INFO: Blender create Mesh node Tailored torso
17:01:35 | INFO: glTF import finished in 0.11s
17:01:35 | INFO: Data are loaded, start creating Blender stuff
17:01:35 | INFO: Blender create Mesh node Tailored torso
17:01:35 | INFO: glTF import finished in 0.11s
Fra:0 Mem:39.28M (Peak 39.59M) | Time:00:00.00 | Mem:0.00M, Peak:0.00M | Scene, ViewLayer | Synchronizing object | QA-only-ground
Fra:0 Mem:39.28M (Peak 39.59M) | Time:00:00.00 | Mem:0.00M, Peak:0.00M | Scene, ViewLayer | Synchronizing object | LOD 0
Fra:0 Mem:39.31M (Peak 39.59M) | Time:00:00.00 | Mem:0.00M, Peak:0.00M | Scene, ViewLayer | Synchronizing object | police-body
Fra:0 Mem:39.38M (Peak 39.59M) | Time:00:00.00 | Mem:0.00M, Peak:0.00M | Scene, ViewLayer | Synchronizing object | LOD 1
Fra:0 Mem:39.40M (Peak 39.59M) | Time:00:00.00 | Mem:0.00M, Peak:0.00M | Scene, ViewLayer | Synchronizing object | LOD 2
Fra:0 Mem:39.81M (Peak 39.81M) | Time:00:00.00 | Mem:0.00M, Peak:0.00M | Scene, ViewLayer | Synchronizing object | police-body.002
Fra:0 Mem:54.22M (Peak 55.63M) | Time:00:00.05 | Mem:0.00M, Peak:0.00M | Scene, ViewLayer | Synchronizing object | police-body.001
Fra:0 Mem:61.24M (Peak 61.98M) | Time:00:00.08 | Mem:0.00M, Peak:0.00M | Scene, ViewLayer | Initializing
Fra:0 Mem:51.44M (Peak 61.98M) | Time:00:00.08 | Mem:0.00M, Peak:0.00M | Scene, ViewLayer | Updating Images | Loading Citizen_Normal-1024
Fra:0 Mem:51.44M (Peak 61.98M) | Time:00:00.08 | Mem:0.00M, Peak:0.00M | Scene, ViewLayer | Updating Images | Loading Citizen_BaseColor-1024
Fra:0 Mem:67.46M (Peak 75.46M) | Time:00:00.09 | Mem:4.00M, Peak:4.00M | Scene, ViewLayer | Updating Images | Loading Citizen_Roughness-1024
Fra:0 Mem:61.38M (Peak 75.46M) | Time:00:00.11 | Mem:12.00M, Peak:12.00M | Scene, ViewLayer | Waiting for render to start
Fra:0 Mem:61.38M (Peak 75.46M) | Time:00:00.11 | Mem:12.00M, Peak:12.00M | Scene, ViewLayer | Loading render kernels (may take a few minutes the first time)
Fra:0 Mem:61.38M (Peak 75.46M) | Time:00:00.11 | Mem:12.00M, Peak:12.00M | Scene, ViewLayer | Updating Scene
Fra:0 Mem:61.38M (Peak 75.46M) | Time:00:00.11 | Mem:12.00M, Peak:12.00M | Scene, ViewLayer | Updating Shaders
Fra:0 Mem:61.48M (Peak 75.46M) | Time:00:00.11 | Mem:12.01M, Peak:12.01M | Scene, ViewLayer | Updating Procedurals
Fra:0 Mem:61.48M (Peak 75.46M) | Time:00:00.11 | Mem:12.01M, Peak:12.01M | Scene, ViewLayer | Updating Background
Fra:0 Mem:61.48M (Peak 75.46M) | Time:00:00.11 | Mem:12.01M, Peak:12.01M | Scene, ViewLayer | Updating Camera
Fra:0 Mem:61.48M (Peak 75.46M) | Time:00:00.11 | Mem:12.01M, Peak:12.01M | Scene, ViewLayer | Updating Meshes Flags
Fra:0 Mem:61.48M (Peak 75.46M) | Time:00:00.11 | Mem:12.01M, Peak:12.01M | Scene, ViewLayer | Updating Objects
Fra:0 Mem:61.48M (Peak 75.46M) | Time:00:00.11 | Mem:12.01M, Peak:12.01M | Scene, ViewLayer | Updating Objects | Copying Transformations to device
Fra:0 Mem:61.48M (Peak 75.46M) | Time:00:00.11 | Mem:12.02M, Peak:12.02M | Scene, ViewLayer | Updating Objects | Applying Static Transformations
Fra:0 Mem:61.48M (Peak 75.46M) | Time:00:00.11 | Mem:12.02M, Peak:12.02M | Scene, ViewLayer | Updating Particle Systems
Fra:0 Mem:61.48M (Peak 75.46M) | Time:00:00.11 | Mem:12.02M, Peak:12.02M | Scene, ViewLayer | Updating Particle Systems | Copying Particles to device
Fra:0 Mem:61.48M (Peak 75.46M) | Time:00:00.11 | Mem:12.02M, Peak:12.02M | Scene, ViewLayer | Updating Meshes
Fra:0 Mem:63.04M (Peak 75.46M) | Time:00:00.11 | Mem:12.02M, Peak:12.02M | Scene, ViewLayer | Updating Mesh | Computing attributes
Fra:0 Mem:70.99M (Peak 75.46M) | Time:00:00.11 | Mem:12.02M, Peak:12.02M | Scene, ViewLayer | Updating Mesh | Copying Attributes to device
Fra:0 Mem:70.98M (Peak 75.46M) | Time:00:00.11 | Mem:19.95M, Peak:19.95M | Scene, ViewLayer | Updating Scene BVH | Building
Fra:0 Mem:70.98M (Peak 75.46M) | Time:00:00.11 | Mem:19.95M, Peak:19.95M | Scene, ViewLayer | Updating Scene BVH | Building BVH
Fra:0 Mem:70.98M (Peak 75.46M) | Time:00:00.11 | Mem:23.08M, Peak:23.08M | Scene, ViewLayer | Updating Scene BVH | Building BVH 0%
Fra:0 Mem:70.98M (Peak 75.46M) | Time:00:00.13 | Mem:26.49M, Peak:29.62M | Scene, ViewLayer | Updating Scene BVH | Copying BVH to device
Fra:0 Mem:70.98M (Peak 75.46M) | Time:00:00.13 | Mem:26.49M, Peak:29.62M | Scene, ViewLayer | Updating Mesh | Computing normals
Fra:0 Mem:75.46M (Peak 75.46M) | Time:00:00.13 | Mem:26.49M, Peak:29.62M | Scene, ViewLayer | Updating Mesh | Copying Mesh to device
Fra:0 Mem:75.46M (Peak 75.46M) | Time:00:00.13 | Mem:30.96M, Peak:30.96M | Scene, ViewLayer | Updating Objects Flags
Fra:0 Mem:75.46M (Peak 75.46M) | Time:00:00.13 | Mem:30.96M, Peak:30.96M | Scene, ViewLayer | Updating Primitive Offsets
Fra:0 Mem:75.46M (Peak 75.46M) | Time:00:00.13 | Mem:30.96M, Peak:30.96M | Scene, ViewLayer | Updating Images
Fra:0 Mem:75.46M (Peak 75.46M) | Time:00:00.13 | Mem:30.96M, Peak:30.96M | Scene, ViewLayer | Updating Camera Volume
Fra:0 Mem:75.46M (Peak 75.46M) | Time:00:00.13 | Mem:30.96M, Peak:30.96M | Scene, ViewLayer | Updating Lookup Tables
Fra:0 Mem:75.46M (Peak 75.46M) | Time:00:00.13 | Mem:31.04M, Peak:31.04M | Scene, ViewLayer | Updating Lights
Fra:0 Mem:75.46M (Peak 75.46M) | Time:00:00.13 | Mem:31.04M, Peak:31.04M | Scene, ViewLayer | Updating Lights | Computing tree
Fra:0 Mem:75.46M (Peak 75.46M) | Time:00:00.13 | Mem:31.04M, Peak:31.04M | Scene, ViewLayer | Updating Integrator
Fra:0 Mem:75.46M (Peak 75.46M) | Time:00:00.13 | Mem:31.04M, Peak:31.04M | Scene, ViewLayer | Updating Film
Fra:0 Mem:75.46M (Peak 75.46M) | Time:00:00.13 | Mem:30.96M, Peak:31.04M | Scene, ViewLayer | Updating Lookup Tables
Fra:0 Mem:75.46M (Peak 75.46M) | Time:00:00.13 | Mem:31.05M, Peak:31.05M | Scene, ViewLayer | Updating Baking
Fra:0 Mem:75.46M (Peak 75.46M) | Time:00:00.13 | Mem:31.05M, Peak:31.05M | Scene, ViewLayer | Updating Device | Writing constant memory
Fra:0 Mem:75.46M (Peak 75.46M) | Time:00:00.13 | Mem:31.05M, Peak:31.05M | Scene, ViewLayer | Sample 0/32
Fra:0 Mem:96.56M (Peak 96.56M) | Time:00:00.76 | Remaining:00:19.72 | Mem:52.15M, Peak:52.15M | Scene, ViewLayer | Sample 1/32
Fra:0 Mem:105.94M (Peak 124.69M) | Time:00:18.35 | Mem:52.15M, Peak:52.15M | Scene, ViewLayer | Sample 32/32
Fra:0 Mem:105.94M (Peak 124.69M) | Time:00:18.35 | Mem:52.15M, Peak:52.15M | Scene, ViewLayer | Finished
Saved: '/workspace/scratch/7c20b5ba4165/atlas-backlog-oct3/tools/assets/citizen-character-variants/qa/previews/police-lods-night.png'
Time: 00:18.43 (Saving: 00:00.07)

RENDERED police-lods-night

Blender quit
