ERROR Draco mesh compression is not available because library could not be found at /usr/bin/4.3/python/lib/python3.13/site-packages/libextern_draco.so
17:01:04 | INFO: Starting glTF 2.0 export
17:01:04 | INFO: Extracting primitive: editable-sill-section
17:01:04 | INFO: Primitives created: 1
17:01:04 | INFO: Finished glTF 2.0 export in 0.004685878753662109 s

17:01:04 | INFO: Starting glTF 2.0 export
17:01:04 | INFO: Extracting primitive: editable-sill-section
17:01:04 | INFO: Primitives created: 1
17:01:04 | INFO: Finished glTF 2.0 export in 0.003484487533569336 s

17:01:04 | INFO: Starting glTF 2.0 export
17:01:04 | INFO: Extracting primitive: editable-frame-section.002
17:01:04 | INFO: Primitives created: 1
17:01:04 | INFO: Finished glTF 2.0 export in 0.0030705928802490234 s

17:01:04 | INFO: Starting glTF 2.0 export
17:01:04 | INFO: Extracting primitive: editable-frame-section.003
17:01:04 | INFO: Primitives created: 1
17:01:04 | INFO: Finished glTF 2.0 export in 0.0033254623413085938 s

17:01:04 | INFO: Starting glTF 2.0 export
17:01:04 | INFO: Extracting primitive: editable-sill-section
17:01:04 | INFO: Primitives created: 1
17:01:04 | INFO: Finished glTF 2.0 export in 0.005780458450317383 s

17:01:04 | INFO: Starting glTF 2.0 export
17:01:04 | INFO: Extracting primitive: editable-sill-section
17:01:04 | INFO: Primitives created: 1
17:01:04 | INFO: Finished glTF 2.0 export in 0.003198385238647461 s

17:01:04 | INFO: Starting glTF 2.0 export
17:01:04 | INFO: Extracting primitive: editable-frame-section
17:01:04 | INFO: Primitives created: 1
17:01:04 | INFO: Finished glTF 2.0 export in 0.003359556198120117 s

17:01:04 | INFO: Starting glTF 2.0 export
17:01:04 | INFO: Extracting primitive: editable-frame-section.001
17:01:04 | INFO: Primitives created: 1
17:01:04 | INFO: Finished glTF 2.0 export in 0.003247499465942383 s

Blender 4.3.2
Read blend: "/workspace/scratch/7c20b5ba4165/atlas-backlog-oct3/tools/assets/source-fitted-window-variants/source/cedar-source-window-paired-sill.lod0.blend"
Read blend: "/workspace/scratch/7c20b5ba4165/atlas-backlog-oct3/tools/assets/source-fitted-window-variants/source/cedar-source-window-paired-sill.lod1.blend"
Read blend: "/workspace/scratch/7c20b5ba4165/atlas-backlog-oct3/tools/assets/source-fitted-window-variants/source/cedar-source-window-surround.lod0.blend"
Read blend: "/workspace/scratch/7c20b5ba4165/atlas-backlog-oct3/tools/assets/source-fitted-window-variants/source/cedar-source-window-surround.lod1.blend"
Read blend: "/workspace/scratch/7c20b5ba4165/atlas-backlog-oct3/tools/assets/source-fitted-window-variants/source/modern-source-window-paired-sill.lod0.blend"
Read blend: "/workspace/scratch/7c20b5ba4165/atlas-backlog-oct3/tools/assets/source-fitted-window-variants/source/modern-source-window-paired-sill.lod1.blend"
Read blend: "/workspace/scratch/7c20b5ba4165/atlas-backlog-oct3/tools/assets/source-fitted-window-variants/source/modern-source-window-surround.lod0.blend"
Read blend: "/workspace/scratch/7c20b5ba4165/atlas-backlog-oct3/tools/assets/source-fitted-window-variants/source/modern-source-window-surround.lod1.blend"

Blender quit
