ERROR Draco mesh compression is not available because library could not be found at /usr/bin/4.3/python/lib/python3.13/site-packages/libextern_draco.so
17:07:02 | INFO: Starting glTF 2.0 export
17:07:02 | INFO: Extracting primitive: editable-sill-section
17:07:02 | INFO: Primitives created: 1
17:07:02 | INFO: Finished glTF 2.0 export in 0.005313396453857422 s

Info: Saved "cedar-source-window-paired-sill.lod0.edited.blend"
17:07:02 | INFO: Starting glTF 2.0 export
17:07:02 | INFO: Extracting primitive: editable-sill-section
17:07:02 | INFO: Primitives created: 1
17:07:02 | INFO: Finished glTF 2.0 export in 0.0035004615783691406 s

17:07:02 | INFO: Starting glTF 2.0 export
17:07:02 | INFO: Extracting primitive: editable-sill-section
17:07:02 | INFO: Primitives created: 1
17:07:02 | INFO: Finished glTF 2.0 export in 0.0031599998474121094 s

Info: Saved "cedar-source-window-paired-sill.lod1.edited.blend"
17:07:02 | INFO: Starting glTF 2.0 export
17:07:02 | INFO: Extracting primitive: editable-sill-section
17:07:02 | INFO: Primitives created: 1
17:07:02 | INFO: Finished glTF 2.0 export in 0.003550291061401367 s

17:07:02 | INFO: Starting glTF 2.0 export
17:07:02 | INFO: Extracting primitive: editable-frame-section.002
17:07:02 | INFO: Primitives created: 1
17:07:02 | INFO: Finished glTF 2.0 export in 0.006054878234863281 s

Info: Saved "cedar-source-window-surround.lod0.edited.blend"
17:07:02 | INFO: Starting glTF 2.0 export
17:07:02 | INFO: Extracting primitive: editable-frame-section.002
17:07:02 | INFO: Primitives created: 1
17:07:02 | INFO: Finished glTF 2.0 export in 0.003803730010986328 s

17:07:02 | INFO: Starting glTF 2.0 export
17:07:02 | INFO: Extracting primitive: editable-frame-section.003
17:07:02 | INFO: Primitives created: 1
17:07:02 | INFO: Finished glTF 2.0 export in 0.0037412643432617188 s

Info: Saved "cedar-source-window-surround.lod1.edited.blend"
17:07:02 | INFO: Starting glTF 2.0 export
17:07:02 | INFO: Extracting primitive: editable-frame-section.003
17:07:02 | INFO: Primitives created: 1
17:07:02 | INFO: Finished glTF 2.0 export in 0.0036084651947021484 s

17:07:02 | INFO: Starting glTF 2.0 export
17:07:02 | INFO: Extracting primitive: editable-sill-section
17:07:02 | INFO: Primitives created: 1
17:07:02 | INFO: Finished glTF 2.0 export in 0.003536224365234375 s

Info: Saved "modern-source-window-paired-sill.lod0.edited.blend"
17:07:02 | INFO: Starting glTF 2.0 export
17:07:02 | INFO: Extracting primitive: editable-sill-section
17:07:02 | INFO: Primitives created: 1
17:07:02 | INFO: Finished glTF 2.0 export in 0.0035851001739501953 s

17:07:02 | INFO: Starting glTF 2.0 export
17:07:02 | INFO: Extracting primitive: editable-sill-section
17:07:02 | INFO: Primitives created: 1
17:07:02 | INFO: Finished glTF 2.0 export in 0.003625631332397461 s

Info: Saved "modern-source-window-paired-sill.lod1.edited.blend"
17:07:02 | INFO: Starting glTF 2.0 export
17:07:02 | INFO: Extracting primitive: editable-sill-section
17:07:02 | INFO: Primitives created: 1
17:07:02 | INFO: Finished glTF 2.0 export in 0.0033283233642578125 s

17:07:03 | INFO: Starting glTF 2.0 export
17:07:03 | INFO: Extracting primitive: editable-frame-section
17:07:03 | INFO: Primitives created: 1
17:07:03 | INFO: Finished glTF 2.0 export in 0.003992795944213867 s

Info: Saved "modern-source-window-surround.lod0.edited.blend"
17:07:03 | INFO: Starting glTF 2.0 export
17:07:03 | INFO: Extracting primitive: editable-frame-section
17:07:03 | INFO: Primitives created: 1
17:07:03 | INFO: Finished glTF 2.0 export in 0.003551483154296875 s
Blender 4.3.2
Read blend: "/workspace/scratch/7c20b5ba4165/atlas-backlog-oct3/tools/assets/source-fitted-window-variants/source/cedar-source-window-paired-sill.lod0.blend"
Read blend: "/workspace/scratch/7c20b5ba4165/atlas-backlog-oct3/tools/assets/source-fitted-window-variants/source/cedar-source-window-paired-sill.lod0.blend"
Read blend: "/workspace/scratch/7c20b5ba4165/atlas-backlog-oct3/tools/assets/source-fitted-window-variants/source/cedar-source-window-paired-sill.lod0.blend"
Read blend: "/tmp/source-fitted-window-proof-30f_o9ky/cedar-source-window-paired-sill.lod0.edited.blend"
Read blend: "/workspace/scratch/7c20b5ba4165/atlas-backlog-oct3/tools/assets/source-fitted-window-variants/source/cedar-source-window-paired-sill.lod1.blend"
Read blend: "/workspace/scratch/7c20b5ba4165/atlas-backlog-oct3/tools/assets/source-fitted-window-variants/source/cedar-source-window-paired-sill.lod1.blend"
Read blend: "/workspace/scratch/7c20b5ba4165/atlas-backlog-oct3/tools/assets/source-fitted-window-variants/source/cedar-source-window-paired-sill.lod1.blend"
Read blend: "/tmp/source-fitted-window-proof-30f_o9ky/cedar-source-window-paired-sill.lod1.edited.blend"
Read blend: "/workspace/scratch/7c20b5ba4165/atlas-backlog-oct3/tools/assets/source-fitted-window-variants/source/cedar-source-window-surround.lod0.blend"
Read blend: "/workspace/scratch/7c20b5ba4165/atlas-backlog-oct3/tools/assets/source-fitted-window-variants/source/cedar-source-window-surround.lod0.blend"
Read blend: "/workspace/scratch/7c20b5ba4165/atlas-backlog-oct3/tools/assets/source-fitted-window-variants/source/cedar-source-window-surround.lod0.blend"
Read blend: "/tmp/source-fitted-window-proof-30f_o9ky/cedar-source-window-surround.lod0.edited.blend"
Read blend: "/workspace/scratch/7c20b5ba4165/atlas-backlog-oct3/tools/assets/source-fitted-window-variants/source/cedar-source-window-surround.lod1.blend"
Read blend: "/workspace/scratch/7c20b5ba4165/atlas-backlog-oct3/tools/assets/source-fitted-window-variants/source/cedar-source-window-surround.lod1.blend"
Read blend: "/workspace/scratch/7c20b5ba4165/atlas-backlog-oct3/tools/assets/source-fitted-window-variants/source/cedar-source-window-surround.lod1.blend"
Read blend: "/tmp/source-fitted-window-proof-30f_o9ky/cedar-source-window-surround.lod1.edited.blend"
Read blend: "/workspace/scratch/7c20b5ba4165/atlas-backlog-oct3/tools/assets/source-fitted-window-variants/source/modern-source-window-paired-sill.lod0.blend"
Read blend: "/workspace/scratch/7c20b5ba4165/atlas-backlog-oct3/tools/assets/source-fitted-window-variants/source/modern-source-window-paired-sill.lod0.blend"
Read blend: "/workspace/scratch/7c20b5ba4165/atlas-backlog-oct3/tools/assets/source-fitted-window-variants/source/modern-source-window-paired-sill.lod0.blend"
Read blend: "/tmp/source-fitted-window-proof-30f_o9ky/modern-source-window-paired-sill.lod0.edited.blend"
Read blend: "/workspace/scratch/7c20b5ba4165/atlas-backlog-oct3/tools/assets/source-fitted-window-variants/source/modern-source-window-paired-sill.lod1.blend"
Read blend: "/workspace/scratch/7c20b5ba4165/atlas-backlog-oct3/tools/assets/source-fitted-window-variants/source/modern-source-window-paired-sill.lod1.blend"
Read blend: "/workspace/scratch/7c20b5ba4165/atlas-backlog-oct3/tools/assets/source-fitted-window-variants/source/modern-source-window-paired-sill.lod1.blend"
Read blend: "/tmp/source-fitted-window-proof-30f_o9ky/modern-source-window-paired-sill.lod1.edited.blend"
Read blend: "/workspace/scratch/7c20b5ba4165/atlas-backlog-oct3/tools/assets/source-fitted-window-variants/source/modern-source-window-surround.lod0.blend"
Read blend: "/workspace/scratch/7c20b5ba4165/atlas-backlog-oct3/tools/assets/source-fitted-window-variants/source/modern-source-window-surround.lod0.blend"
Read blend: "/workspace/scratch/7c20b5ba4165/atlas-backlog-oct3/tools/assets/source-fitted-window-variants/source/modern-source-window-surround.lod0.blend"
Read blend: "/tmp/source-fitted-window-proof-30f_o9ky/modern-source-window-surround.lod0.edited.blend"
Read blend: "/workspace/scratch/7c20b5ba4165/atlas-ba
17:07:03 | INFO: Starting glTF 2.0 export
17:07:03 | INFO: Extracting primitive: editable-frame-section.001
17:07:03 | INFO: Primitives created: 1
17:07:03 | INFO: Finished glTF 2.0 export in 0.0038568973541259766 s

Info: Saved "modern-source-window-surround.lod1.edited.blend"
17:07:03 | INFO: Starting glTF 2.0 export
17:07:03 | INFO: Extracting primitive: editable-frame-section.001
17:07:03 | INFO: Primitives created: 1
17:07:03 | INFO: Finished glTF 2.0 export in 0.0036089420318603516 s

Info: Saved "unsupported.blend"
AUDITED_NATIVE_SOURCES_AND_ARTIST_EDITS 8
cklog-oct3/tools/assets/source-fitted-window-variants/source/modern-source-window-surround.lod1.blend"
Read blend: "/workspace/scratch/7c20b5ba4165/atlas-backlog-oct3/tools/assets/source-fitted-window-variants/source/modern-source-window-surround.lod1.blend"
Read blend: "/workspace/scratch/7c20b5ba4165/atlas-backlog-oct3/tools/assets/source-fitted-window-variants/source/modern-source-window-surround.lod1.blend"
Read blend: "/tmp/source-fitted-window-proof-30f_o9ky/modern-source-window-surround.lod1.edited.blend"
Read blend: "/workspace/scratch/7c20b5ba4165/atlas-backlog-oct3/tools/assets/source-fitted-window-variants/source/cedar-source-window-paired-sill.lod0.blend"
Read blend: "/tmp/source-fitted-window-proof-30f_o9ky/unsupported.blend"

Blender quit
