ERROR Draco mesh compression is not available because library could not be found at /usr/bin/4.3/python/lib/python3.13/site-packages/libextern_draco.so
22:40:06 | INFO: Starting glTF 2.0 export
22:40:06 | INFO: Extracting primitive: Perennial seven connected leaf lobes.001
22:40:06 | INFO: Primitives created: 1
22:40:06 | INFO: Finished glTF 2.0 export in 0.005034923553466797 s
Blender 4.3.2
Read blend: "/workspace/shared/vegetation-refinement/tools/assets/residential-perennial/source/perennial.blend"
Read blend: "/workspace/shared/vegetation-refinement/tools/assets/residential-perennial/source/before.blend"
Fra:1 Mem:10.27M (Peak 10.27M) | Time:00:00.00 | Mem:0.00M, Peak:0.00M | Scene, ViewLayer | Synchronizing object | ResidentialPerennial
Fra:1 Mem:10.27M (Peak 10.27M) | Time:00:00.00 | Mem:0.00M, Peak:0.00M | Scene, ViewLayer | Synchronizing object | Plane
Fra:1 Mem:10.27M (Peak 10.27M) | Time:00:00.00 | Mem:0.00M, Peak:0.00M | Scene, ViewLayer | Initializing
Fra:1 Mem:10.05M (Peak 10.27M) | Time:00:00.00 | Mem:0.00M, Peak:0.00M | Scene, ViewLayer | Waiting for render to start
Fra:1 Mem:10.05M (Peak 10.27M) | Time:00:00.00 | Mem:0.00M, Peak:0.00M | Scene, ViewLayer | Loading render kernels (may take a few minutes the first time)
Fra:1 Mem:10.05M (Peak 10.27M) | Time:00:00.00 | Mem:0.00M, Peak:0.00M | Scene, ViewLayer | Updating Scene
Fra:1 Mem:10.05M (Peak 10.27M) | Time:00:00.00 | Mem:0.00M, Peak:0.00M | Scene, ViewLayer | Updating Shaders
Fra:1 Mem:10.14M (Peak 10.27M) | Time:00:00.00 | Mem:0.00M, Peak:0.00M | Scene, ViewLayer | Updating Procedurals
Fra:1 Mem:10.14M (Peak 10.27M) | Time:00:00.00 | Mem:0.00M, Peak:0.00M | Scene, ViewLayer | Updating Background
Fra:1 Mem:10.14M (Peak 10.27M) | Time:00:00.00 | Mem:0.00M, Peak:0.00M | Scene, ViewLayer | Updating Camera
Fra:1 Mem:10.14M (Peak 10.27M) | Time:00:00.00 | Mem:0.00M, Peak:0.00M | Scene, ViewLayer | Updating Meshes Flags
Fra:1 Mem:10.14M (Peak 10.27M) | Time:00:00.00 | Mem:0.00M, Peak:0.00M | Scene, ViewLayer | Updating Objects
Fra:1 Mem:10.14M (Peak 10.27M) | Time:00:00.00 | Mem:0.00M, Peak:0.00M | Scene, ViewLayer | Updating Objects | Copying Transformations to device
Fra:1 Mem:10.14M (Peak 10.27M) | Time:00:00.00 | Mem:0.00M, Peak:0.00M | Scene, ViewLayer | Updating Objects | Applying Static Transformations
Fra:1 Mem:10.14M (Peak 10.27M) | Time:00:00.00 | Mem:0.00M, Peak:0.00M | Scene, ViewLayer | Updating Particle Systems
Fra:1 Mem:10.14M (Peak 10.27M) | Time:00:00.00 | Mem:0.00M, Peak:0.00M | Scene, ViewLayer | Updating Particle Systems | Copying Particles to device
Fra:1 Mem:10.14M (Peak 10.27M) | Time:00:00.00 | Mem:0.00M, Peak:0.00M | Scene, ViewLayer | Updating Meshes
Fra:1 Mem:10.14M (Peak 10.27M) | Time:00:00.00 | Mem:0.00M, Peak:0.00M | Scene, ViewLayer | Updating Mesh | Computing attributes
Fra:1 Mem:10.14M (Peak 10.27M) | Time:00:00.00 | Mem:0.00M, Peak:0.00M | Scene, ViewLayer | Updating Mesh | Copying Attributes to device
Fra:1 Mem:10.14M (Peak 10.27M) | Time:00:00.00 | Mem:0.00M, Peak:0.00M | Scene, ViewLayer | Updating Scene BVH | Building
Fra:1 Mem:10.14M (Peak 10.27M) | Time:00:00.00 | Mem:0.00M, Peak:0.00M | Scene, ViewLayer | Updating Scene BVH | Building BVH
Fra:1 Mem:10.14M (Peak 10.27M) | Time:00:00.01 | Mem:0.00M, Peak:0.00M | Scene, ViewLayer | Updating Scene BVH | Building BVH 0%
Fra:1 Mem:10.14M (Peak 10.27M) | Time:00:00.01 | Mem:0.01M, Peak:0.01M | Scene, ViewLayer | Updating Scene BVH | Copying BVH to device
Fra:1 Mem:10.14M (Peak 10.27M) | Time:00:00.01 | Mem:0.01M, Peak:0.01M | Scene, ViewLayer | Updating Mesh | Computing normals
Fra:1 Mem:10.14M (Peak 10.27M) | Time:00:00.01 | Mem:0.01M, Peak:0.01M | Scene, ViewLayer | Updating Mesh | Copying Mesh to device
Fra:1 Mem:10.14M (Peak 10.27M) | Time:00:00.01 | Mem:0.01M, Peak:0.01M | Scene, ViewLayer | Updating Objects Flags
Fra:1 Mem:10.14M (Peak 10.27M) | Time:00:00.01 | Mem:0.01M, Peak:0.01M | Scene, ViewLayer | Updating Primitive Offsets
Fra:1 Mem:10.14M (Peak 10.27M) | Time:00:00.01 | Mem:0.01M, Peak:0.01M | Scene, ViewLayer | Updating Images
Fra:1 Mem:10.14M (Peak 10.27M) | Time:00:00.01 | Mem:0.01M, Peak:0.01M | Scene, ViewLayer | Updating Camera Volume
Fra:1 Mem:10.14M (Peak 10.27M) | Time:00:00.01 | Mem:0.01M, Peak:0.01M | Scene, ViewLayer | Updating Lookup Tables
Fra:1 Mem:10.14M (Peak 10.27M) | Time:00:00.01 | Mem:0.09M, Peak:0.09M | Scene, ViewLayer | Updating Lights
Fra:1 Mem:10.14M (Peak 10.27M) | Time:00:00.01 | Mem:0.09M, Peak:0.09M | Scene, ViewLayer | Updating Lights | Computing tree
Fra:1 Mem:10.14M (Peak 10.27M) | Time:00:00.01 | Mem:0.09M, Peak:0.09M | Scene, ViewLayer | Updating Integrator
Fra:1 Mem:10.14M (Peak 10.27M) | Time:00:00.01 | Mem:0.09M, Peak:0.09M | Scene, ViewLayer | Updating Film
Fra:1 Mem:10.14M (Peak 10.27M) | Time:00:00.01 | Mem:0.01M, Peak:0.09M | Scene, ViewLayer | Updating Lookup Tables
Fra:1 Mem:10.14M (Peak 10.27M) | Time:00:00.01 | Mem:0.09M, Peak:0.09M | Scene, ViewLayer | Updating Baking
Fra:1 Mem:10.14M (Peak 10.27M) | Time:00:00.01 | Mem:0.09M, Peak:0.09M | Scene, ViewLayer | Updating Device | Writing constant memory
Fra:1 Mem:10.14M (Peak 10.27M) | Time:00:00.01 | Mem:0.09M, Peak:0.09M | Scene, ViewLayer | Sample 0/48
Fra:1 Mem:20.70M (Peak 20.70M) | Time:00:00.23 | Remaining:00:10.56 | Mem:10.64M, Peak:10.64M | Scene, ViewLayer | Sample 1/48
Fra:1 Mem:25.39M (Peak 34.76M) | Time:00:08.40 | Mem:10.64M, Peak:10.64M | Scene, ViewLayer | Sample 48/48
Fra:1 Mem:25.39M (Peak 34.76M) | Time:00:08.40 | Mem:10.64M, Peak:10.64M | Scene, ViewLayer | Finished
Saved: '/workspace/shared/vegetation-refinement/tools/assets/residential-perennial/source/before.png'
Time: 00:08.46 (Saving: 00:00.06)

Read blend: "/workspace/shared/vegetation-refinement/tools/assets/residential-perennial/source/perennial.blend"
Fra:1 Mem:10.31M (Peak 10.31M) | Time:00:00.00 | Mem:0.00M, Peak:0.00M | Scene, ViewLayer | Synchronizing object | Plane
Fra:1 Mem:10.31M (Peak 10.31M) | Time:00:00.00 | Mem:0.00M, Peak:0.00M | Scene, ViewLayer | Synchronizing object | ResidentialPerennial
Fra:1 Mem:10.31M (Peak 10.31M) | Time:00:00.00 | Mem:0.00M, Peak:0.00M | Scene, ViewLayer | Initializing
Fra:1 Mem:10.09M (Peak 10.31M) | Time:00:00.00 | Mem:0.00M, Peak:0.00M | Scene, ViewLayer | Waiting for render to start
Fra:1 Mem:10.09M (Peak 10.31M) | Time:00:00.00 | Mem:0.00M, Peak:0.00M | Scene, ViewLayer | Loading render kernels (may take a few minutes the first time)
Fra:1 Mem:10.09M (Peak 10.31M) | Time:00:00.00 | Mem:0.00M, Peak:0.00M | Scene, ViewLayer | Updating Scene
Fra:1 Mem:10.09M (Peak 10.31M) | Time:00:00.00 | Mem:0.00M, Peak:0.00M | Scene, ViewLayer | Updating Shaders
Fra:1 Mem:10.18M (Peak 10.31M) | Time:00:00.00 | Mem:0.00M, Peak:0.00M | Scene, ViewLayer | Updating Procedurals
Fra:1 Mem:10.18M (Peak 10.31M) | Time:00:00.00 | Mem:0.00M, Peak:0.00M | Scene, ViewLayer | Updating Background
Fra:1 Mem:10.18M (Peak 10.31M) | Time:00:00.00 | Mem:0.00M, Peak:0.00M | Scene, ViewLayer | Updating Camera
Fra:1 Mem:10.18M (Peak 10.31M) | Time:00:00.00 | Mem:0.00M, Peak:0.00M | Scene, ViewLayer | Updating Meshes Flags
Fra:1 Mem:10.18M (Peak 10.31M) | Time:00:00.00 | Mem:0.00M, Peak:0.00M | Scene, ViewLayer | Updating Objects
Fra:1 Mem:10.18M (Peak 10.31M) | Time:00:00.00 | Mem:0.00M, Peak:0.00M | Scene, ViewLayer | Updating Objects | Copying Transformations to device
Fra:1 Mem:10.18M (Peak 10.31M) | Time:00:00.00 | Mem:0.00M, Peak:0.00M | Scene, ViewLayer | Updating Objects | Applying Static Transformations
Fra:1 Mem:10.18M (Peak 10.31M) | Time:00:00.00 | Mem:0.00M, Peak:0.00M | Scene, ViewLayer | Updating Particle Systems
Fra:1 Mem:10.18M (Peak 10.31M) | Time:00:00.00 | Mem:0.00M, Peak:0.00M | Scene, ViewLayer | Updating Particle Systems | Copying Particles to device
Fra:1 Mem:10.18M (Peak 10.31M) | Time:00:00.00 | Mem:0.00M, Peak:0.00M | Scene, ViewLayer | Updating Meshes
Fra:1 Mem:10.18M (Peak 10.31M) | Time:00:00.00 | Mem:0.00M, Peak:0.00M | Scene, ViewLayer | Updating Mesh | Computing attributes
Fra:1 Mem:10.18M (Peak 10.31M) | Time:00:00.00 | Mem:0.00M, Peak:0.00M | Scene, ViewLayer | Updating Mesh | Copying Attributes to device
Fra:1 Mem:10.18M (Peak 10.31M) | Time:00:00.00 | Mem:0.00M, Peak:0.00M | Scene, ViewLayer | Updating Scene BVH | Building
Fra:1 Mem:10.18M (Peak 10.31M) | Time:00:00.00 | Mem:0.00M, Peak:0.00M | Scene, ViewLayer | Updating Scene BVH | Building BVH
Fra:1 Mem:10.18M (Peak 10.31M) | Time:00:00.00 | Mem:0.00M, Peak:0.00M | Scene, ViewLayer | Updating Scene BVH | Building BVH 0%
Fra:1 Mem:10.18M (Peak 10.31M) | Time:00:00.00 | Mem:0.00M, Peak:0.01M | Scene, ViewLayer | Updating Scene BVH | Copying BVH to device
Fra:1 Mem:10.18M (Peak 10.31M) | Time:00:00.00 | Mem:0.00M, Peak:0.01M | Scene, ViewLayer | Updating Mesh | Computing normals
Fra:1 Mem:10.18M (Peak 10.31M) | Time:00:00.00 | Mem:0.00M, Peak:0.01M | Scene, ViewLayer | Updating Mesh | Copying Mesh to device
Fra:1 Mem:10.18M (Peak 10.31M) | Time:00:00.00 | Mem:0.01M, Peak:0.01M | Scene, ViewLayer | Updating Objects Flags
Fra:1 Mem:10.18M (Peak 10.31M) | Time:00:00.00 | Mem:0.01M, Peak:0.01M | Scene, ViewLayer | Updating Primitive Offsets
Fra:1 Mem:10.18M (Peak 10.31M) | Time:00:00.00 | Mem:0.01M, Peak:0.01M | Scene, ViewLayer | Updating Images
Fra:1 Mem:10.18M (Peak 10.31M) | Time:00:00.00 | Mem:0.01M, Peak:0.01M | Scene, ViewLayer | Updating Camera Volume
Fra:1 Mem:10.18M (Peak 10.31M) | Time:00:00.00 | Mem:0.01M, Peak:0.01M | Scene, ViewLayer | Updating Lookup Tables
Fra:1 Mem:10.18M (Peak 10.31M) | Time:00:00.00 | Mem:0.09M, Peak:0.09M | Scene, ViewLayer | Updating Lights
Fra:1 Mem:10.18M (Peak 10.31M) | Time:00:00.00 | Mem:0.09M, Peak:0.09M | Scene, ViewLayer | Updating Lights | Computing tree
Fra:1 Mem:10.18M (Peak 10.31M) | Time:00:00.00 | Mem:0.09M, Peak:0.09M | Scene, ViewLayer | Updating Integrator
Fra:1 Mem:10.18M (Peak 10.31M) | Time:00:00.00 | Mem:0.09M, Peak:0.09M | Scene, ViewLayer | Updating Film
Fra:1 Mem:10.18M (Peak 10.31M) | Time:00:00.00 | Mem:0.01M, Peak:0.09M | Scene, ViewLayer | Updating Lookup Tables
Fra:1 Mem:10.18M (Peak 10.31M) | Time:00:00.00 | Mem:0.09M, Peak:0.09M | Scene, ViewLayer | Updating Baking
Fra:1 Mem:10.18M (Peak 10.31M) | Time:00:00.00 | Mem:0.09M, Peak:0.09M | Scene, ViewLayer | Updating Device | Writing constant memory
Fra:1 Mem:10.18M (Peak 10.31M) | Time:00:00.00 | Mem:0.09M, Peak:0.09M | Scene, ViewLayer | Sample 0/48
Fra:1 Mem:20.74M (Peak 20.74M) | Time:00:00.20 | Remaining:00:09.30 | Mem:10.64M, Peak:10.64M | Scene, ViewLayer | Sample 1/48
Fra:1 Mem:25.42M (Peak 34.80M) | Time:00:07.77 | Mem:10.64M, Peak:10.64M | Scene, ViewLayer | Sample 48/48
Fra:1 Mem:25.42M (Peak 34.80M) | Time:00:07.77 | Mem:10.64M, Peak:10.64M | Scene, ViewLayer | Finished
Saved: '/workspace/shared/vegetation-refinement/tools/assets/residential-perennial/source/perennial.png'
Time: 00:07.80 (Saving: 00:00.03)



Blender quit
