Extensions: writing cache failed ([Errno 30] Read-only file system: '/home/agent/.config/blender').
Info: Saved "waterfront.blend"
Extensions: writing cache failed ([Errno 30] Read-only file system: '/home/agent/.config/blender').
Info: Saved "burrard.blend"
Extensions: writing cache failed ([Errno 30] Read-only file system: '/home/agent/.config/blender').
Info: Saved "granville.blend"
Extensions: writing cache failed ([Errno 30] Read-only file system: '/home/agent/.config/blender').
Info: Saved "stadium-chinatown.blend"
Extensions: writing cache failed ([Errno 30] Read-only file system: '/home/agent/.config/blender').
Info: Saved "main-street-science-world.blend"
Extensions: writing cache failed ([Errno 30] Read-only file system: '/home/agent/.config/blender').
Info: Saved "vancouver-city-centre.blend"
Extensions: writing cache failed ([Errno 30] Read-only file system: '/home/agent/.config/blender').
Info: Saved "yaletown-roundhouse.blend"
Extensions: writing cache failed ([Errno 30] Read-only file system: '/home/agent/.config/blender').
Info: Saved "threshold-bridge-canada.blend"
Extensions: writing cache failed ([Errno 30] Read-only file system: '/home/agent/.config/blender').
Info: Saved "threshold-bridge-expo.blend"
Blender 4.3.2

Blender quit
