ERROR Draco mesh compression is not available because library could not be found at /usr/bin/4.3/python/lib/python3.13/site-packages/libextern_draco.so
08:31:18 | INFO: Starting glTF 2.0 export
08:31:18 | INFO: Extracting primitive: Cube.102
08:31:18 | INFO: Primitives created: 1
08:31:18 | INFO: Extracting primitive: Cube.001
08:31:18 | INFO: Primitives created: 1
08:31:18 | INFO: Extracting primitive: Cube.116
08:31:18 | INFO: Primitives created: 1
08:31:18 | INFO: Extracting primitive: Cube.042
08:31:18 | INFO: Primitives created: 1
08:31:18 | INFO: Extracting primitive: Cube.301
08:31:18 | INFO: Primitives created: 1
08:31:18 | INFO: Extracting primitive: Cube.046
08:31:18 | INFO: Primitives created: 1
08:31:18 | INFO: Extracting primitive: Cube.030
08:31:18 | INFO: Primitives created: 1
08:31:18 | INFO: Extracting primitive: Cube.031
08:31:18 | INFO: Primitives created: 1
08:31:18 | INFO: Extracting primitive: Cube.004
08:31:18 | INFO: Primitives created: 1
08:31:18 | INFO: Extracting primitive: Cube.003
08:31:18 | INFO: Primitives created: 1
08:31:18 | INFO: Extracting primitive: Cube.043
08:31:18 | INFO: Primitives created: 1
08:31:18 | INFO: Extracting primitive: shared-threshold-bridge-expo
08:31:18 | INFO: Primitives created: 1
08:31:18 | INFO: Extracting primitive: Cube.117
08:31:18 | INFO: Primitives created: 1
08:31:19 | INFO: Extracting primitive: Cube.161
08:31:19 | INFO: Primitives created: 1
08:31:19 | INFO: Extracting primitive: Cube.162
08:31:19 | INFO: Primitives created: 1
08:31:19 | INFO: Extracting primitive: Cube.186
08:31:19 | INFO: Primitives created: 1
08:31:19 | INFO: Extracting primitive: Cube.210
08:31:19 | INFO: Primitives created: 1
08:31:19 | INFO: Extracting primitive: Cube.234
08:31:19 | INFO: Primitives created: 1
08:31:19 | INFO: Extracting primitive: Cube.267
08:31:19 | INFO: Primitives created: 1
08:31:19 | INFO: Extracting primitive: Cube.269
08:31:19 | INFO: Primitives created: 1
08:31:19 | INFO: Extracting primitive: Cube.271
08:31:19 | INFO: Primitives created: 1
08:31:19 | INFO: Extracting primitive: Cube.262
08:31:19 | INFO: Primitives created: 1
08:31:19 | INFO: Extracting primitive: Cube.266
08:31:19 | INFO: Primitives created: 1
08:31:19 | INFO: Extracting primitive: Cube.268
08:31:19 | INFO: Primitives created: 1
08:31:19 | INFO: Extracting primitive: Cube.270
08:31:19 | INFO: Primitives created: 1
08:31:19 | INFO: Extracting primitive: Cube.264
08:31:19 | INFO: Primitives created: 1
08:31:19 | INFO: Extracting primitive: Cube.265
08:31:19 | INFO: Primitives created: 1
08:31:19 | INFO: Extracting primitive: Cube.263
08:31:19 | INFO: Primitives created: 1
08:31:19 | INFO: Extracting primitive: Cube.275
08:31:19 | INFO: Primitives created: 1
08:31:19 | INFO: Extracting primitive: Cube.276
08:31:19 | INFO: Primitives created: 1
08:31:19 | INFO: Extracting primitive: Cube
08:31:19 | INFO: Primitives created: 1
08:31:19 | INFO: Extracting primitive: Cube.044
08:31:19 | INFO: Primitives created: 1
08:31:19 | INFO: Extracting primitive: Cube.045
08:31:19 | INFO: Primitives created: 1
08:31:19 | INFO: Extracting primitive: Cube.064
08:31:19 | INFO: Primitives created: 1
08:31:19 | INFO: Extracting primitive: Cube.083
08:31:19 | INFO: Primitives created: 1
08:31:19 | INFO: Extracting primitive: Cube.111
08:31:19 | INFO: Primitives created: 1
08:31:19 | INFO: Extracting primitive: Cube.113
08:31:19 | INFO: Primitives created: 1
08:31:19 | INFO: Extracting primitive: Cube.106
08:31:19 | INFO: Primitives created: 1
08:31:19 | INFO: Extracting primitive: Cube.110
08:31:19 | INFO: Primitives created: 1
08:31:19 | INFO: Extracting primitive: Cube.112
08:31:19 | INFO: Primitives created: 1
08:31:19 | INFO: Extracting primitive: Cube.108
08:31:19 | INFO: Primitives created: 1
08:31:19 | INFO: Extracting primitive: Cube.109
08:31:19 | INFO: Primitives created: 1
08:31:19 | INFO: Extracting primitive: Cube.107
08:31:19 | INFO: Primitives created: 1
08:31:19 | INFO: Finished glTF 2.0 export in 0.21117424964904785 s

08:31:19 | INFO: Starting glTF 2.0 export
08:31:19 | INFO: Extracting primitive: Cube.171
08:31:19 | INFO: Primitives created: 1
08:31:19 | INFO: Extracting primitive: Cube.001
08:31:19 | INFO: Primitives created: 1
08:31:19 | INFO: Extracting primitive: Cube.191
08:31:19 | INFO: Primitives created: 1
08:31:19 | INFO: Extracting primitive: Cube.042
08:31:19 | INFO: Primitives created: 1
08:31:19 | INFO: Extracting primitive: Cube.447
08:31:19 | INFO: Primitives created: 1
08:31:19 | INFO: Extracting primitive: Cube.046
08:31:19 | INFO: Primitives created: 1
08:31:19 | INFO: Extracting primitive: Cube.030
08:31:19 | INFO: Primitives created: 1
08:31:19 | INFO: Extracting primitive: Cube.031
08:31:19 | INFO: Primitives created: 1
08:31:19 | INFO: Extracting primitive: Cube.004
08:31:19 | INFO: Primitives created: 1
08:31:19 | INFO: Extracting primitive: Cube.003
08:31:19 | INFO: Primitives created: 1
08:31:19 | INFO: Extracting primitive: Cube.043
08:31:19 | INFO: Primitives created: 1
08:31:19 | INFO: Extracting primitive: shared-threshold-bridge-expo
08:31:19 | INFO: Primitives created: 1
08:31:19 | INFO: Extracting primitive: Cube.192
08:31:19 | INFO: Primitives created: 1
08:31:19 | INFO: Extracting primitive: Cube.236
08:31:19 | INFO: Primitives created: 1
08:31:19 | INFO: Extracting primitive: Cube.237
08:31:19 | INFO: Primitives created: 1
08:31:19 | INFO: Extracting primitive: Cube.260
08:31:19 | INFO: Primitives created: 1
08:31:19 | INFO: Extracting primitive: Cube.283
08:31:19 | INFO: Primitives created: 1
08:31:19 | INFO: Extracting primitive: Cube.306
08:31:19 | INFO: Primitives created: 1
08:31:19 | INFO: Extracting primitive: Cube.329
08:31:19 | INFO: Primitives created: 1
08:31:19 | INFO: Extracting primitive: Cube.352
08:31:19 | INFO: Primitives created: 1
08:31:19 | INFO: Extracting primitive: Cube.375
08:31:19 | INFO: Primitives created: 1
08:31:19 | INFO: Extracting primitive: Cube.407
08:31:19 | INFO: Primitives created: 1
08:31:19 | INFO: Extracting primitive: Cube.409
08:31:19 | INFO: Primitives created: 1
08:31:19 | INFO: Extracting primitive: Cube.411
08:31:19 | INFO: Primitives created: 1
08:31:19 | INFO: Extracting primitive: Cube.413
08:31:19 | INFO: Primitives created: 1
08:31:19 | INFO: Extracting primitive: Cube.415
08:31:19 | INFO: Primitives created: 1
08:31:19 | INFO: Extracting primitive: Cube.417
08:31:19 | INFO: Primitives created: 1
08:31:19 | INFO: Extracting primitive: Cube.402
08:31:19 | INFO: Primitives created: 1
08:31:19 | INFO: Extracting primitive: Cube.406
08:31:19 | INFO: Primitives created: 1
08:31:19 | INFO: Extracting primitive: Cube.408
08:31:19 | INFO: Primitives created: 1
08:31:19 | INFO: Extracting primitive: Cube.410
08:31:19 | INFO: Primitives created: 1
08:31:19 | INFO: Extracting primitive: Cube.412
08:31:19 | INFO: Primitives created: 1
08:31:19 | INFO: Extracting primitive: Cube.414
08:31:19 | INFO: Primitives created: 1
08:31:19 | INFO: Extracting primitive: Cube.416
08:31:19 | INFO: Primitives created: 1
08:31:19 | INFO: Extracting primitive: Cube.404
08:31:19 | INFO: Primitives created: 1
08:31:19 | INFO: Extracting primitive: Cube.405
08:31:19 | INFO: Primitives created: 1
08:31:19 | INFO: Extracting primitive: Cube.403
08:31:19 | INFO: Primitives created: 1
08:31:19 | INFO: Extracting primitive: Cube.421
08:31:19 | INFO: Primitives created: 1
08:31:19 | INFO: Extracting primitive: Cube.422
08:31:19 | INFO: Primitives created: 1
08:31:19 | INFO: Extracting primitive: Cube
08:31:19 | INFO: Primitives created: 1
08:31:19 | INFO: Extracting primitive: Cube.044
08:31:19 | INFO: Primitives created: 1
08:31:19 | INFO: Extracting primitive: Cube.045
08:31:19 | INFO: Primitives created: 1
08:31:19 | INFO: Extracting primitive: Cube.066
08:31:19 | INFO: Primitives created: 1
08:31:19 | INFO: Extracting primitive: Cube.087
08:31:19 | INFO: Primitives created: 1
08:31:19 | INFO: Extracting primitive: Cube.108
08:31:19 | INFO: Primitives created: 1
08:31:19 | INFO: Extracting primitive: Cube.129
08:31:19 | INFO: Primitives created: 1
08:31:19 | INFO: Extracting primitive: Cube.150
08:31:19 | INFO: Primitives created: 1
08:31:19 | INFO: Extracting primitive: Cube.180
08:31:19 | INFO: Primitives created: 1
08:31:19 | INFO: Extracting primitive: Cube.182
08:31:19 | INFO: Primitives created: 1
08:31:19 | INFO: Extracting primitive: Cube.184
08:31:19 | INFO: Primitives created: 1
08:31:19 | INFO: Extracting primitive: Cube.186
08:31:19 | INFO: Primitives created: 1
08:31:19 | INFO: Extracting primitive: Cube.188
08:31:19 | INFO: Primitives created: 1
08:31:19 | INFO: Extracting primitive: Cube.175
08:31:19 | INFO: Primitives created: 1
08:31:19 | INFO: Extracting primitive: Cube.179
08:31:19 | INFO: Primitives created: 1
08:31:19 | INFO: Extracting primitive: Cube.181
08:31:19 | INFO: Primitives created: 1
08:31:19 | INFO: Extracting primitive: Cube.183
08:31:19 | INFO: Primitives created: 1
08:31:19 | INFO: Extracting primitive: Cube.185
08:31:19 | INFO: Primitives created: 1
08:31:19 | INFO: Extracting primitive: Cube.187
08:31:19 | INFO: Primitives created: 1
08:31:19 | INFO: Extracting primitive: Cube.177
08:31:19 | INFO: Primitives created: 1
08:31:19 | INFO: Extracting primitive: Cube.178
08:31:19 | INFO: Primitives created: 1
08:31:19 | INFO: Extracting primitive: Cube.176
08:31:19 | INFO: Primitives created: 1
08:31:20 | INFO: Finished glTF 2.0 export in 0.24734044075012207 s

Warning: No mesh data to join
Warning: No mesh data to join
08:31:20 | INFO: Starting glTF 2.0 export
08:31:20 | INFO: Extracting primitive: Cube.124
08:31:20 | INFO: Primitives created: 1
08:31:20 | INFO: Extracting primitive: Cube.001
08:31:20 | INFO: Primitives created: 1
08:31:20 | INFO: Extracting primitive: Cube.138
08:31:20 | INFO: Primitives created: 1
08:31:20 | INFO: Extracting primitive: Cube.071
08:31:20 | INFO: Primitives created: 1
08:31:20 | INFO: Extracting primitive: Cube.220
08:31:20 | INFO: Primitives created: 1
08:31:20 | INFO: Extracting primitive: Cube.074
08:31:20 | INFO: Primitives created: 1
08:31:20 | INFO: Extracting primitive: Cube.139
08:31:20 | INFO: Primitives created: 1
08:31:20 | INFO: Extracting primitive: Cube.059
08:31:20 | INFO: Primitives created: 1
08:31:20 | INFO: Extracting primitive: Cube.060
08:31:20 | INFO: Primitives created: 1
08:31:20 | INFO: Extracting primitive: Cube.004
08:31:20 | INFO: Primitives created: 1
08:31:20 | INFO: Extracting primitive: Cube.003
08:31:20 | INFO: Primitives created: 1
08:31:20 | INFO: Extracting primitive: shared-threshold-bridge-expo
08:31:20 | INFO: Primitives created: 1
08:31:20 | INFO: Extracting primitive: Cube.143
08:31:20 | INFO: Primitives created: 1
08:31:20 | INFO: Extracting primitive: Cube.193
08:31:20 | INFO: Primitives created: 1
08:31:20 | INFO: Extracting primitive: Cube.144
08:31:20 | INFO: Primitives created: 1
08:31:20 | INFO: Extracting primitive: Cube
08:31:20 | INFO: Primitives created: 1
08:31:20 | INFO: Extracting primitive: Cube.072
08:31:20 | INFO: Primitives created: 1
08:31:20 | INFO: Extracting primitive: Cube.073
08:31:20 | INFO: Primitives created: 1
08:31:20 | INFO: Extracting primitive: Cube.090
08:31:20 | INFO: Primitives created: 1
08:31:20 | INFO: Extracting primitive: Cube.107
08:31:20 | INFO: Primitives created: 1
08:31:20 | INFO: Extracting primitive: Cube.133
08:31:20 | INFO: Primitives created: 1
08:31:20 | INFO: Extracting primitive: Cube.135
08:31:20 | INFO: Primitives created: 1
08:31:20 | INFO: Extracting primitive: Cube.128
08:31:20 | INFO: Primitives created: 1
08:31:20 | INFO: Extracting primitive: Cube.132
08:31:20 | INFO: Primitives created: 1
08:31:20 | INFO: Extracting primitive: Cube.134
08:31:20 | INFO: Primitives created: 1
08:31:20 | INFO: Extracting primitive: Cube.130
08:31:20 | INFO: Primitives created: 1
08:31:20 | INFO: Extracting primitive: Cube.131
08:31:20 | INFO: Primitives created: 1
08:31:20 | INFO: Extracting primitive: Cube.129
08:31:20 | INFO: Primitives created: 1
08:31:20 | INFO: Finished glTF 2.0 export in 0.1806192398071289 s

Warning: No mesh data to join
Warning: No mesh data to join
08:31:20 | INFO: Starting glTF 2.0 export
08:31:20 | INFO: Extracting primitive: Cube.105
08:31:20 | INFO: Primitives created: 1
08:31:20 | INFO: Extracting primitive: Cube.001
08:31:20 | INFO: Primitives created: 1
08:31:20 | INFO: Extracting primitive: Cube.117
08:31:20 | INFO: Primitives created: 1
08:31:20 | INFO: Extracting primitive: Cube.071
08:31:20 | INFO: Primitives created: 1
08:31:20 | INFO: Extracting primitive: Cube.171
08:31:20 | INFO: Primitives created: 1
08:31:20 | INFO: Extracting primitive: Cube.074
08:31:20 | INFO: Primitives created: 1
08:31:20 | INFO: Extracting primitive: Cube.059
08:31:20 | INFO: Primitives created: 1
08:31:20 | INFO: Extracting primitive: Cube.060
08:31:20 | INFO: Primitives created: 1
08:31:20 | INFO: Extracting primitive: Cube.004
08:31:20 | INFO: Primitives created: 1
08:31:20 | INFO: Extracting primitive: Cube.003
08:31:20 | INFO: Primitives created: 1
08:31:20 | INFO: Extracting primitive: shared-threshold-bridge-expo
08:31:20 | INFO: Primitives created: 1
08:31:20 | INFO: Extracting primitive: Cube.118
08:31:20 | INFO: Primitives created: 1
08:31:20 | INFO: Extracting primitive: Cube.120
08:31:20 | INFO: Primitives created: 1
08:31:20 | INFO: Extracting primitive: Cube.119
08:31:20 | INFO: Primitives created: 1
08:31:20 | INFO: Extracting primitive: Cube
08:31:20 | INFO: Primitives created: 1
08:31:20 | INFO: Extracting primitive: Cube.072
08:31:20 | INFO: Primitives created: 1
08:31:20 | INFO: Extracting primitive: Cube.073
08:31:20 | INFO: Primitives created: 1
08:31:20 | INFO: Extracting primitive: Cube.089
08:31:20 | INFO: Primitives created: 1
08:31:20 | INFO: Extracting primitive: Cube.114
08:31:20 | INFO: Primitives created: 1
08:31:20 | INFO: Extracting primitive: Cube.109
08:31:20 | INFO: Primitives created: 1
08:31:20 | INFO: Extracting primitive: Cube.113
08:31:20 | INFO: Primitives created: 1
08:31:20 | INFO: Extracting primitive: Cube.111
08:31:20 | INFO: Primitives created: 1
08:31:20 | INFO: Extracting primitive: Cube.112
08:31:20 | INFO: Primitives created: 1
08:31:20 | INFO: Extracting primitive: Cube.110
08:31:20 | INFO: Primitives created: 1
08:31:20 | INFO: Finished glTF 2.0 export in 0.12913894653320312 s

08:31:20 | INFO: Starting glTF 2.0 export
08:31:20 | INFO: Extracting primitive: tapered-threshold
08:31:20 | INFO: Primitives created: 1
08:31:20 | INFO: Finished glTF 2.0 export in 0.008585929870605469 s

08:31:20 | INFO: Starting glTF 2.0 export
08:31:20 | INFO: Extracting primitive: tapered-threshold
08:31:20 | INFO: Primitives created: 1
08:31:20 | INFO: Finished glTF 2.0 export in 0.007289409637451172 s

Warning: No mesh data to join
Warning: No mesh data to join
Warning: No mesh data to join
08:31:21 | INFO: Starting glTF 2.0 export
08:31:21 | INFO: Extracting primitive: Cube.104
08:31:21 | INFO: Primitives created: 1
08:31:21 | INFO: Extracting primitive: Cube.001
08:31:21 | INFO: Primitives created: 1
08:31:21 | INFO: Extracting primitive: Cube.118
08:31:21 | INFO: Primitives created: 1
08:31:21 | INFO: Extracting primitive: Cube.045
08:31:21 | INFO: Primitives created: 1
08:31:21 | INFO: Extracting primitive: Cube.133
08:31:21 | INFO: Primitives created: 1
08:31:21 | INFO: Extracting primitive: Cube.048
08:31:21 | INFO: Primitives created: 1
08:31:21 | INFO: Extracting primitive: Cube.039
08:31:21 | INFO: Primitives created: 1
08:31:21 | INFO: Extracting primitive: Cube.120
08:31:21 | INFO: Primitives created: 1
08:31:21 | INFO: Extracting primitive: Cube.040
08:31:21 | INFO: Primitives created: 1
08:31:21 | INFO: Extracting primitive: Cube.004
08:31:21 | INFO: Primitives created: 1
08:31:21 | INFO: Extracting primitive: Cube.003
08:31:21 | INFO: Primitives created: 1
08:31:21 | INFO: Extracting primitive: shared-threshold-bridge-canada
08:31:21 | INFO: Primitives created: 1
08:31:21 | INFO: Extracting primitive: Cube
08:31:21 | INFO: Primitives created: 1
08:31:21 | INFO: Extracting primitive: Cube.046
08:31:21 | INFO: Primitives created: 1
08:31:21 | INFO: Extracting primitive: Cube.047
08:31:21 | INFO: Primitives created: 1
08:31:21 | INFO: Extracting primitive: Cube.066
08:31:21 | INFO: Primitives created: 1
08:31:21 | INFO: Extracting primitive: Cube.085
08:31:21 | INFO: Primitives created: 1
08:31:21 | INFO: Extracting primitive: Cube.113
08:31:21 | INFO: Primitives created: 1
08:31:21 | INFO: Extracting primitive: Cube.115
08:31:21 | INFO: Primitives created: 1
08:31:21 | INFO: Extracting primitive: Cube.108
08:31:21 | INFO: Primitives created: 1
08:31:21 | INFO: Extracting primitive: Cube.112
08:31:21 | INFO: Primitives created: 1
08:31:21 | INFO: Extracting primitive: Cube.114
08:31:21 | INFO: Primitives created: 1
08:31:21 | INFO: Extracting primitive: Cube.110
08:31:21 | INFO: Primitives created: 1
08:31:21 | INFO: Extracting primitive: Cube.111
08:31:21 | INFO: Primitives created: 1
08:31:21 | INFO: Extracting primitive: Cube.109
08:31:21 | INFO: Primitives created: 1
08:31:21 | INFO: Extracting primitive: Cube.119
08:31:21 | INFO: Primitives created: 1
08:31:21 | INFO: Finished glTF 2.0 export in 0.1739661693572998 s

08:31:21 | INFO: Starting glTF 2.0 export
08:31:21 | INFO: Extracting primitive: Cube.117
08:31:21 | INFO: Primitives created: 1
08:31:21 | INFO: Extracting primitive: Cube.001
08:31:21 | INFO: Primitives created: 1
08:31:21 | INFO: Extracting primitive: Cube.129
08:31:21 | INFO: Primitives created: 1
08:31:21 | INFO: Extracting primitive: Cube.071
08:31:21 | INFO: Primitives created: 1
08:31:21 | INFO: Extracting primitive: Cube.318
08:31:21 | INFO: Primitives created: 1
08:31:21 | INFO: Extracting primitive: Cube.316
08:31:21 | INFO: Primitives created: 1
08:31:21 | INFO: Extracting primitive: Cube.074
08:31:21 | INFO: Primitives created: 1
08:31:21 | INFO: Extracting primitive: Cube.059
08:31:21 | INFO: Primitives created: 1
08:31:21 | INFO: Extracting primitive: Cube.060
08:31:21 | INFO: Primitives created: 1
08:31:21 | INFO: Extracting primitive: Cube.004
08:31:21 | INFO: Primitives created: 1
08:31:21 | INFO: Extracting primitive: Cube.003
08:31:21 | INFO: Primitives created: 1
08:31:21 | INFO: Extracting primitive: shared-threshold-bridge-canada
08:31:21 | INFO: Primitives created: 1
08:31:21 | INFO: Extracting primitive: shared-threshold-bridge-expo
08:31:21 | INFO: Primitives created: 1
08:31:21 | INFO: Extracting primitive: Cube.130
08:31:21 | INFO: Primitives created: 1
08:31:21 | INFO: Extracting primitive: Cube.176
08:31:21 | INFO: Primitives created: 1
08:31:21 | INFO: Extracting primitive: Cube.177
08:31:21 | INFO: Primitives created: 1
08:31:21 | INFO: Extracting primitive: Cube.198
08:31:21 | INFO: Primitives created: 1
08:31:21 | INFO: Extracting primitive: Cube.219
08:31:21 | INFO: Primitives created: 1
08:31:21 | INFO: Extracting primitive: Cube.240
08:31:21 | INFO: Primitives created: 1
08:31:21 | INFO: Extracting primitive: Cube.270
08:31:21 | INFO: Primitives created: 1
08:31:21 | INFO: Extracting primitive: Cube.272
08:31:21 | INFO: Primitives created: 1
08:31:21 | INFO: Extracting primitive: Cube.274
08:31:21 | INFO: Primitives created: 1
08:31:21 | INFO: Extracting primitive: Cube.265
08:31:21 | INFO: Primitives created: 1
08:31:21 | INFO: Extracting primitive: Cube.269
08:31:21 | INFO: Primitives created: 1
08:31:21 | INFO: Extracting primitive: Cube.271
08:31:21 | INFO: Primitives created: 1
08:31:21 | INFO: Extracting primitive: Cube.273
08:31:21 | INFO: Primitives created: 1
08:31:21 | INFO: Extracting primitive: Cube.267
08:31:21 | INFO: Primitives created: 1
08:31:21 | INFO: Extracting primitive: Cube.268
08:31:21 | INFO: Primitives created: 1
08:31:21 | INFO: Extracting primitive: Cube.266
08:31:21 | INFO: Primitives created: 1
08:31:21 | INFO: Extracting primitive: Cube
08:31:21 | INFO: Primitives created: 1
08:31:21 | INFO: Extracting primitive: Cube.072
08:31:21 | INFO: Primitives created: 1
08:31:21 | INFO: Extracting primitive: Cube.073
08:31:21 | INFO: Primitives created: 1
08:31:21 | INFO: Extracting primitive: Cube.095
08:31:21 | INFO: Primitives created: 1
08:31:21 | INFO: Extracting primitive: Cube.126
08:31:21 | INFO: Primitives created: 1
08:31:21 | INFO: Extracting primitive: Cube.121
08:31:21 | INFO: Primitives created: 1
08:31:21 | INFO: Extracting primitive: Cube.125
08:31:21 | INFO: Primitives created: 1
08:31:21 | INFO: Extracting primitive: Cube.123
08:31:21 | INFO: Primitives created: 1
08:31:21 | INFO: Extracting primitive: Cube.124
08:31:21 | INFO: Primitives created: 1
08:31:21 | INFO: Extracting primitive: Cube.122
08:31:21 | INFO: Primitives created: 1
08:31:21 | INFO: Extracting primitive: Cube.278
08:31:21 | INFO: Primitives created: 1
08:31:21 | INFO: Extracting primitive: Cube.279
08:31:21 | INFO: Primitives created: 1
08:31:21 | INFO: Finished glTF 2.0 export in 0.19750499725341797 s

Warning: No mesh data to join
Warning: No mesh data to join
08:31:22 | INFO: Starting glTF 2.0 export
08:31:22 | INFO: Extracting primitive: Cube.143
08:31:22 | INFO: Primitives created: 1
08:31:22 | INFO: Extracting primitive: Cube.001
08:31:22 | INFO: Primitives created: 1
08:31:22 | INFO: Extracting primitive: Cube.045
08:31:22 | INFO: Primitives created: 1
08:31:22 | INFO: Extracting primitive: Cube.159
08:31:22 | INFO: Primitives created: 1
08:31:22 | INFO: Extracting primitive: Cube.174
08:31:22 | INFO: Primitives created: 1
08:31:22 | INFO: Extracting primitive: Cube.048
08:31:22 | INFO: Primitives created: 1
08:31:22 | INFO: Extracting primitive: Cube.157
08:31:22 | INFO: Primitives created: 1
08:31:22 | INFO: Extracting primitive: Cube.039
08:31:22 | INFO: Primitives created: 1
08:31:22 | INFO: Extracting primitive: Cube.040
08:31:22 | INFO: Primitives created: 1
08:31:22 | INFO: Extracting primitive: Cube.004
08:31:22 | INFO: Primitives created: 1
08:31:22 | INFO: Extracting primitive: Cube.003
08:31:22 | INFO: Primitives created: 1
08:31:22 | INFO: Extracting primitive: shared-threshold-bridge-canada
08:31:22 | INFO: Primitives created: 1
08:31:22 | INFO: Extracting primitive: Cube
08:31:22 | INFO: Primitives created: 1
08:31:22 | INFO: Extracting primitive: Cube.046
08:31:22 | INFO: Primitives created: 1
08:31:22 | INFO: Extracting primitive: Cube.047
08:31:22 | INFO: Primitives created: 1
08:31:22 | INFO: Extracting primitive: Cube.071
08:31:22 | INFO: Primitives created: 1
08:31:22 | INFO: Extracting primitive: Cube.095
08:31:22 | INFO: Primitives created: 1
08:31:22 | INFO: Extracting primitive: Cube.119
08:31:22 | INFO: Primitives created: 1
08:31:22 | INFO: Extracting primitive: Cube.152
08:31:22 | INFO: Primitives created: 1
08:31:22 | INFO: Extracting primitive: Cube.154
08:31:22 | INFO: Primitives created: 1
08:31:22 | INFO: Extracting primitive: Cube.156
08:31:22 | INFO: Primitives created: 1
08:31:22 | INFO: Extracting primitive: Cube.147
08:31:22 | INFO: Primitives created: 1
08:31:22 | INFO: Extracting primitive: Cube.151
08:31:22 | INFO: Primitives created: 1
08:31:22 | INFO: Extracting primitive: Cube.153
08:31:22 | INFO: Primitives created: 1
08:31:22 | INFO: Extracting primitive: Cube.155
08:31:22 | INFO: Primitives created: 1
08:31:22 | INFO: Extracting primitive: Cube.149
08:31:22 | INFO: Primitives created: 1
08:31:22 | INFO: Extracting primitive: Cube.150
08:31:22 | INFO: Primitives created: 1
08:31:22 | INFO: Extracting primitive: Cube.148
08:31:22 | INFO: Primitives created: 1
08:31:22 | INFO: Finished glTF 2.0 export in 0.14389777183532715 s

Blender 4.3.2
Read blend: "/workspace/scratch/7c20b5ba4165/atlas-stage2-recovery/tools/assets/skytrain-stations-stage2/source/burrard.blend"
Read blend: "/workspace/scratch/7c20b5ba4165/atlas-stage2-recovery/tools/assets/skytrain-stations-stage2/source/granville.blend"
Read blend: "/workspace/scratch/7c20b5ba4165/atlas-stage2-recovery/tools/assets/skytrain-stations-stage2/source/main-street-science-world.blend"
Read blend: "/workspace/scratch/7c20b5ba4165/atlas-stage2-recovery/tools/assets/skytrain-stations-stage2/source/stadium-chinatown.blend"
Read blend: "/workspace/scratch/7c20b5ba4165/atlas-stage2-recovery/tools/assets/skytrain-stations-stage2/source/threshold-bridge-canada.blend"
Read blend: "/workspace/scratch/7c20b5ba4165/atlas-stage2-recovery/tools/assets/skytrain-stations-stage2/source/threshold-bridge-expo.blend"
Read blend: "/workspace/scratch/7c20b5ba4165/atlas-stage2-recovery/tools/assets/skytrain-stations-stage2/source/vancouver-city-centre.blend"
Read blend: "/workspace/scratch/7c20b5ba4165/atlas-stage2-recovery/tools/assets/skytrain-stations-stage2/source/waterfront.blend"
Read blend: "/workspace/scratch/7c20b5ba4165/atlas-stage2-recovery/tools/assets/skytrain-stations-stage2/source/yaletown-roundhouse.blend"

Blender quit
