Extensions: writing cache failed ([Errno 30] Read-only file system: '/home/agent/.config/blender').
08:36:41 | INFO: Data are loaded, start creating Blender stuff
08:36:41 | INFO: Blender create Mesh node Cube.104
08:36:41 | INFO: Blender create Mesh node Cube.001
08:36:41 | INFO: Blender create Mesh node Cube.118
08:36:41 | INFO: Blender create Mesh node Cube.045
08:36:41 | INFO: Blender create Mesh node Cube.133
08:36:41 | INFO: Blender create Mesh node Cube.048
08:36:41 | INFO: Blender create Mesh node Cube.039
08:36:41 | INFO: Blender create Mesh node Cube.120
08:36:41 | INFO: Blender create Mesh node Cube.040
08:36:41 | INFO: Blender create Mesh node Cube.004
08:36:41 | INFO: Blender create Mesh node Cube.003
08:36:41 | INFO: Blender create Mesh node shared-threshold-bridge-canada
08:36:41 | INFO: Blender create Mesh node Cube
08:36:41 | INFO: Blender create Mesh node Cube.046
08:36:41 | INFO: Blender create Mesh node Cube.047
08:36:41 | INFO: Blender create Mesh node Cube.066
08:36:41 | INFO: Blender create Mesh node Cube.085
08:36:41 | INFO: Blender create Mesh node Cube.113
08:36:41 | INFO: Blender create Mesh node Cube.115
08:36:41 | INFO: Blender create Mesh node Cube.108
08:36:41 | INFO: Blender create Mesh node Cube.112
08:36:41 | INFO: Blender create Mesh node Cube.114
08:36:41 | INFO: Blender create Mesh node Cube.110
08:36:41 | INFO: Blender create Mesh node Cube.111
08:36:41 | INFO: Blender create Mesh node Cube.109
08:36:41 | INFO: Blender create Mesh node Cube.119
08:36:41 | INFO: glTF import finished in 0.07s
08:36:41 | INFO: Data are loaded, start creating Blender stuff
08:36:41 | INFO: Blender create Mesh node Cube.030
08:36:41 | INFO: Blender create Mesh node Cube
08:36:41 | INFO: Blender create Mesh node Cube.142
08:36:41 | INFO: Blender create Mesh node Cube.141
08:36:41 | INFO: Blender create Mesh node Cube.143
08:36:41 | INFO: Blender create Mesh node Cube.144
08:36:41 | INFO: Blender create Mesh node Cube.140
08:36:41 | INFO: Blender create Mesh node Cube.075
08:36:41 | INFO: Blender create Mesh node Cube.080
08:36:41 | INFO: Blender create Mesh node Cube.085
08:36:41 | INFO: Blender create Mesh node Cube.090
08:36:41 | INFO: Blender create Mesh node Cube.095
08:36:41 | INFO: Blender create Mesh node Cube.100
08:36:41 | INFO: Blender create Mesh node Cube.105
08:36:41 | INFO: Blender create Mesh node Cube.110
08:36:41 | INFO: Blender create Mesh node Cube.115
08:36:41 | INFO: Blender create Mesh node Cube.120
08:36:41 | INFO: Blender create Mesh node Cube.125
08:36:41 | INFO: Blender create Mesh node Cube.130
08:36:41 | INFO: Blender create Mesh node Cube.138
08:36:41 | INFO: Blender create Mesh node Cube.139
08:36:41 | INFO: Blender create Mesh node Cube.069
08:36:41 | INFO: Blender create Mesh node Cube.002
08:36:41 | INFO: Blender create Mesh node Cylinder.007
08:36:41 | INFO: Blender create Mesh node Cylinder.006
08:36:41 | INFO: Blender create Mesh node Cylinder.005
08:36:41 | INFO: Blender create Mesh node Cylinder.004
08:36:41 | INFO: Blender create Mesh node Cylinder.003
08:36:41 | INFO: Blender create Mesh node Cylinder.002
08:36:41 | INFO: Blender create Mesh node Cylinder.001
08:36:41 | INFO: Blender create Mesh node Cylinder
08:36:41 | INFO: glTF import finished in 0.05s
08:36:41 | INFO: Data are loaded, start creating Blender stuff
08:36:41 | INFO: Blender create Mesh node interior-batch-canada-wall
08:36:41 | INFO: Blender create Mesh node interior-batch-canada-floor
08:36:42 | INFO: Blender create Mesh node interior-batch-canada-rail
08:36:42 | INFO: Blender create Mesh node interior-batch-canada-sign
08:36:42 | INFO: Blender create Mesh node interior-batch-canada-seat
08:36:42 | INFO: Blender create Mesh node interior-batch-canada-priority
08:36:42 | INFO: glTF import finished in 0.03s
Blender 4.3.2
Fra:1 Mem:20.86M (Peak 20.86M) | Time:00:00.01 | Mem:0.00M, Peak:0.00M | Scene, ViewLayer | Synchronizing object | batch-lift-shaft-steel
Fra:1 Mem:22.88M (Peak 22.88M) | Time:00:00.01 | Mem:0.00M, Peak:0.00M | Scene, ViewLayer | Synchronizing object | interior-batch-canada-priority
Fra:1 Mem:22.90M (Peak 22.90M) | Time:00:00.01 | Mem:0.00M, Peak:0.00M | Scene, ViewLayer | Synchronizing object | interior-batch-canada-seat
Fra:1 Mem:22.91M (Peak 22.91M) | Time:00:00.01 | Mem:0.00M, Peak:0.00M | Scene, ViewLayer | Synchronizing object | batch-rail-steel
Fra:1 Mem:23.08M (Peak 23.08M) | Time:00:00.01 | Mem:0.00M, Peak:0.00M | Scene, ViewLayer | Synchronizing object | interior-batch-canada-sign
Fra:1 Mem:23.15M (Peak 23.15M) | Time:00:00.01 | Mem:0.00M, Peak:0.00M | Scene, ViewLayer | Synchronizing object | interior-batch-canada-rail
Fra:1 Mem:23.28M (Peak 23.28M) | Time:00:00.01 | Mem:0.00M, Peak:0.00M | Scene, ViewLayer | Synchronizing object | batch-sign-canada
Fra:1 Mem:23.34M (Peak 23.34M) | Time:00:00.01 | Mem:0.00M, Peak:0.00M | Scene, ViewLayer | Synchronizing object | batch-stair-tread-concrete
Fra:1 Mem:23.30M (Peak 23.34M) | Time:00:00.01 | Mem:0.00M, Peak:0.00M | Scene, ViewLayer | Synchronizing object | interior-batch-canada-floor
Fra:1 Mem:23.31M (Peak 23.34M) | Time:00:00.01 | Mem:0.00M, Peak:0.00M | Scene, ViewLayer | Synchronizing object | interior-batch-canada-wall
Fra:1 Mem:23.46M (Peak 23.46M) | Time:00:00.01 | Mem:0.00M, Peak:0.00M | Scene, ViewLayer | Synchronizing object | wheel-rear-rear-right
Fra:1 Mem:23.47M (Peak 23.47M) | Time:00:00.01 | Mem:0.00M, Peak:0.00M | Scene, ViewLayer | Synchronizing object | wheel-rear-rear-left
Fra:1 Mem:23.47M (Peak 23.47M) | Time:00:00.01 | Mem:0.00M, Peak:0.00M | Scene, ViewLayer | Synchronizing object | wheel-rear-front-right
Fra:1 Mem:23.35M (Peak 23.47M) | Time:00:00.01 | Mem:0.00M, Peak:0.00M | Scene, ViewLayer | Synchronizing object | wheel-rear-front-left
Fra:1 Mem:23.36M (Peak 23.47M) | Time:00:00.01 | Mem:0.00M, Peak:0.00M | Scene, ViewLayer | Synchronizing object | wheel-front-rear-right
Fra:1 Mem:23.36M (Peak 23.47M) | Time:00:00.01 | Mem:0.00M, Peak:0.00M | Scene, ViewLayer | Synchronizing object | batch-static-steel
Fra:1 Mem:23.39M (Peak 23.47M) | Time:00:00.01 | Mem:0.00M, Peak:0.00M | Scene, ViewLayer | Synchronizing object | batch-static-wall
Fra:1 Mem:23.38M (Peak 23.47M) | Time:00:00.01 | Mem:0.00M, Peak:0.00M | Scene, ViewLayer | Synchronizing object | wheel-front-rear-left
Fra:1 Mem:23.39M (Peak 23.47M) | Time:00:00.01 | Mem:0.00M, Peak:0.00M | Scene, ViewLayer | Synchronizing object | batch-static-wood
Fra:1 Mem:23.42M (Peak 23.47M) | Time:00:00.01 | Mem:0.00M, Peak:0.00M | Scene, ViewLayer | Synchronizing object | batch-static-yellow
Fra:1 Mem:23.41M (Peak 23.47M) | Time:00:00.01 | Mem:0.00M, Peak:0.00M | Scene, ViewLayer | Synchronizing object | wheel-front-front-right
Fra:1 Mem:23.42M (Peak 23.47M) | Time:00:00.01 | Mem:0.00M, Peak:0.00M | Scene, ViewLayer | Synchronizing object | batch-trackbed-concrete
Fra:1 Mem:23.43M (Peak 23.47M) | Time:00:00.01 | Mem:0.00M, Peak:0.00M | Scene, ViewLayer | Synchronizing object | wheel-front-front-left
Fra:1 Mem:23.43M (Peak 23.47M) | Time:00:00.01 | Mem:0.00M, Peak:0.00M | Scene, ViewLayer | Synchronizing object | bridge-vcc-canada-northbound-car1-door1
Fra:1 Mem:23.44M (Peak 23.47M) | Time:00:00.01 | Mem:0.00M, Peak:0.00M | Scene, ViewLayer | Synchronizing object | floor-vcc-canada
Fra:1 Mem:23.44M (Peak 23.47M) | Time:00:00.01 | Mem:0.00M, Peak:0.00M | Scene, ViewLayer | Synchronizing object | glass
Fra:1 Mem:23.44M (Peak 23.47M) | Time:00:00.01 | Mem:0.00M, Peak:0.00M | Scene, ViewLayer | Synchronizing object | floor-vcc-canada-landing
Fra:1 Mem:23.51M (Peak 23.51M) | Time:00:00.01 | Mem:0.00M, Peak:0.00M | Scene, ViewLayer | Synchronizing object | floor-vcc-canada-landing-1
Fra:1 Mem:23.48M (Peak 23.51M) | Time:00:00.01 | Mem:0.00M, Peak:0.00M | Scene, ViewLayer | Synchronizing object | floor-vcc-canada-landing-2
Fra:1 Mem:23.51M (Peak 23.51M) | Time:00:00.01 | Mem:0.00M, Peak:0.00M | Scene, ViewLayer | Synchronizing object | floor-vcc-canada-landing-3
Fra:1 Mem:23.47M (Peak 23.51M) | Time:00:00.01 | Mem:0.00M, Peak:0.00M | Scene, ViewLayer | Synchronizing object | gangway-rubber
Fra:1 Mem:23.48M (Peak 23.51M) | Time:00:00.01 | Mem:0.00M, Peak:0.00M | Scene, ViewLayer | Synchronizing object | floor-vcc-canada-lift-corridor-1
Fra:1 Mem:23.48M (Peak 23.51M) | Time:00:00.01 | Mem:0.00M, Peak:0.00M | Scene, ViewLayer | Synchronizing object | front-lamp-1
Fra:1 Mem:23.49M (Peak 23.51M) | Time:00:00.01 | Mem:0.00M, Peak:0.00M | Scene, ViewLayer | Synchronizing object | floor-vcc-canada-lift-corridor-2
Fra:1 Mem:23.49M (Peak 23.51M) | Time:00:00.01 | Mem:0.00M, Peak:0.00M | Scene, ViewLayer | Synchronizing object | front-lamp--1
Fra:1 Mem:23.49M (Peak 23.51M) | Time:00:00.01 | Mem:0.00M, Peak:0.00M | Scene, ViewLayer | Synchronizing object | floor-vcc-canada-lift-lower
Fra:1 Mem:23.50M (Peak 23.51M) | Time:00:00.01 | Mem:0.00M, Peak:0.00M | Scene, ViewLayer | Synchronizing object | door-right-3-b
Fra:1 Mem:23.49M (Peak 23.51M) | Time:00:00.01 | Mem:0.00M, Peak:0.00M | Scene, ViewLayer | Synchronizing object | floor-vcc-canada-lift-mid-1
Fra:1 Mem:23.52M (Peak 23.52M) | Time:00:00.01 | Mem:0.00M, Peak:0.00M | Scene, ViewLayer | Synchronizing object | floor-vcc-canada-lift-mid-2
Fra:1 Mem:23.51M (Peak 23.52M) | Time:00:00.01 | Mem:0.00M, Peak:0.00M | Scene, ViewLayer | Synchronizing object | door-right-3-a
Fra:1 Mem:23.53M (Peak 23.53M) | Time:00:00.01 | Mem:0.00M, Peak:0.00M | Scene, ViewLayer | Synchronizing object | floor-vcc-canada-lift-side
Fra:1 Mem:23.53M (Peak 23.53M) | Time:00:00.01 | Mem:0.00M, Peak:0.00M | Scene, ViewLayer | Synchronizing object | door-right-2-b
Fra:1 Mem:23.54M (Peak 23.54M) | Time:00:00.01 | Mem:0.00M, Peak:0.00M | Scene, ViewLayer | Synchronizing object | door-right-2-a
Fra:1 Mem:23.55M (Peak 23.55M) | Time:00:00.01 | Mem:0.00M, Peak:0.00M | Scene, ViewLayer | Synchronizing object | floor-vcc-canada-lift-top
Fra:1 Mem:23.55M (Peak 23.55M) | Time:00:00.01 | Mem:0.00M, Peak:0.00M | Scene, ViewLayer | Synchronizing object | door-right-1-b
Fra:1 Mem:23.55M (Peak 23.55M) | Time:00:00.01 | Mem:0.00M, Peak:0.00M | Scene, ViewLayer | Synchronizing object | floor-vcc-canada-lift-upper
Fra:1 Mem:23.56M (Peak 23.56M) | Time:00:00.01 | Mem:0.00M, Peak:0.00M | Scene, ViewLayer | Synchronizing object | floor-vcc-mall-spur
Fra:1 Mem:23.56M (Peak 23.56M) | Time:00:00.01 | Mem:0.00M, Peak:0.00M | Scene, ViewLayer | Synchronizing object | blue-fascia
Fra:1 Mem:23.58M (Peak 23.58M) | Time:00:00.01 | Mem:0.00M, Peak:0.00M | Scene, ViewLayer | Synchronizing object | door-left-3-b
Fra:1 Mem:23.58M (Peak 23.58M) | Time:00:00.01 | Mem:0.00M, Peak:0.00M | Scene, ViewLayer | Synchronizing object | body-shell
Fra:1 Mem:23.63M (Peak 23.63M) | Time:00:00.01 | Mem:0.00M, Peak:0.00M | Scene, ViewLayer | Synchronizing object | door-left-3-a
Fra:1 Mem:23.88M (Peak 23.88M) | Time:00:00.01 | Mem:0.00M, Peak:0.00M | Scene, ViewLayer | Synchronizing object | door-left-2-b
Fra:1 Mem:23.91M (Peak 23.91M) | Time:00:00.01 | Mem:0.00M, Peak:0.00M | Scene, ViewLayer | Synchronizing object | door-left-2-a
Fra:1 Mem:23.74M (Peak 23.91M) | Time:00:00.01 | Mem:0.00M, Peak:0.00M | Scene, ViewLayer | Synchronizing object | door-left-1-b
Fra:1 Mem:23.79M (Peak 23.91M) | Time:00:00.01 | Mem:0.00M, Peak:0.00M | Scene, ViewLayer | Synchronizing object | door-left-1-a
Fra:1 Mem:23.80M (Peak 23.91M) | Time:00:00.01 | Mem:0.00M, Peak:0.00M | Scene, ViewLayer | Synchronizing object | destination-panel
Fra:1 Mem:23.82M (Peak 23.91M) | Time:00:00.01 | Mem:0.00M, Peak:0.00M | Scene, ViewLayer | Synchronizing object | coupler-mesh.001
Fra:1 Mem:23.92M (Peak 23.92M) | Time:00:00.01 | Mem:0.00M, Peak:0.00M | Scene, ViewLayer | Synchronizing object | coupler-mesh
Fra:1 Mem:23.92M (Peak 23.92M) | Time:00:00.01 | Mem:0.00M, Peak:0.00M | Scene, ViewLayer | Synchronizing object | bogie-rear-frame
Fra:1 Mem:23.92M (Peak 23.92M) | Time:00:00.01 | Mem:0.00M, Peak:0.00M | Scene, ViewLayer | Synchronizing object | bogie-front-frame
Fra:1 Mem:23.78M (Peak 23.92M) | Time:00:00.01 | Mem:0.00M, Peak:0.00M | Scene, ViewLayer | Initializing
Fra:1 Mem:19.50M (Peak 23.92M) | Time:00:00.02 | Mem:0.00M, Peak:0.00M | Scene, ViewLayer | Waiting for render to start
Fra:1 Mem:19.50M (Peak 23.92M) | Time:00:00.02 | Mem:0.00M, Peak:0.00M | Scene, ViewLayer | Loading render kernels (may take a few minutes the first time)
Fra:1 Mem:19.50M (Peak 23.92M) | Time:00:00.02 | Mem:0.00M, Peak:0.00M | Scene, ViewLayer | Updating Scene
Fra:1 Mem:19.50M (Peak 23.92M) | Time:00:00.02 | Mem:0.00M, Peak:0.00M | Scene, ViewLayer | Updating Shaders
Fra:1 Mem:19.59M (Peak 23.92M) | Time:00:00.02 | Mem:0.01M, Peak:0.01M | Scene, ViewLayer | Updating Procedurals
Fra:1 Mem:19.59M (Peak 23.92M) | Time:00:00.02 | Mem:0.01M, Peak:0.01M | Scene, ViewLayer | Updating Background
Fra:1 Mem:19.59M (Peak 23.92M) | Time:00:00.02 | Mem:0.01M, Peak:0.01M | Scene, ViewLayer | Updating Camera
Fra:1 Mem:19.59M (Peak 23.92M) | Time:00:00.02 | Mem:0.01M, Peak:0.01M | Scene, ViewLayer | Updating Meshes Flags
Fra:1 Mem:19.59M (Peak 23.92M) | Time:00:00.02 | Mem:0.01M, Peak:0.01M | Scene, ViewLayer | Updating Objects
Fra:1 Mem:19.59M (Peak 23.92M) | Time:00:00.02 | Mem:0.01M, Peak:0.01M | Scene, ViewLayer | Updating Objects | Copying Transformations to device
Fra:1 Mem:19.61M (Peak 23.92M) | Time:00:00.02 | Mem:0.03M, Peak:0.03M | Scene, ViewLayer | Updating Objects | Applying Static Transformations
Fra:1 Mem:19.61M (Peak 23.92M) | Time:00:00.02 | Mem:0.03M, Peak:0.03M | Scene, ViewLayer | Updating Particle Systems
Fra:1 Mem:19.61M (Peak 23.92M) | Time:00:00.02 | Mem:0.03M, Peak:0.03M | Scene, ViewLayer | Updating Particle Systems | Copying Particles to device
Fra:1 Mem:19.61M (Peak 23.92M) | Time:00:00.02 | Mem:0.03M, Peak:0.03M | Scene, ViewLayer | Updating Meshes
Fra:1 Mem:19.69M (Peak 23.92M) | Time:00:00.02 | Mem:0.03M, Peak:0.03M | Scene, ViewLayer | Updating Mesh | Computing attributes
Fra:1 Mem:19.87M (Peak 23.92M) | Time:00:00.02 | Mem:0.03M, Peak:0.03M | Scene, ViewLayer | Updating Mesh | Copying Attributes to device
Fra:1 Mem:19.86M (Peak 23.92M) | Time:00:00.02 | Mem:0.21M, Peak:0.21M | Scene, ViewLayer | Updating Geometry BVH shared-threshold-bridge-canada 1/1 | Building BVH
Fra:1 Mem:19.86M (Peak 23.92M) | Time:00:00.02 | Mem:0.21M, Peak:0.21M | Scene, ViewLayer | Updating Geometry BVH shared-threshold-bridge-canada 1/1 | Building BVH 0%
Fra:1 Mem:19.86M (Peak 23.92M) | Time:00:00.02 | Mem:0.21M, Peak:0.21M | Scene, ViewLayer | Updating Scene BVH | Building
Fra:1 Mem:19.86M (Peak 23.92M) | Time:00:00.02 | Mem:0.21M, Peak:0.21M | Scene, ViewLayer | Updating Scene BVH | Building BVH
Fra:1 Mem:19.86M (Peak 23.92M) | Time:00:00.02 | Mem:0.55M, Peak:0.70M | Scene, ViewLayer | Updating Scene BVH | Copying BVH to device
Fra:1 Mem:19.86M (Peak 23.92M) | Time:00:00.02 | Mem:0.55M, Peak:0.70M | Scene, ViewLayer | Updating Mesh | Computing normals
Fra:1 Mem:20.42M (Peak 23.92M) | Time:00:00.02 | Mem:0.55M, Peak:0.70M | Scene, ViewLayer | Updating Mesh | Copying Mesh to device
Fra:1 Mem:20.42M (Peak 23.92M) | Time:00:00.02 | Mem:1.11M, Peak:1.11M | Scene, ViewLayer | Updating Objects Flags
Fra:1 Mem:20.42M (Peak 23.92M) | Time:00:00.02 | Mem:1.11M, Peak:1.11M | Scene, ViewLayer | Updating Primitive Offsets
Fra:1 Mem:20.42M (Peak 23.92M) | Time:00:00.02 | Mem:1.11M, Peak:1.11M | Scene, ViewLayer | Updating Images
Fra:1 Mem:20.42M (Peak 23.92M) | Time:00:00.02 | Mem:1.11M, Peak:1.11M | Scene, ViewLayer | Updating Camera Volume
Fra:1 Mem:20.42M (Peak 23.92M) | Time:00:00.02 | Mem:1.11M, Peak:1.11M | Scene, ViewLayer | Updating Lookup Tables
Fra:1 Mem:20.42M (Peak 23.92M) | Time:00:00.02 | Mem:1.19M, Peak:1.19M | Scene, ViewLayer | Updating Lights
Fra:1 Mem:20.42M (Peak 23.92M) | Time:00:00.02 | Mem:1.19M, Peak:1.19M | Scene, ViewLayer | Updating Lights | Computing tree
Fra:1 Mem:20.42M (Peak 23.92M) | Time:00:00.02 | Mem:1.19M, Peak:1.19M | Scene, ViewLayer | Updating Integrator
Fra:1 Mem:20.42M (Peak 23.92M) | Time:00:00.02 | Mem:1.19M, Peak:1.19M | Scene, ViewLayer | Updating Film
Fra:1 Mem:20.42M (Peak 23.92M) | Time:00:00.02 | Mem:1.11M, Peak:1.19M | Scene, ViewLayer | Updating Lookup Tables
Fra:1 Mem:20.42M (Peak 23.92M) | Time:00:00.02 | Mem:1.19M, Peak:1.19M | Scene, ViewLayer | Updating Baking
Fra:1 Mem:20.42M (Peak 23.92M) | Time:00:00.02 | Mem:1.19M, Peak:1.19M | Scene, ViewLayer | Updating Device | Writing constant memory
Fra:1 Mem:20.42M (Peak 23.92M) | Time:00:00.02 | Mem:1.19M, Peak:1.19M | Scene, ViewLayer | Sample 0/12
Fra:1 Mem:35.81M (Peak 35.81M) | Time:00:01.88 | Remaining:00:20.42 | Mem:16.57M, Peak:16.57M | Scene, ViewLayer | Sample 1/12
Fra:1 Mem:42.65M (Peak 56.32M) | Time:00:15.80 | Mem:16.57M, Peak:16.57M | Scene, ViewLayer | Sample 12/12
Fra:1 Mem:42.65M (Peak 56.32M) | Time:00:15.80 | Mem:16.57M, Peak:16.57M | Scene, ViewLayer | Finished
Saved: '/workspace/scratch/7c20b5ba4165/atlas-stage2-recovery/tools/assets/skytrain-stations-stage2/qa/previews/canada-bridge-stored.png'
Time: 00:16.09 (Saving: 00:00.29)

Fra:1 Mem:23.00M (Peak 23.00M) | Time:00:00.01 | Mem:0.00M, Peak:0.00M | Scene, ViewLayer | Synchronizing object | batch-lift-shaft-steel
Fra:1 Mem:23.01M (Peak 23.01M) | Time:00:00.01 | Mem:0.00M, Peak:0.00M | Scene, ViewLayer | Synchronizing object | batch-rail-steel
Fra:1 Mem:23.13M (Peak 23.13M) | Time:00:00.01 | Mem:0.00M, Peak:0.00M | Scene, ViewLayer | Synchronizing object | interior-batch-canada-priority
Fra:1 Mem:23.08M (Peak 23.13M) | Time:00:00.01 | Mem:0.00M, Peak:0.00M | Scene, ViewLayer | Synchronizing object | batch-sign-canada
Fra:1 Mem:23.12M (Peak 23.13M) | Time:00:00.01 | Mem:0.00M, Peak:0.00M | Scene, ViewLayer | Synchronizing object | batch-stair-tread-concrete
Fra:1 Mem:23.23M (Peak 23.23M) | Time:00:00.01 | Mem:0.00M, Peak:0.00M | Scene, ViewLayer | Synchronizing object | interior-batch-canada-seat
Fra:1 Mem:23.29M (Peak 23.29M) | Time:00:00.01 | Mem:0.00M, Peak:0.00M | Scene, ViewLayer | Synchronizing object | batch-static-steel
Fra:1 Mem:23.31M (Peak 23.31M) | Time:00:00.01 | Mem:0.00M, Peak:0.00M | Scene, ViewLayer | Synchronizing object | batch-static-wall
Fra:1 Mem:23.33M (Peak 23.33M) | Time:00:00.01 | Mem:0.00M, Peak:0.00M | Scene, ViewLayer | Synchronizing object | batch-static-wood
Fra:1 Mem:23.34M (Peak 23.34M) | Time:00:00.01 | Mem:0.00M, Peak:0.00M | Scene, ViewLayer | Synchronizing object | batch-static-yellow
Fra:1 Mem:23.34M (Peak 23.34M) | Time:00:00.01 | Mem:0.00M, Peak:0.00M | Scene, ViewLayer | Synchronizing object | batch-trackbed-concrete
Fra:1 Mem:23.34M (Peak 23.34M) | Time:00:00.01 | Mem:0.00M, Peak:0.00M | Scene, ViewLayer | Synchronizing object | bridge-vcc-canada-northbound-car1-door1
Fra:1 Mem:23.36M (Peak 23.36M) | Time:00:00.01 | Mem:0.00M, Peak:0.00M | Scene, ViewLayer | Synchronizing object | floor-vcc-canada
Fra:1 Mem:23.28M (Peak 23.36M) | Time:00:00.01 | Mem:0.00M, Peak:0.00M | Scene, ViewLayer | Synchronizing object | interior-batch-canada-sign
Fra:1 Mem:23.29M (Peak 23.36M) | Time:00:00.01 | Mem:0.00M, Peak:0.00M | Scene, ViewLayer | Synchronizing object | floor-vcc-canada-landing
Fra:1 Mem:23.30M (Peak 23.36M) | Time:00:00.01 | Mem:0.00M, Peak:0.00M | Scene, ViewLayer | Synchronizing object | floor-vcc-canada-landing-1
Fra:1 Mem:23.30M (Peak 23.36M) | Time:00:00.01 | Mem:0.00M, Peak:0.00M | Scene, ViewLayer | Synchronizing object | floor-vcc-canada-landing-2
Fra:1 Mem:23.30M (Peak 23.36M) | Time:00:00.01 | Mem:0.00M, Peak:0.00M | Scene, ViewLayer | Synchronizing object | interior-batch-canada-rail
Fra:1 Mem:23.32M (Peak 23.36M) | Time:00:00.01 | Mem:0.00M, Peak:0.00M | Scene, ViewLayer | Synchronizing object | floor-vcc-canada-landing-3
Fra:1 Mem:23.51M (Peak 23.51M) | Time:00:00.01 | Mem:0.00M, Peak:0.00M | Scene, ViewLayer | Synchronizing object | floor-vcc-canada-lift-corridor-1
Fra:1 Mem:23.51M (Peak 23.51M) | Time:00:00.01 | Mem:0.00M, Peak:0.00M | Scene, ViewLayer | Synchronizing object | floor-vcc-canada-lift-corridor-2
Fra:1 Mem:23.51M (Peak 23.51M) | Time:00:00.01 | Mem:0.00M, Peak:0.00M | Scene, ViewLayer | Synchronizing object | floor-vcc-canada-lift-lower
Fra:1 Mem:23.51M (Peak 23.51M) | Time:00:00.01 | Mem:0.00M, Peak:0.00M | Scene, ViewLayer | Synchronizing object | floor-vcc-canada-lift-mid-1
Fra:1 Mem:23.51M (Peak 23.51M) | Time:00:00.01 | Mem:0.00M, Peak:0.00M | Scene, ViewLayer | Synchronizing object | floor-vcc-canada-lift-mid-2
Fra:1 Mem:23.52M (Peak 23.52M) | Time:00:00.01 | Mem:0.00M, Peak:0.00M | Scene, ViewLayer | Synchronizing object | floor-vcc-canada-lift-side
Fra:1 Mem:23.55M (Peak 23.55M) | Time:00:00.01 | Mem:0.00M, Peak:0.00M | Scene, ViewLayer | Synchronizing object | floor-vcc-canada-lift-top
Fra:1 Mem:23.56M (Peak 23.56M) | Time:00:00.01 | Mem:0.00M, Peak:0.00M | Scene, ViewLayer | Synchronizing object | floor-vcc-canada-lift-upper
Fra:1 Mem:23.53M (Peak 23.56M) | Time:00:00.01 | Mem:0.00M, Peak:0.00M | Scene, ViewLayer | Synchronizing object | floor-vcc-mall-spur
Fra:1 Mem:23.54M (Peak 23.56M) | Time:00:00.01 | Mem:0.00M, Peak:0.00M | Scene, ViewLayer | Synchronizing object | blue-fascia
Fra:1 Mem:23.44M (Peak 23.56M) | Time:00:00.01 | Mem:0.00M, Peak:0.00M | Scene, ViewLayer | Synchronizing object | body-shell
Fra:1 Mem:23.42M (Peak 23.56M) | Time:00:00.01 | Mem:0.00M, Peak:0.00M | Scene, ViewLayer | Synchronizing object | interior-batch-canada-floor
Fra:1 Mem:23.44M (Peak 23.56M) | Time:00:00.01 | Mem:0.00M, Peak:0.00M | Scene, ViewLayer | Synchronizing object | interior-batch-canada-wall
Fra:1 Mem:23.56M (Peak 23.56M) | Time:00:00.01 | Mem:0.00M, Peak:0.00M | Scene, ViewLayer | Synchronizing object | wheel-rear-rear-right
Fra:1 Mem:23.60M (Peak 23.60M) | Time:00:00.01 | Mem:0.00M, Peak:0.00M | Scene, ViewLayer | Synchronizing object | wheel-rear-rear-left
Fra:1 Mem:23.58M (Peak 23.60M) | Time:00:00.01 | Mem:0.00M, Peak:0.00M | Scene, ViewLayer | Synchronizing object | bogie-front-frame
Fra:1 Mem:23.58M (Peak 23.60M) | Time:00:00.01 | Mem:0.00M, Peak:0.00M | Scene, ViewLayer | Synchronizing object | bogie-rear-frame
Fra:1 Mem:23.58M (Peak 23.60M) | Time:00:00.01 | Mem:0.00M, Peak:0.00M | Scene, ViewLayer | Synchronizing object | coupler-mesh
Fra:1 Mem:23.59M (Peak 23.60M) | Time:00:00.01 | Mem:0.00M, Peak:0.00M | Scene, ViewLayer | Synchronizing object | coupler-mesh.001
Fra:1 Mem:23.58M (Peak 23.60M) | Time:00:00.01 | Mem:0.00M, Peak:0.00M | Scene, ViewLayer | Synchronizing object | wheel-rear-front-right
Fra:1 Mem:23.58M (Peak 23.60M) | Time:00:00.01 | Mem:0.00M, Peak:0.00M | Scene, ViewLayer | Synchronizing object | destination-panel
Fra:1 Mem:23.61M (Peak 23.61M) | Time:00:00.01 | Mem:0.00M, Peak:0.00M | Scene, ViewLayer | Synchronizing object | door-left-1-a
Fra:1 Mem:23.60M (Peak 23.61M) | Time:00:00.01 | Mem:0.00M, Peak:0.00M | Scene, ViewLayer | Synchronizing object | wheel-rear-front-left
Fra:1 Mem:23.63M (Peak 23.63M) | Time:00:00.01 | Mem:0.00M, Peak:0.00M | Scene, ViewLayer | Synchronizing object | door-left-1-b
Fra:1 Mem:23.62M (Peak 23.63M) | Time:00:00.01 | Mem:0.00M, Peak:0.00M | Scene, ViewLayer | Synchronizing object | wheel-front-rear-right
Fra:1 Mem:23.64M (Peak 23.64M) | Time:00:00.01 | Mem:0.00M, Peak:0.00M | Scene, ViewLayer | Synchronizing object | door-left-2-a
Fra:1 Mem:23.65M (Peak 23.65M) | Time:00:00.01 | Mem:0.00M, Peak:0.00M | Scene, ViewLayer | Synchronizing object | wheel-front-rear-left
Fra:1 Mem:23.66M (Peak 23.66M) | Time:00:00.01 | Mem:0.00M, Peak:0.00M | Scene, ViewLayer | Synchronizing object | door-left-2-b
Fra:1 Mem:23.67M (Peak 23.67M) | Time:00:00.01 | Mem:0.00M, Peak:0.00M | Scene, ViewLayer | Synchronizing object | wheel-front-front-right
Fra:1 Mem:23.68M (Peak 23.68M) | Time:00:00.01 | Mem:0.00M, Peak:0.00M | Scene, ViewLayer | Synchronizing object | door-left-3-a
Fra:1 Mem:23.69M (Peak 23.69M) | Time:00:00.01 | Mem:0.00M, Peak:0.00M | Scene, ViewLayer | Synchronizing object | wheel-front-front-left
Fra:1 Mem:23.70M (Peak 23.70M) | Time:00:00.01 | Mem:0.00M, Peak:0.00M | Scene, ViewLayer | Synchronizing object | door-left-3-b
Fra:1 Mem:23.70M (Peak 23.70M) | Time:00:00.01 | Mem:0.00M, Peak:0.00M | Scene, ViewLayer | Synchronizing object | glass
Fra:1 Mem:23.70M (Peak 23.70M) | Time:00:00.01 | Mem:0.00M, Peak:0.00M | Scene, ViewLayer | Synchronizing object | door-right-1-a
Fra:1 Mem:23.71M (Peak 23.71M) | Time:00:00.01 | Mem:0.00M, Peak:0.00M | Scene, ViewLayer | Synchronizing object | door-right-1-b
Fra:1 Mem:23.73M (Peak 23.73M) | Time:00:00.01 | Mem:0.00M, Peak:0.00M | Scene, ViewLayer | Synchronizing object | gangway-rubber
Fra:1 Mem:23.73M (Peak 23.73M) | Time:00:00.01 | Mem:0.00M, Peak:0.00M | Scene, ViewLayer | Synchronizing object | front-lamp-1
Fra:1 Mem:23.73M (Peak 23.73M) | Time:00:00.01 | Mem:0.00M, Peak:0.00M | Scene, ViewLayer | Synchronizing object | front-lamp--1
Fra:1 Mem:23.74M (Peak 23.74M) | Time:00:00.01 | Mem:0.00M, Peak:0.00M | Scene, ViewLayer | Synchronizing object | door-right-3-b
Fra:1 Mem:23.77M (Peak 23.77M) | Time:00:00.01 | Mem:0.00M, Peak:0.00M | Scene, ViewLayer | Synchronizing object | door-right-3-a
Fra:1 Mem:23.76M (Peak 23.77M) | Time:00:00.01 | Mem:0.00M, Peak:0.00M | Scene, ViewLayer | Synchronizing object | door-right-2-a
Fra:1 Mem:23.79M (Peak 23.79M) | Time:00:00.01 | Mem:0.00M, Peak:0.00M | Scene, ViewLayer | Synchronizing object | door-right-2-b
Fra:1 Mem:23.78M (Peak 23.79M) | Time:00:00.01 | Mem:0.00M, Peak:0.00M | Scene, ViewLayer | Initializing
Fra:1 Mem:19.50M (Peak 23.79M) | Time:00:00.02 | Mem:0.00M, Peak:0.00M | Scene, ViewLayer | Waiting for render to start
Fra:1 Mem:19.50M (Peak 23.79M) | Time:00:00.02 | Mem:0.00M, Peak:0.00M | Scene, ViewLayer | Loading render kernels (may take a few minutes the first time)
Fra:1 Mem:19.50M (Peak 23.79M) | Time:00:00.02 | Mem:0.00M, Peak:0.00M | Scene, ViewLayer | Updating Scene
Fra:1 Mem:19.50M (Peak 23.79M) | Time:00:00.02 | Mem:0.00M, Peak:0.00M | Scene, ViewLayer | Updating Shaders
Fra:1 Mem:19.59M (Peak 23.79M) | Time:00:00.02 | Mem:0.01M, Peak:0.01M | Scene, ViewLayer | Updating Procedurals
Fra:1 Mem:19.59M (Peak 23.79M) | Time:00:00.02 | Mem:0.01M, Peak:0.01M | Scene, ViewLayer | Updating Background
Fra:1 Mem:19.59M (Peak 23.79M) | Time:00:00.02 | Mem:0.01M, Peak:0.01M | Scene, ViewLayer | Updating Camera
Fra:1 Mem:19.59M (Peak 23.79M) | Time:00:00.02 | Mem:0.01M, Peak:0.01M | Scene, ViewLayer | Updating Meshes Flags
Fra:1 Mem:19.59M (Peak 23.79M) | Time:00:00.02 | Mem:0.01M, Peak:0.01M | Scene, ViewLayer | Updating Objects
Fra:1 Mem:19.59M (Peak 23.79M) | Time:00:00.02 | Mem:0.01M, Peak:0.01M | Scene, ViewLayer | Updating Objects | Copying Transformations to device
Fra:1 Mem:19.61M (Peak 23.79M) | Time:00:00.02 | Mem:0.03M, Peak:0.03M | Scene, ViewLayer | Updating Objects | Applying Static Transformations
Fra:1 Mem:19.61M (Peak 23.79M) | Time:00:00.02 | Mem:0.03M, Peak:0.03M | Scene, ViewLayer | Updating Particle Systems
Fra:1 Mem:19.61M (Peak 23.79M) | Time:00:00.02 | Mem:0.03M, Peak:0.03M | Scene, ViewLayer | Updating Particle Systems | Copying Particles to device
Fra:1 Mem:19.61M (Peak 23.79M) | Time:00:00.02 | Mem:0.03M, Peak:0.03M | Scene, ViewLayer | Updating Meshes
Fra:1 Mem:19.69M (Peak 23.79M) | Time:00:00.02 | Mem:0.03M, Peak:0.03M | Scene, ViewLayer | Updating Mesh | Computing attributes
Fra:1 Mem:19.87M (Peak 23.79M) | Time:00:00.02 | Mem:0.03M, Peak:0.03M | Scene, ViewLayer | Updating Mesh | Copying Attributes to device
Fra:1 Mem:19.86M (Peak 23.79M) | Time:00:00.02 | Mem:0.21M, Peak:0.21M | Scene, ViewLayer | Updating Geometry BVH shared-threshold-bridge-canada 1/1 | Building BVH
Fra:1 Mem:19.86M (Peak 23.79M) | Time:00:00.02 | Mem:0.21M, Peak:0.21M | Scene, ViewLayer | Updating Geometry BVH shared-threshold-bridge-canada 1/1 | Building BVH 0%
Fra:1 Mem:19.86M (Peak 23.79M) | Time:00:00.02 | Mem:0.21M, Peak:0.21M | Scene, ViewLayer | Updating Scene BVH | Building
Fra:1 Mem:19.86M (Peak 23.79M) | Time:00:00.02 | Mem:0.21M, Peak:0.21M | Scene, ViewLayer | Updating Scene BVH | Building BVH
Fra:1 Mem:19.86M (Peak 23.79M) | Time:00:00.02 | Mem:0.55M, Peak:0.70M | Scene, ViewLayer | Updating Scene BVH | Copying BVH to device
Fra:1 Mem:19.86M (Peak 23.79M) | Time:00:00.02 | Mem:0.55M, Peak:0.70M | Scene, ViewLayer | Updating Mesh | Computing normals
Fra:1 Mem:20.42M (Peak 23.79M) | Time:00:00.02 | Mem:0.55M, Peak:0.70M | Scene, ViewLayer | Updating Mesh | Copying Mesh to device
Fra:1 Mem:20.42M (Peak 23.79M) | Time:00:00.02 | Mem:1.11M, Peak:1.11M | Scene, ViewLayer | Updating Objects Flags
Fra:1 Mem:20.42M (Peak 23.79M) | Time:00:00.02 | Mem:1.11M, Peak:1.11M | Scene, ViewLayer | Updating Primitive Offsets
Fra:1 Mem:20.42M (Peak 23.79M) | Time:00:00.02 | Mem:1.11M, Peak:1.11M | Scene, ViewLayer | Updating Images
Fra:1 Mem:20.42M (Peak 23.79M) | Time:00:00.02 | Mem:1.11M, Peak:1.11M | Scene, ViewLayer | Updating Camera Volume
Fra:1 Mem:20.42M (Peak 23.79M) | Time:00:00.02 | Mem:1.11M, Peak:1.11M | Scene, ViewLayer | Updating Lookup Tables
Fra:1 Mem:20.42M (Peak 23.79M) | Time:00:00.02 | Mem:1.19M, Peak:1.19M | Scene, ViewLayer | Updating Lights
Fra:1 Mem:20.42M (Peak 23.79M) | Time:00:00.02 | Mem:1.19M, Peak:1.19M | Scene, ViewLayer | Updating Lights | Computing tree
Fra:1 Mem:20.42M (Peak 23.79M) | Time:00:00.02 | Mem:1.19M, Peak:1.19M | Scene, ViewLayer | Updating Integrator
Fra:1 Mem:20.42M (Peak 23.79M) | Time:00:00.02 | Mem:1.19M, Peak:1.19M | Scene, ViewLayer | Updating Film
Fra:1 Mem:20.42M (Peak 23.79M) | Time:00:00.02 | Mem:1.11M, Peak:1.19M | Scene, ViewLayer | Updating Lookup Tables
Fra:1 Mem:20.42M (Peak 23.79M) | Time:00:00.02 | Mem:1.19M, Peak:1.19M | Scene, ViewLayer | Updating Baking
Fra:1 Mem:20.42M (Peak 23.79M) | Time:00:00.02 | Mem:1.19M, Peak:1.19M | Scene, ViewLayer | Updating Device | Writing constant memory
Fra:1 Mem:20.42M (Peak 23.79M) | Time:00:00.02 | Mem:1.19M, Peak:1.19M | Scene, ViewLayer | Sample 0/12
Fra:1 Mem:35.81M (Peak 35.81M) | Time:00:01.79 | Remaining:00:19.43 | Mem:16.57M, Peak:16.57M | Scene, ViewLayer | Sample 1/12
Fra:1 Mem:42.65M (Peak 56.32M) | Time:00:22.91 | Mem:16.57M, Peak:16.57M | Scene, ViewLayer | Sample 12/12
Fra:1 Mem:42.65M (Peak 56.32M) | Time:00:22.91 | Mem:16.57M, Peak:16.57M | Scene, ViewLayer | Finished
Saved: '/workspace/scratch/7c20b5ba4165/atlas-stage2-recovery/tools/assets/skytrain-stations-stage2/qa/previews/canada-bridge-deployed.png'
Time: 00:23.03 (Saving: 00:00.11)

Extensions: writing cache failed ([Errno 30] Read-only file system: '/home/agent/.config/blender').
08:37:21 | INFO: Data are loaded, start creating Blender stuff
08:37:21 | INFO: Blender create Mesh node Cube.124
08:37:21 | INFO: Blender create Mesh node Cube.001
08:37:21 | INFO: Blender create Mesh node Cube.138
08:37:21 | INFO: Blender create Mesh node Cube.071
08:37:21 | INFO: Blender create Mesh node Cube.220
08:37:21 | INFO: Blender create Mesh node Cube.074
08:37:21 | INFO: Blender create Mesh node Cube.139
08:37:21 | INFO: Blender create Mesh node Cube.059
08:37:21 | INFO: Blender create Mesh node Cube.060
08:37:21 | INFO: Blender create Mesh node Cube.004
08:37:21 | INFO: Blender create Mesh node Cube.003
08:37:21 | INFO: Blender create Mesh node shared-threshold-bridge-expo
08:37:21 | INFO: Blender create Mesh node Cube.143
08:37:21 | INFO: Blender create Mesh node Cube.193
08:37:21 | INFO: Blender create Mesh node Cube.144
08:37:21 | INFO: Blender create Mesh node Cube
08:37:21 | INFO: Blender create Mesh node Cube.072
08:37:21 | INFO: Blender create Mesh node Cube.073
08:37:21 | INFO: Blender create Mesh node Cube.090
08:37:21 | INFO: Blender create Mesh node Cube.107
08:37:21 | INFO: Blender create Mesh node Cube.133
08:37:21 | INFO: Blender create Mesh node Cube.135
08:37:21 | INFO: Blender create Mesh node Cube.128
08:37:21 | INFO: Blender create Mesh node Cube.132
08:37:21 | INFO: Blender create Mesh node Cube.134
08:37:21 | INFO: Blender create Mesh node Cube.130
08:37:21 | INFO: Blender create Mesh node Cube.131
08:37:21 | INFO: Blender create Mesh node Cube.129
08:37:21 | INFO: glTF import finished in 0.04s
08:37:21 | INFO: Data are loaded, start creating Blender stuff
08:37:21 | INFO: Blender create Mesh node Cube
08:37:21 | INFO: Blender create Mesh node Cube.158
08:37:21 | INFO: Blender create Mesh node Cube.157
08:37:21 | INFO: Blender create Mesh node Cube.135
08:37:21 | INFO: Blender create Mesh node Cube.140
08:37:21 | INFO: Blender create Mesh node Cube.145
08:37:21 | INFO: Blender create Mesh node Cube.150
08:37:21 | INFO: Blender create Mesh node Cube.125
08:37:21 | INFO: Blender create Mesh node Cube.130
08:37:21 | INFO: Blender create Mesh node Cube.105
08:37:21 | INFO: Blender create Mesh node Cube.110
08:37:21 | INFO: Blender create Mesh node Cube.115
08:37:21 | INFO: Blender create Mesh node Cube.120
08:37:21 | INFO: Blender create Mesh node Cube.095
08:37:21 | INFO: Blender create Mesh node Cube.100
08:37:21 | INFO: Blender create Mesh node Cube.004
08:37:21 | INFO: Blender create Mesh node Cube.092
08:37:21 | INFO: Blender create Mesh node Cylinder.007
08:37:21 | INFO: Blender create Mesh node Cylinder.006
08:37:21 | INFO: Blender create Mesh node Cylinder.005
08:37:21 | INFO: Blender create Mesh node Cylinder.004
08:37:21 | INFO: Blender create Mesh node Cylinder.003
08:37:21 | INFO: Blender create Mesh node Cylinder.002
08:37:21 | INFO: Blender create Mesh node Cylinder.001
08:37:21 | INFO: Blender create Mesh node Cylinder
08:37:21 | INFO: glTF import finished in 0.04s
08:37:21 | INFO: Data are loaded, start creating Blender stuff
08:37:21 | INFO: Blender create Mesh node interior-batch-metro-wall
08:37:21 | INFO: Blender create Mesh node interior-batch-metro-floor
08:37:21 | INFO: Blender create Mesh node interior-batch-metro-rail
08:37:21 | INFO: Blender create Mesh node interior-batch-metro-screen
08:37:21 | INFO: Blender create Mesh node interior-batch-metro-priority-seat
08:37:21 | INFO: Blender create Mesh node interior-batch-metro-seat
08:37:21 | INFO: glTF import finished in 0.03s
Fra:1 Mem:23.46M (Peak 23.46M) | Time:00:00.00 | Mem:0.00M, Peak:0.00M | Scene, ViewLayer | Synchronizing object | batch-lift-shaft-steel
Fra:1 Mem:23.48M (Peak 23.48M) | Time:00:00.00 | Mem:0.00M, Peak:0.00M | Scene, ViewLayer | Synchronizing object | batch-rail-steel
Fra:1 Mem:23.64M (Peak 23.64M) | Time:00:00.01 | Mem:0.00M, Peak:0.00M | Scene, ViewLayer | Synchronizing object | interior-batch-metro-seat
Fra:1 Mem:23.80M (Peak 23.80M) | Time:00:00.01 | Mem:0.00M, Peak:0.00M | Scene, ViewLayer | Synchronizing object | interior-batch-metro-priority-seat
Fra:1 Mem:23.80M (Peak 23.80M) | Time:00:00.01 | Mem:0.00M, Peak:0.00M | Scene, ViewLayer | Synchronizing object | interior-batch-metro-screen
Fra:1 Mem:23.67M (Peak 23.80M) | Time:00:00.01 | Mem:0.00M, Peak:0.00M | Scene, ViewLayer | Synchronizing object | interior-batch-metro-rail
Fra:1 Mem:23.67M (Peak 23.80M) | Time:00:00.01 | Mem:0.00M, Peak:0.00M | Scene, ViewLayer | Synchronizing object | batch-sign-expo
Fra:1 Mem:23.86M (Peak 23.86M) | Time:00:00.01 | Mem:0.00M, Peak:0.00M | Scene, ViewLayer | Synchronizing object | batch-stair-tread-concrete
Fra:1 Mem:24.32M (Peak 24.32M) | Time:00:00.01 | Mem:0.00M, Peak:0.00M | Scene, ViewLayer | Synchronizing object | interior-batch-metro-floor
Fra:1 Mem:24.32M (Peak 24.32M) | Time:00:00.01 | Mem:0.00M, Peak:0.00M | Scene, ViewLayer | Synchronizing object | interior-batch-metro-wall
Fra:1 Mem:24.06M (Peak 24.32M) | Time:00:00.01 | Mem:0.00M, Peak:0.00M | Scene, ViewLayer | Synchronizing object | wheel-rear-rear-right
Fra:1 Mem:24.27M (Peak 24.32M) | Time:00:00.01 | Mem:0.00M, Peak:0.00M | Scene, ViewLayer | Synchronizing object | wheel-rear-rear-left
Fra:1 Mem:24.28M (Peak 24.32M) | Time:00:00.01 | Mem:0.00M, Peak:0.00M | Scene, ViewLayer | Synchronizing object | wheel-rear-front-right
Fra:1 Mem:24.29M (Peak 24.32M) | Time:00:00.01 | Mem:0.00M, Peak:0.00M | Scene, ViewLayer | Synchronizing object | wheel-rear-front-left
Fra:1 Mem:24.17M (Peak 24.32M) | Time:00:00.01 | Mem:0.00M, Peak:0.00M | Scene, ViewLayer | Synchronizing object | wheel-front-rear-right
Fra:1 Mem:24.29M (Peak 24.32M) | Time:00:00.01 | Mem:0.00M, Peak:0.00M | Scene, ViewLayer | Synchronizing object | wheel-front-rear-left
Fra:1 Mem:24.30M (Peak 24.32M) | Time:00:00.01 | Mem:0.00M, Peak:0.00M | Scene, ViewLayer | Synchronizing object | wheel-front-front-right
Fra:1 Mem:24.31M (Peak 24.32M) | Time:00:00.01 | Mem:0.00M, Peak:0.00M | Scene, ViewLayer | Synchronizing object | wheel-front-front-left
Fra:1 Mem:24.32M (Peak 24.32M) | Time:00:00.01 | Mem:0.00M, Peak:0.00M | Scene, ViewLayer | Synchronizing object | lights
Fra:1 Mem:24.33M (Peak 24.33M) | Time:00:00.01 | Mem:0.00M, Peak:0.00M | Scene, ViewLayer | Synchronizing object | glass
Fra:1 Mem:24.18M (Peak 24.33M) | Time:00:00.01 | Mem:0.00M, Peak:0.00M | Scene, ViewLayer | Synchronizing object | door-right-rear-b
Fra:1 Mem:24.14M (Peak 24.33M) | Time:00:00.01 | Mem:0.00M, Peak:0.00M | Scene, ViewLayer | Synchronizing object | batch-static-concrete
Fra:1 Mem:24.14M (Peak 24.33M) | Time:00:00.01 | Mem:0.00M, Peak:0.00M | Scene, ViewLayer | Synchronizing object | door-right-rear-a
Fra:1 Mem:24.17M (Peak 24.33M) | Time:00:00.01 | Mem:0.00M, Peak:0.00M | Scene, ViewLayer | Synchronizing object | batch-static-steel
Fra:1 Mem:24.16M (Peak 24.33M) | Time:00:00.01 | Mem:0.00M, Peak:0.00M | Scene, ViewLayer | Synchronizing object | door-right-front-b
Fra:1 Mem:24.21M (Peak 24.33M) | Time:00:00.01 | Mem:0.00M, Peak:0.00M | Scene, ViewLayer | Synchronizing object | door-right-front-a
Fra:1 Mem:24.21M (Peak 24.33M) | Time:00:00.01 | Mem:0.00M, Peak:0.00M | Scene, ViewLayer | Synchronizing object | batch-static-wood
Fra:1 Mem:24.22M (Peak 24.33M) | Time:00:00.01 | Mem:0.00M, Peak:0.00M | Scene, ViewLayer | Synchronizing object | door-right-center-b
Fra:1 Mem:24.23M (Peak 24.33M) | Time:00:00.01 | Mem:0.00M, Peak:0.00M | Scene, ViewLayer | Synchronizing object | batch-static-yellow
Fra:1 Mem:24.23M (Peak 24.33M) | Time:00:00.01 | Mem:0.00M, Peak:0.00M | Scene, ViewLayer | Synchronizing object | door-right-center-a
Fra:1 Mem:24.23M (Peak 24.33M) | Time:00:00.01 | Mem:0.00M, Peak:0.00M | Scene, ViewLayer | Synchronizing object | batch-trackbed-concrete
Fra:1 Mem:24.26M (Peak 24.33M) | Time:00:00.01 | Mem:0.00M, Peak:0.00M | Scene, ViewLayer | Synchronizing object | bridge-main-expo-eastbound-car1-door1
Fra:1 Mem:24.25M (Peak 24.33M) | Time:00:00.01 | Mem:0.00M, Peak:0.00M | Scene, ViewLayer | Synchronizing object | door-left-rear-b
Fra:1 Mem:24.25M (Peak 24.33M) | Time:00:00.01 | Mem:0.00M, Peak:0.00M | Scene, ViewLayer | Synchronizing object | floor-main-east-entry
Fra:1 Mem:24.26M (Peak 24.33M) | Time:00:00.01 | Mem:0.00M, Peak:0.00M | Scene, ViewLayer | Synchronizing object | floor-main-east-lift-upper
Fra:1 Mem:24.26M (Peak 24.33M) | Time:00:00.01 | Mem:0.00M, Peak:0.00M | Scene, ViewLayer | Synchronizing object | door-left-rear-a
Fra:1 Mem:24.26M (Peak 24.33M) | Time:00:00.01 | Mem:0.00M, Peak:0.00M | Scene, ViewLayer | Synchronizing object | floor-main-east-top
Fra:1 Mem:24.30M (Peak 24.33M) | Time:00:00.01 | Mem:0.00M, Peak:0.00M | Scene, ViewLayer | Synchronizing object | floor-main-expo
Fra:1 Mem:24.29M (Peak 24.33M) | Time:00:00.01 | Mem:0.00M, Peak:0.00M | Scene, ViewLayer | Synchronizing object | floor-main-expo-landing
Fra:1 Mem:24.29M (Peak 24.33M) | Time:00:00.01 | Mem:0.00M, Peak:0.00M | Scene, ViewLayer | Synchronizing object | door-left-front-b
Fra:1 Mem:24.31M (Peak 24.33M) | Time:00:00.01 | Mem:0.00M, Peak:0.00M | Scene, ViewLayer | Synchronizing object | floor-main-expo-landing-1
Fra:1 Mem:24.30M (Peak 24.33M) | Time:00:00.01 | Mem:0.00M, Peak:0.00M | Scene, ViewLayer | Synchronizing object | floor-main-expo-landing-2
Fra:1 Mem:24.30M (Peak 24.33M) | Time:00:00.01 | Mem:0.00M, Peak:0.00M | Scene, ViewLayer | Synchronizing object | door-left-front-a
Fra:1 Mem:24.30M (Peak 24.33M) | Time:00:00.01 | Mem:0.00M, Peak:0.00M | Scene, ViewLayer | Synchronizing object | floor-main-expo-landing-3
Fra:1 Mem:24.33M (Peak 24.33M) | Time:00:00.01 | Mem:0.00M, Peak:0.00M | Scene, ViewLayer | Synchronizing object | floor-main-expo-lift-corridor-1
Fra:1 Mem:24.33M (Peak 24.33M) | Time:00:00.01 | Mem:0.00M, Peak:0.00M | Scene, ViewLayer | Synchronizing object | floor-main-expo-lift-corridor-2
Fra:1 Mem:24.31M (Peak 24.33M) | Time:00:00.01 | Mem:0.00M, Peak:0.00M | Scene, ViewLayer | Synchronizing object | door-left-center-b
Fra:1 Mem:24.34M (Peak 24.34M) | Time:00:00.01 | Mem:0.00M, Peak:0.00M | Scene, ViewLayer | Synchronizing object | floor-main-expo-lift-lower
Fra:1 Mem:24.33M (Peak 24.34M) | Time:00:00.01 | Mem:0.00M, Peak:0.00M | Scene, ViewLayer | Synchronizing object | floor-main-expo-lift-mid-1
Fra:1 Mem:24.33M (Peak 24.34M) | Time:00:00.01 | Mem:0.00M, Peak:0.00M | Scene, ViewLayer | Synchronizing object | door-left-center-a
Fra:1 Mem:24.33M (Peak 24.34M) | Time:00:00.01 | Mem:0.00M, Peak:0.00M | Scene, ViewLayer | Synchronizing object | floor-main-expo-lift-mid-2
Fra:1 Mem:24.35M (Peak 24.35M) | Time:00:00.01 | Mem:0.00M, Peak:0.00M | Scene, ViewLayer | Synchronizing object | floor-main-expo-lift-side
Fra:1 Mem:24.35M (Peak 24.35M) | Time:00:00.01 | Mem:0.00M, Peak:0.00M | Scene, ViewLayer | Synchronizing object | bogie-rear-frame
Fra:1 Mem:24.35M (Peak 24.35M) | Time:00:00.01 | Mem:0.00M, Peak:0.00M | Scene, ViewLayer | Synchronizing object | bogie-front-frame
Fra:1 Mem:24.36M (Peak 24.36M) | Time:00:00.01 | Mem:0.00M, Peak:0.00M | Scene, ViewLayer | Synchronizing object | floor-main-expo-lift-top
Fra:1 Mem:24.35M (Peak 24.36M) | Time:00:00.01 | Mem:0.00M, Peak:0.00M | Scene, ViewLayer | Synchronizing object | body-shell
Fra:1 Mem:24.36M (Peak 24.36M) | Time:00:00.01 | Mem:0.00M, Peak:0.00M | Scene, ViewLayer | Synchronizing object | floor-main-expo-lift-upper
Fra:1 Mem:24.54M (Peak 24.54M) | Time:00:00.01 | Mem:0.00M, Peak:0.00M | Scene, ViewLayer | Initializing
Fra:1 Mem:20.05M (Peak 24.54M) | Time:00:00.01 | Mem:0.00M, Peak:0.00M | Scene, ViewLayer | Waiting for render to start
Fra:1 Mem:20.05M (Peak 24.54M) | Time:00:00.01 | Mem:0.00M, Peak:0.00M | Scene, ViewLayer | Loading render kernels (may take a few minutes the first time)
Fra:1 Mem:20.05M (Peak 24.54M) | Time:00:00.01 | Mem:0.00M, Peak:0.00M | Scene, ViewLayer | Updating Scene
Fra:1 Mem:20.05M (Peak 24.54M) | Time:00:00.01 | Mem:0.00M, Peak:0.00M | Scene, ViewLayer | Updating Shaders
Fra:1 Mem:20.15M (Peak 24.54M) | Time:00:00.01 | Mem:0.01M, Peak:0.01M | Scene, ViewLayer | Updating Procedurals
Fra:1 Mem:20.15M (Peak 24.54M) | Time:00:00.01 | Mem:0.01M, Peak:0.01M | Scene, ViewLayer | Updating Background
Fra:1 Mem:20.15M (Peak 24.54M) | Time:00:00.01 | Mem:0.01M, Peak:0.01M | Scene, ViewLayer | Updating Camera
Fra:1 Mem:20.15M (Peak 24.54M) | Time:00:00.01 | Mem:0.01M, Peak:0.01M | Scene, ViewLayer | Updating Meshes Flags
Fra:1 Mem:20.15M (Peak 24.54M) | Time:00:00.01 | Mem:0.01M, Peak:0.01M | Scene, ViewLayer | Updating Objects
Fra:1 Mem:20.15M (Peak 24.54M) | Time:00:00.01 | Mem:0.01M, Peak:0.01M | Scene, ViewLayer | Updating Objects | Copying Transformations to device
Fra:1 Mem:20.17M (Peak 24.54M) | Time:00:00.01 | Mem:0.03M, Peak:0.03M | Scene, ViewLayer | Updating Objects | Applying Static Transformations
Fra:1 Mem:20.17M (Peak 24.54M) | Time:00:00.01 | Mem:0.03M, Peak:0.03M | Scene, ViewLayer | Updating Particle Systems
Fra:1 Mem:20.17M (Peak 24.54M) | Time:00:00.01 | Mem:0.03M, Peak:0.03M | Scene, ViewLayer | Updating Particle Systems | Copying Particles to device
Fra:1 Mem:20.17M (Peak 24.54M) | Time:00:00.01 | Mem:0.03M, Peak:0.03M | Scene, ViewLayer | Updating Meshes
Fra:1 Mem:20.25M (Peak 24.54M) | Time:00:00.01 | Mem:0.03M, Peak:0.03M | Scene, ViewLayer | Updating Mesh | Computing attributes
Fra:1 Mem:20.49M (Peak 24.54M) | Time:00:00.01 | Mem:0.04M, Peak:0.04M | Scene, ViewLayer | Updating Mesh | Copying Attributes to device
Fra:1 Mem:20.48M (Peak 24.54M) | Time:00:00.01 | Mem:0.25M, Peak:0.25M | Scene, ViewLayer | Updating Geometry BVH shared-threshold-bridge-expo 1/1 | Building BVH
Fra:1 Mem:20.48M (Peak 24.54M) | Time:00:00.01 | Mem:0.25M, Peak:0.25M | Scene, ViewLayer | Updating Geometry BVH shared-threshold-bridge-expo 1/1 | Building BVH 0%
Fra:1 Mem:20.48M (Peak 24.54M) | Time:00:00.01 | Mem:0.26M, Peak:0.26M | Scene, ViewLayer | Updating Scene BVH | Building
Fra:1 Mem:20.48M (Peak 24.54M) | Time:00:00.01 | Mem:0.26M, Peak:0.26M | Scene, ViewLayer | Updating Scene BVH | Building BVH
Fra:1 Mem:20.48M (Peak 24.54M) | Time:00:00.02 | Mem:0.65M, Peak:0.83M | Scene, ViewLayer | Updating Scene BVH | Copying BVH to device
Fra:1 Mem:20.48M (Peak 24.54M) | Time:00:00.02 | Mem:0.65M, Peak:0.83M | Scene, ViewLayer | Updating Mesh | Computing normals
Fra:1 Mem:21.12M (Peak 24.54M) | Time:00:00.02 | Mem:0.65M, Peak:0.83M | Scene, ViewLayer | Updating Mesh | Copying Mesh to device
Fra:1 Mem:21.12M (Peak 24.54M) | Time:00:00.02 | Mem:1.29M, Peak:1.29M | Scene, ViewLayer | Updating Objects Flags
Fra:1 Mem:21.12M (Peak 24.54M) | Time:00:00.02 | Mem:1.30M, Peak:1.30M | Scene, ViewLayer | Updating Primitive Offsets
Fra:1 Mem:21.12M (Peak 24.54M) | Time:00:00.02 | Mem:1.30M, Peak:1.30M | Scene, ViewLayer | Updating Images
Fra:1 Mem:21.12M (Peak 24.54M) | Time:00:00.02 | Mem:1.30M, Peak:1.30M | Scene, ViewLayer | Updating Camera Volume
Fra:1 Mem:21.12M (Peak 24.54M) | Time:00:00.02 | Mem:1.30M, Peak:1.30M | Scene, ViewLayer | Updating Lookup Tables
Fra:1 Mem:21.12M (Peak 24.54M) | Time:00:00.02 | Mem:1.38M, Peak:1.38M | Scene, ViewLayer | Updating Lights
Fra:1 Mem:21.12M (Peak 24.54M) | Time:00:00.02 | Mem:1.38M, Peak:1.38M | Scene, ViewLayer | Updating Lights | Computing tree
Fra:1 Mem:21.12M (Peak 24.54M) | Time:00:00.02 | Mem:1.38M, Peak:1.38M | Scene, ViewLayer | Updating Integrator
Fra:1 Mem:21.12M (Peak 24.54M) | Time:00:00.02 | Mem:1.38M, Peak:1.38M | Scene, ViewLayer | Updating Film
Fra:1 Mem:21.13M (Peak 24.54M) | Time:00:00.02 | Mem:1.30M, Peak:1.38M | Scene, ViewLayer | Updating Lookup Tables
Fra:1 Mem:21.13M (Peak 24.54M) | Time:00:00.02 | Mem:1.39M, Peak:1.39M | Scene, ViewLayer | Updating Baking
Fra:1 Mem:21.13M (Peak 24.54M) | Time:00:00.02 | Mem:1.39M, Peak:1.39M | Scene, ViewLayer | Updating Device | Writing constant memory
Fra:1 Mem:21.13M (Peak 24.54M) | Time:00:00.02 | Mem:1.39M, Peak:1.39M | Scene, ViewLayer | Sample 0/12
Fra:1 Mem:36.52M (Peak 36.52M) | Time:00:02.31 | Remaining:00:25.18 | Mem:16.77M, Peak:16.77M | Scene, ViewLayer | Sample 1/12
Fra:1 Mem:43.35M (Peak 57.03M) | Time:00:25.70 | Mem:16.77M, Peak:16.77M | Scene, ViewLayer | Sample 12/12
Fra:1 Mem:43.35M (Peak 57.03M) | Time:00:25.70 | Mem:16.77M, Peak:16.77M | Scene, ViewLayer | Finished
Saved: '/workspace/scratch/7c20b5ba4165/atlas-stage2-recovery/tools/assets/skytrain-stations-stage2/qa/previews/expo-bridge-stored.png'
Time: 00:25.80 (Saving: 00:00.10)

Fra:1 Mem:23.62M (Peak 23.62M) | Time:00:00.01 | Mem:0.00M, Peak:0.00M | Scene, ViewLayer | Synchronizing object | batch-lift-shaft-steel
Fra:1 Mem:23.64M (Peak 23.64M) | Time:00:00.01 | Mem:0.00M, Peak:0.00M | Scene, ViewLayer | Synchronizing object | batch-rail-steel
Fra:1 Mem:23.67M (Peak 23.67M) | Time:00:00.01 | Mem:0.00M, Peak:0.00M | Scene, ViewLayer | Synchronizing object | interior-batch-metro-seat
Fra:1 Mem:23.81M (Peak 23.81M) | Time:00:00.01 | Mem:0.00M, Peak:0.00M | Scene, ViewLayer | Synchronizing object | interior-batch-metro-priority-seat
Fra:1 Mem:23.82M (Peak 23.82M) | Time:00:00.01 | Mem:0.00M, Peak:0.00M | Scene, ViewLayer | Synchronizing object | interior-batch-metro-screen
Fra:1 Mem:23.82M (Peak 23.82M) | Time:00:00.01 | Mem:0.00M, Peak:0.00M | Scene, ViewLayer | Synchronizing object | interior-batch-metro-rail
Fra:1 Mem:23.98M (Peak 23.98M) | Time:00:00.01 | Mem:0.00M, Peak:0.00M | Scene, ViewLayer | Synchronizing object | batch-sign-expo
Fra:1 Mem:23.97M (Peak 23.98M) | Time:00:00.01 | Mem:0.00M, Peak:0.00M | Scene, ViewLayer | Synchronizing object | batch-stair-tread-concrete
Fra:1 Mem:23.91M (Peak 23.98M) | Time:00:00.01 | Mem:0.00M, Peak:0.00M | Scene, ViewLayer | Synchronizing object | interior-batch-metro-floor
Fra:1 Mem:24.32M (Peak 24.32M) | Time:00:00.01 | Mem:0.00M, Peak:0.00M | Scene, ViewLayer | Synchronizing object | interior-batch-metro-wall
Fra:1 Mem:24.44M (Peak 24.44M) | Time:00:00.01 | Mem:0.00M, Peak:0.00M | Scene, ViewLayer | Synchronizing object | wheel-rear-rear-right
Fra:1 Mem:24.10M (Peak 24.44M) | Time:00:00.01 | Mem:0.00M, Peak:0.00M | Scene, ViewLayer | Synchronizing object | batch-static-concrete
Fra:1 Mem:24.10M (Peak 24.44M) | Time:00:00.01 | Mem:0.00M, Peak:0.00M | Scene, ViewLayer | Synchronizing object | wheel-rear-rear-left
Fra:1 Mem:24.12M (Peak 24.44M) | Time:00:00.01 | Mem:0.00M, Peak:0.00M | Scene, ViewLayer | Synchronizing object | batch-static-steel
Fra:1 Mem:24.15M (Peak 24.44M) | Time:00:00.01 | Mem:0.00M, Peak:0.00M | Scene, ViewLayer | Synchronizing object | wheel-rear-front-right
Fra:1 Mem:24.15M (Peak 24.44M) | Time:00:00.01 | Mem:0.00M, Peak:0.00M | Scene, ViewLayer | Synchronizing object | batch-static-wood
Fra:1 Mem:24.15M (Peak 24.44M) | Time:00:00.01 | Mem:0.00M, Peak:0.00M | Scene, ViewLayer | Synchronizing object | wheel-rear-front-left
Fra:1 Mem:24.17M (Peak 24.44M) | Time:00:00.01 | Mem:0.00M, Peak:0.00M | Scene, ViewLayer | Synchronizing object | batch-static-yellow
Fra:1 Mem:24.17M (Peak 24.44M) | Time:00:00.01 | Mem:0.00M, Peak:0.00M | Scene, ViewLayer | Synchronizing object | batch-trackbed-concrete
Fra:1 Mem:24.18M (Peak 24.44M) | Time:00:00.01 | Mem:0.00M, Peak:0.00M | Scene, ViewLayer | Synchronizing object | bridge-main-expo-eastbound-car1-door1
Fra:1 Mem:24.18M (Peak 24.44M) | Time:00:00.01 | Mem:0.00M, Peak:0.00M | Scene, ViewLayer | Synchronizing object | floor-main-east-entry
Fra:1 Mem:24.18M (Peak 24.44M) | Time:00:00.01 | Mem:0.00M, Peak:0.00M | Scene, ViewLayer | Synchronizing object | floor-main-east-lift-upper
Fra:1 Mem:24.18M (Peak 24.44M) | Time:00:00.01 | Mem:0.00M, Peak:0.00M | Scene, ViewLayer | Synchronizing object | floor-main-east-top
Fra:1 Mem:24.19M (Peak 24.44M) | Time:00:00.01 | Mem:0.00M, Peak:0.00M | Scene, ViewLayer | Synchronizing object | floor-main-expo
Fra:1 Mem:24.17M (Peak 24.44M) | Time:00:00.01 | Mem:0.00M, Peak:0.00M | Scene, ViewLayer | Synchronizing object | wheel-front-rear-right
Fra:1 Mem:24.17M (Peak 24.44M) | Time:00:00.01 | Mem:0.00M, Peak:0.00M | Scene, ViewLayer | Synchronizing object | floor-main-expo-landing
Fra:1 Mem:24.20M (Peak 24.44M) | Time:00:00.01 | Mem:0.00M, Peak:0.00M | Scene, ViewLayer | Synchronizing object | floor-main-expo-landing-1
Fra:1 Mem:24.20M (Peak 24.44M) | Time:00:00.01 | Mem:0.00M, Peak:0.00M | Scene, ViewLayer | Synchronizing object | floor-main-expo-landing-2
Fra:1 Mem:24.19M (Peak 24.44M) | Time:00:00.01 | Mem:0.00M, Peak:0.00M | Scene, ViewLayer | Synchronizing object | wheel-front-rear-left
Fra:1 Mem:24.21M (Peak 24.44M) | Time:00:00.01 | Mem:0.00M, Peak:0.00M | Scene, ViewLayer | Synchronizing object | floor-main-expo-landing-3
Fra:1 Mem:24.21M (Peak 24.44M) | Time:00:00.01 | Mem:0.00M, Peak:0.00M | Scene, ViewLayer | Synchronizing object | floor-main-expo-lift-corridor-1
Fra:1 Mem:24.20M (Peak 24.44M) | Time:00:00.01 | Mem:0.00M, Peak:0.00M | Scene, ViewLayer | Synchronizing object | wheel-front-front-right
Fra:1 Mem:24.22M (Peak 24.44M) | Time:00:00.01 | Mem:0.00M, Peak:0.00M | Scene, ViewLayer | Synchronizing object | floor-main-expo-lift-corridor-2
Fra:1 Mem:24.22M (Peak 24.44M) | Time:00:00.01 | Mem:0.00M, Peak:0.00M | Scene, ViewLayer | Synchronizing object | floor-main-expo-lift-lower
Fra:1 Mem:24.22M (Peak 24.44M) | Time:00:00.01 | Mem:0.00M, Peak:0.00M | Scene, ViewLayer | Synchronizing object | wheel-front-front-left
Fra:1 Mem:24.21M (Peak 24.44M) | Time:00:00.01 | Mem:0.00M, Peak:0.00M | Scene, ViewLayer | Synchronizing object | floor-main-expo-lift-mid-1
Fra:1 Mem:24.23M (Peak 24.44M) | Time:00:00.01 | Mem:0.00M, Peak:0.00M | Scene, ViewLayer | Synchronizing object | lights
Fra:1 Mem:24.23M (Peak 24.44M) | Time:00:00.01 | Mem:0.00M, Peak:0.00M | Scene, ViewLayer | Synchronizing object | glass
Fra:1 Mem:24.25M (Peak 24.44M) | Time:00:00.01 | Mem:0.00M, Peak:0.00M | Scene, ViewLayer | Synchronizing object | door-right-rear-b
Fra:1 Mem:24.25M (Peak 24.44M) | Time:00:00.01 | Mem:0.00M, Peak:0.00M | Scene, ViewLayer | Synchronizing object | floor-main-expo-lift-mid-2
Fra:1 Mem:24.28M (Peak 24.44M) | Time:00:00.02 | Mem:0.00M, Peak:0.00M | Scene, ViewLayer | Synchronizing object | floor-main-expo-lift-side
Fra:1 Mem:24.27M (Peak 24.44M) | Time:00:00.02 | Mem:0.00M, Peak:0.00M | Scene, ViewLayer | Synchronizing object | door-right-rear-a
Fra:1 Mem:24.27M (Peak 24.44M) | Time:00:00.02 | Mem:0.00M, Peak:0.00M | Scene, ViewLayer | Synchronizing object | floor-main-expo-lift-top
Fra:1 Mem:24.28M (Peak 24.44M) | Time:00:00.02 | Mem:0.00M, Peak:0.00M | Scene, ViewLayer | Synchronizing object | door-right-front-b
Fra:1 Mem:24.30M (Peak 24.44M) | Time:00:00.02 | Mem:0.00M, Peak:0.00M | Scene, ViewLayer | Synchronizing object | floor-main-expo-lift-upper
Fra:1 Mem:24.29M (Peak 24.44M) | Time:00:00.02 | Mem:0.00M, Peak:0.00M | Scene, ViewLayer | Synchronizing object | door-right-front-a
Fra:1 Mem:24.31M (Peak 24.44M) | Time:00:00.02 | Mem:0.00M, Peak:0.00M | Scene, ViewLayer | Synchronizing object | body-shell
Fra:1 Mem:24.33M (Peak 24.44M) | Time:00:00.02 | Mem:0.00M, Peak:0.00M | Scene, ViewLayer | Synchronizing object | door-right-center-b
Fra:1 Mem:24.69M (Peak 24.69M) | Time:00:00.02 | Mem:0.00M, Peak:0.00M | Scene, ViewLayer | Synchronizing object | door-right-center-a
Fra:1 Mem:24.70M (Peak 24.70M) | Time:00:00.02 | Mem:0.00M, Peak:0.00M | Scene, ViewLayer | Synchronizing object | door-left-rear-b
Fra:1 Mem:24.71M (Peak 24.71M) | Time:00:00.02 | Mem:0.00M, Peak:0.00M | Scene, ViewLayer | Synchronizing object | door-left-rear-a
Fra:1 Mem:24.72M (Peak 24.72M) | Time:00:00.02 | Mem:0.00M, Peak:0.00M | Scene, ViewLayer | Synchronizing object | door-left-front-b
Fra:1 Mem:24.73M (Peak 24.73M) | Time:00:00.02 | Mem:0.00M, Peak:0.00M | Scene, ViewLayer | Synchronizing object | door-left-front-a
Fra:1 Mem:24.74M (Peak 24.74M) | Time:00:00.02 | Mem:0.00M, Peak:0.00M | Scene, ViewLayer | Synchronizing object | door-left-center-b
Fra:1 Mem:24.75M (Peak 24.75M) | Time:00:00.02 | Mem:0.00M, Peak:0.00M | Scene, ViewLayer | Synchronizing object | door-left-center-a
Fra:1 Mem:24.76M (Peak 24.76M) | Time:00:00.02 | Mem:0.00M, Peak:0.00M | Scene, ViewLayer | Synchronizing object | bogie-rear-frame
Fra:1 Mem:24.76M (Peak 24.76M) | Time:00:00.02 | Mem:0.00M, Peak:0.00M | Scene, ViewLayer | Synchronizing object | bogie-front-frame
Fra:1 Mem:24.54M (Peak 24.76M) | Time:00:00.02 | Mem:0.00M, Peak:0.00M | Scene, ViewLayer | Initializing
Fra:1 Mem:20.05M (Peak 24.76M) | Time:00:00.02 | Mem:0.00M, Peak:0.00M | Scene, ViewLayer | Waiting for render to start
Fra:1 Mem:20.05M (Peak 24.76M) | Time:00:00.02 | Mem:0.00M, Peak:0.00M | Scene, ViewLayer | Loading render kernels (may take a few minutes the first time)
Fra:1 Mem:20.05M (Peak 24.76M) | Time:00:00.02 | Mem:0.00M, Peak:0.00M | Scene, ViewLayer | Updating Scene
Fra:1 Mem:20.05M (Peak 24.76M) | Time:00:00.02 | Mem:0.00M, Peak:0.00M | Scene, ViewLayer | Updating Shaders
Fra:1 Mem:20.15M (Peak 24.76M) | Time:00:00.02 | Mem:0.01M, Peak:0.01M | Scene, ViewLayer | Updating Procedurals
Fra:1 Mem:20.15M (Peak 24.76M) | Time:00:00.02 | Mem:0.01M, Peak:0.01M | Scene, ViewLayer | Updating Background
Fra:1 Mem:20.15M (Peak 24.76M) | Time:00:00.02 | Mem:0.01M, Peak:0.01M | Scene, ViewLayer | Updating Camera
Fra:1 Mem:20.15M (Peak 24.76M) | Time:00:00.02 | Mem:0.01M, Peak:0.01M | Scene, ViewLayer | Updating Meshes Flags
Fra:1 Mem:20.15M (Peak 24.76M) | Time:00:00.02 | Mem:0.01M, Peak:0.01M | Scene, ViewLayer | Updating Objects
Fra:1 Mem:20.15M (Peak 24.76M) | Time:00:00.02 | Mem:0.01M, Peak:0.01M | Scene, ViewLayer | Updating Objects | Copying Transformations to device
Fra:1 Mem:20.17M (Peak 24.76M) | Time:00:00.02 | Mem:0.03M, Peak:0.03M | Scene, ViewLayer | Updating Objects | Applying Static Transformations
Fra:1 Mem:20.17M (Peak 24.76M) | Time:00:00.02 | Mem:0.03M, Peak:0.03M | Scene, ViewLayer | Updating Particle Systems
Fra:1 Mem:20.17M (Peak 24.76M) | Time:00:00.02 | Mem:0.03M, Peak:0.03M | Scene, ViewLayer | Updating Particle Systems | Copying Particles to device
Fra:1 Mem:20.17M (Peak 24.76M) | Time:00:00.02 | Mem:0.03M, Peak:0.03M | Scene, ViewLayer | Updating Meshes
Fra:1 Mem:20.25M (Peak 24.76M) | Time:00:00.02 | Mem:0.03M, Peak:0.03M | Scene, ViewLayer | Updating Mesh | Computing attributes
Fra:1 Mem:20.49M (Peak 24.76M) | Time:00:00.02 | Mem:0.04M, Peak:0.04M | Scene, ViewLayer | Updating Mesh | Copying Attributes to device
Fra:1 Mem:20.48M (Peak 24.76M) | Time:00:00.02 | Mem:0.25M, Peak:0.25M | Scene, ViewLayer | Updating Geometry BVH shared-threshold-bridge-expo 1/1 | Building BVH
Fra:1 Mem:20.48M (Peak 24.76M) | Time:00:00.02 | Mem:0.25M, Peak:0.25M | Scene, ViewLayer | Updating Geometry BVH shared-threshold-bridge-expo 1/1 | Building BVH 0%
Fra:1 Mem:20.48M (Peak 24.76M) | Time:00:00.02 | Mem:0.26M, Peak:0.26M | Scene, ViewLayer | Updating Scene BVH | Building
Fra:1 Mem:20.48M (Peak 24.76M) | Time:00:00.02 | Mem:0.26M, Peak:0.26M | Scene, ViewLayer | Updating Scene BVH | Building BVH
Fra:1 Mem:20.48M (Peak 24.76M) | Time:00:00.02 | Mem:0.65M, Peak:0.83M | Scene, ViewLayer | Updating Scene BVH | Copying BVH to device
Fra:1 Mem:20.48M (Peak 24.76M) | Time:00:00.02 | Mem:0.65M, Peak:0.83M | Scene, ViewLayer | Updating Mesh | Computing normals
Fra:1 Mem:21.12M (Peak 24.76M) | Time:00:00.02 | Mem:0.65M, Peak:0.83M | Scene, ViewLayer | Updating Mesh | Copying Mesh to device
Fra:1 Mem:21.12M (Peak 24.76M) | Time:00:00.02 | Mem:1.29M, Peak:1.29M | Scene, ViewLayer | Updating Objects Flags
Fra:1 Mem:21.12M (Peak 24.76M) | Time:00:00.02 | Mem:1.29M, Peak:1.29M | Scene, ViewLayer | Updating Primitive Offsets
Fra:1 Mem:21.12M (Peak 24.76M) | Time:00:00.02 | Mem:1.29M, Peak:1.29M | Scene, ViewLayer | Updating Images
Fra:1 Mem:21.12M (Peak 24.76M) | Time:00:00.02 | Mem:1.29M, Peak:1.29M | Scene, ViewLayer | Updating Camera Volume
Fra:1 Mem:21.12M (Peak 24.76M) | Time:00:00.02 | Mem:1.29M, Peak:1.29M | Scene, ViewLayer | Updating Lookup Tables
Fra:1 Mem:21.12M (Peak 24.76M) | Time:00:00.02 | Mem:1.38M, Peak:1.38M | Scene, ViewLayer | Updating Lights
Fra:1 Mem:21.12M (Peak 24.76M) | Time:00:00.02 | Mem:1.38M, Peak:1.38M | Scene, ViewLayer | Updating Lights | Computing tree
Fra:1 Mem:21.12M (Peak 24.76M) | Time:00:00.02 | Mem:1.38M, Peak:1.38M | Scene, ViewLayer | Updating Integrator
Fra:1 Mem:21.12M (Peak 24.76M) | Time:00:00.02 | Mem:1.38M, Peak:1.38M | Scene, ViewLayer | Updating Film
Fra:1 Mem:21.13M (Peak 24.76M) | Time:00:00.02 | Mem:1.30M, Peak:1.38M | Scene, ViewLayer | Updating Lookup Tables
Fra:1 Mem:21.13M (Peak 24.76M) | Time:00:00.02 | Mem:1.38M, Peak:1.38M | Scene, ViewLayer | Updating Baking
Fra:1 Mem:21.13M (Peak 24.76M) | Time:00:00.02 | Mem:1.38M, Peak:1.38M | Scene, ViewLayer | Updating Device | Writing constant memory
Fra:1 Mem:21.13M (Peak 24.76M) | Time:00:00.02 | Mem:1.38M, Peak:1.38M | Scene, ViewLayer | Sample 0/12
Fra:1 Mem:36.52M (Peak 36.52M) | Time:00:01.98 | Remaining:00:21.51 | Mem:16.77M, Peak:16.77M | Scene, ViewLayer | Sample 1/12
Fra:1 Mem:43.35M (Peak 57.03M) | Time:00:22.83 | Mem:16.77M, Peak:16.77M | Scene, ViewLayer | Sample 12/12
Fra:1 Mem:43.35M (Peak 57.03M) | Time:00:22.83 | Mem:16.77M, Peak:16.77M | Scene, ViewLayer | Finished
Saved: '/workspace/scratch/7c20b5ba4165/atlas-stage2-recovery/tools/assets/skytrain-stations-stage2/qa/previews/expo-bridge-deployed.png'
Time: 00:22.93 (Saving: 00:00.09)


Blender quit
